=== CASE 1 | detect_intent ===
INPUT:
{"current_message": "Dạ cho e tham khảo những mẫu chụp studio bên mình vs ạ", "history_last_5": [], "asked_slots": [], "missing_slots": []}
OUTPUT:
{"intent":"ask_service_info","confidence":0.92}

=== CASE 2 | detect_branch ===
INPUT:
{"intent": "ask_service_info", "branch_hint": null, "text": "Dạ cho e tham khảo những mẫu chụp studio bên mình vs ạ", "branch_options": [{"name": "greeting_initial_qualification", "label": "Xác định đã có ngày cưới chưa và khách quan tâm chụp pre-wedding, ngày cưới, hay cả hai."}, {"name": "prewedding_consultation", "label": "Tư vấn chụp pre-wedding (studio/ngoại cảnh), concept, địa điểm, số lượng, sản phẩm mong muốn."}, {"name": "wedding_day_consultation", "label": "Tư vấn dịch vụ ngày cưới (chụp/quay/makeup/trang phục), ngày cưới, lịch trình trong ngày, nhu cầu số lượng máy/cam."}, {"name": "resort_wedding_consultation", "label": "Tư vấn tiệc cưới kiểu riêng tư/resort: ý tưởng, địa điểm tổ chức, resort cụ thể, timeline, có wedding planner hay tự làm."}]}
OUTPUT:
{"branch":"prewedding_consultation","confidence":0.95}

=== CASE 3 | detect_slots ===
INPUT:
{"intent": "ask_service_info", "branch_name": "prewedding_consultation", "text": "Dạ cho e tham khảo những mẫu chụp studio bên mình vs ạ", "slot_options": [{"name": "prewedding_shoot_type", "label": "Hình thức chụp pre-wedding", "description": "Khách muốn chụp ngoại cảnh, trong studio, hay kết hợp cả hai."}, {"name": "prewedding_concept_preference", "label": "Concept chụp pre-wedding mong muốn", "description": "Concept/ý tưởng chụp mà khách mong muốn (ví dụ phông nền trơn, setup hoa lụa/hoa tươi/bàn tiệc...)."}, {"name": "prewedding_outdoor_location", "label": "Địa điểm chụp ngoại cảnh", "description": "Địa điểm khách dự định chụp ngoại cảnh (nếu có)."}, {"name": "desired_products_details", "label": "Mong muốn về sản phẩm/chi tiết gói", "description": "Các yêu cầu thêm về sản phẩm: chất liệu, số lượng ảnh, v.v."}]}
OUTPUT:
[
  {
    "slot": "prewedding_shoot_type",
    "value": "chụp studio",
    "confidence": 0.93
  }
]

=== CASE 4 | generate_slot_question ===
INPUT:
{"intent": "ask_service_info", "branch": "prewedding_consultation", "target_slot": "prewedding_concept_preference", "slot_label": "Concept chụp pre-wedding mong muốn", "slot_description": "Concept/ý tưởng chụp mà khách mong muốn (ví dụ phông nền trơn, setup hoa lụa/hoa tươi/bàn tiệc...).", "slot_evidence": ["Không biết là ac đã có concept chụp mà mình mong muốn chưa ạ"], "slot_synonyms": ["concept", "ý tưởng chụp", "style chụp"], "slot_examples": ["phông nền trơn", "concept hoa tươi", "setup bàn tiệc"], "slot_applies_to": ["prewedding_consultation"], "slot_type": "text", "slot_required": false, "slot_priority": "medium", "customer_name": "Bảo Duy", "known_slots": {"prewedding_shoot_type": "chụp studio", "prewedding_concept_preference": null, "prewedding_outdoor_location": null, "desired_products_details": null}, "asked_slot_values": {"prewedding_shoot_type": "chụp studio"}, "latest_user_message": "Dạ cho e tham khảo những mẫu chụp studio bên mình vs ạ", "recent_conversation_history": [{"role": "user", "content": "Dạ cho e tham khảo những mẫu chụp studio bên mình vs ạ"}]}
OUTPUT:
{
  "question": "Dạ anh Bảo Duy mong muốn concept chụp studio như thế nào (ví dụ phông nền trơn, hoa tươi, setup bàn tiệc, vintage…) ạ?"
}

=== CASE 5 | detect_intent ===
INPUT:
{"current_message": "phông nền trơn, hoa tươi nhé", "history_last_5": ["Dạ cho e tham khảo những mẫu chụp studio bên mình vs ạ"], "asked_slots": ["prewedding_shoot_type"], "missing_slots": ["prewedding_concept_preference", "prewedding_outdoor_location", "desired_products_details"]}
OUTPUT:
{"intent":"provide_information","confidence":0.92}

=== CASE 6 | detect_branch ===
INPUT:
{"intent": "provide_information", "branch_hint": null, "text": "phông nền trơn, hoa tươi nhé", "branch_options": [{"name": "greeting_initial_qualification", "label": "Xác định đã có ngày cưới chưa và khách quan tâm chụp pre-wedding, ngày cưới, hay cả hai."}, {"name": "prewedding_consultation", "label": "Tư vấn chụp pre-wedding (studio/ngoại cảnh), concept, địa điểm, số lượng, sản phẩm mong muốn."}, {"name": "wedding_day_consultation", "label": "Tư vấn dịch vụ ngày cưới (chụp/quay/makeup/trang phục), ngày cưới, lịch trình trong ngày, nhu cầu số lượng máy/cam."}, {"name": "resort_wedding_consultation", "label": "Tư vấn tiệc cưới kiểu riêng tư/resort: ý tưởng, địa điểm tổ chức, resort cụ thể, timeline, có wedding planner hay tự làm."}]}
OUTPUT:
{"branch":"prewedding_consultation","confidence":0.93}

=== CASE 7 | detect_slots ===
INPUT:
{"intent": "provide_information", "branch_name": "prewedding_consultation", "text": "phông nền trơn, hoa tươi nhé", "slot_options": [{"name": "prewedding_shoot_type", "label": "Hình thức chụp pre-wedding", "description": "Khách muốn chụp ngoại cảnh, trong studio, hay kết hợp cả hai."}, {"name": "prewedding_concept_preference", "label": "Concept chụp pre-wedding mong muốn", "description": "Concept/ý tưởng chụp mà khách mong muốn (ví dụ phông nền trơn, setup hoa lụa/hoa tươi/bàn tiệc...)."}, {"name": "prewedding_outdoor_location", "label": "Địa điểm chụp ngoại cảnh", "description": "Địa điểm khách dự định chụp ngoại cảnh (nếu có)."}, {"name": "desired_products_details", "label": "Mong muốn về sản phẩm/chi tiết gói", "description": "Các yêu cầu thêm về sản phẩm: chất liệu, số lượng ảnh, v.v."}]}
OUTPUT:
[
  {
    "slot": "prewedding_concept_preference",
    "value": "phông nền trơn, hoa tươi nhé",
    "confidence": 0.95
  }
]

=== CASE 8 | generate_slot_question ===
INPUT:
{"intent": "provide_information", "branch": "prewedding_consultation", "target_slot": "prewedding_outdoor_location", "slot_label": "Địa điểm chụp ngoại cảnh", "slot_description": "Địa điểm khách dự định chụp ngoại cảnh (nếu có).", "slot_evidence": ["mình đã có dự định sẽ chụp ở địa điểm nào chưa ac ha", "Bình minh buổi sáng ở NT em có những địa điểm này ac có thể tham khảo thêm"], "slot_synonyms": ["địa điểm chụp", "chụp ở đâu", "ngoại cảnh ở đâu"], "slot_examples": ["Nha Trang", "địa điểm chụp bình minh ở NT"], "slot_applies_to": ["prewedding_consultation"], "slot_type": "location", "slot_required": false, "slot_priority": "medium", "customer_name": "Bảo Duy", "known_slots": {"prewedding_shoot_type": "chụp studio", "prewedding_concept_preference": "phông nền trơn, hoa tươi nhé", "prewedding_outdoor_location": null, "desired_products_details": null}, "asked_slot_values": {"prewedding_concept_preference": "phông nền trơn, hoa tươi nhé", "prewedding_shoot_type": "chụp studio"}, "latest_user_message": "phông nền trơn, hoa tươi nhé", "recent_conversation_history": [{"role": "user", "content": "Dạ cho e tham khảo những mẫu chụp studio bên mình vs ạ"}, {"role": "bot", "content": "Dạ anh Bảo Duy mong muốn concept chụp studio như thế nào (ví dụ phông nền trơn, hoa tươi, setup bàn tiệc, vintage…) ạ?"}, {"role": "user", "content": "phông nền trơn, hoa tươi nhé"}, {"role": "user", "content": "phông nền trơn, hoa tươi nhé"}]}
OUTPUT:
{"question":"Dạ anh Bảo Duy có dự định chụp ngoại cảnh ở địa điểm nào không ạ?"}

=== CASE 9 | detect_intent ===
INPUT:
{"current_message": "nha trang b ạ", "history_last_5": ["Dạ cho e tham khảo những mẫu chụp studio bên mình vs ạ", "phông nền trơn, hoa tươi nhé", "phông nền trơn, hoa tươi nhé"], "asked_slots": ["prewedding_concept_preference", "prewedding_shoot_type"], "missing_slots": ["prewedding_outdoor_location", "desired_products_details"]}
OUTPUT:
{"intent":"provide_information","confidence":0.95}

=== CASE 10 | detect_branch ===
INPUT:
{"intent": "provide_information", "branch_hint": null, "text": "nha trang b ạ", "branch_options": [{"name": "greeting_initial_qualification", "label": "Xác định đã có ngày cưới chưa và khách quan tâm chụp pre-wedding, ngày cưới, hay cả hai."}, {"name": "prewedding_consultation", "label": "Tư vấn chụp pre-wedding (studio/ngoại cảnh), concept, địa điểm, số lượng, sản phẩm mong muốn."}, {"name": "wedding_day_consultation", "label": "Tư vấn dịch vụ ngày cưới (chụp/quay/makeup/trang phục), ngày cưới, lịch trình trong ngày, nhu cầu số lượng máy/cam."}, {"name": "resort_wedding_consultation", "label": "Tư vấn tiệc cưới kiểu riêng tư/resort: ý tưởng, địa điểm tổ chức, resort cụ thể, timeline, có wedding planner hay tự làm."}]}
OUTPUT:
{"branch":"prewedding_consultation","confidence":0.8}

=== CASE 11 | detect_slots ===
INPUT:
{"intent": "provide_information", "branch_name": "prewedding_consultation", "text": "nha trang b ạ", "slot_options": [{"name": "prewedding_shoot_type", "label": "Hình thức chụp pre-wedding", "description": "Khách muốn chụp ngoại cảnh, trong studio, hay kết hợp cả hai."}, {"name": "prewedding_concept_preference", "label": "Concept chụp pre-wedding mong muốn", "description": "Concept/ý tưởng chụp mà khách mong muốn (ví dụ phông nền trơn, setup hoa lụa/hoa tươi/bàn tiệc...)."}, {"name": "prewedding_outdoor_location", "label": "Địa điểm chụp ngoại cảnh", "description": "Địa điểm khách dự định chụp ngoại cảnh (nếu có)."}, {"name": "desired_products_details", "label": "Mong muốn về sản phẩm/chi tiết gói", "description": "Các yêu cầu thêm về sản phẩm: chất liệu, số lượng ảnh, v.v."}]}
OUTPUT:
[
  {
    "slot": "prewedding_outdoor_location",
    "value": "nha trang",
    "confidence": 0.0
  }
]

=== CASE 12 | generate_slot_question ===
INPUT:
{"intent": "provide_information", "branch": "prewedding_consultation", "target_slot": "desired_products_details", "slot_label": "Mong muốn về sản phẩm/chi tiết gói", "slot_description": "Các yêu cầu thêm về sản phẩm: chất liệu, số lượng ảnh, v.v.", "slot_evidence": ["Hỏi thêm về thông tin, sản phẩm mong muốn (chất liệu, số lượng ảnh,...)"], "slot_synonyms": ["yêu cầu sản phẩm", "chất liệu", "số lượng ảnh", "mong muốn sản phẩm"], "slot_examples": ["chất liệu album", "số lượng ảnh muốn nhận", "muốn có ảnh cổng + khung"], "slot_applies_to": ["prewedding_consultation", "wedding_day_consultation", "resort_wedding_consultation"], "slot_type": "text", "slot_required": false, "slot_priority": "low", "customer_name": "Bảo Duy", "known_slots": {"prewedding_shoot_type": "chụp studio", "prewedding_concept_preference": "phông nền trơn, hoa tươi nhé", "prewedding_outdoor_location": "nha trang", "desired_products_details": null}, "asked_slot_values": {"prewedding_concept_preference": "phông nền trơn, hoa tươi nhé", "prewedding_outdoor_location": "nha trang", "prewedding_shoot_type": "chụp studio"}, "latest_user_message": "nha trang b ạ", "recent_conversation_history": [{"role": "user", "content": "phông nền trơn, hoa tươi nhé"}, {"role": "user", "content": "phông nền trơn, hoa tươi nhé"}, {"role": "bot", "content": "Dạ anh Bảo Duy có dự định chụp ngoại cảnh ở địa điểm nào không ạ?"}, {"role": "user", "content": "nha trang b ạ"}, {"role": "user", "content": "nha trang b ạ"}]}
OUTPUT:
{
  "question": "Dạ anh Bảo Duy, anh mong muốn sản phẩm cụ thể thế nào ạ (ví dụ: chất liệu album, số lượng ảnh, có khung/in ảnh không)?"
}

=== CASE 13 | detect_intent ===
INPUT:
{"current_message": "mình muốn album chất liệu nhựa, khoảng 500 tấm, có khung nhé", "history_last_5": ["Dạ cho e tham khảo những mẫu chụp studio bên mình vs ạ", "phông nền trơn, hoa tươi nhé", "phông nền trơn, hoa tươi nhé", "nha trang b ạ", "nha trang b ạ"], "asked_slots": ["prewedding_concept_preference", "prewedding_outdoor_location", "prewedding_shoot_type"], "missing_slots": ["desired_products_details"]}
OUTPUT:
{"intent":"provide_information","confidence":0.94}

=== CASE 14 | detect_branch ===
INPUT:
{"intent": "provide_information", "branch_hint": null, "text": "mình muốn album chất liệu nhựa, khoảng 500 tấm, có khung nhé", "branch_options": [{"name": "greeting_initial_qualification", "label": "Xác định đã có ngày cưới chưa và khách quan tâm chụp pre-wedding, ngày cưới, hay cả hai."}, {"name": "prewedding_consultation", "label": "Tư vấn chụp pre-wedding (studio/ngoại cảnh), concept, địa điểm, số lượng, sản phẩm mong muốn."}, {"name": "wedding_day_consultation", "label": "Tư vấn dịch vụ ngày cưới (chụp/quay/makeup/trang phục), ngày cưới, lịch trình trong ngày, nhu cầu số lượng máy/cam."}, {"name": "resort_wedding_consultation", "label": "Tư vấn tiệc cưới kiểu riêng tư/resort: ý tưởng, địa điểm tổ chức, resort cụ thể, timeline, có wedding planner hay tự làm."}]}
OUTPUT:
{"branch":"prewedding_consultation","confidence":0.92}

=== CASE 15 | detect_slots ===
INPUT:
{"intent": "provide_information", "branch_name": "prewedding_consultation", "text": "mình muốn album chất liệu nhựa, khoảng 500 tấm, có khung nhé", "slot_options": [{"name": "prewedding_shoot_type", "label": "Hình thức chụp pre-wedding", "description": "Khách muốn chụp ngoại cảnh, trong studio, hay kết hợp cả hai."}, {"name": "prewedding_concept_preference", "label": "Concept chụp pre-wedding mong muốn", "description": "Concept/ý tưởng chụp mà khách mong muốn (ví dụ phông nền trơn, setup hoa lụa/hoa tươi/bàn tiệc...)."}, {"name": "prewedding_outdoor_location", "label": "Địa điểm chụp ngoại cảnh", "description": "Địa điểm khách dự định chụp ngoại cảnh (nếu có)."}, {"name": "desired_products_details", "label": "Mong muốn về sản phẩm/chi tiết gói", "description": "Các yêu cầu thêm về sản phẩm: chất liệu, số lượng ảnh, v.v."}]}
OUTPUT:
[
  {
    "slot": "desired_products_details",
    "value": "album chất liệu nhựa, khoảng 500 tấm, có khung",
    "confidence": 0.98
  }
]

=== CASE 16 | step_04_call_rag ===
INPUT:
{"question": "mình muốn album chất liệu nhựa, khoảng 500 tấm, có khung nhé, prewedding_consultation, provide_information, chụp studio, phông nền trơn, hoa tươi nhé, nha trang, album chất liệu nhựa, khoảng 500 tấm, có khung"}
OUTPUT:
{"answer": null, "debug": {"reason": "rag_no_data_found", "payload": {"question": "mình muốn album chất liệu nhựa, khoảng 500 tấm, có khung nhé, prewedding_consultation, provide_information, chụp studio, phông nền trơn, hoa tươi nhé, nha trang, album chất liệu nhựa, khoảng 500 tấm, có khung"}, "response_data": {"answer": "Dựa trên tài liệu tham khảo được cung cấp, tôi không tìm thấy thông tin để trả lời câu hỏi này.\n\nTrang: 20, 28\nTên file: 1773742663895835a4163dodinhmanh_baocaodoantotnghiep_final.pdf; 17737428982441d5d266cdodinhmanh_baocaodoantotnghiep_final.pdf", "metadata": [{"page_label": "28", "file_name": "1773742663895835a4163dodinhmanh_baocaodoantotnghiep_final.pdf", "window": "15 \n \n3.3.2.  Yêu cầu phi chức năng \nYêu cầu phi chức năng đặt ra các tiêu chuẩn chất lượng mà hệ thống phải đạt \nđược, bao gồm hiệu năng, bảo mật, độ tin cậy, khả năng mở rộng và tính dễ sử \ndụng trong quá trình vận hành. \n Yêu cầu về hiệu năng : \n Tốc độ Tải trang: Thời gian tải tra ng chính (Page Load Time) \nkhông được vượt quá 3 giây trên mạng 3G/4G, đặc biệt cho các trang \ncó đăng tải hình ảnh. \n  Khả năng chịu tải: Hệ thống phải duy trì ổn định khi có khoảng \n100 người dùng truy cập đồng thời. \n   Yêu cầu về Bảo mật : \n Xác thực: Quá trình xác thực người dùng (đăng ký/đăng nhập) \nđược quản lý thông qua một nhà cung cấp dịch vụ xác thực bên thứ ba \n(Clerk), được tích hợp chặt chẽ với Convex. \n  Bảo mật Giao tiếp: Toàn bộ dữ liệu trao đổi giữa client (trình \nduyệt, ứng dụng di động) và backend Conve x đều được tự động mã \nhóa thông qua giao thức HTTPS/WSS (WebSockets Secure).  Đây là \ntính năng bảo mật mặc định và bắt buộc của nền tảng Convex.  \n"}, {"page_label": "28", "file_name": "17737428982441d5d266cdodinhmanh_baocaodoantotnghiep_final.pdf", "window": "15 \n \n3.3.2.  Yêu cầu phi chức năng \nYêu cầu phi chức năng đặt ra các tiêu chuẩn chất lượng mà hệ thống phải đạt \nđược, bao gồm hiệu năng, bảo mật, độ tin cậy, khả năng mở rộng và tính dễ sử \ndụng trong quá trình vận hành. \n Yêu cầu về hiệu năng : \n Tốc độ Tải trang: Thời gian tải tra ng chính (Page Load Time) \nkhông được vượt quá 3 giây trên mạng 3G/4G, đặc biệt cho các trang \ncó đăng tải hình ảnh. \n  Khả năng chịu tải: Hệ thống phải duy trì ổn định khi có khoảng \n100 người dùng truy cập đồng thời. \n   Yêu cầu về Bảo mật : \n Xác thực: Quá trình xác thực người dùng (đăng ký/đăng nhập) \nđược quản lý thông qua một nhà cung cấp dịch vụ xác thực bên thứ ba \n(Clerk), được tích hợp chặt chẽ với Convex. \n  Bảo mật Giao tiếp: Toàn bộ dữ liệu trao đổi giữa client (trình \nduyệt, ứng dụng di động) và backend Conve x đều được tự động mã \nhóa thông qua giao thức HTTPS/WSS (WebSockets Secure).  Đây là \ntính năng bảo mật mặc định và bắt buộc của nền tảng Convex.  \n"}, {"page_label": "20", "file_name": "1773742663895835a4163dodinhmanh_baocaodoantotnghiep_final.pdf", "window": "7 \n \nKế tiếp, lịch trình phát triển được xây dựng theo các giai đoạn chính gồm \nthiết kế giao diện, phát triển tính năng, kiểm thử và tối ưu, sau đó triển khai sản \nphẩm lên môi trường Internet. \n Cuối cùng, các tiêu chí đánh giá và mốc kiểm tra (Milestones) được thiết lập \nsau mỗi giai đoạn nhằm theo dõi tiến độ, đánh giá chất lượng và kịp thời điều \nchỉnh kế hoạch.  Điều này giúp đảm bảo dự án MiNote được hoàn thiện đúng mục \ntiêu và đạt chất lượng mong muốn. \n 1.5.  Kết luận chương \nChương 1 đã trình bày bối cảnh, cơ sở lý luận và nhu cầu thực tiễn của đề tài \nxây dựng website ghi chú trực tuyến MiNote.  Trên cơ sở khảo sát người dùng, \nchương xác định mục tiêu xây dựng MiNote như một nền tảng quản lý tri thức \ntoàn diện, đồng thời đặc tả các yêu cầu hệ thống và kế hoạch triển khai dự án làm \nnền tảng cho các chương tiếp theo. \n"}, {"page_label": "20", "file_name": "17737428982441d5d266cdodinhmanh_baocaodoantotnghiep_final.pdf", "window": "7 \n \nKế tiếp, lịch trình phát triển được xây dựng theo các giai đoạn chính gồm \nthiết kế giao diện, phát triển tính năng, kiểm thử và tối ưu, sau đó triển khai sản \nphẩm lên môi trường Internet. \n Cuối cùng, các tiêu chí đánh giá và mốc kiểm tra (Milestones) được thiết lập \nsau mỗi giai đoạn nhằm theo dõi tiến độ, đánh giá chất lượng và kịp thời điều \nchỉnh kế hoạch.  Điều này giúp đảm bảo dự án MiNote được hoàn thiện đúng mục \ntiêu và đạt chất lượng mong muốn. \n 1.5.  Kết luận chương \nChương 1 đã trình bày bối cảnh, cơ sở lý luận và nhu cầu thực tiễn của đề tài \nxây dựng website ghi chú trực tuyến MiNote.  Trên cơ sở khảo sát người dùng, \nchương xác định mục tiêu xây dựng MiNote như một nền tảng quản lý tri thức \ntoàn diện, đồng thời đặc tả các yêu cầu hệ thống và kế hoạch triển khai dự án làm \nnền tảng cho các chương tiếp theo. \n"}]}, "answer": "Dựa trên tài liệu tham khảo được cung cấp, tôi không tìm thấy thông tin để trả lời câu hỏi này."}}

=== CASE 17 | detect_intent ===
INPUT:
{"current_message": "Cho em xin giá chụp ảnh cưới bên mình ạ", "history_last_5": [], "asked_slots": [], "missing_slots": []}
OUTPUT:
{"intent":"price_request","confidence":0.98}

=== CASE 18 | detect_branch ===
INPUT:
{"intent": "price_request", "branch_hint": null, "text": "Cho em xin giá chụp ảnh cưới bên mình ạ", "branch_options": [{"name": "greeting_initial_qualification", "label": "Xác định đã có ngày cưới chưa và khách quan tâm chụp pre-wedding, ngày cưới, hay cả hai."}, {"name": "prewedding_consultation", "label": "Tư vấn chụp pre-wedding (studio/ngoại cảnh), concept, địa điểm, số lượng, sản phẩm mong muốn."}, {"name": "wedding_day_consultation", "label": "Tư vấn dịch vụ ngày cưới (chụp/quay/makeup/trang phục), ngày cưới, lịch trình trong ngày, nhu cầu số lượng máy/cam."}, {"name": "resort_wedding_consultation", "label": "Tư vấn tiệc cưới kiểu riêng tư/resort: ý tưởng, địa điểm tổ chức, resort cụ thể, timeline, có wedding planner hay tự làm."}]}
OUTPUT:
{"branch":"greeting_initial_qualification","confidence":0.9}

=== CASE 19 | detect_slots ===
INPUT:
{"intent": "price_request", "branch_name": "greeting_initial_qualification", "text": "Cho em xin giá chụp ảnh cưới bên mình ạ", "slot_options": [{"name": "wedding_date", "label": "Ngày cưới", "description": "Ngày cưới cụ thể của khách (nếu đã chốt)."}, {"name": "service_interest", "label": "Nhu cầu dịch vụ", "description": "Khách quan tâm chụp pre-wedding, chụp/quay ngày cưới, hoặc cả hai."}]}
OUTPUT:
[
  {
    "slot": "service_interest",
    "value": "chụp ảnh cưới",
    "confidence": 0.95
  }
]

=== CASE 20 | generate_slot_question ===
INPUT:
{"intent": "price_request", "branch": "greeting_initial_qualification", "target_slot": "wedding_date", "slot_label": "Ngày cưới", "slot_description": "Ngày cưới cụ thể của khách (nếu đã chốt).", "slot_evidence": ["Cho em hỏi anh/chị đã có ngày cưới cụ thể chưa", "Ngày cưới của mình là ngày bao nhiêu"], "slot_synonyms": ["ngày cưới", "ngày bao nhiêu", "ngày tổ chức", "đã có ngày cưới cụ thể chưa"], "slot_examples": ["15/10/2026", "ngày 20 tháng 3"], "slot_applies_to": ["greeting_initial_qualification", "wedding_day_consultation", "resort_wedding_consultation"], "slot_type": "date", "slot_required": true, "slot_priority": "high", "customer_name": "Bảo Duy", "known_slots": {"wedding_date": null, "service_interest": "chụp ảnh cưới"}, "asked_slot_values": {"service_interest": "chụp ảnh cưới"}, "latest_user_message": "Cho em xin giá chụp ảnh cưới bên mình ạ", "recent_conversation_history": [{"role": "user", "content": "Cho em xin giá chụp ảnh cưới bên mình ạ"}]}
OUTPUT:
{"question":"Dạ anh Bảo Duy đã chốt ngày cưới cụ thể là ngày nào ạ?"}

=== CASE 21 | detect_intent ===
INPUT:
{"current_message": "27/3 e nhé", "history_last_5": ["Cho em xin giá chụp ảnh cưới bên mình ạ"], "asked_slots": ["service_interest"], "missing_slots": ["wedding_date"]}
OUTPUT:
{"intent":"provide_information","confidence":0.95}

=== CASE 22 | detect_branch ===
INPUT:
{"intent": "provide_information", "branch_hint": null, "text": "27/3 e nhé", "branch_options": [{"name": "greeting_initial_qualification", "label": "Xác định đã có ngày cưới chưa và khách quan tâm chụp pre-wedding, ngày cưới, hay cả hai."}, {"name": "prewedding_consultation", "label": "Tư vấn chụp pre-wedding (studio/ngoại cảnh), concept, địa điểm, số lượng, sản phẩm mong muốn."}, {"name": "wedding_day_consultation", "label": "Tư vấn dịch vụ ngày cưới (chụp/quay/makeup/trang phục), ngày cưới, lịch trình trong ngày, nhu cầu số lượng máy/cam."}, {"name": "resort_wedding_consultation", "label": "Tư vấn tiệc cưới kiểu riêng tư/resort: ý tưởng, địa điểm tổ chức, resort cụ thể, timeline, có wedding planner hay tự làm."}]}
OUTPUT:
{"branch":"wedding_day_consultation","confidence":0.9}

=== CASE 23 | detect_slots ===
INPUT:
{"intent": "provide_information", "branch_name": "wedding_day_consultation", "text": "27/3 e nhé", "slot_options": [{"name": "wedding_date", "label": "Ngày cưới", "description": "Ngày cưới cụ thể của khách (nếu đã chốt)."}, {"name": "desired_products_details", "label": "Mong muốn về sản phẩm/chi tiết gói", "description": "Các yêu cầu thêm về sản phẩm: chất liệu, số lượng ảnh, v.v."}, {"name": "wedding_day_services_needed", "label": "Dịch vụ ngày cưới cần dùng", "description": "Khách cần dịch vụ nào trong ngày cưới: chụp, quay, makeup, trang phục; hoặc full combo."}, {"name": "wedding_day_schedule", "label": "Lịch trình ngày cưới", "description": "Lịch trình diễn ra trong ngày cưới (ví dụ sáng gia tiên rước dâu, chiều tiệc nhà hàng...)."}]}
OUTPUT:
[
  {
    "slot": "wedding_date",
    "value": "27/3",
    "confidence": 0.95
  }
]

=== CASE 24 | generate_slot_question ===
INPUT:
{"intent": "provide_information", "branch": "wedding_day_consultation", "target_slot": "wedding_day_services_needed", "slot_label": "Dịch vụ ngày cưới cần dùng", "slot_description": "Khách cần dịch vụ nào trong ngày cưới: chụp, quay, makeup, trang phục; hoặc full combo.", "slot_evidence": ["Trong ngày cưới bên em có những dịch vụ như chụp, quay, makeup và trang phục (váy, vest, áo dài CDCR). Ac đang cần 1 trong những dv trên hay sẽ cần full combo luôn ạ"], "slot_synonyms": ["cần dịch vụ gì", "chỉ cần chụp/quay", "full combo"], "slot_examples": ["chụp", "quay", "makeup", "trang phục", "full combo"], "slot_applies_to": ["wedding_day_consultation"], "slot_type": "multi_select", "slot_required": true, "slot_priority": "high", "customer_name": "Bảo Duy", "known_slots": {"wedding_date": "27/3", "wedding_day_services_needed": null, "wedding_day_schedule": null, "desired_products_details": null}, "asked_slot_values": {"wedding_date": "27/3"}, "latest_user_message": "27/3 e nhé", "recent_conversation_history": [{"role": "user", "content": "Cho em xin giá chụp ảnh cưới bên mình ạ"}, {"role": "bot", "content": "Dạ anh Bảo Duy đã chốt ngày cưới cụ thể là ngày nào ạ?"}, {"role": "user", "content": "27/3 e nhé"}]}
OUTPUT:
{"question":"Dạ anh Bảo Duy, ngày 27/3 anh cần dịch vụ nào trong ngày cưới: chụp, quay, makeup, trang phục hay full combo ạ?"}

=== CASE 25 | detect_intent ===
INPUT:
{"current_message": "full combo nhé", "history_last_5": ["Cho em xin giá chụp ảnh cưới bên mình ạ", "27/3 e nhé"], "asked_slots": ["wedding_date"], "missing_slots": ["wedding_day_services_needed", "wedding_day_schedule", "desired_products_details"]}
OUTPUT:
{"intent":"provide_information","confidence":0.9}

=== CASE 26 | detect_branch ===
INPUT:
{"intent": "provide_information", "branch_hint": null, "text": "full combo nhé", "branch_options": [{"name": "greeting_initial_qualification", "label": "Xác định đã có ngày cưới chưa và khách quan tâm chụp pre-wedding, ngày cưới, hay cả hai."}, {"name": "prewedding_consultation", "label": "Tư vấn chụp pre-wedding (studio/ngoại cảnh), concept, địa điểm, số lượng, sản phẩm mong muốn."}, {"name": "wedding_day_consultation", "label": "Tư vấn dịch vụ ngày cưới (chụp/quay/makeup/trang phục), ngày cưới, lịch trình trong ngày, nhu cầu số lượng máy/cam."}, {"name": "resort_wedding_consultation", "label": "Tư vấn tiệc cưới kiểu riêng tư/resort: ý tưởng, địa điểm tổ chức, resort cụ thể, timeline, có wedding planner hay tự làm."}]}
OUTPUT:
{"branch":"greeting_initial_qualification","confidence":0.9}

=== CASE 27 | detect_slots ===
INPUT:
{"intent": "provide_information", "branch_name": "greeting_initial_qualification", "text": "full combo nhé", "slot_options": [{"name": "wedding_date", "label": "Ngày cưới", "description": "Ngày cưới cụ thể của khách (nếu đã chốt)."}, {"name": "service_interest", "label": "Nhu cầu dịch vụ", "description": "Khách quan tâm chụp pre-wedding, chụp/quay ngày cưới, hoặc cả hai."}]}
OUTPUT:
[
  {
    "slot": "service_interest",
    "value": "full combo",
    "confidence": 0.9
  }
]

=== CASE 28 | generate_slot_question ===
INPUT:
{"intent": "provide_information", "branch": "greeting_initial_qualification", "target_slot": "wedding_date", "slot_label": "Ngày cưới", "slot_description": "Ngày cưới cụ thể của khách (nếu đã chốt).", "slot_evidence": ["Cho em hỏi anh/chị đã có ngày cưới cụ thể chưa", "Ngày cưới của mình là ngày bao nhiêu"], "slot_synonyms": ["ngày cưới", "ngày bao nhiêu", "ngày tổ chức", "đã có ngày cưới cụ thể chưa"], "slot_examples": ["15/10/2026", "ngày 20 tháng 3"], "slot_applies_to": ["greeting_initial_qualification", "wedding_day_consultation", "resort_wedding_consultation"], "slot_type": "date", "slot_required": true, "slot_priority": "high", "customer_name": "Bảo Duy", "known_slots": {"wedding_date": null, "service_interest": "full combo"}, "asked_slot_values": {"service_interest": "full combo"}, "latest_user_message": "full combo nhé", "recent_conversation_history": [{"role": "user", "content": "Cho em xin giá chụp ảnh cưới bên mình ạ"}, {"role": "bot", "content": "Dạ anh Bảo Duy đã chốt ngày cưới cụ thể là ngày nào ạ?"}, {"role": "user", "content": "27/3 e nhé"}, {"role": "bot", "content": "Dạ anh Bảo Duy, ngày 27/3 anh cần dịch vụ nào trong ngày cưới: chụp, quay, makeup, trang phục hay full combo ạ?"}, {"role": "user", "content": "full combo nhé"}]}
OUTPUT:
{
  "question": "Dạ anh Bảo Duy, em xác nhận lại ngày cưới là 27/3 năm nào ạ?"
}

=== CASE 29 | detect_intent ===
INPUT:
{"current_message": "năm nay luôn b", "history_last_5": ["full combo nhé", "năm nay luôn b", "năm nay luôn b", "năm nay luôn b", "năm nay luôn b"], "asked_slots": ["service_interest", "wedding_date"], "missing_slots": []}
OUTPUT:
{"intent":"provide_information","confidence":0.8}

=== CASE 30 | detect_branch ===
INPUT:
{"intent": "provide_information", "branch_hint": null, "text": "năm nay luôn b", "branch_options": [{"name": "greeting_initial_qualification", "label": "Xác định đã có ngày cưới chưa và khách quan tâm chụp pre-wedding, ngày cưới, hay cả hai."}, {"name": "prewedding_consultation", "label": "Tư vấn chụp pre-wedding (studio/ngoại cảnh), concept, địa điểm, số lượng, sản phẩm mong muốn."}, {"name": "wedding_day_consultation", "label": "Tư vấn dịch vụ ngày cưới (chụp/quay/makeup/trang phục), ngày cưới, lịch trình trong ngày, nhu cầu số lượng máy/cam."}, {"name": "resort_wedding_consultation", "label": "Tư vấn tiệc cưới kiểu riêng tư/resort: ý tưởng, địa điểm tổ chức, resort cụ thể, timeline, có wedding planner hay tự làm."}]}
OUTPUT:
{"branch":"greeting_initial_qualification","confidence":0.6}

=== CASE 31 | detect_slots ===
INPUT:
{"intent": "provide_information", "branch_name": "greeting_initial_qualification", "text": "năm nay luôn b", "slot_options": [{"name": "wedding_date", "label": "Ngày cưới", "description": "Ngày cưới cụ thể của khách (nếu đã chốt)."}, {"name": "service_interest", "label": "Nhu cầu dịch vụ", "description": "Khách quan tâm chụp pre-wedding, chụp/quay ngày cưới, hoặc cả hai."}]}
OUTPUT:
[]

=== CASE 32 | step_04_call_rag ===
INPUT:
{"slots": {"wedding_date": "năm nay", "service_interest": "full combo"}}
OUTPUT:
{"answer": null, "debug": {"reason": "rag_no_data_found", "payload": {"question": "năm nay, full combo"}, "response_data": {"answer": "Dựa trên tài liệu tham khảo được cung cấp, tôi không tìm thấy thông tin để trả lời câu hỏi này.\n\nTrang: 48, 95, 108, 123  \nTên file: 1773742699174f648d554baocao2202.pdf, 17738064072983e633b4e72810000_pinocchio.pdf", "metadata": [{"page_label": "48", "file_name": "1773742699174f648d554baocao2202.pdf", "window": "\n \nMô t\nả\n \nsách (bao g\nồ\nm tóm t\nắ\nt, n\nộ\ni dung chính).\n \n \n \nTh\nể\n \nlo\nạ\ni (ch\nọ\nn t\nừ\n \ndanh sách danh m\nụ\nc đã có, có th\nể\n \nch\nọ\nn nhi\nề\nu).\n \n \n \nNhà xu\nấ\nt b\nả\nn.\n \n \n \nNăm xu\nấ\nt b\nả\nn.\n \n \n \nGiá bán (b\nắ\nt bu\nộ\nc).\n \n \n \nGiá bìa (giá g\nố\nc, n\nế\nu có).\n \n \n \nS\nố\n \nlư\nợ\nng t\nồ\nn kho (b\nắ\nt bu\nộ\nc, s\nố\n \nnguyên dương).\n \n"}, {"page_label": "95", "file_name": "17738064072983e633b4e72810000_pinocchio.pdf", "window": "With bows and smiles, he\nasked in a wheedling tone:\n\"Tell me, my fine boy, do you also want to come to\nmy wonderful country?\"\n \"Indeed I do.\"\n \"But I warn you, my little dear, there's no more room\nin the wagon.  It is full.\"\n \"Never mind,\" answered Lamp-Wick.  \"If there's no\nroom inside, I can sit on the top of the coach.\"\n And with one leap, he perched himself there."}, {"page_label": "108", "file_name": "17738064072983e633b4e72810000_pinocchio.pdf", "window": "and Pinocchio obediently changed his step.\n \"Gallop!\"  and Pinocchio galloped.\n \"Full speed!\"  and Pinocchio ran as fast as he could.\n As he ran the master raised his arm and a pistol shot rang\nin the air.\n At the shot, the little Donkey fell to the ground as if\nhe were really dead."}, {"page_label": "123", "file_name": "17738064072983e633b4e72810000_pinocchio.pdf", "window": "Go there and he will give you what you want.\"\n Pinocchio ran all the way to Farmer John's house.  The\nFarmer said to him:\n\"How much milk do you want?\"\n \"I want a full glass.\"\n \"A full glass costs a penny.  First give me the penny.\""}]}, "answer": "Dựa trên tài liệu tham khảo được cung cấp, tôi không tìm thấy thông tin để trả lời câu hỏi này."}}

=== CASE 33 | detect_intent ===
INPUT:
{"current_message": "Có cho thuê váy cưới không?", "history_last_5": [], "asked_slots": [], "missing_slots": []}
OUTPUT:
{"intent":"ask_service_info","confidence":0.95}

=== CASE 34 | detect_branch ===
INPUT:
{"intent": "ask_service_info", "branch_hint": null, "text": "Có cho thuê váy cưới không?", "branch_options": [{"name": "greeting_initial_qualification", "label": "Xác định đã có ngày cưới chưa và khách quan tâm chụp pre-wedding, ngày cưới, hay cả hai."}, {"name": "prewedding_consultation", "label": "Tư vấn chụp pre-wedding (studio/ngoại cảnh), concept, địa điểm, số lượng, sản phẩm mong muốn."}, {"name": "wedding_day_consultation", "label": "Tư vấn dịch vụ ngày cưới (chụp/quay/makeup/trang phục), ngày cưới, lịch trình trong ngày, nhu cầu số lượng máy/cam."}, {"name": "resort_wedding_consultation", "label": "Tư vấn tiệc cưới kiểu riêng tư/resort: ý tưởng, địa điểm tổ chức, resort cụ thể, timeline, có wedding planner hay tự làm."}]}
OUTPUT:
{"branch":"wedding_day_consultation","confidence":0.95}

=== CASE 35 | detect_slots ===
INPUT:
{"intent": "ask_service_info", "branch_name": "wedding_day_consultation", "text": "Có cho thuê váy cưới không?", "slot_options": [{"name": "wedding_date", "label": "Ngày cưới", "description": "Ngày cưới cụ thể của khách (nếu đã chốt)."}, {"name": "desired_products_details", "label": "Mong muốn về sản phẩm/chi tiết gói", "description": "Các yêu cầu thêm về sản phẩm: chất liệu, số lượng ảnh, v.v."}, {"name": "wedding_day_services_needed", "label": "Dịch vụ ngày cưới cần dùng", "description": "Khách cần dịch vụ nào trong ngày cưới: chụp, quay, makeup, trang phục; hoặc full combo."}, {"name": "wedding_day_schedule", "label": "Lịch trình ngày cưới", "description": "Lịch trình diễn ra trong ngày cưới (ví dụ sáng gia tiên rước dâu, chiều tiệc nhà hàng...)."}]}
OUTPUT:
[
  {
    "slot": "wedding_day_services_needed",
    "value": "thuê váy cưới",
    "confidence": 0.9
  }
]

=== CASE 36 | generate_slot_question ===
INPUT:
{"intent": "ask_service_info", "branch": "wedding_day_consultation", "target_slot": "wedding_date", "slot_label": "Ngày cưới", "slot_description": "Ngày cưới cụ thể của khách (nếu đã chốt).", "slot_evidence": ["Cho em hỏi anh/chị đã có ngày cưới cụ thể chưa", "Ngày cưới của mình là ngày bao nhiêu"], "slot_synonyms": ["ngày cưới", "ngày bao nhiêu", "ngày tổ chức", "đã có ngày cưới cụ thể chưa"], "slot_examples": ["15/10/2026", "ngày 20 tháng 3"], "slot_applies_to": ["greeting_initial_qualification", "wedding_day_consultation", "resort_wedding_consultation"], "slot_type": "date", "slot_required": true, "slot_priority": "high", "customer_name": "Bảo Duy", "known_slots": {"wedding_date": null, "wedding_day_services_needed": "thuê váy cưới", "wedding_day_schedule": null, "desired_products_details": null}, "asked_slot_values": {"wedding_day_services_needed": "thuê váy cưới"}, "latest_user_message": "Có cho thuê váy cưới không?", "recent_conversation_history": [{"role": "user", "content": "Có cho thuê váy cưới không?"}]}
OUTPUT:
{"question":"Dạ, anh Bảo Duy đã chốt ngày cưới cụ thể chưa ạ?"}

=== CASE 37 | detect_intent ===
INPUT:
{"current_message": "28/3", "history_last_5": ["Có cho thuê váy cưới không?"], "asked_slots": ["wedding_day_services_needed"], "missing_slots": ["wedding_date", "wedding_day_schedule", "desired_products_details"]}
OUTPUT:
{"intent":"provide_information","confidence":0.95}

=== CASE 38 | detect_branch ===
INPUT:
{"intent": "provide_information", "branch_hint": null, "text": "28/3", "branch_options": [{"name": "greeting_initial_qualification", "label": "Xác định đã có ngày cưới chưa và khách quan tâm chụp pre-wedding, ngày cưới, hay cả hai."}, {"name": "prewedding_consultation", "label": "Tư vấn chụp pre-wedding (studio/ngoại cảnh), concept, địa điểm, số lượng, sản phẩm mong muốn."}, {"name": "wedding_day_consultation", "label": "Tư vấn dịch vụ ngày cưới (chụp/quay/makeup/trang phục), ngày cưới, lịch trình trong ngày, nhu cầu số lượng máy/cam."}, {"name": "resort_wedding_consultation", "label": "Tư vấn tiệc cưới kiểu riêng tư/resort: ý tưởng, địa điểm tổ chức, resort cụ thể, timeline, có wedding planner hay tự làm."}]}
OUTPUT:
{"branch":"greeting_initial_qualification","confidence":0.9}

=== CASE 39 | detect_slots ===
INPUT:
{"intent": "provide_information", "branch_name": "greeting_initial_qualification", "text": "28/3", "slot_options": [{"name": "wedding_date", "label": "Ngày cưới", "description": "Ngày cưới cụ thể của khách (nếu đã chốt)."}, {"name": "service_interest", "label": "Nhu cầu dịch vụ", "description": "Khách quan tâm chụp pre-wedding, chụp/quay ngày cưới, hoặc cả hai."}]}
OUTPUT:
[
  {
    "slot": "wedding_date",
    "value": "28/3",
    "confidence": 0.0
  }
]

=== CASE 40 | generate_slot_question ===
INPUT:
{"intent": "provide_information", "branch": "greeting_initial_qualification", "target_slot": "service_interest", "slot_label": "Nhu cầu dịch vụ", "slot_description": "Khách quan tâm chụp pre-wedding, chụp/quay ngày cưới, hoặc cả hai.", "slot_evidence": ["mình đang quan tâm tới chụp pre-wedding / ngày cưới hay cả 2 luôn ạ ?"], "slot_synonyms": ["quan tâm", "cần chụp pre", "cần ngày cưới", "cả hai"], "slot_examples": ["pre-wedding", "ngày cưới", "cả 2"], "slot_applies_to": ["greeting_initial_qualification"], "slot_type": "single_select", "slot_required": true, "slot_priority": "high", "customer_name": "Bảo Duy", "known_slots": {"wedding_date": "28/3", "service_interest": null}, "asked_slot_values": {"wedding_date": "28/3"}, "latest_user_message": "28/3", "recent_conversation_history": [{"role": "user", "content": "Có cho thuê váy cưới không?"}, {"role": "bot", "content": "Dạ, anh Bảo Duy đã chốt ngày cưới cụ thể chưa ạ?"}, {"role": "user", "content": "28/3"}]}
OUTPUT:
{"question":"Dạ anh Bảo Duy muốn chụp pre-wedding, chụp ngày cưới hay cả hai ạ?"}

=== CASE 41 | detect_intent ===
INPUT:
{"current_message": "cả 2 b", "history_last_5": ["Có cho thuê váy cưới không?", "28/3", "cả 2 b", "cả 2 b"], "asked_slots": ["service_interest", "wedding_date"], "missing_slots": []}
OUTPUT:
{"intent":"provide_information","confidence":0.9}

=== CASE 42 | detect_branch ===
INPUT:
{"intent": "provide_information", "branch_hint": null, "text": "cả 2 b", "branch_options": [{"name": "greeting_initial_qualification", "label": "Xác định đã có ngày cưới chưa và khách quan tâm chụp pre-wedding, ngày cưới, hay cả hai."}, {"name": "prewedding_consultation", "label": "Tư vấn chụp pre-wedding (studio/ngoại cảnh), concept, địa điểm, số lượng, sản phẩm mong muốn."}, {"name": "wedding_day_consultation", "label": "Tư vấn dịch vụ ngày cưới (chụp/quay/makeup/trang phục), ngày cưới, lịch trình trong ngày, nhu cầu số lượng máy/cam."}, {"name": "resort_wedding_consultation", "label": "Tư vấn tiệc cưới kiểu riêng tư/resort: ý tưởng, địa điểm tổ chức, resort cụ thể, timeline, có wedding planner hay tự làm."}]}
OUTPUT:
{"branch":"greeting_initial_qualification","confidence":0.9}

=== CASE 43 | detect_slots ===
INPUT:
{"intent": "provide_information", "branch_name": "greeting_initial_qualification", "text": "cả 2 b", "slot_options": [{"name": "wedding_date", "label": "Ngày cưới", "description": "Ngày cưới cụ thể của khách (nếu đã chốt)."}, {"name": "service_interest", "label": "Nhu cầu dịch vụ", "description": "Khách quan tâm chụp pre-wedding, chụp/quay ngày cưới, hoặc cả hai."}]}
OUTPUT:
[
  {
    "slot": "service_interest",
    "value": "cả 2 b",
    "confidence": 0.0
  }
]

=== CASE 44 | step_04_call_rag ===
INPUT:
{"slots": {"wedding_date": "28/3", "service_interest": "cả 2 b"}}
OUTPUT:
{"answer": null, "debug": {"reason": "rag_no_data_found", "payload": {"question": "28/3, cả 2 b"}, "response_data": {"answer": "Dựa trên tài liệu tham khảo được cung cấp, tôi không tìm thấy thông tin để trả lời câu hỏi này.", "source": [{"source_id": "S1", "page": "8", "file_name": "xoai_studio_knowledge_base.pdf"}, {"source_id": "S2", "page": "5", "file_name": "xoai_studio_knowledge_base.pdf"}, {"source_id": "S3", "page": "4", "file_name": "xoai_studio_knowledge_base.pdf"}, {"source_id": "S4", "page": "8", "file_name": "xoai_studio_knowledge_base.pdf"}], "source_ids": [], "metadata": [{"source_id": "S1", "page": "8", "file_name": "xoai_studio_knowledge_base.pdf", "window": "PHẦN 3: KỊCH BẢN BÁN HÀNG – XOÀI WEDDINGS\nA. TƯ VẤN ONLINE\n1.  BƯỚC CHÀO HỎI\n\"Dạ em chào anh/chị ạ. Em là ...... nhân viên tư vấn của Xoài Wedding ạ. Cho em hỏi anh/chị đã có\nngày cưới cụ thể chưa và mình đang quan tâm tới chụp pre-wedding / ngày cưới hay cả 2 luôn ạ?\"\n 2.  TƯ VẤN PRE-WEDDING\nGói Studio:\n\"Studio bên em có các gói chụp với phông nền trơn hoặc có setup concept hoa lụa / hoa tươi / bàn\ntiệc ạ. Không biết là anh/chị đã có concept chụp mà mình mong muốn chưa ạ (gửi link)\"\nGói Ngoại cảnh:\n\"Ngoại cảnh bên em có các gói chụp khác nhau tuỳ vào số lượng và địa điểm mà anh/chị chọn ạ,\nmình đã có dự định sẽ chụp ở địa điểm nào chưa ạ?\"\n Phương pháp tư vấn:\n• Dựa vào thông tin khai thác được, tư vấn gói chụp phù hợp kèm với các sản phẩm của gói (album,\nảnh cổng, ảnh nhỏ kèm khung hoặc không khung, slide)\n• Tư vấn rõ lịch trình thời gian chụp của gói, váy cưới chụp trong bao lâu và đồ tự do là đồ gì chụp\ntrong thời gian bao lâu\n• Gửi 1 gói phù hợp và 1 gói cao hơn nhu cầu 1 xíu – tư vấn rõ gói này hơn gói kia những gì\n• Hỏi thêm về thông tin, sản phẩm mong muốn (chất liệu, số lượng ảnh,...)\n3. "}, {"source_id": "S2", "page": "5", "file_name": "xoai_studio_knowledge_base.pdf", "window": "COMBO 5\n2 váy basic\n1 suit\n2 voal cưới\n1 nơ/cravat đi kèm\n1 cặp áo dài CDCR\n8.500.000đ\nCOMBO 6\n2 váy basic\n2 suit\n2 voal cưới\n2 nơ/cravat đi kèm\n1 cặp áo dài CDCR\n1 lần thay váy\n10.000.000đ\n8.  DỊCH VỤ MAKEUP\nLOẠI\nNỘI DUNG\nGIÁ\nSTAFF\n(Tại studio)\nMakeup cô dâu tại studio\n2.000.000đ\nSTAFF\n(Tại nhà/khách sạn)\nMakeup cô dâu tại nhà/khách sạn\n2.500.000đ\nTOUCH UP\n700.000đ\n1 lần thay váy\nhoặc 1 lần dặm makeup/thay tóc\n700.000đ\nTAKECARE\n2.500.000đ\n2 lần thay váy\n1 lần dặm makeup\n1 lần thay tóc\nFreeship trang phục\nTakecare CD trong 2,5 giờ\n2.500.000đ\nKHÁCH TIỆC / BÀ SUI\n(Tại studio)\nMakeup khách tiệc/bà sui tại studio\n900.000đ\nKHÁCH TIỆC / BÀ SUI\n(Tại nhà/khách sạn)\nMakeup tại nhà/khách sạn\n1.200.000đ\n* Chi phí áp dụng trong nội thành Nha Trang\n9.  BẢNG GIÁ CHI PHÍ PHÁT SINH – IN ẤN & THIẾT KẾ\nBảng giá Photobook (20 trang):\nKÍCH CỠ\nPHOTOBOOK\nLAMINATE\nSIÊU MỎNG\n15x15\n950.000đ\n950.000đ\n1.350.000đ\n15x21\n1.100.000đ\n1.100.000đ\n1.500.000đ\n20x20\n1.300.000đ\n1.300.000đ\n1.700.000đ\n25x25\n1.800.000đ\n1.800.000đ\n2.200.000đ\n20x30\n1.900.000đ\n1.900.000đ\n2.300.000đ\n30x30\n2.000.000đ\n2.000.000đ\n2.400.000đ\n"}, {"source_id": "S3", "page": "4", "file_name": "xoai_studio_knowledge_base.pdf", "window": "6.  COMBO BASIC – CHỤP + QUAY NGÀY CƯỚI\nGÓI\nNỘI DUNG\nGIÁ\nCOMBO BASIC 1\n(1 Camera)\n< 5 giờ\n1 camera chụp\n1 camera quay\n1 váy basic / áo dài\n1 suit\n1 makeup cô dâu tại studio\n15.500.000đ\nCOMBO BASIC 2\n(1 Camera)\n< 8 giờ\n1 camera chụp\n1 camera quay\n1 váy basic + 1 áo dài\n1 suit\n2 makeup cô dâu tại studio\n1 lần takecare\n23.800.000đ\n* Phí up váy Luxury: +2.500.000đ / váy\n7.  BẢNG GIÁ COMBO BRIDAL (TRANG PHỤC + MAKEUP)\nGÓI\nNỘI DUNG\nGIÁ\nCOMBO 1\n1 váy basic\n1 suit\n1 voal cưới\n1 nơ/cravat đi kèm\n1 makeup cô dâu tại studio\n6.000.000đ\nCOMBO 2\n2 váy basic\n1 suit\n2 voal cưới\n1 nơ/cravat đi kèm\n2 makeup cô dâu tại studio\n10.500.000đ\nCOMBO 3\n2 váy basic\n2 suit\n2 voal cưới\n2 nơ/cravat đi kèm\n2 makeup cô dâu tại studio\n1 cặp áo dài\n1 lần takecare\n14.500.000đ\n* Phí up váy Luxury: +2.500.000đ / váy\nCOMBO TRANG PHỤC 4–6 (Không kèm makeup)\nGÓI\nNỘI DUNG\nGIÁ\nCOMBO 4\n2 váy basic\n1 suit\n2 voal cưới\n1 nơ/cravat đi kèm\n7.000.000đ\n"}, {"source_id": "S4", "page": "8", "file_name": "xoai_studio_knowledge_base.pdf", "window": "TƯ VẤN PRE-WEDDING\nGói Studio:\n\"Studio bên em có các gói chụp với phông nền trơn hoặc có setup concept hoa lụa / hoa tươi / bàn\ntiệc ạ. Không biết là anh/chị đã có concept chụp mà mình mong muốn chưa ạ (gửi link)\"\nGói Ngoại cảnh:\n\"Ngoại cảnh bên em có các gói chụp khác nhau tuỳ vào số lượng và địa điểm mà anh/chị chọn ạ,\nmình đã có dự định sẽ chụp ở địa điểm nào chưa ạ?\"\n Phương pháp tư vấn:\n• Dựa vào thông tin khai thác được, tư vấn gói chụp phù hợp kèm với các sản phẩm của gói (album,\nảnh cổng, ảnh nhỏ kèm khung hoặc không khung, slide)\n• Tư vấn rõ lịch trình thời gian chụp của gói, váy cưới chụp trong bao lâu và đồ tự do là đồ gì chụp\ntrong thời gian bao lâu\n• Gửi 1 gói phù hợp và 1 gói cao hơn nhu cầu 1 xíu – tư vấn rõ gói này hơn gói kia những gì\n• Hỏi thêm về thông tin, sản phẩm mong muốn (chất liệu, số lượng ảnh,...)\n3.  TƯ VẤN NGÀY CƯỚI (NC)\n\"Trong ngày cưới bên em có những dịch vụ như chụp, quay, makeup và trang phục (váy, vest, áo\ndài CDCR).  Anh/chị đang cần 1 trong những dịch vụ trên hay sẽ cần full combo luôn ạ?  Ngày cưới\ncủa mình là ngày bao nhiêu và lịch trình sẽ là sáng gia tiên rước dâu chiều tiệc nhà hàng hay ntn ạ?\"\n So sánh 1 camera vs 2 camera:\n• 1 cam chụp/quay: Sẽ chọn xuất phát từ 1 bên (CD hoặc CR), tập trung vào các góc thẳng chính\ndiện mặt cdcr, ba mẹ, họ hàng, nghi thức – đảm bảo cho 1 buổi lễ toàn diện\n• 2 cam chụp/quay: Xuất phát từ 2 bên, ngoài những góc chính diện sẽ có thêm những góc máy\nphóng sự, bắt được những khoảnh khắc song song đồng thời diễn ra (ví dụ: lúc mẹ dẫn CD ra trao\ntay cho CR thì cam chính tập trung vào khoảnh khắc của CD, cam còn lại tập trung vào những\nngười thân bên dưới đang chứng kiến...)\n4.  TƯ VẤN TIỆC CƯỚI TẠI RESORT\n• \"Dạ anh/chị cho em hỏi mình đã lên ý tưởng cho lễ cưới chưa ạ? "}], "raw_model_output": "{\n  \"answer\": \"Dựa trên tài liệu tham khảo được cung cấp, tôi không tìm thấy thông tin để trả lời câu hỏi này.\",\n  \"source\": []\n}"}, "answer": "Dựa trên tài liệu tham khảo được cung cấp, tôi không tìm thấy thông tin để trả lời câu hỏi này."}}

=== CASE 45 | detect_intent ===
INPUT:
{"current_message": "Tư vấn gói chụp Pre tại Studio", "history_last_5": [], "asked_slots": [], "missing_slots": []}
OUTPUT:
{
  "intent": "ask_service_info",
  "confidence": 0.95
}

=== CASE 46 | detect_branch ===
INPUT:
{"intent": "ask_service_info", "branch_hint": null, "text": "Tư vấn gói chụp Pre tại Studio", "branch_options": [{"name": "greeting_initial_qualification", "label": "Xác định đã có ngày cưới chưa và khách quan tâm chụp pre-wedding, ngày cưới, hay cả hai."}, {"name": "prewedding_consultation", "label": "Tư vấn chụp pre-wedding (studio/ngoại cảnh), concept, địa điểm, số lượng, sản phẩm mong muốn."}, {"name": "wedding_day_consultation", "label": "Tư vấn dịch vụ ngày cưới (chụp/quay/makeup/trang phục), ngày cưới, lịch trình trong ngày, nhu cầu số lượng máy/cam."}, {"name": "resort_wedding_consultation", "label": "Tư vấn tiệc cưới kiểu riêng tư/resort: ý tưởng, địa điểm tổ chức, resort cụ thể, timeline, có wedding planner hay tự làm."}]}
OUTPUT:
{"branch":"prewedding_consultation","confidence":0.95}

=== CASE 47 | detect_slots ===
INPUT:
{"intent": "ask_service_info", "branch_name": "prewedding_consultation", "text": "Tư vấn gói chụp Pre tại Studio", "slot_options": [{"name": "prewedding_shoot_type", "label": "Hình thức chụp pre-wedding", "description": "Khách muốn chụp ngoại cảnh, trong studio, hay kết hợp cả hai."}, {"name": "prewedding_concept_preference", "label": "Concept chụp pre-wedding mong muốn", "description": "Concept/ý tưởng chụp mà khách mong muốn (ví dụ phông nền trơn, setup hoa lụa/hoa tươi/bàn tiệc...)."}, {"name": "prewedding_outdoor_location", "label": "Địa điểm chụp ngoại cảnh", "description": "Địa điểm khách dự định chụp ngoại cảnh (nếu có)."}, {"name": "desired_products_details", "label": "Mong muốn về sản phẩm/chi tiết gói", "description": "Các yêu cầu thêm về sản phẩm: chất liệu, số lượng ảnh, v.v."}]}
OUTPUT:
[
  {
    "slot": "prewedding_shoot_type",
    "value": "Studio",
    "confidence": 0.9
  }
]

=== CASE 48 | generate_slot_question ===
INPUT:
{"intent": "ask_service_info", "branch": "prewedding_consultation", "target_slot": "prewedding_concept_preference", "slot_label": "Concept chụp pre-wedding mong muốn", "slot_description": "Concept/ý tưởng chụp mà khách mong muốn (ví dụ phông nền trơn, setup hoa lụa/hoa tươi/bàn tiệc...).", "slot_evidence": ["Không biết là ac đã có concept chụp mà mình mong muốn chưa ạ"], "slot_synonyms": ["concept", "ý tưởng chụp", "style chụp"], "slot_examples": ["phông nền trơn", "concept hoa tươi", "setup bàn tiệc"], "slot_applies_to": ["prewedding_consultation"], "slot_type": "text", "slot_required": false, "slot_priority": "medium", "customer_name": "Bảo Duy", "known_slots": {"prewedding_shoot_type": "Studio", "prewedding_concept_preference": null, "prewedding_outdoor_location": null, "desired_products_details": null}, "asked_slot_values": {"prewedding_shoot_type": "Studio"}, "latest_user_message": "Tư vấn gói chụp Pre tại Studio", "recent_conversation_history": [{"role": "user", "content": "Tư vấn gói chụp Pre tại Studio"}]}
OUTPUT:
{
  "question": "Dạ anh Bảo Duy muốn concept chụp pre-wedding tại studio theo phong cách gì ạ? (ví dụ: phông nền trơn, hoa tươi, vintage, setup bàn tiệc...)"
}

=== CASE 49 | detect_intent ===
INPUT:
{"current_message": "nền trơn, hoa tươi thôi a", "history_last_5": ["Tư vấn gói chụp Pre tại Studio"], "asked_slots": ["prewedding_shoot_type"], "missing_slots": ["prewedding_concept_preference", "prewedding_outdoor_location", "desired_products_details"]}
OUTPUT:
{"intent":"provide_information","confidence":0.95}

=== CASE 50 | detect_branch ===
INPUT:
{"intent": "provide_information", "branch_hint": null, "text": "nền trơn, hoa tươi thôi a", "branch_options": [{"name": "greeting_initial_qualification", "label": "Xác định đã có ngày cưới chưa và khách quan tâm chụp pre-wedding, ngày cưới, hay cả hai."}, {"name": "prewedding_consultation", "label": "Tư vấn chụp pre-wedding (studio/ngoại cảnh), concept, địa điểm, số lượng, sản phẩm mong muốn."}, {"name": "wedding_day_consultation", "label": "Tư vấn dịch vụ ngày cưới (chụp/quay/makeup/trang phục), ngày cưới, lịch trình trong ngày, nhu cầu số lượng máy/cam."}, {"name": "resort_wedding_consultation", "label": "Tư vấn tiệc cưới kiểu riêng tư/resort: ý tưởng, địa điểm tổ chức, resort cụ thể, timeline, có wedding planner hay tự làm."}]}
OUTPUT:
{"branch":"prewedding_consultation","confidence":0.9}

=== CASE 51 | detect_slots ===
INPUT:
{"intent": "provide_information", "branch_name": "prewedding_consultation", "text": "nền trơn, hoa tươi thôi a", "slot_options": [{"name": "prewedding_shoot_type", "label": "Hình thức chụp pre-wedding", "description": "Khách muốn chụp ngoại cảnh, trong studio, hay kết hợp cả hai."}, {"name": "prewedding_concept_preference", "label": "Concept chụp pre-wedding mong muốn", "description": "Concept/ý tưởng chụp mà khách mong muốn (ví dụ phông nền trơn, setup hoa lụa/hoa tươi/bàn tiệc...)."}, {"name": "prewedding_outdoor_location", "label": "Địa điểm chụp ngoại cảnh", "description": "Địa điểm khách dự định chụp ngoại cảnh (nếu có)."}, {"name": "desired_products_details", "label": "Mong muốn về sản phẩm/chi tiết gói", "description": "Các yêu cầu thêm về sản phẩm: chất liệu, số lượng ảnh, v.v."}]}
OUTPUT:
[
  {
    "slot": "prewedding_concept_preference",
    "value": "nền trơn, hoa tươi",
    "confidence": 0.0
  }
]

=== CASE 52 | generate_slot_question ===
INPUT:
{"intent": "provide_information", "branch": "prewedding_consultation", "target_slot": "prewedding_outdoor_location", "slot_label": "Địa điểm chụp ngoại cảnh", "slot_description": "Địa điểm khách dự định chụp ngoại cảnh (nếu có).", "slot_evidence": ["mình đã có dự định sẽ chụp ở địa điểm nào chưa ac ha", "Bình minh buổi sáng ở NT em có những địa điểm này ac có thể tham khảo thêm"], "slot_synonyms": ["địa điểm chụp", "chụp ở đâu", "ngoại cảnh ở đâu"], "slot_examples": ["Nha Trang", "địa điểm chụp bình minh ở NT"], "slot_applies_to": ["prewedding_consultation"], "slot_type": "location", "slot_required": false, "slot_priority": "medium", "customer_name": "Bảo Duy", "known_slots": {"prewedding_shoot_type": "Studio", "prewedding_concept_preference": "nền trơn, hoa tươi", "prewedding_outdoor_location": null, "desired_products_details": null}, "asked_slot_values": {"prewedding_concept_preference": "nền trơn, hoa tươi", "prewedding_shoot_type": "Studio"}, "latest_user_message": "nền trơn, hoa tươi thôi a", "recent_conversation_history": [{"role": "user", "content": "Tư vấn gói chụp Pre tại Studio"}, {"role": "assistant", "content": "Dạ anh Bảo Duy muốn concept chụp pre-wedding tại studio theo phong cách gì ạ? (ví dụ: phông nền trơn, hoa tươi, vintage, setup bàn tiệc...)"}, {"role": "user", "content": "nền trơn, hoa tươi thôi a"}, {"role": "user", "content": "nền trơn, hoa tươi thôi a"}]}
OUTPUT:
{"question":"Dạ anh Bảo Duy có dự định chụp ngoại cảnh ở địa điểm nào không ạ?"}

=== CASE 53 | detect_intent ===
INPUT:
{"current_message": "nha trang nhé", "history_last_5": ["Tư vấn gói chụp Pre tại Studio", "nền trơn, hoa tươi thôi a", "nền trơn, hoa tươi thôi a"], "asked_slots": ["prewedding_concept_preference", "prewedding_shoot_type"], "missing_slots": ["prewedding_outdoor_location", "desired_products_details"]}
OUTPUT:
{"intent":"provide_information","confidence":0.92}

=== CASE 54 | detect_branch ===
INPUT:
{"intent": "provide_information", "branch_hint": null, "text": "nha trang nhé", "branch_options": [{"name": "greeting_initial_qualification", "label": "Xác định đã có ngày cưới chưa và khách quan tâm chụp pre-wedding, ngày cưới, hay cả hai."}, {"name": "prewedding_consultation", "label": "Tư vấn chụp pre-wedding (studio/ngoại cảnh), concept, địa điểm, số lượng, sản phẩm mong muốn."}, {"name": "wedding_day_consultation", "label": "Tư vấn dịch vụ ngày cưới (chụp/quay/makeup/trang phục), ngày cưới, lịch trình trong ngày, nhu cầu số lượng máy/cam."}, {"name": "resort_wedding_consultation", "label": "Tư vấn tiệc cưới kiểu riêng tư/resort: ý tưởng, địa điểm tổ chức, resort cụ thể, timeline, có wedding planner hay tự làm."}]}
OUTPUT:
{"branch":"prewedding_consultation","confidence":0.8}

=== CASE 55 | detect_slots ===
INPUT:
{"intent": "provide_information", "branch_name": "prewedding_consultation", "text": "nha trang nhé", "slot_options": [{"name": "prewedding_shoot_type", "label": "Hình thức chụp pre-wedding", "description": "Khách muốn chụp ngoại cảnh, trong studio, hay kết hợp cả hai."}, {"name": "prewedding_concept_preference", "label": "Concept chụp pre-wedding mong muốn", "description": "Concept/ý tưởng chụp mà khách mong muốn (ví dụ phông nền trơn, setup hoa lụa/hoa tươi/bàn tiệc...)."}, {"name": "prewedding_outdoor_location", "label": "Địa điểm chụp ngoại cảnh", "description": "Địa điểm khách dự định chụp ngoại cảnh (nếu có)."}, {"name": "desired_products_details", "label": "Mong muốn về sản phẩm/chi tiết gói", "description": "Các yêu cầu thêm về sản phẩm: chất liệu, số lượng ảnh, v.v."}]}
OUTPUT:
[
  {
    "slot": "prewedding_outdoor_location",
    "value": "nha trang",
    "confidence": 0.95
  }
]

=== CASE 56 | generate_slot_question ===
INPUT:
{"intent": "provide_information", "branch": "prewedding_consultation", "target_slot": "desired_products_details", "slot_label": "Mong muốn về sản phẩm/chi tiết gói", "slot_description": "Các yêu cầu thêm về sản phẩm: chất liệu, số lượng ảnh, v.v.", "slot_evidence": ["Hỏi thêm về thông tin, sản phẩm mong muốn (chất liệu, số lượng ảnh,...)"], "slot_synonyms": ["yêu cầu sản phẩm", "chất liệu", "số lượng ảnh", "mong muốn sản phẩm"], "slot_examples": ["chất liệu album", "số lượng ảnh muốn nhận", "muốn có ảnh cổng + khung"], "slot_applies_to": ["prewedding_consultation", "wedding_day_consultation", "resort_wedding_consultation"], "slot_type": "text", "slot_required": false, "slot_priority": "low", "customer_name": "Bảo Duy", "known_slots": {"prewedding_shoot_type": "Studio", "prewedding_concept_preference": "nền trơn, hoa tươi", "prewedding_outdoor_location": "nha trang", "desired_products_details": null}, "asked_slot_values": {"prewedding_concept_preference": "nền trơn, hoa tươi", "prewedding_outdoor_location": "nha trang", "prewedding_shoot_type": "Studio"}, "latest_user_message": "nha trang nhé", "recent_conversation_history": [{"role": "user", "content": "nền trơn, hoa tươi thôi a"}, {"role": "user", "content": "nền trơn, hoa tươi thôi a"}, {"role": "assistant", "content": "Dạ anh Bảo Duy có dự định chụp ngoại cảnh ở địa điểm nào không ạ?"}, {"role": "user", "content": "nha trang nhé"}, {"role": "user", "content": "nha trang nhé"}]}
OUTPUT:
{"question":"Dạ anh Bảo Duy, anh mong muốn sản phẩm/chi tiết gói như thế nào (ví dụ: chất liệu album, số lượng ảnh, có khung/ảnh cổng...) ạ?"}

=== CASE 57 | detect_intent ===
INPUT:
{"current_message": "mình muốn album chất liệu nhựa, khoảng 500 tấm, có khung nhé", "history_last_5": ["Tư vấn gói chụp Pre tại Studio", "nền trơn, hoa tươi thôi a", "nền trơn, hoa tươi thôi a", "nha trang nhé", "nha trang nhé"], "asked_slots": ["prewedding_concept_preference", "prewedding_outdoor_location", "prewedding_shoot_type"], "missing_slots": ["desired_products_details"]}
OUTPUT:
{"intent":"provide_information","confidence":0.95}

=== CASE 58 | detect_branch ===
INPUT:
{"intent": "provide_information", "branch_hint": null, "text": "mình muốn album chất liệu nhựa, khoảng 500 tấm, có khung nhé", "branch_options": [{"name": "greeting_initial_qualification", "label": "Xác định đã có ngày cưới chưa và khách quan tâm chụp pre-wedding, ngày cưới, hay cả hai."}, {"name": "prewedding_consultation", "label": "Tư vấn chụp pre-wedding (studio/ngoại cảnh), concept, địa điểm, số lượng, sản phẩm mong muốn."}, {"name": "wedding_day_consultation", "label": "Tư vấn dịch vụ ngày cưới (chụp/quay/makeup/trang phục), ngày cưới, lịch trình trong ngày, nhu cầu số lượng máy/cam."}, {"name": "resort_wedding_consultation", "label": "Tư vấn tiệc cưới kiểu riêng tư/resort: ý tưởng, địa điểm tổ chức, resort cụ thể, timeline, có wedding planner hay tự làm."}]}
OUTPUT:
{"branch":"prewedding_consultation","confidence":0.9}

=== CASE 59 | detect_slots ===
INPUT:
{"intent": "provide_information", "branch_name": "prewedding_consultation", "text": "mình muốn album chất liệu nhựa, khoảng 500 tấm, có khung nhé", "slot_options": [{"name": "prewedding_shoot_type", "label": "Hình thức chụp pre-wedding", "description": "Khách muốn chụp ngoại cảnh, trong studio, hay kết hợp cả hai."}, {"name": "prewedding_concept_preference", "label": "Concept chụp pre-wedding mong muốn", "description": "Concept/ý tưởng chụp mà khách mong muốn (ví dụ phông nền trơn, setup hoa lụa/hoa tươi/bàn tiệc...)."}, {"name": "prewedding_outdoor_location", "label": "Địa điểm chụp ngoại cảnh", "description": "Địa điểm khách dự định chụp ngoại cảnh (nếu có)."}, {"name": "desired_products_details", "label": "Mong muốn về sản phẩm/chi tiết gói", "description": "Các yêu cầu thêm về sản phẩm: chất liệu, số lượng ảnh, v.v."}]}
OUTPUT:
[
  {
    "slot": "desired_products_details",
    "value": "album chất liệu nhựa, khoảng 500 tấm, có khung",
    "confidence": 0.95
  }
]

=== CASE 60 | step_04_call_rag ===
INPUT:
{"question": "Studio, nền trơn, hoa tươi, nha trang, album chất liệu nhựa, khoảng 500 tấm, có khung", "conversation_history": [{"role": "user", "content": "nha trang nhé"}, {"role": "user", "content": "nha trang nhé"}, {"role": "assistant", "content": "Dạ anh Bảo Duy, anh mong muốn sản phẩm/chi tiết gói như thế nào (ví dụ: chất liệu album, số lượng ảnh, có khung/ảnh cổng...) ạ?"}, {"role": "user", "content": "mình muốn album chất liệu nhựa, khoảng 500 tấm, có khung nhé"}, {"role": "user", "content": "mình muốn album chất liệu nhựa, khoảng 500 tấm, có khung nhé"}]}
OUTPUT:
{"answer": "Cảm ơn anh/chị — em tóm tắt và tư vấn theo mong muốn của anh/chị như sau:\n\n- Về kiểu chụp: Studio có thể chụp tại studio với nền trơn hoặc setup concept hoa (hoa lụa / hoa tươi) — phù hợp với yêu cầu “studio, nền trơn, hoa tươi”.\n- Về địa điểm: Anh/chị chụp tại Nha Trang, bên em thường hỏi thêm là anh/chị ở nội thành hay ngoại thành Nha Trang và tiệc/địa điểm tổ chức ở đâu để tư vấn lịch trình cụ thể.\n- Về sản phẩm sau chụp: Tài liệu ghi các sản phẩm studio cung cấp gồm ảnh in chất liệu lụa rời size 13x18 lồng vào album; photobook các size 20x30, 30x30 và 25x35 (tối thiểu 20 trang). Ngoài ra có sản phẩm ảnh nhỏ kèm khung hoặc không khung.\n\nNhững điểm cần anh/chị xác nhận/hoặc em cần hỏi thêm (tài liệu tham khảo không nêu rõ):\n- Album chất liệu nhựa: trong tài liệu không thấy thông tin cụ thể về album chất liệu nhựa; mong anh/chị xác nhận có bắt buộc phải là nhựa hay anh/chị muốn xem các lựa chọn chất liệu khác.\n- Số lượng ~500 tấm: tài liệu không ghi rõ có thể in/đóng album khoảng 500 tấm như yêu cầu hay không; cần anh/chị xác nhận đây là số ảnh muốn in/đóng trong album hay tổng ảnh giao file.\n- Khung: tài liệu có đề cập “ảnh nhỏ kèm khung hoặc không khung” nhưng không nêu rõ việc đóng khung cho album nhiều ảnh như 500 tấm.\n\nĐề xuất bước tiếp theo (theo quy trình tư vấn trong tài liệu):\n1) Xác nhận anh/chị muốn chụp pre-wedding ở studio hay là chụp ngày cưới (hoặc cả hai).\n2) Cho biết cụ thể: nội thành hay ngoại thành Nha Trang và nơi tổ chức tiệc (để tư vấn thời gian/di chuyển).\n3) Xác nhận lại yêu cầu album (chất liệu nhựa hay chấp nhận photobook/album lụa; số ảnh mong muốn; cần khung cho ảnh loại nào).\n\nNếu anh/chị đồng ý, em sẽ gửi 1 gói phù hợp và 1 gói cao hơn chút để anh/chị tham khảo, đồng thời có thể xin số Zalo để gửi mẫu sản phẩm thực tế và báo giá chi tiết.", "debug": {"reason": "rag_answer_generated", "payload": {"question": "Studio, nền trơn, hoa tươi, nha trang, album chất liệu nhựa, khoảng 500 tấm, có khung", "conversation_history": [{"role": "user", "content": "nha trang nhé"}, {"role": "user", "content": "nha trang nhé"}, {"role": "assistant", "content": "Dạ anh Bảo Duy, anh mong muốn sản phẩm/chi tiết gói như thế nào (ví dụ: chất liệu album, số lượng ảnh, có khung/ảnh cổng...) ạ?"}, {"role": "user", "content": "mình muốn album chất liệu nhựa, khoảng 500 tấm, có khung nhé"}, {"role": "user", "content": "mình muốn album chất liệu nhựa, khoảng 500 tấm, có khung nhé"}]}, "response_data": {"answer": "Cảm ơn anh/chị — em tóm tắt và tư vấn theo mong muốn của anh/chị như sau:\n\n- Về kiểu chụp: Studio có thể chụp tại studio với nền trơn hoặc setup concept hoa (hoa lụa / hoa tươi) — phù hợp với yêu cầu “studio, nền trơn, hoa tươi”.\n- Về địa điểm: Anh/chị chụp tại Nha Trang, bên em thường hỏi thêm là anh/chị ở nội thành hay ngoại thành Nha Trang và tiệc/địa điểm tổ chức ở đâu để tư vấn lịch trình cụ thể.\n- Về sản phẩm sau chụp: Tài liệu ghi các sản phẩm studio cung cấp gồm ảnh in chất liệu lụa rời size 13x18 lồng vào album; photobook các size 20x30, 30x30 và 25x35 (tối thiểu 20 trang). Ngoài ra có sản phẩm ảnh nhỏ kèm khung hoặc không khung.\n\nNhững điểm cần anh/chị xác nhận/hoặc em cần hỏi thêm (tài liệu tham khảo không nêu rõ):\n- Album chất liệu nhựa: trong tài liệu không thấy thông tin cụ thể về album chất liệu nhựa; mong anh/chị xác nhận có bắt buộc phải là nhựa hay anh/chị muốn xem các lựa chọn chất liệu khác.\n- Số lượng ~500 tấm: tài liệu không ghi rõ có thể in/đóng album khoảng 500 tấm như yêu cầu hay không; cần anh/chị xác nhận đây là số ảnh muốn in/đóng trong album hay tổng ảnh giao file.\n- Khung: tài liệu có đề cập “ảnh nhỏ kèm khung hoặc không khung” nhưng không nêu rõ việc đóng khung cho album nhiều ảnh như 500 tấm.\n\nĐề xuất bước tiếp theo (theo quy trình tư vấn trong tài liệu):\n1) Xác nhận anh/chị muốn chụp pre-wedding ở studio hay là chụp ngày cưới (hoặc cả hai).  \n2) Cho biết cụ thể: nội thành hay ngoại thành Nha Trang và nơi tổ chức tiệc (để tư vấn thời gian/di chuyển).  \n3) Xác nhận lại yêu cầu album (chất liệu nhựa hay chấp nhận photobook/album lụa; số ảnh mong muốn; cần khung cho ảnh loại nào).\n\nNếu anh/chị đồng ý, em sẽ gửi 1 gói phù hợp và 1 gói cao hơn chút để anh/chị tham khảo, đồng thời có thể xin số Zalo để gửi mẫu sản phẩm thực tế và báo giá chi tiết.", "source": [{"source_id": "S2", "page": "8", "file_name": "xoai_studio_knowledge_base.pdf"}, {"source_id": "S4", "page": "9", "file_name": "xoai_studio_knowledge_base.pdf"}, {"source_id": "S1", "page": "9", "file_name": "xoai_studio_knowledge_base.pdf"}, {"source_id": "S3", "page": "8", "file_name": "xoai_studio_knowledge_base.pdf"}], "source_ids": ["S2", "S4", "S1", "S3"], "metadata": [{"source_id": "S1", "page": "9", "file_name": "xoai_studio_knowledge_base.pdf", "window": "3.  TƯ VẤN NGÀY CƯỚI (TRỰC TIẾP)\n\"Dạ anh/chị đã có lịch trình cho ngày cưới chưa và đang cần các dịch vụ như chụp/quay hay full\ncombo chụp/quay, makeup và trang phục luôn ạ?  Anh/chị ở nội thành hay ngoại thành Nha Trang\nvà tiệc dự kiến tổ chức tại đâu ạ?\"\n Tư vấn về sản phẩm sau chụp:\n• Sản phẩm gói chụp là hình ảnh in chất liệu lụa rời size 13x18 lồng vào album\n• Album photobook các size 20x30, 30x30 và 25x35 (tối thiểu 20 trang)\n• Album ảnh lụa có thể gửi tặng bạn bè người thân; photobook chọn lọc những hình ảnh riêng của\n2 vợ chồng\n"}, {"source_id": "S2", "page": "8", "file_name": "xoai_studio_knowledge_base.pdf", "window": "PHẦN 3: KỊCH BẢN BÁN HÀNG – XOÀI WEDDINGS\nA. TƯ VẤN ONLINE\n1.  BƯỚC CHÀO HỎI\n\"Dạ em chào anh/chị ạ. Em là ...... nhân viên tư vấn của Xoài Wedding ạ. Cho em hỏi anh/chị đã có\nngày cưới cụ thể chưa và mình đang quan tâm tới chụp pre-wedding / ngày cưới hay cả 2 luôn ạ?\"\n 2.  TƯ VẤN PRE-WEDDING\nGói Studio:\n\"Studio bên em có các gói chụp với phông nền trơn hoặc có setup concept hoa lụa / hoa tươi / bàn\ntiệc ạ. Không biết là anh/chị đã có concept chụp mà mình mong muốn chưa ạ (gửi link)\"\nGói Ngoại cảnh:\n\"Ngoại cảnh bên em có các gói chụp khác nhau tuỳ vào số lượng và địa điểm mà anh/chị chọn ạ,\nmình đã có dự định sẽ chụp ở địa điểm nào chưa ạ?\"\n Phương pháp tư vấn:\n• Dựa vào thông tin khai thác được, tư vấn gói chụp phù hợp kèm với các sản phẩm của gói (album,\nảnh cổng, ảnh nhỏ kèm khung hoặc không khung, slide)\n• Tư vấn rõ lịch trình thời gian chụp của gói, váy cưới chụp trong bao lâu và đồ tự do là đồ gì chụp\ntrong thời gian bao lâu\n• Gửi 1 gói phù hợp và 1 gói cao hơn nhu cầu 1 xíu – tư vấn rõ gói này hơn gói kia những gì\n• Hỏi thêm về thông tin, sản phẩm mong muốn (chất liệu, số lượng ảnh,...)\n3.  TƯ VẤN NGÀY CƯỚI (NC)\n\"Trong ngày cưới bên em có những dịch vụ như chụp, quay, makeup và trang phục (váy, vest, áo\ndài CDCR).  Anh/chị đang cần 1 trong những dịch vụ trên hay sẽ cần full combo luôn ạ? "}, {"source_id": "S3", "page": "8", "file_name": "xoai_studio_knowledge_base.pdf", "window": "BƯỚC CHÀO HỎI\n\"Dạ em chào anh/chị ạ. Em là ...... nhân viên tư vấn của Xoài Wedding ạ. Cho em hỏi anh/chị đã có\nngày cưới cụ thể chưa và mình đang quan tâm tới chụp pre-wedding / ngày cưới hay cả 2 luôn ạ?\"\n 2.  TƯ VẤN PRE-WEDDING\nGói Studio:\n\"Studio bên em có các gói chụp với phông nền trơn hoặc có setup concept hoa lụa / hoa tươi / bàn\ntiệc ạ. Không biết là anh/chị đã có concept chụp mà mình mong muốn chưa ạ (gửi link)\"\nGói Ngoại cảnh:\n\"Ngoại cảnh bên em có các gói chụp khác nhau tuỳ vào số lượng và địa điểm mà anh/chị chọn ạ,\nmình đã có dự định sẽ chụp ở địa điểm nào chưa ạ?\"\n Phương pháp tư vấn:\n• Dựa vào thông tin khai thác được, tư vấn gói chụp phù hợp kèm với các sản phẩm của gói (album,\nảnh cổng, ảnh nhỏ kèm khung hoặc không khung, slide)\n• Tư vấn rõ lịch trình thời gian chụp của gói, váy cưới chụp trong bao lâu và đồ tự do là đồ gì chụp\ntrong thời gian bao lâu\n• Gửi 1 gói phù hợp và 1 gói cao hơn nhu cầu 1 xíu – tư vấn rõ gói này hơn gói kia những gì\n• Hỏi thêm về thông tin, sản phẩm mong muốn (chất liệu, số lượng ảnh,...)\n3.  TƯ VẤN NGÀY CƯỚI (NC)\n\"Trong ngày cưới bên em có những dịch vụ như chụp, quay, makeup và trang phục (váy, vest, áo\ndài CDCR).  Anh/chị đang cần 1 trong những dịch vụ trên hay sẽ cần full combo luôn ạ?  Ngày cưới\ncủa mình là ngày bao nhiêu và lịch trình sẽ là sáng gia tiên rước dâu chiều tiệc nhà hàng hay ntn ạ?\"\n"}, {"source_id": "S4", "page": "9", "file_name": "xoai_studio_knowledge_base.pdf", "window": "2.  TƯ VẤN PRE-WEDDING (TRỰC TIẾP)\n\"Dạ đối với gói chụp pre-wedding bên em có 2 gói chụp tại studio và ngoại cảnh, không biết mình\nmuốn chụp ở đâu ạ?\"  (Vừa nói vừa mở màn hình và album hình ảnh cho khách xem)\nĐối với Studio: Mở link ảnh mẫu, hỏi khách thích chụp trơn hay có setup concept.\n Đối với Ngoại Cảnh: Giới thiệu các địa điểm (biển bình minh, hòn đỏ, đồng cỏ,...), tư vấn thời điểm\nchụp phù hợp:\n– Bình minh: Trang điểm từ 3h15, di chuyển 5h\n– Màu nước biển xanh nhẹ: Chụp lúc 6h hơn\n– Biển xanh ngắt: Chụp buổi chiều sau 14h\n– Địa điểm có phí vào cổng (Sunrise, Nha Trang Xưa, Bến Du Thuyền,...): Phí này studio không thu thêm\n\"Gói này bên em sẽ có ảnh cổng, ảnh để bàn, photobook,... em lấy sản phẩm cho anh chị xem luôn\nnha\" (show sản phẩm thực tế)\n\"Chị có muốn xem qua váy, vest để chụp không ạ?  Nếu còn thời gian mình có thể thử trang phục\ntrước ạ!\"\n \"Dạ anh/chị cho em xin số điện thoại Zalo để em gửi lại những thông tin vừa trao đổi nha, nếu cần\nhỗ trợ thêm cứ nhắn hoặc gọi cho em ạ!\"\n 3. "}], "raw_model_output": "{\n  \"answer\": \"Cảm ơn anh/chị — em tóm tắt và tư vấn theo mong muốn của anh/chị như sau:\\n\\n- Về kiểu chụp: Studio có thể chụp tại studio với nền trơn hoặc setup concept hoa (hoa lụa / hoa tươi) — phù hợp với yêu cầu “studio, nền trơn, hoa tươi”.\\n- Về địa điểm: Anh/chị chụp tại Nha Trang, bên em thường hỏi thêm là anh/chị ở nội thành hay ngoại thành Nha Trang và tiệc/địa điểm tổ chức ở đâu để tư vấn lịch trình cụ thể.\\n- Về sản phẩm sau chụp: Tài liệu ghi các sản phẩm studio cung cấp gồm ảnh in chất liệu lụa rời size 13x18 lồng vào album; photobook các size 20x30, 30x30 và 25x35 (tối thiểu 20 trang). Ngoài ra có sản phẩm ảnh nhỏ kèm khung hoặc không khung.\\n\\nNhững điểm cần anh/chị xác nhận/hoặc em cần hỏi thêm (tài liệu tham khảo không nêu rõ):\\n- Album chất liệu nhựa: trong tài liệu không thấy thông tin cụ thể về album chất liệu nhựa; mong anh/chị xác nhận có bắt buộc phải là nhựa hay anh/chị muốn xem các lựa chọn chất liệu khác.\\n- Số lượng ~500 tấm: tài liệu không ghi rõ có thể in/đóng album khoảng 500 tấm như yêu cầu hay không; cần anh/chị xác nhận đây là số ảnh muốn in/đóng trong album hay tổng ảnh giao file.\\n- Khung: tài liệu có đề cập “ảnh nhỏ kèm khung hoặc không khung” nhưng không nêu rõ việc đóng khung cho album nhiều ảnh như 500 tấm.\\n\\nĐề xuất bước tiếp theo (theo quy trình tư vấn trong tài liệu):\\n1) Xác nhận anh/chị muốn chụp pre-wedding ở studio hay là chụp ngày cưới (hoặc cả hai).  \\n2) Cho biết cụ thể: nội thành hay ngoại thành Nha Trang và nơi tổ chức tiệc (để tư vấn thời gian/di chuyển).  \\n3) Xác nhận lại yêu cầu album (chất liệu nhựa hay chấp nhận photobook/album lụa; số ảnh mong muốn; cần khung cho ảnh loại nào).\\n\\nNếu anh/chị đồng ý, em sẽ gửi 1 gói phù hợp và 1 gói cao hơn chút để anh/chị tham khảo, đồng thời có thể xin số Zalo để gửi mẫu sản phẩm thực tế và báo giá chi tiết.\",\n  \"source\": [\n    \"S2\",\n    \"S4\",\n    \"S1\",\n    \"S3\"\n  ]\n}"}}}

=== CASE 61 | detect_intent ===
INPUT:
{"current_message": "Dạ cho hỏi bên mình có mẫu váy cưới ngắn ko ạ?", "history_last_5": [], "asked_slots": [], "missing_slots": []}
OUTPUT:
{"intent":"ask_service_info","confidence":0.95}

=== CASE 62 | detect_branch ===
INPUT:
{"intent": "ask_service_info", "branch_hint": null, "text": "Dạ cho hỏi bên mình có mẫu váy cưới ngắn ko ạ?", "branch_options": [{"name": "greeting_initial_qualification", "label": "Xác định đã có ngày cưới chưa và khách quan tâm chụp pre-wedding, ngày cưới, hay cả hai."}, {"name": "prewedding_consultation", "label": "Tư vấn chụp pre-wedding (studio/ngoại cảnh), concept, địa điểm, số lượng, sản phẩm mong muốn."}, {"name": "wedding_day_consultation", "label": "Tư vấn dịch vụ ngày cưới (chụp/quay/makeup/trang phục), ngày cưới, lịch trình trong ngày, nhu cầu số lượng máy/cam."}, {"name": "resort_wedding_consultation", "label": "Tư vấn tiệc cưới kiểu riêng tư/resort: ý tưởng, địa điểm tổ chức, resort cụ thể, timeline, có wedding planner hay tự làm."}]}
OUTPUT:
{"branch":"wedding_day_consultation","confidence":0.9}

=== CASE 63 | detect_slots ===
INPUT:
{"intent": "ask_service_info", "branch_name": "wedding_day_consultation", "text": "Dạ cho hỏi bên mình có mẫu váy cưới ngắn ko ạ?", "slot_options": [{"name": "wedding_date", "label": "Ngày cưới", "description": "Ngày cưới cụ thể của khách (nếu đã chốt)."}, {"name": "desired_products_details", "label": "Mong muốn về sản phẩm/chi tiết gói", "description": "Các yêu cầu thêm về sản phẩm: chất liệu, số lượng ảnh, v.v."}, {"name": "wedding_day_services_needed", "label": "Dịch vụ ngày cưới cần dùng", "description": "Khách cần dịch vụ nào trong ngày cưới: chụp, quay, makeup, trang phục; hoặc full combo."}, {"name": "wedding_day_schedule", "label": "Lịch trình ngày cưới", "description": "Lịch trình diễn ra trong ngày cưới (ví dụ sáng gia tiên rước dâu, chiều tiệc nhà hàng...)."}]}
OUTPUT:
[
  {
    "slot": "desired_products_details",
    "value": "váy cưới ngắn",
    "confidence": 0.9
  }
]

=== CASE 64 | generate_slot_question ===
INPUT:
{"intent": "ask_service_info", "branch": "wedding_day_consultation", "target_slot": "wedding_date", "slot_label": "Ngày cưới", "slot_description": "Ngày cưới cụ thể của khách (nếu đã chốt).", "slot_evidence": ["Cho em hỏi anh/chị đã có ngày cưới cụ thể chưa", "Ngày cưới của mình là ngày bao nhiêu"], "slot_synonyms": ["ngày cưới", "ngày bao nhiêu", "ngày tổ chức", "đã có ngày cưới cụ thể chưa"], "slot_examples": ["15/10/2026", "ngày 20 tháng 3"], "slot_applies_to": ["greeting_initial_qualification", "wedding_day_consultation", "resort_wedding_consultation"], "slot_type": "date", "slot_required": true, "slot_priority": "high", "customer_name": "Bảo Duy", "known_slots": {"wedding_date": null, "wedding_day_services_needed": null, "wedding_day_schedule": null, "desired_products_details": "váy cưới ngắn"}, "asked_slot_values": {"desired_products_details": "váy cưới ngắn"}, "latest_user_message": "Dạ cho hỏi bên mình có mẫu váy cưới ngắn ko ạ?", "recent_conversation_history": [{"role": "user", "content": "Dạ cho hỏi bên mình có mẫu váy cưới ngắn ko ạ?"}]}
OUTPUT:
{
  "question": "Dạ anh Bảo Duy đã chốt ngày cưới cụ thể chưa ạ?"
}

=== CASE 65 | detect_intent ===
INPUT:
{"current_message": "ngày 18/3 nhé", "history_last_5": ["Dạ cho hỏi bên mình có mẫu váy cưới ngắn ko ạ?"], "asked_slots": ["desired_products_details"], "missing_slots": ["wedding_date", "wedding_day_services_needed", "wedding_day_schedule"]}
OUTPUT:
{"intent":"provide_information","confidence":0.95}

=== CASE 66 | detect_branch ===
INPUT:
{"intent": "provide_information", "branch_hint": null, "text": "ngày 18/3 nhé", "branch_options": [{"name": "greeting_initial_qualification", "label": "Xác định đã có ngày cưới chưa và khách quan tâm chụp pre-wedding, ngày cưới, hay cả hai."}, {"name": "prewedding_consultation", "label": "Tư vấn chụp pre-wedding (studio/ngoại cảnh), concept, địa điểm, số lượng, sản phẩm mong muốn."}, {"name": "wedding_day_consultation", "label": "Tư vấn dịch vụ ngày cưới (chụp/quay/makeup/trang phục), ngày cưới, lịch trình trong ngày, nhu cầu số lượng máy/cam."}, {"name": "resort_wedding_consultation", "label": "Tư vấn tiệc cưới kiểu riêng tư/resort: ý tưởng, địa điểm tổ chức, resort cụ thể, timeline, có wedding planner hay tự làm."}]}
OUTPUT:
{"branch":"greeting_initial_qualification","confidence":0.95}

=== CASE 67 | detect_slots ===
INPUT:
{"intent": "provide_information", "branch_name": "greeting_initial_qualification", "text": "ngày 18/3 nhé", "slot_options": [{"name": "wedding_date", "label": "Ngày cưới", "description": "Ngày cưới cụ thể của khách (nếu đã chốt)."}, {"name": "service_interest", "label": "Nhu cầu dịch vụ", "description": "Khách quan tâm chụp pre-wedding, chụp/quay ngày cưới, hoặc cả hai."}]}
OUTPUT:
[
  {
    "slot": "wedding_date",
    "value": "18/3",
    "confidence": 0.95
  }
]

=== CASE 68 | generate_slot_question ===
INPUT:
{"intent": "provide_information", "branch": "greeting_initial_qualification", "target_slot": "service_interest", "slot_label": "Nhu cầu dịch vụ", "slot_description": "Khách quan tâm chụp pre-wedding, chụp/quay ngày cưới, hoặc cả hai.", "slot_evidence": ["mình đang quan tâm tới chụp pre-wedding / ngày cưới hay cả 2 luôn ạ ?"], "slot_synonyms": ["quan tâm", "cần chụp pre", "cần ngày cưới", "cả hai"], "slot_examples": ["pre-wedding", "ngày cưới", "cả 2"], "slot_applies_to": ["greeting_initial_qualification"], "slot_type": "single_select", "slot_required": true, "slot_priority": "high", "customer_name": "Bảo Duy", "known_slots": {"wedding_date": "18/3", "service_interest": null}, "asked_slot_values": {"wedding_date": "18/3"}, "latest_user_message": "ngày 18/3 nhé", "recent_conversation_history": [{"role": "user", "content": "Dạ cho hỏi bên mình có mẫu váy cưới ngắn ko ạ?"}, {"role": "assistant", "content": "Dạ anh Bảo Duy đã chốt ngày cưới cụ thể chưa ạ?"}, {"role": "user", "content": "ngày 18/3 nhé"}]}
OUTPUT:
{
  "question": "Dạ anh Bảo Duy muốn chụp pre-wedding, chụp/quay ngày cưới, hay cả hai ạ?"
}

=== CASE 69 | detect_intent ===
INPUT:
{"current_message": "cả 2 nhé a", "history_last_5": ["Dạ cho hỏi bên mình có mẫu váy cưới ngắn ko ạ?", "ngày 18/3 nhé"], "asked_slots": ["wedding_date"], "missing_slots": ["service_interest"]}
OUTPUT:
{"intent":"provide_information","confidence":0.9}

=== CASE 70 | detect_branch ===
INPUT:
{"intent": "provide_information", "branch_hint": null, "text": "cả 2 nhé a", "branch_options": [{"name": "greeting_initial_qualification", "label": "Xác định đã có ngày cưới chưa và khách quan tâm chụp pre-wedding, ngày cưới, hay cả hai."}, {"name": "prewedding_consultation", "label": "Tư vấn chụp pre-wedding (studio/ngoại cảnh), concept, địa điểm, số lượng, sản phẩm mong muốn."}, {"name": "wedding_day_consultation", "label": "Tư vấn dịch vụ ngày cưới (chụp/quay/makeup/trang phục), ngày cưới, lịch trình trong ngày, nhu cầu số lượng máy/cam."}, {"name": "resort_wedding_consultation", "label": "Tư vấn tiệc cưới kiểu riêng tư/resort: ý tưởng, địa điểm tổ chức, resort cụ thể, timeline, có wedding planner hay tự làm."}]}
OUTPUT:
{"branch":"greeting_initial_qualification","confidence":0.93}

=== CASE 71 | detect_slots ===
INPUT:
{"intent": "provide_information", "branch_name": "greeting_initial_qualification", "text": "cả 2 nhé a", "slot_options": [{"name": "wedding_date", "label": "Ngày cưới", "description": "Ngày cưới cụ thể của khách (nếu đã chốt)."}, {"name": "service_interest", "label": "Nhu cầu dịch vụ", "description": "Khách quan tâm chụp pre-wedding, chụp/quay ngày cưới, hoặc cả hai."}]}
OUTPUT:
[
  {
    "slot": "service_interest",
    "value": "cả 2 nhé a",
    "confidence": 0.9
  }
]

=== CASE 72 | step_04_call_rag ===
INPUT:
{"question": "18/3, cả 2 nhé a", "conversation_history": [{"role": "assistant", "content": "Dạ anh Bảo Duy đã chốt ngày cưới cụ thể chưa ạ?"}, {"role": "user", "content": "ngày 18/3 nhé"}, {"role": "assistant", "content": "Dạ anh Bảo Duy muốn chụp pre-wedding, chụp/quay ngày cưới, hay cả hai ạ?"}, {"role": "user", "content": "cả 2 nhé a"}, {"role": "user", "content": "cả 2 nhé a"}]}
OUTPUT:
{"answer": "Dạ em chào anh Bảo Duy ạ. Em xác nhận: ngày cưới 18/3 và anh cần cả chụp pre-wedding lẫn chụp/ngày cưới. Để em tư vấn gói phù hợp và gửi báo giá, anh cho em thêm một vài thông tin sau nhé:\n\n1) Pre-wedding:\n- Anh muốn chụp Studio hay Ngoại cảnh? Nếu Studio, anh đã có concept mong muốn chưa (có thể gửi link)? Nếu Ngoại cảnh, anh dự định chụp ở địa điểm nào?\n- Anh dự tính mặc bao nhiêu bộ đồ/váy? (Em sẽ tư vấn lịch chụp, thời gian váy cưới và thời gian chụp đồ tự do)\n- Anh mong muốn sản phẩm sau chụp thế nào (album, ảnh cổng, ảnh nhỏ kèm khung/không khung, slide, chất liệu, số lượng ảnh...)?\n\n2) Ngày cưới:\n- Anh cần dịch vụ gì trong ngày cưới: chỉ chụp, chỉ quay hay full combo (chụp + quay + makeup + trang phục)?\n- Lịch trình ngày cưới dự kiến sẽ như thế nào (sáng: gia tiên/rước dâu, chiều: tiệc nhà hàng/như thế nào)?\n- Anh ở nội thành hay ngoại thành Nha Trang và tiệc dự kiến tổ chức tại đâu?\n- Anh muốn 1 camera hay 2 camera cho ngày cưới? (Thông tin để anh tham khảo: 1 camera tập trung các góc chính diện đảm bảo nghi thức; 2 camera có thêm góc phóng sự bắt các khoảnh khắc song song)\n\n3) Thông tin liên hệ:\n- Anh cho em số điện thoại Zalo để em gửi lại thông tin chi tiết và báo giá, và nếu còn thời gian trong lịch anh có thể thử trang phục trước ạ.\n\nSau khi có câu trả lời, em sẽ gửi 1 gói phù hợp và 1 gói cao hơn một chút, kèm giải thích khác biệt giữa hai gói. Cám ơn anh ạ!", "debug": {"reason": "rag_answer_generated", "payload": {"question": "18/3, cả 2 nhé a", "conversation_history": [{"role": "assistant", "content": "Dạ anh Bảo Duy đã chốt ngày cưới cụ thể chưa ạ?"}, {"role": "user", "content": "ngày 18/3 nhé"}, {"role": "assistant", "content": "Dạ anh Bảo Duy muốn chụp pre-wedding, chụp/quay ngày cưới, hay cả hai ạ?"}, {"role": "user", "content": "cả 2 nhé a"}, {"role": "user", "content": "cả 2 nhé a"}]}, "response_data": {"answer": "Dạ em chào anh Bảo Duy ạ. Em xác nhận: ngày cưới 18/3 và anh cần cả chụp pre-wedding lẫn chụp/ngày cưới. Để em tư vấn gói phù hợp và gửi báo giá, anh cho em thêm một vài thông tin sau nhé:\n\n1) Pre-wedding:\n- Anh muốn chụp Studio hay Ngoại cảnh? Nếu Studio, anh đã có concept mong muốn chưa (có thể gửi link)? Nếu Ngoại cảnh, anh dự định chụp ở địa điểm nào?\n- Anh dự tính mặc bao nhiêu bộ đồ/váy? (Em sẽ tư vấn lịch chụp, thời gian váy cưới và thời gian chụp đồ tự do)\n- Anh mong muốn sản phẩm sau chụp thế nào (album, ảnh cổng, ảnh nhỏ kèm khung/không khung, slide, chất liệu, số lượng ảnh...)?\n\n2) Ngày cưới:\n- Anh cần dịch vụ gì trong ngày cưới: chỉ chụp, chỉ quay hay full combo (chụp + quay + makeup + trang phục)?\n- Lịch trình ngày cưới dự kiến sẽ như thế nào (sáng: gia tiên/rước dâu, chiều: tiệc nhà hàng/như thế nào)?\n- Anh ở nội thành hay ngoại thành Nha Trang và tiệc dự kiến tổ chức tại đâu?\n- Anh muốn 1 camera hay 2 camera cho ngày cưới? (Thông tin để anh tham khảo: 1 camera tập trung các góc chính diện đảm bảo nghi thức; 2 camera có thêm góc phóng sự bắt các khoảnh khắc song song)\n\n3) Thông tin liên hệ:\n- Anh cho em số điện thoại Zalo để em gửi lại thông tin chi tiết và báo giá, và nếu còn thời gian trong lịch anh có thể thử trang phục trước ạ.\n\nSau khi có câu trả lời, em sẽ gửi 1 gói phù hợp và 1 gói cao hơn một chút, kèm giải thích khác biệt giữa hai gói. Cám ơn anh ạ!", "source": [{"source_id": "S1", "page": "8", "file_name": "xoai_studio_knowledge_base.pdf"}, {"source_id": "S2", "page": "9", "file_name": "xoai_studio_knowledge_base.pdf"}, {"source_id": "S3", "page": "8", "file_name": "xoai_studio_knowledge_base.pdf"}, {"source_id": "S4", "page": "8", "file_name": "xoai_studio_knowledge_base.pdf"}], "source_ids": ["S1", "S2", "S3", "S4"], "metadata": [{"source_id": "S1", "page": "8", "file_name": "xoai_studio_knowledge_base.pdf", "window": "PHẦN 3: KỊCH BẢN BÁN HÀNG – XOÀI WEDDINGS\nA. TƯ VẤN ONLINE\n1.  BƯỚC CHÀO HỎI\n\"Dạ em chào anh/chị ạ. Em là ...... nhân viên tư vấn của Xoài Wedding ạ. Cho em hỏi anh/chị đã có\nngày cưới cụ thể chưa và mình đang quan tâm tới chụp pre-wedding / ngày cưới hay cả 2 luôn ạ?\"\n 2.  TƯ VẤN PRE-WEDDING\nGói Studio:\n\"Studio bên em có các gói chụp với phông nền trơn hoặc có setup concept hoa lụa / hoa tươi / bàn\ntiệc ạ. Không biết là anh/chị đã có concept chụp mà mình mong muốn chưa ạ (gửi link)\"\nGói Ngoại cảnh:\n\"Ngoại cảnh bên em có các gói chụp khác nhau tuỳ vào số lượng và địa điểm mà anh/chị chọn ạ,\nmình đã có dự định sẽ chụp ở địa điểm nào chưa ạ?\"\n Phương pháp tư vấn:\n• Dựa vào thông tin khai thác được, tư vấn gói chụp phù hợp kèm với các sản phẩm của gói (album,\nảnh cổng, ảnh nhỏ kèm khung hoặc không khung, slide)\n• Tư vấn rõ lịch trình thời gian chụp của gói, váy cưới chụp trong bao lâu và đồ tự do là đồ gì chụp\ntrong thời gian bao lâu\n• Gửi 1 gói phù hợp và 1 gói cao hơn nhu cầu 1 xíu – tư vấn rõ gói này hơn gói kia những gì\n• Hỏi thêm về thông tin, sản phẩm mong muốn (chất liệu, số lượng ảnh,...)\n3. "}, {"source_id": "S2", "page": "9", "file_name": "xoai_studio_knowledge_base.pdf", "window": "Nếu còn thời gian mình có thể thử trang phục\ntrước ạ!\"\n \"Dạ anh/chị cho em xin số điện thoại Zalo để em gửi lại những thông tin vừa trao đổi nha, nếu cần\nhỗ trợ thêm cứ nhắn hoặc gọi cho em ạ!\"\n 3.  TƯ VẤN NGÀY CƯỚI (TRỰC TIẾP)\n\"Dạ anh/chị đã có lịch trình cho ngày cưới chưa và đang cần các dịch vụ như chụp/quay hay full\ncombo chụp/quay, makeup và trang phục luôn ạ?  Anh/chị ở nội thành hay ngoại thành Nha Trang\nvà tiệc dự kiến tổ chức tại đâu ạ?\"\n Tư vấn về sản phẩm sau chụp:\n• Sản phẩm gói chụp là hình ảnh in chất liệu lụa rời size 13x18 lồng vào album\n• Album photobook các size 20x30, 30x30 và 25x35 (tối thiểu 20 trang)\n• Album ảnh lụa có thể gửi tặng bạn bè người thân; photobook chọn lọc những hình ảnh riêng của\n2 vợ chồng\n"}, {"source_id": "S3", "page": "8", "file_name": "xoai_studio_knowledge_base.pdf", "window": "2.  TƯ VẤN PRE-WEDDING\nGói Studio:\n\"Studio bên em có các gói chụp với phông nền trơn hoặc có setup concept hoa lụa / hoa tươi / bàn\ntiệc ạ. Không biết là anh/chị đã có concept chụp mà mình mong muốn chưa ạ (gửi link)\"\nGói Ngoại cảnh:\n\"Ngoại cảnh bên em có các gói chụp khác nhau tuỳ vào số lượng và địa điểm mà anh/chị chọn ạ,\nmình đã có dự định sẽ chụp ở địa điểm nào chưa ạ?\"\n Phương pháp tư vấn:\n• Dựa vào thông tin khai thác được, tư vấn gói chụp phù hợp kèm với các sản phẩm của gói (album,\nảnh cổng, ảnh nhỏ kèm khung hoặc không khung, slide)\n• Tư vấn rõ lịch trình thời gian chụp của gói, váy cưới chụp trong bao lâu và đồ tự do là đồ gì chụp\ntrong thời gian bao lâu\n• Gửi 1 gói phù hợp và 1 gói cao hơn nhu cầu 1 xíu – tư vấn rõ gói này hơn gói kia những gì\n• Hỏi thêm về thông tin, sản phẩm mong muốn (chất liệu, số lượng ảnh,...)\n3.  TƯ VẤN NGÀY CƯỚI (NC)\n\"Trong ngày cưới bên em có những dịch vụ như chụp, quay, makeup và trang phục (váy, vest, áo\ndài CDCR).  Anh/chị đang cần 1 trong những dịch vụ trên hay sẽ cần full combo luôn ạ?  Ngày cưới\ncủa mình là ngày bao nhiêu và lịch trình sẽ là sáng gia tiên rước dâu chiều tiệc nhà hàng hay ntn ạ?\"\n So sánh 1 camera vs 2 camera:\n• 1 cam chụp/quay: Sẽ chọn xuất phát từ 1 bên (CD hoặc CR), tập trung vào các góc thẳng chính\ndiện mặt cdcr, ba mẹ, họ hàng, nghi thức – đảm bảo cho 1 buổi lễ toàn diện\n• 2 cam chụp/quay: Xuất phát từ 2 bên, ngoài những góc chính diện sẽ có thêm những góc máy\nphóng sự, bắt được những khoảnh khắc song song đồng thời diễn ra (ví dụ: lúc mẹ dẫn CD ra trao\ntay cho CR thì cam chính tập trung vào khoảnh khắc của CD, cam còn lại tập trung vào những\nngười thân bên dưới đang chứng kiến...)\n4. "}, {"source_id": "S4", "page": "8", "file_name": "xoai_studio_knowledge_base.pdf", "window": "Anh/chị đang cần 1 trong những dịch vụ trên hay sẽ cần full combo luôn ạ?  Ngày cưới\ncủa mình là ngày bao nhiêu và lịch trình sẽ là sáng gia tiên rước dâu chiều tiệc nhà hàng hay ntn ạ?\"\n So sánh 1 camera vs 2 camera:\n• 1 cam chụp/quay: Sẽ chọn xuất phát từ 1 bên (CD hoặc CR), tập trung vào các góc thẳng chính\ndiện mặt cdcr, ba mẹ, họ hàng, nghi thức – đảm bảo cho 1 buổi lễ toàn diện\n• 2 cam chụp/quay: Xuất phát từ 2 bên, ngoài những góc chính diện sẽ có thêm những góc máy\nphóng sự, bắt được những khoảnh khắc song song đồng thời diễn ra (ví dụ: lúc mẹ dẫn CD ra trao\ntay cho CR thì cam chính tập trung vào khoảnh khắc của CD, cam còn lại tập trung vào những\nngười thân bên dưới đang chứng kiến...)\n4.  TƯ VẤN TIỆC CƯỚI TẠI RESORT\n• \"Dạ anh/chị cho em hỏi mình đã lên ý tưởng cho lễ cưới chưa ạ?  Mình dự kiến tổ chức tại gia hay\nnhà hàng, hay những bữa tiệc riêng tư như resort ạ?\"\n • \"Mình dự định tổ chức ở resort nào ạ?  Mình đã có timeline cho buổi lễ chưa ạ?\"\n"}], "raw_model_output": "{\n  \"answer\": \"Dạ em chào anh Bảo Duy ạ. Em xác nhận: ngày cưới 18/3 và anh cần cả chụp pre-wedding lẫn chụp/ngày cưới. Để em tư vấn gói phù hợp và gửi báo giá, anh cho em thêm một vài thông tin sau nhé:\\n\\n1) Pre-wedding:\\n- Anh muốn chụp Studio hay Ngoại cảnh? Nếu Studio, anh đã có concept mong muốn chưa (có thể gửi link)? Nếu Ngoại cảnh, anh dự định chụp ở địa điểm nào?\\n- Anh dự tính mặc bao nhiêu bộ đồ/váy? (Em sẽ tư vấn lịch chụp, thời gian váy cưới và thời gian chụp đồ tự do)\\n- Anh mong muốn sản phẩm sau chụp thế nào (album, ảnh cổng, ảnh nhỏ kèm khung/không khung, slide, chất liệu, số lượng ảnh...)?\\n\\n2) Ngày cưới:\\n- Anh cần dịch vụ gì trong ngày cưới: chỉ chụp, chỉ quay hay full combo (chụp + quay + makeup + trang phục)?\\n- Lịch trình ngày cưới dự kiến sẽ như thế nào (sáng: gia tiên/rước dâu, chiều: tiệc nhà hàng/như thế nào)?\\n- Anh ở nội thành hay ngoại thành Nha Trang và tiệc dự kiến tổ chức tại đâu?\\n- Anh muốn 1 camera hay 2 camera cho ngày cưới? (Thông tin để anh tham khảo: 1 camera tập trung các góc chính diện đảm bảo nghi thức; 2 camera có thêm góc phóng sự bắt các khoảnh khắc song song)\\n\\n3) Thông tin liên hệ:\\n- Anh cho em số điện thoại Zalo để em gửi lại thông tin chi tiết và báo giá, và nếu còn thời gian trong lịch anh có thể thử trang phục trước ạ.\\n\\nSau khi có câu trả lời, em sẽ gửi 1 gói phù hợp và 1 gói cao hơn một chút, kèm giải thích khác biệt giữa hai gói. Cám ơn anh ạ!\",\n  \"source\": [\n    \"S1\",\n    \"S2\",\n    \"S3\",\n    \"S4\"\n  ]\n}"}}}

=== CASE 73 | detect_intent ===
INPUT:
{"current_message": "Cho em xin chi phí chụp tại studio với ạ", "history_last_5": [], "asked_slots": [], "missing_slots": []}
OUTPUT:
{"intent":"price_request","confidence":0.95}

=== CASE 74 | detect_branch ===
INPUT:
{"intent": "price_request", "branch_hint": null, "text": "Cho em xin chi phí chụp tại studio với ạ", "branch_options": [{"name": "greeting_initial_qualification", "label": "Xác định đã có ngày cưới chưa và khách quan tâm chụp pre-wedding, ngày cưới, hay cả hai."}, {"name": "prewedding_consultation", "label": "Tư vấn chụp pre-wedding (studio/ngoại cảnh), concept, địa điểm, số lượng, sản phẩm mong muốn."}, {"name": "wedding_day_consultation", "label": "Tư vấn dịch vụ ngày cưới (chụp/quay/makeup/trang phục), ngày cưới, lịch trình trong ngày, nhu cầu số lượng máy/cam."}, {"name": "resort_wedding_consultation", "label": "Tư vấn tiệc cưới kiểu riêng tư/resort: ý tưởng, địa điểm tổ chức, resort cụ thể, timeline, có wedding planner hay tự làm."}]}
OUTPUT:
{"branch":"prewedding_consultation","confidence":0.95}

=== CASE 75 | detect_slots ===
INPUT:
{"intent": "price_request", "branch_name": "prewedding_consultation", "text": "Cho em xin chi phí chụp tại studio với ạ", "slot_options": [{"name": "prewedding_shoot_type", "label": "Hình thức chụp pre-wedding", "description": "Khách muốn chụp ngoại cảnh, trong studio, hay kết hợp cả hai."}, {"name": "prewedding_concept_preference", "label": "Concept chụp pre-wedding mong muốn", "description": "Concept/ý tưởng chụp mà khách mong muốn (ví dụ phông nền trơn, setup hoa lụa/hoa tươi/bàn tiệc...)."}, {"name": "prewedding_outdoor_location", "label": "Địa điểm chụp ngoại cảnh", "description": "Địa điểm khách dự định chụp ngoại cảnh (nếu có)."}, {"name": "desired_products_details", "label": "Mong muốn về sản phẩm/chi tiết gói", "description": "Các yêu cầu thêm về sản phẩm: chất liệu, số lượng ảnh, v.v."}]}
OUTPUT:
[
  {
    "slot": "prewedding_shoot_type",
    "value": "studio",
    "confidence": 0.95
  }
]

=== CASE 76 | generate_slot_question ===
INPUT:
{"intent": "price_request", "branch": "prewedding_consultation", "target_slot": "prewedding_concept_preference", "slot_label": "Concept chụp pre-wedding mong muốn", "slot_description": "Concept/ý tưởng chụp mà khách mong muốn (ví dụ phông nền trơn, setup hoa lụa/hoa tươi/bàn tiệc...).", "slot_evidence": ["Không biết là ac đã có concept chụp mà mình mong muốn chưa ạ"], "slot_synonyms": ["concept", "ý tưởng chụp", "style chụp"], "slot_examples": ["phông nền trơn", "concept hoa tươi", "setup bàn tiệc"], "slot_applies_to": ["prewedding_consultation"], "slot_type": "text", "slot_required": false, "slot_priority": "medium", "customer_name": "Bảo Duy", "known_slots": {"prewedding_shoot_type": "studio", "prewedding_concept_preference": null, "prewedding_outdoor_location": null, "desired_products_details": null}, "asked_slot_values": {"prewedding_shoot_type": "studio"}, "latest_user_message": "Cho em xin chi phí chụp tại studio với ạ", "recent_conversation_history": [{"role": "user", "content": "Cho em xin chi phí chụp tại studio với ạ"}]}
OUTPUT:
{"question":"Dạ anh Bảo Duy muốn concept chụp pre-wedding tại studio kiểu gì ạ? (ví dụ: phông nền trơn, hoa tươi, setup bàn tiệc, vintage…)" }

=== CASE 77 | detect_intent ===
INPUT:
{"current_message": "setup bàn tiệc, vintage ạ", "history_last_5": ["Cho em xin chi phí chụp tại studio với ạ"], "asked_slots": ["prewedding_shoot_type"], "missing_slots": ["prewedding_concept_preference", "prewedding_outdoor_location", "desired_products_details"]}
OUTPUT:
{"intent":"provide_information","confidence":0.92}

=== CASE 78 | detect_branch ===
INPUT:
{"intent": "provide_information", "branch_hint": null, "text": "setup bàn tiệc, vintage ạ", "branch_options": [{"name": "greeting_initial_qualification", "label": "Xác định đã có ngày cưới chưa và khách quan tâm chụp pre-wedding, ngày cưới, hay cả hai."}, {"name": "prewedding_consultation", "label": "Tư vấn chụp pre-wedding (studio/ngoại cảnh), concept, địa điểm, số lượng, sản phẩm mong muốn."}, {"name": "wedding_day_consultation", "label": "Tư vấn dịch vụ ngày cưới (chụp/quay/makeup/trang phục), ngày cưới, lịch trình trong ngày, nhu cầu số lượng máy/cam."}, {"name": "resort_wedding_consultation", "label": "Tư vấn tiệc cưới kiểu riêng tư/resort: ý tưởng, địa điểm tổ chức, resort cụ thể, timeline, có wedding planner hay tự làm."}]}
OUTPUT:
{"branch":"resort_wedding_consultation","confidence":0.95}

=== CASE 79 | detect_slots ===
INPUT:
{"intent": "provide_information", "branch_name": "resort_wedding_consultation", "text": "setup bàn tiệc, vintage ạ", "slot_options": [{"name": "wedding_date", "label": "Ngày cưới", "description": "Ngày cưới cụ thể của khách (nếu đã chốt)."}, {"name": "desired_products_details", "label": "Mong muốn về sản phẩm/chi tiết gói", "description": "Các yêu cầu thêm về sản phẩm: chất liệu, số lượng ảnh, v.v."}, {"name": "event_idea_status", "label": "Đã có ý tưởng cho lễ cưới chưa", "description": "Tình trạng khách đã lên ý tưởng/kế hoạch cho lễ cưới hay chưa."}, {"name": "event_venue_type", "label": "Hình thức/địa điểm tổ chức (tại gia/nhà hàng/resort)", "description": "Khách dự kiến tổ chức lễ cưới ở nhà, nhà hàng hay tiệc riêng tư như resort."}, {"name": "resort_name", "label": "Resort tổ chức", "description": "Tên resort cụ thể nếu khách tổ chức tiệc cưới tại resort."}, {"name": "event_timeline", "label": "Timeline buổi lễ", "description": "Timeline/khung thời gian chi tiết cho buổi lễ (ví dụ get ready, vows, ceremony...)."}, {"name": "planning_support_type", "label": "Tự thiết kế hay có wedding planner", "description": "Khách tự lên thiết kế/kế hoạch hay có wedding planner hỗ trợ."}]}
OUTPUT:
[
  {
    "slot": "desired_products_details",
    "value": "setup bàn tiệc, vintage ạ",
    "confidence": 0.0
  }
]

=== CASE 80 | generate_slot_question ===
INPUT:
{"intent": "provide_information", "branch": "resort_wedding_consultation", "target_slot": "wedding_date", "slot_label": "Ngày cưới", "slot_description": "Ngày cưới cụ thể của khách (nếu đã chốt).", "slot_evidence": ["Cho em hỏi anh/chị đã có ngày cưới cụ thể chưa", "Ngày cưới của mình là ngày bao nhiêu"], "slot_synonyms": ["ngày cưới", "ngày bao nhiêu", "ngày tổ chức", "đã có ngày cưới cụ thể chưa"], "slot_examples": ["15/10/2026", "ngày 20 tháng 3"], "slot_applies_to": ["greeting_initial_qualification", "wedding_day_consultation", "resort_wedding_consultation"], "slot_type": "date", "slot_required": true, "slot_priority": "high", "customer_name": "Bảo Duy", "known_slots": {"wedding_date": null, "event_venue_type": null, "event_timeline": null, "event_idea_status": null, "resort_name": null, "planning_support_type": null, "desired_products_details": "setup bàn tiệc, vintage ạ"}, "asked_slot_values": {"desired_products_details": "setup bàn tiệc, vintage ạ"}, "latest_user_message": "setup bàn tiệc, vintage ạ", "recent_conversation_history": [{"role": "user", "content": "Cho em xin chi phí chụp tại studio với ạ"}, {"role": "assistant", "content": "Dạ anh Bảo Duy muốn concept chụp pre-wedding tại studio kiểu gì ạ? (ví dụ: phông nền trơn, hoa tươi, setup bàn tiệc, vintage…)"}, {"role": "user", "content": "setup bàn tiệc, vintage ạ"}]}
OUTPUT:
{"question":"Dạ anh Bảo Duy cho em biết ngày cưới cụ thể là ngày nào ạ?"}

=== CASE 81 | detect_intent ===
INPUT:
{"current_message": "26/7 hè này b", "history_last_5": ["Cho em xin chi phí chụp tại studio với ạ", "setup bàn tiệc, vintage ạ"], "asked_slots": ["desired_products_details"], "missing_slots": ["wedding_date", "event_venue_type", "event_timeline", "event_idea_status", "resort_name", "planning_support_type"]}
OUTPUT:
{"intent":"provide_information","confidence":0.87}

=== CASE 82 | detect_branch ===
INPUT:
{"intent": "provide_information", "branch_hint": null, "text": "26/7 hè này b", "branch_options": [{"name": "greeting_initial_qualification", "label": "Xác định đã có ngày cưới chưa và khách quan tâm chụp pre-wedding, ngày cưới, hay cả hai."}, {"name": "prewedding_consultation", "label": "Tư vấn chụp pre-wedding (studio/ngoại cảnh), concept, địa điểm, số lượng, sản phẩm mong muốn."}, {"name": "wedding_day_consultation", "label": "Tư vấn dịch vụ ngày cưới (chụp/quay/makeup/trang phục), ngày cưới, lịch trình trong ngày, nhu cầu số lượng máy/cam."}, {"name": "resort_wedding_consultation", "label": "Tư vấn tiệc cưới kiểu riêng tư/resort: ý tưởng, địa điểm tổ chức, resort cụ thể, timeline, có wedding planner hay tự làm."}]}
OUTPUT:
{"branch":"greeting_initial_qualification","confidence":0.9}

=== CASE 83 | detect_slots ===
INPUT:
{"intent": "provide_information", "branch_name": "greeting_initial_qualification", "text": "26/7 hè này b", "slot_options": [{"name": "wedding_date", "label": "Ngày cưới", "description": "Ngày cưới cụ thể của khách (nếu đã chốt)."}, {"name": "service_interest", "label": "Nhu cầu dịch vụ", "description": "Khách quan tâm chụp pre-wedding, chụp/quay ngày cưới, hoặc cả hai."}]}
OUTPUT:
[
  {
    "slot": "wedding_date",
    "value": "26/7",
    "confidence": 0.9
  }
]

=== CASE 84 | generate_slot_question ===
INPUT:
{"intent": "provide_information", "branch": "greeting_initial_qualification", "target_slot": "service_interest", "slot_label": "Nhu cầu dịch vụ", "slot_description": "Khách quan tâm chụp pre-wedding, chụp/quay ngày cưới, hoặc cả hai.", "slot_evidence": ["mình đang quan tâm tới chụp pre-wedding / ngày cưới hay cả 2 luôn ạ ?"], "slot_synonyms": ["quan tâm", "cần chụp pre", "cần ngày cưới", "cả hai"], "slot_examples": ["pre-wedding", "ngày cưới", "cả 2"], "slot_applies_to": ["greeting_initial_qualification"], "slot_type": "single_select", "slot_required": true, "slot_priority": "high", "customer_name": "Bảo Duy", "known_slots": {"wedding_date": "26/7", "service_interest": null}, "asked_slot_values": {"wedding_date": "26/7"}, "latest_user_message": "26/7 hè này b", "recent_conversation_history": [{"role": "user", "content": "Cho em xin chi phí chụp tại studio với ạ"}, {"role": "assistant", "content": "Dạ anh Bảo Duy muốn concept chụp pre-wedding tại studio kiểu gì ạ? (ví dụ: phông nền trơn, hoa tươi, setup bàn tiệc, vintage…)"}, {"role": "user", "content": "setup bàn tiệc, vintage ạ"}, {"role": "assistant", "content": "Dạ anh Bảo Duy cho em biết ngày cưới cụ thể là ngày nào ạ?"}, {"role": "user", "content": "26/7 hè này b"}]}
OUTPUT:
{
  "question": "Dạ anh Bảo Duy muốn chụp pre-wedding, chụp ngày cưới hay cả hai ạ?"
}

=== CASE 85 | detect_intent ===
INPUT:
{"current_message": "cả 2 đi ạ", "history_last_5": ["Cho em xin chi phí chụp tại studio với ạ", "setup bàn tiệc, vintage ạ", "26/7 hè này b"], "asked_slots": ["wedding_date"], "missing_slots": ["service_interest"]}
OUTPUT:
{"intent":"provide_information","confidence":0.9}

=== CASE 86 | detect_branch ===
INPUT:
{"intent": "provide_information", "branch_hint": null, "text": "cả 2 đi ạ", "branch_options": [{"name": "greeting_initial_qualification", "label": "Xác định đã có ngày cưới chưa và khách quan tâm chụp pre-wedding, ngày cưới, hay cả hai."}, {"name": "prewedding_consultation", "label": "Tư vấn chụp pre-wedding (studio/ngoại cảnh), concept, địa điểm, số lượng, sản phẩm mong muốn."}, {"name": "wedding_day_consultation", "label": "Tư vấn dịch vụ ngày cưới (chụp/quay/makeup/trang phục), ngày cưới, lịch trình trong ngày, nhu cầu số lượng máy/cam."}, {"name": "resort_wedding_consultation", "label": "Tư vấn tiệc cưới kiểu riêng tư/resort: ý tưởng, địa điểm tổ chức, resort cụ thể, timeline, có wedding planner hay tự làm."}]}
OUTPUT:
{"branch":"greeting_initial_qualification","confidence":0.92}

=== CASE 87 | detect_slots ===
INPUT:
{"intent": "provide_information", "branch_name": "greeting_initial_qualification", "text": "cả 2 đi ạ", "slot_options": [{"name": "wedding_date", "label": "Ngày cưới", "description": "Ngày cưới cụ thể của khách (nếu đã chốt)."}, {"name": "service_interest", "label": "Nhu cầu dịch vụ", "description": "Khách quan tâm chụp pre-wedding, chụp/quay ngày cưới, hoặc cả hai."}]}
OUTPUT:
[
  {
    "slot": "service_interest",
    "value": "cả 2 đi ạ",
    "confidence": 0.95
  }
]

=== CASE 88 | step_04_call_rag ===
INPUT:
{"question": "26/7, cả 2 đi ạ", "conversation_history": [{"role": "assistant", "content": "Dạ anh Bảo Duy cho em biết ngày cưới cụ thể là ngày nào ạ?"}, {"role": "user", "content": "26/7 hè này b"}, {"role": "assistant", "content": "Dạ anh Bảo Duy muốn chụp pre-wedding, chụp ngày cưới hay cả hai ạ?"}, {"role": "user", "content": "cả 2 đi ạ"}, {"role": "user", "content": "cả 2 đi ạ"}]}
OUTPUT:
{"answer": "Dạ em cảm ơn anh/chị — em đã ghi: ngày cưới 26/7 và muốn chụp cả pre-wedding và ngày cưới. Để tư vấn gói phù hợp, em hỏi thêm vài thông tin nhé:\n\n1) Pre-wedding: Anh/chị muốn chụp ở Studio hay Ngoại cảnh? Nếu Studio, anh/chị thích phông trơn hay setup concept (hoa lụa/hoa tươi/bàn tiệc)? Nếu Ngoại cảnh, anh/chị dự định chụp ở địa điểm nào?\n- Lưu ý thời gian ngoại cảnh tham khảo: Bình minh (makeup từ 3:15, di chuyển 5:00), nước biển xanh nhẹ chụp khoảng 6:00+, biển xanh ngắt chụp buổi chiều sau 14:00. Một số địa điểm có phí vào cổng (Sunrise, Nha Trang Xưa, Bến Du Thuyền...) — phí này studio không thu thêm.\n\n2) Ngày cưới: Anh/chị cần dịch vụ chụp thôi, quay, hay full combo (chụp/quay + makeup + trang phục)? Anh/chị tổ chức ở nội thành hay ngoại thành Nha Trang, và tiệc dự kiến tổ chức ở đâu? Lịch trình cụ thể ngày cưới của anh/chị sẽ là sáng gia tiên rước dâu rồi tiệc chiều hay thế nào?\n\n3) Số lượng máy: Anh/chị muốn 1 camera hay 2 camera cho ngày cưới? (Thông tin để anh/chị cân nhắc: 1 cam tập trung góc chính diện các nghi thức, 2 cam sẽ có thêm góc phóng sự bắt khoảnh khắc song song).\n\n4) Sản phẩm sau chụp: Anh/chị mong muốn những sản phẩm gì (album photobook, ảnh cổng, ảnh để bàn, kích thước/ chất liệu)? Thông thường studio có ảnh lụa rời size 13x18 lồng vào album; photobook các size 20x30, 30x30, 25x35 (tối thiểu 20 trang).\n\n5) Anh/chị cho em xin số điện thoại/Zalo để em gửi lại thông tin, báo giá và một vài gói phù hợp (em sẽ gửi 1 gói phù hợp và 1 gói cao hơn để anh/chị dễ so sánh). Nếu cần, anh/chị có muốn xem váy/vest thử trước khi chốt không?\n\nAnh/chị trả lời giúp em các mục trên để em tư vấn cụ thể và gửi báo giá nha ạ.", "debug": {"reason": "rag_answer_generated", "payload": {"question": "26/7, cả 2 đi ạ", "conversation_history": [{"role": "assistant", "content": "Dạ anh Bảo Duy cho em biết ngày cưới cụ thể là ngày nào ạ?"}, {"role": "user", "content": "26/7 hè này b"}, {"role": "assistant", "content": "Dạ anh Bảo Duy muốn chụp pre-wedding, chụp ngày cưới hay cả hai ạ?"}, {"role": "user", "content": "cả 2 đi ạ"}, {"role": "user", "content": "cả 2 đi ạ"}]}, "response_data": {"answer": "Dạ em cảm ơn anh/chị — em đã ghi: ngày cưới 26/7 và muốn chụp cả pre-wedding và ngày cưới. Để tư vấn gói phù hợp, em hỏi thêm vài thông tin nhé:\n\n1) Pre-wedding: Anh/chị muốn chụp ở Studio hay Ngoại cảnh? Nếu Studio, anh/chị thích phông trơn hay setup concept (hoa lụa/hoa tươi/bàn tiệc)? Nếu Ngoại cảnh, anh/chị dự định chụp ở địa điểm nào?\n   - Lưu ý thời gian ngoại cảnh tham khảo: Bình minh (makeup từ 3:15, di chuyển 5:00), nước biển xanh nhẹ chụp khoảng 6:00+, biển xanh ngắt chụp buổi chiều sau 14:00. Một số địa điểm có phí vào cổng (Sunrise, Nha Trang Xưa, Bến Du Thuyền...) — phí này studio không thu thêm.\n\n2) Ngày cưới: Anh/chị cần dịch vụ chụp thôi, quay, hay full combo (chụp/quay + makeup + trang phục)? Anh/chị tổ chức ở nội thành hay ngoại thành Nha Trang, và tiệc dự kiến tổ chức ở đâu? Lịch trình cụ thể ngày cưới của anh/chị sẽ là sáng gia tiên rước dâu rồi tiệc chiều hay thế nào?\n\n3) Số lượng máy: Anh/chị muốn 1 camera hay 2 camera cho ngày cưới? (Thông tin để anh/chị cân nhắc: 1 cam tập trung góc chính diện các nghi thức, 2 cam sẽ có thêm góc phóng sự bắt khoảnh khắc song song).\n\n4) Sản phẩm sau chụp: Anh/chị mong muốn những sản phẩm gì (album photobook, ảnh cổng, ảnh để bàn, kích thước/ chất liệu)? Thông thường studio có ảnh lụa rời size 13x18 lồng vào album; photobook các size 20x30, 30x30, 25x35 (tối thiểu 20 trang).\n\n5) Anh/chị cho em xin số điện thoại/Zalo để em gửi lại thông tin, báo giá và một vài gói phù hợp (em sẽ gửi 1 gói phù hợp và 1 gói cao hơn để anh/chị dễ so sánh). Nếu cần, anh/chị có muốn xem váy/vest thử trước khi chốt không?\n\nAnh/chị trả lời giúp em các mục trên để em tư vấn cụ thể và gửi báo giá nha ạ.", "source": [{"source_id": "S1", "page": "8", "file_name": "xoai_studio_knowledge_base.pdf"}, {"source_id": "S2", "page": "9", "file_name": "xoai_studio_knowledge_base.pdf"}, {"source_id": "S3", "page": "9", "file_name": "xoai_studio_knowledge_base.pdf"}, {"source_id": "S4", "page": "8", "file_name": "xoai_studio_knowledge_base.pdf"}], "source_ids": ["S1", "S2", "S3", "S4"], "metadata": [{"source_id": "S1", "page": "8", "file_name": "xoai_studio_knowledge_base.pdf", "window": "PHẦN 3: KỊCH BẢN BÁN HÀNG – XOÀI WEDDINGS\nA. TƯ VẤN ONLINE\n1.  BƯỚC CHÀO HỎI\n\"Dạ em chào anh/chị ạ. Em là ...... nhân viên tư vấn của Xoài Wedding ạ. Cho em hỏi anh/chị đã có\nngày cưới cụ thể chưa và mình đang quan tâm tới chụp pre-wedding / ngày cưới hay cả 2 luôn ạ?\"\n 2.  TƯ VẤN PRE-WEDDING\nGói Studio:\n\"Studio bên em có các gói chụp với phông nền trơn hoặc có setup concept hoa lụa / hoa tươi / bàn\ntiệc ạ. Không biết là anh/chị đã có concept chụp mà mình mong muốn chưa ạ (gửi link)\"\nGói Ngoại cảnh:\n\"Ngoại cảnh bên em có các gói chụp khác nhau tuỳ vào số lượng và địa điểm mà anh/chị chọn ạ,\nmình đã có dự định sẽ chụp ở địa điểm nào chưa ạ?\"\n Phương pháp tư vấn:\n• Dựa vào thông tin khai thác được, tư vấn gói chụp phù hợp kèm với các sản phẩm của gói (album,\nảnh cổng, ảnh nhỏ kèm khung hoặc không khung, slide)\n• Tư vấn rõ lịch trình thời gian chụp của gói, váy cưới chụp trong bao lâu và đồ tự do là đồ gì chụp\ntrong thời gian bao lâu\n• Gửi 1 gói phù hợp và 1 gói cao hơn nhu cầu 1 xíu – tư vấn rõ gói này hơn gói kia những gì\n• Hỏi thêm về thông tin, sản phẩm mong muốn (chất liệu, số lượng ảnh,...)\n3. "}, {"source_id": "S2", "page": "9", "file_name": "xoai_studio_knowledge_base.pdf", "window": "Nếu còn thời gian mình có thể thử trang phục\ntrước ạ!\"\n \"Dạ anh/chị cho em xin số điện thoại Zalo để em gửi lại những thông tin vừa trao đổi nha, nếu cần\nhỗ trợ thêm cứ nhắn hoặc gọi cho em ạ!\"\n 3.  TƯ VẤN NGÀY CƯỚI (TRỰC TIẾP)\n\"Dạ anh/chị đã có lịch trình cho ngày cưới chưa và đang cần các dịch vụ như chụp/quay hay full\ncombo chụp/quay, makeup và trang phục luôn ạ?  Anh/chị ở nội thành hay ngoại thành Nha Trang\nvà tiệc dự kiến tổ chức tại đâu ạ?\"\n Tư vấn về sản phẩm sau chụp:\n• Sản phẩm gói chụp là hình ảnh in chất liệu lụa rời size 13x18 lồng vào album\n• Album photobook các size 20x30, 30x30 và 25x35 (tối thiểu 20 trang)\n• Album ảnh lụa có thể gửi tặng bạn bè người thân; photobook chọn lọc những hình ảnh riêng của\n2 vợ chồng\n"}, {"source_id": "S3", "page": "9", "file_name": "xoai_studio_knowledge_base.pdf", "window": "\"Dạ không biết mình đã được tư vấn online trước chưa ạ hay mình chỉ xem qua fanpage hoặc tiện\nđường ghé tham khảo thôi ạ?\"\n Lý do hỏi: Để biết khách đã được tư vấn chưa, rút ngắn thời gian tư vấn, nếu đã có sales khác hỗ trợ sẽ tiếp\ntục và bàn giao.\n 2.  TƯ VẤN PRE-WEDDING (TRỰC TIẾP)\n\"Dạ đối với gói chụp pre-wedding bên em có 2 gói chụp tại studio và ngoại cảnh, không biết mình\nmuốn chụp ở đâu ạ?\"  (Vừa nói vừa mở màn hình và album hình ảnh cho khách xem)\nĐối với Studio: Mở link ảnh mẫu, hỏi khách thích chụp trơn hay có setup concept.\n Đối với Ngoại Cảnh: Giới thiệu các địa điểm (biển bình minh, hòn đỏ, đồng cỏ,...), tư vấn thời điểm\nchụp phù hợp:\n– Bình minh: Trang điểm từ 3h15, di chuyển 5h\n– Màu nước biển xanh nhẹ: Chụp lúc 6h hơn\n– Biển xanh ngắt: Chụp buổi chiều sau 14h\n– Địa điểm có phí vào cổng (Sunrise, Nha Trang Xưa, Bến Du Thuyền,...): Phí này studio không thu thêm\n\"Gói này bên em sẽ có ảnh cổng, ảnh để bàn, photobook,... em lấy sản phẩm cho anh chị xem luôn\nnha\" (show sản phẩm thực tế)\n\"Chị có muốn xem qua váy, vest để chụp không ạ?  Nếu còn thời gian mình có thể thử trang phục\ntrước ạ!\"\n"}, {"source_id": "S4", "page": "8", "file_name": "xoai_studio_knowledge_base.pdf", "window": "Anh/chị đang cần 1 trong những dịch vụ trên hay sẽ cần full combo luôn ạ?  Ngày cưới\ncủa mình là ngày bao nhiêu và lịch trình sẽ là sáng gia tiên rước dâu chiều tiệc nhà hàng hay ntn ạ?\"\n So sánh 1 camera vs 2 camera:\n• 1 cam chụp/quay: Sẽ chọn xuất phát từ 1 bên (CD hoặc CR), tập trung vào các góc thẳng chính\ndiện mặt cdcr, ba mẹ, họ hàng, nghi thức – đảm bảo cho 1 buổi lễ toàn diện\n• 2 cam chụp/quay: Xuất phát từ 2 bên, ngoài những góc chính diện sẽ có thêm những góc máy\nphóng sự, bắt được những khoảnh khắc song song đồng thời diễn ra (ví dụ: lúc mẹ dẫn CD ra trao\ntay cho CR thì cam chính tập trung vào khoảnh khắc của CD, cam còn lại tập trung vào những\nngười thân bên dưới đang chứng kiến...)\n4.  TƯ VẤN TIỆC CƯỚI TẠI RESORT\n• \"Dạ anh/chị cho em hỏi mình đã lên ý tưởng cho lễ cưới chưa ạ?  Mình dự kiến tổ chức tại gia hay\nnhà hàng, hay những bữa tiệc riêng tư như resort ạ?\"\n • \"Mình dự định tổ chức ở resort nào ạ?  Mình đã có timeline cho buổi lễ chưa ạ?\"\n"}], "raw_model_output": "{\n  \"answer\": \"Dạ em cảm ơn anh/chị — em đã ghi: ngày cưới 26/7 và muốn chụp cả pre-wedding và ngày cưới. Để tư vấn gói phù hợp, em hỏi thêm vài thông tin nhé:\\n\\n1) Pre-wedding: Anh/chị muốn chụp ở Studio hay Ngoại cảnh? Nếu Studio, anh/chị thích phông trơn hay setup concept (hoa lụa/hoa tươi/bàn tiệc)? Nếu Ngoại cảnh, anh/chị dự định chụp ở địa điểm nào?\\n   - Lưu ý thời gian ngoại cảnh tham khảo: Bình minh (makeup từ 3:15, di chuyển 5:00), nước biển xanh nhẹ chụp khoảng 6:00+, biển xanh ngắt chụp buổi chiều sau 14:00. Một số địa điểm có phí vào cổng (Sunrise, Nha Trang Xưa, Bến Du Thuyền...) — phí này studio không thu thêm.\\n\\n2) Ngày cưới: Anh/chị cần dịch vụ chụp thôi, quay, hay full combo (chụp/quay + makeup + trang phục)? Anh/chị tổ chức ở nội thành hay ngoại thành Nha Trang, và tiệc dự kiến tổ chức ở đâu? Lịch trình cụ thể ngày cưới của anh/chị sẽ là sáng gia tiên rước dâu rồi tiệc chiều hay thế nào?\\n\\n3) Số lượng máy: Anh/chị muốn 1 camera hay 2 camera cho ngày cưới? (Thông tin để anh/chị cân nhắc: 1 cam tập trung góc chính diện các nghi thức, 2 cam sẽ có thêm góc phóng sự bắt khoảnh khắc song song).\\n\\n4) Sản phẩm sau chụp: Anh/chị mong muốn những sản phẩm gì (album photobook, ảnh cổng, ảnh để bàn, kích thước/ chất liệu)? Thông thường studio có ảnh lụa rời size 13x18 lồng vào album; photobook các size 20x30, 30x30, 25x35 (tối thiểu 20 trang).\\n\\n5) Anh/chị cho em xin số điện thoại/Zalo để em gửi lại thông tin, báo giá và một vài gói phù hợp (em sẽ gửi 1 gói phù hợp và 1 gói cao hơn để anh/chị dễ so sánh). Nếu cần, anh/chị có muốn xem váy/vest thử trước khi chốt không?\\n\\nAnh/chị trả lời giúp em các mục trên để em tư vấn cụ thể và gửi báo giá nha ạ.\",\n  \"source\": [\n    \"S1\",\n    \"S2\",\n    \"S3\",\n    \"S4\"\n  ]\n}"}}}

=== CASE 89 | detect_intent ===
INPUT:
{"current_message": "Nếu combo bên mình chụp ảnh cưới + ảnh tiệc + quay phóng sự + váy cưới đầy đủ combo thì giá ntn ạ", "history_last_5": ["Cho em xin chi phí chụp tại studio với ạ", "setup bàn tiệc, vintage ạ", "26/7 hè này b", "cả 2 đi ạ", "cả 2 đi ạ"], "asked_slots": ["service_interest", "wedding_date"], "missing_slots": []}
OUTPUT:
{"intent":"price_request","confidence":0.95}

=== CASE 90 | detect_branch ===
INPUT:
{"intent": "price_request", "branch_hint": null, "text": "Nếu combo bên mình chụp ảnh cưới + ảnh tiệc + quay phóng sự + váy cưới đầy đủ combo thì giá ntn ạ", "branch_options": [{"name": "greeting_initial_qualification", "label": "Xác định đã có ngày cưới chưa và khách quan tâm chụp pre-wedding, ngày cưới, hay cả hai."}, {"name": "prewedding_consultation", "label": "Tư vấn chụp pre-wedding (studio/ngoại cảnh), concept, địa điểm, số lượng, sản phẩm mong muốn."}, {"name": "wedding_day_consultation", "label": "Tư vấn dịch vụ ngày cưới (chụp/quay/makeup/trang phục), ngày cưới, lịch trình trong ngày, nhu cầu số lượng máy/cam."}, {"name": "resort_wedding_consultation", "label": "Tư vấn tiệc cưới kiểu riêng tư/resort: ý tưởng, địa điểm tổ chức, resort cụ thể, timeline, có wedding planner hay tự làm."}]}
OUTPUT:
{"branch":"wedding_day_consultation","confidence":0.9}

=== CASE 91 | detect_slots ===
INPUT:
{"intent": "price_request", "branch_name": "wedding_day_consultation", "text": "Nếu combo bên mình chụp ảnh cưới + ảnh tiệc + quay phóng sự + váy cưới đầy đủ combo thì giá ntn ạ", "slot_options": [{"name": "wedding_date", "label": "Ngày cưới", "description": "Ngày cưới cụ thể của khách (nếu đã chốt)."}, {"name": "desired_products_details", "label": "Mong muốn về sản phẩm/chi tiết gói", "description": "Các yêu cầu thêm về sản phẩm: chất liệu, số lượng ảnh, v.v."}, {"name": "wedding_day_services_needed", "label": "Dịch vụ ngày cưới cần dùng", "description": "Khách cần dịch vụ nào trong ngày cưới: chụp, quay, makeup, trang phục; hoặc full combo."}, {"name": "wedding_day_schedule", "label": "Lịch trình ngày cưới", "description": "Lịch trình diễn ra trong ngày cưới (ví dụ sáng gia tiên rước dâu, chiều tiệc nhà hàng...)."}]}
OUTPUT:
[
  {
    "slot": "wedding_day_services_needed",
    "value": "chụp ảnh cưới + ảnh tiệc + quay phóng sự + váy cưới đầy đủ combo",
    "confidence": 0.9
  }
]

=== CASE 92 | generate_slot_question ===
INPUT:
{"intent": "price_request", "branch": "wedding_day_consultation", "target_slot": "wedding_date", "slot_label": "Ngày cưới", "slot_description": "Ngày cưới cụ thể của khách (nếu đã chốt).", "slot_evidence": ["Cho em hỏi anh/chị đã có ngày cưới cụ thể chưa", "Ngày cưới của mình là ngày bao nhiêu"], "slot_synonyms": ["ngày cưới", "ngày bao nhiêu", "ngày tổ chức", "đã có ngày cưới cụ thể chưa"], "slot_examples": ["15/10/2026", "ngày 20 tháng 3"], "slot_applies_to": ["greeting_initial_qualification", "wedding_day_consultation", "resort_wedding_consultation"], "slot_type": "date", "slot_required": true, "slot_priority": "high", "customer_name": "Bảo Duy", "known_slots": {"wedding_date": null, "wedding_day_services_needed": "chụp ảnh cưới + ảnh tiệc + quay phóng sự + váy cưới đầy đủ combo", "wedding_day_schedule": null, "desired_products_details": null}, "asked_slot_values": {"wedding_day_services_needed": "chụp ảnh cưới + ảnh tiệc + quay phóng sự + váy cưới đầy đủ combo"}, "latest_user_message": "Nếu combo bên mình chụp ảnh cưới + ảnh tiệc + quay phóng sự + váy cưới đầy đủ combo thì giá ntn ạ", "recent_conversation_history": [{"role": "assistant", "content": "Dạ anh Bảo Duy muốn chụp pre-wedding, chụp ngày cưới hay cả hai ạ?"}, {"role": "user", "content": "cả 2 đi ạ"}, {"role": "user", "content": "cả 2 đi ạ"}, {"role": "assistant", "content": "Dạ em cảm ơn anh/chị — em đã ghi: ngày cưới 26/7 và muốn chụp cả pre-wedding và ngày cưới. Để tư vấn gói phù hợp, em hỏi thêm vài thông tin nhé:\n\n1) Pre-wedding: Anh/chị muốn chụp ở Studio hay Ngoại cảnh? Nếu Studio, anh/chị thích phông trơn hay setup concept (hoa lụa/hoa tươi/bàn tiệc)? Nếu Ngoại cảnh, anh/chị dự định chụp ở địa điểm nào?\n- Lưu ý thời gian ngoại cảnh tham khảo: Bình minh (makeup từ 3:15, di chuyển 5:00), nước biển xanh nhẹ chụp khoảng 6:00+, biển xanh ngắt chụp buổi chiều sau 14:00. Một số địa điểm có phí vào cổng (Sunrise, Nha Trang Xưa, Bến Du Thuyền...) — phí này studio không thu thêm.\n\n2) Ngày cưới: Anh/chị cần dịch vụ chụp thôi, quay, hay full combo (chụp/quay + makeup + trang phục)? Anh/chị tổ chức ở nội thành hay ngoại thành Nha Trang, và tiệc dự kiến tổ chức ở đâu? Lịch trình cụ thể ngày cưới của anh/chị sẽ là sáng gia tiên rước dâu rồi tiệc chiều hay thế nào?\n\n3) Số lượng máy: Anh/chị muốn 1 camera hay 2 camera cho ngày cưới? (Thông tin để anh/chị cân nhắc: 1 cam tập trung góc chính diện các nghi thức, 2 cam sẽ có thêm góc phóng sự bắt khoảnh khắc song song).\n\n4) Sản phẩm sau chụp: Anh/chị mong muốn những sản phẩm gì (album photobook, ảnh cổng, ảnh để bàn, kích thước/ chất liệu)? Thông thường studio có ảnh lụa rời size 13x18 lồng vào album; photobook các size 20x30, 30x30, 25x35 (tối thiểu 20 trang).\n\n5) Anh/chị cho em xin số điện thoại/Zalo để em gửi lại thông tin, báo giá và một vài gói phù hợp (em sẽ gửi 1 gói phù hợp và 1 gói cao hơn để anh/chị dễ so sánh). Nếu cần, anh/chị có muốn xem váy/vest thử trước khi chốt không?\n\nAnh/chị trả lời giúp em các mục trên để em tư vấn cụ thể và gửi báo giá nha ạ."}, {"role": "user", "content": "Nếu combo bên mình chụp ảnh cưới + ảnh tiệc + quay phóng sự + váy cưới đầy đủ combo thì giá ntn ạ"}]}
OUTPUT:
{
  "question": "Dạ anh Bảo Duy đã chốt ngày cưới cụ thể chưa ạ? Ngày bao nhiêu ạ?"
}

=== CASE 93 | detect_intent ===
INPUT:
{"current_message": "26/4 nhé a", "history_last_5": ["setup bàn tiệc, vintage ạ", "26/7 hè này b", "cả 2 đi ạ", "cả 2 đi ạ", "Nếu combo bên mình chụp ảnh cưới + ảnh tiệc + quay phóng sự + váy cưới đầy đủ combo thì giá ntn ạ"], "asked_slots": ["wedding_day_services_needed"], "missing_slots": ["wedding_date", "wedding_day_schedule", "desired_products_details"]}
OUTPUT:
{"intent":"provide_information","confidence":0.92}

=== CASE 94 | detect_branch ===
INPUT:
{"intent": "provide_information", "branch_hint": null, "text": "26/4 nhé a", "branch_options": [{"name": "greeting_initial_qualification", "label": "Xác định đã có ngày cưới chưa và khách quan tâm chụp pre-wedding, ngày cưới, hay cả hai."}, {"name": "prewedding_consultation", "label": "Tư vấn chụp pre-wedding (studio/ngoại cảnh), concept, địa điểm, số lượng, sản phẩm mong muốn."}, {"name": "wedding_day_consultation", "label": "Tư vấn dịch vụ ngày cưới (chụp/quay/makeup/trang phục), ngày cưới, lịch trình trong ngày, nhu cầu số lượng máy/cam."}, {"name": "resort_wedding_consultation", "label": "Tư vấn tiệc cưới kiểu riêng tư/resort: ý tưởng, địa điểm tổ chức, resort cụ thể, timeline, có wedding planner hay tự làm."}]}
OUTPUT:
{"branch":"greeting_initial_qualification","confidence":0.92}

=== CASE 95 | detect_slots ===
INPUT:
{"intent": "provide_information", "branch_name": "greeting_initial_qualification", "text": "26/4 nhé a", "slot_options": [{"name": "wedding_date", "label": "Ngày cưới", "description": "Ngày cưới cụ thể của khách (nếu đã chốt)."}, {"name": "service_interest", "label": "Nhu cầu dịch vụ", "description": "Khách quan tâm chụp pre-wedding, chụp/quay ngày cưới, hoặc cả hai."}]}
OUTPUT:
[
  {
    "slot": "wedding_date",
    "value": "26/4",
    "confidence": 0.95
  }
]

=== CASE 96 | generate_slot_question ===
INPUT:
{"intent": "provide_information", "branch": "greeting_initial_qualification", "target_slot": "service_interest", "slot_label": "Nhu cầu dịch vụ", "slot_description": "Khách quan tâm chụp pre-wedding, chụp/quay ngày cưới, hoặc cả hai.", "slot_evidence": ["mình đang quan tâm tới chụp pre-wedding / ngày cưới hay cả 2 luôn ạ ?"], "slot_synonyms": ["quan tâm", "cần chụp pre", "cần ngày cưới", "cả hai"], "slot_examples": ["pre-wedding", "ngày cưới", "cả 2"], "slot_applies_to": ["greeting_initial_qualification"], "slot_type": "single_select", "slot_required": true, "slot_priority": "high", "customer_name": "Bảo Duy", "known_slots": {"wedding_date": "26/4", "service_interest": null}, "asked_slot_values": {"wedding_date": "26/4"}, "latest_user_message": "26/4 nhé a", "recent_conversation_history": [{"role": "user", "content": "cả 2 đi ạ"}, {"role": "assistant", "content": "Dạ em cảm ơn anh/chị — em đã ghi: ngày cưới 26/7 và muốn chụp cả pre-wedding và ngày cưới. Để tư vấn gói phù hợp, em hỏi thêm vài thông tin nhé:\n\n1) Pre-wedding: Anh/chị muốn chụp ở Studio hay Ngoại cảnh? Nếu Studio, anh/chị thích phông trơn hay setup concept (hoa lụa/hoa tươi/bàn tiệc)? Nếu Ngoại cảnh, anh/chị dự định chụp ở địa điểm nào?\n- Lưu ý thời gian ngoại cảnh tham khảo: Bình minh (makeup từ 3:15, di chuyển 5:00), nước biển xanh nhẹ chụp khoảng 6:00+, biển xanh ngắt chụp buổi chiều sau 14:00. Một số địa điểm có phí vào cổng (Sunrise, Nha Trang Xưa, Bến Du Thuyền...) — phí này studio không thu thêm.\n\n2) Ngày cưới: Anh/chị cần dịch vụ chụp thôi, quay, hay full combo (chụp/quay + makeup + trang phục)? Anh/chị tổ chức ở nội thành hay ngoại thành Nha Trang, và tiệc dự kiến tổ chức ở đâu? Lịch trình cụ thể ngày cưới của anh/chị sẽ là sáng gia tiên rước dâu rồi tiệc chiều hay thế nào?\n\n3) Số lượng máy: Anh/chị muốn 1 camera hay 2 camera cho ngày cưới? (Thông tin để anh/chị cân nhắc: 1 cam tập trung góc chính diện các nghi thức, 2 cam sẽ có thêm góc phóng sự bắt khoảnh khắc song song).\n\n4) Sản phẩm sau chụp: Anh/chị mong muốn những sản phẩm gì (album photobook, ảnh cổng, ảnh để bàn, kích thước/ chất liệu)? Thông thường studio có ảnh lụa rời size 13x18 lồng vào album; photobook các size 20x30, 30x30, 25x35 (tối thiểu 20 trang).\n\n5) Anh/chị cho em xin số điện thoại/Zalo để em gửi lại thông tin, báo giá và một vài gói phù hợp (em sẽ gửi 1 gói phù hợp và 1 gói cao hơn để anh/chị dễ so sánh). Nếu cần, anh/chị có muốn xem váy/vest thử trước khi chốt không?\n\nAnh/chị trả lời giúp em các mục trên để em tư vấn cụ thể và gửi báo giá nha ạ."}, {"role": "user", "content": "Nếu combo bên mình chụp ảnh cưới + ảnh tiệc + quay phóng sự + váy cưới đầy đủ combo thì giá ntn ạ"}, {"role": "assistant", "content": "Dạ anh Bảo Duy đã chốt ngày cưới cụ thể chưa ạ? Ngày bao nhiêu ạ?"}, {"role": "user", "content": "26/4 nhé a"}]}
OUTPUT:
{"question":"Dạ anh Bảo Duy, anh muốn chụp pre-wedding, chụp ngày cưới hay cả 2 ạ?"}

=== CASE 97 | detect_intent ===
INPUT:
{"current_message": "cả 2 a", "history_last_5": ["26/7 hè này b", "cả 2 đi ạ", "cả 2 đi ạ", "Nếu combo bên mình chụp ảnh cưới + ảnh tiệc + quay phóng sự + váy cưới đầy đủ combo thì giá ntn ạ", "26/4 nhé a"], "asked_slots": ["wedding_date"], "missing_slots": ["service_interest"]}
OUTPUT:
{"intent":"provide_information","confidence":0.85}

=== CASE 98 | detect_branch ===
INPUT:
{"intent": "provide_information", "branch_hint": null, "text": "cả 2 a", "branch_options": [{"name": "greeting_initial_qualification", "label": "Xác định đã có ngày cưới chưa và khách quan tâm chụp pre-wedding, ngày cưới, hay cả hai."}, {"name": "prewedding_consultation", "label": "Tư vấn chụp pre-wedding (studio/ngoại cảnh), concept, địa điểm, số lượng, sản phẩm mong muốn."}, {"name": "wedding_day_consultation", "label": "Tư vấn dịch vụ ngày cưới (chụp/quay/makeup/trang phục), ngày cưới, lịch trình trong ngày, nhu cầu số lượng máy/cam."}, {"name": "resort_wedding_consultation", "label": "Tư vấn tiệc cưới kiểu riêng tư/resort: ý tưởng, địa điểm tổ chức, resort cụ thể, timeline, có wedding planner hay tự làm."}]}
OUTPUT:
{"branch":"greeting_initial_qualification","confidence":0.9}

=== CASE 99 | detect_slots ===
INPUT:
{"intent": "provide_information", "branch_name": "greeting_initial_qualification", "text": "cả 2 a", "slot_options": [{"name": "wedding_date", "label": "Ngày cưới", "description": "Ngày cưới cụ thể của khách (nếu đã chốt)."}, {"name": "service_interest", "label": "Nhu cầu dịch vụ", "description": "Khách quan tâm chụp pre-wedding, chụp/quay ngày cưới, hoặc cả hai."}]}
OUTPUT:
[
  {
    "slot": "service_interest",
    "value": "cả 2 a",
    "confidence": 0.9
  }
]

=== CASE 100 | step_04_call_rag ===
INPUT:
{"question": "26/4, cả 2 a", "conversation_history": [{"role": "assistant", "content": "Dạ anh Bảo Duy đã chốt ngày cưới cụ thể chưa ạ? Ngày bao nhiêu ạ?"}, {"role": "user", "content": "26/4 nhé a"}, {"role": "assistant", "content": "Dạ anh Bảo Duy, anh muốn chụp pre-wedding, chụp ngày cưới hay cả 2 ạ?"}, {"role": "user", "content": "cả 2 a"}, {"role": "user", "content": "cả 2 a"}]}
OUTPUT:
{"answer": null, "debug": {"reason": "rag_http_error", "status_code": 400, "error": "{\"detail\":\"Knowledge base collection 'qa_collection' is empty. Ingest documents before asking questions.\"}", "payload": {"question": "26/4, cả 2 a", "conversation_history": [{"role": "assistant", "content": "Dạ anh Bảo Duy đã chốt ngày cưới cụ thể chưa ạ? Ngày bao nhiêu ạ?"}, {"role": "user", "content": "26/4 nhé a"}, {"role": "assistant", "content": "Dạ anh Bảo Duy, anh muốn chụp pre-wedding, chụp ngày cưới hay cả 2 ạ?"}, {"role": "user", "content": "cả 2 a"}, {"role": "user", "content": "cả 2 a"}]}}}

=== CASE 101 | detect_intent ===
INPUT:
{"current_message": "Mình muốn tham khảo gói chụp ngoại cảnh tại vinpearl nha", "history_last_5": [], "asked_slots": [], "missing_slots": []}
OUTPUT:
{"intent":"ask_service_info","confidence":0.95}

=== CASE 102 | detect_branch ===
INPUT:
{"intent": "ask_service_info", "branch_hint": null, "text": "Mình muốn tham khảo gói chụp ngoại cảnh tại vinpearl nha", "branch_options": [{"name": "greeting_initial_qualification", "label": "Xác định đã có ngày cưới chưa và khách quan tâm chụp pre-wedding, ngày cưới, hay cả hai."}, {"name": "prewedding_consultation", "label": "Tư vấn chụp pre-wedding (studio/ngoại cảnh), concept, địa điểm, số lượng, sản phẩm mong muốn."}, {"name": "wedding_day_consultation", "label": "Tư vấn dịch vụ ngày cưới (chụp/quay/makeup/trang phục), ngày cưới, lịch trình trong ngày, nhu cầu số lượng máy/cam."}, {"name": "resort_wedding_consultation", "label": "Tư vấn tiệc cưới kiểu riêng tư/resort: ý tưởng, địa điểm tổ chức, resort cụ thể, timeline, có wedding planner hay tự làm."}]}
OUTPUT:
{"branch":"prewedding_consultation","confidence":0.95}

=== CASE 103 | detect_slots ===
INPUT:
{"intent": "ask_service_info", "branch_name": "prewedding_consultation", "text": "Mình muốn tham khảo gói chụp ngoại cảnh tại vinpearl nha", "slot_options": [{"name": "prewedding_shoot_type", "label": "Hình thức chụp pre-wedding", "description": "Khách muốn chụp ngoại cảnh, trong studio, hay kết hợp cả hai."}, {"name": "prewedding_concept_preference", "label": "Concept chụp pre-wedding mong muốn", "description": "Concept/ý tưởng chụp mà khách mong muốn (ví dụ phông nền trơn, setup hoa lụa/hoa tươi/bàn tiệc...)."}, {"name": "prewedding_outdoor_location", "label": "Địa điểm chụp ngoại cảnh", "description": "Địa điểm khách dự định chụp ngoại cảnh (nếu có)."}, {"name": "desired_products_details", "label": "Mong muốn về sản phẩm/chi tiết gói", "description": "Các yêu cầu thêm về sản phẩm: chất liệu, số lượng ảnh, v.v."}]}
OUTPUT:
[
  {
    "slot": "prewedding_shoot_type",
    "value": "ngoại cảnh",
    "confidence": 0.95
  },
  {
    "slot": "prewedding_outdoor_location",
    "value": "vinpearl",
    "confidence": 0.95
  }
]

=== CASE 104 | generate_slot_question ===
INPUT:
{"intent": "ask_service_info", "branch": "prewedding_consultation", "target_slot": "prewedding_concept_preference", "slot_label": "Concept chụp pre-wedding mong muốn", "slot_description": "Concept/ý tưởng chụp mà khách mong muốn (ví dụ phông nền trơn, setup hoa lụa/hoa tươi/bàn tiệc...).", "slot_evidence": ["Không biết là ac đã có concept chụp mà mình mong muốn chưa ạ"], "slot_synonyms": ["concept", "ý tưởng chụp", "style chụp"], "slot_examples": ["phông nền trơn", "concept hoa tươi", "setup bàn tiệc"], "slot_applies_to": ["prewedding_consultation"], "slot_type": "text", "slot_required": false, "slot_priority": "medium", "customer_name": "Bảo Duy", "known_slots": {"prewedding_shoot_type": "ngoại cảnh", "prewedding_concept_preference": null, "prewedding_outdoor_location": "vinpearl", "desired_products_details": null}, "asked_slot_values": {"prewedding_outdoor_location": "vinpearl", "prewedding_shoot_type": "ngoại cảnh"}, "latest_user_message": "Mình muốn tham khảo gói chụp ngoại cảnh tại vinpearl nha", "recent_conversation_history": [{"role": "user", "content": "Mình muốn tham khảo gói chụp ngoại cảnh tại vinpearl nha"}]}
OUTPUT:
{
  "question": "Dạ anh Bảo Duy, concept chụp pre-wedding anh mong muốn kiểu gì ạ? (ví dụ: phông nền trơn, hoa tươi, setup bàn tiệc, vintage...)"
}

=== CASE 105 | detect_intent ===
INPUT:
{"current_message": "setup bàn tiệc, vintage", "history_last_5": ["Mình muốn tham khảo gói chụp ngoại cảnh tại vinpearl nha"], "asked_slots": ["prewedding_outdoor_location", "prewedding_shoot_type"], "missing_slots": ["prewedding_concept_preference", "desired_products_details"]}
OUTPUT:
{"intent":"provide_information","confidence":0.95}

=== CASE 106 | detect_branch ===
INPUT:
{"intent": "provide_information", "branch_hint": null, "text": "setup bàn tiệc, vintage", "branch_options": [{"name": "greeting_initial_qualification", "label": "Xác định đã có ngày cưới chưa và khách quan tâm chụp pre-wedding, ngày cưới, hay cả hai."}, {"name": "prewedding_consultation", "label": "Tư vấn chụp pre-wedding (studio/ngoại cảnh), concept, địa điểm, số lượng, sản phẩm mong muốn."}, {"name": "wedding_day_consultation", "label": "Tư vấn dịch vụ ngày cưới (chụp/quay/makeup/trang phục), ngày cưới, lịch trình trong ngày, nhu cầu số lượng máy/cam."}, {"name": "resort_wedding_consultation", "label": "Tư vấn tiệc cưới kiểu riêng tư/resort: ý tưởng, địa điểm tổ chức, resort cụ thể, timeline, có wedding planner hay tự làm."}]}
OUTPUT:
{"branch":"resort_wedding_consultation","confidence":0.86}

=== CASE 107 | detect_slots ===
INPUT:
{"intent": "provide_information", "branch_name": "resort_wedding_consultation", "text": "setup bàn tiệc, vintage", "slot_options": [{"name": "wedding_date", "label": "Ngày cưới", "description": "Ngày cưới cụ thể của khách (nếu đã chốt)."}, {"name": "desired_products_details", "label": "Mong muốn về sản phẩm/chi tiết gói", "description": "Các yêu cầu thêm về sản phẩm: chất liệu, số lượng ảnh, v.v."}, {"name": "event_idea_status", "label": "Đã có ý tưởng cho lễ cưới chưa", "description": "Tình trạng khách đã lên ý tưởng/kế hoạch cho lễ cưới hay chưa."}, {"name": "event_venue_type", "label": "Hình thức/địa điểm tổ chức (tại gia/nhà hàng/resort)", "description": "Khách dự kiến tổ chức lễ cưới ở nhà, nhà hàng hay tiệc riêng tư như resort."}, {"name": "resort_name", "label": "Resort tổ chức", "description": "Tên resort cụ thể nếu khách tổ chức tiệc cưới tại resort."}, {"name": "event_timeline", "label": "Timeline buổi lễ", "description": "Timeline/khung thời gian chi tiết cho buổi lễ (ví dụ get ready, vows, ceremony...)."}, {"name": "planning_support_type", "label": "Tự thiết kế hay có wedding planner", "description": "Khách tự lên thiết kế/kế hoạch hay có wedding planner hỗ trợ."}]}
OUTPUT:
[
  {
    "slot": "desired_products_details",
    "value": "setup bàn tiệc, vintage",
    "confidence": 0.0
  }
]

=== CASE 108 | generate_slot_question ===
INPUT:
{"intent": "provide_information", "branch": "resort_wedding_consultation", "target_slot": "wedding_date", "slot_label": "Ngày cưới", "slot_description": "Ngày cưới cụ thể của khách (nếu đã chốt).", "slot_evidence": ["Cho em hỏi anh/chị đã có ngày cưới cụ thể chưa", "Ngày cưới của mình là ngày bao nhiêu"], "slot_synonyms": ["ngày cưới", "ngày bao nhiêu", "ngày tổ chức", "đã có ngày cưới cụ thể chưa"], "slot_examples": ["15/10/2026", "ngày 20 tháng 3"], "slot_applies_to": ["greeting_initial_qualification", "wedding_day_consultation", "resort_wedding_consultation"], "slot_type": "date", "slot_required": true, "slot_priority": "high", "customer_name": "Bảo Duy", "known_slots": {"wedding_date": null, "event_venue_type": null, "event_timeline": null, "event_idea_status": null, "resort_name": null, "planning_support_type": null, "desired_products_details": "setup bàn tiệc, vintage"}, "asked_slot_values": {"desired_products_details": "setup bàn tiệc, vintage"}, "latest_user_message": "setup bàn tiệc, vintage", "recent_conversation_history": [{"role": "user", "content": "Mình muốn tham khảo gói chụp ngoại cảnh tại vinpearl nha"}, {"role": "assistant", "content": "Dạ anh Bảo Duy, concept chụp pre-wedding anh mong muốn kiểu gì ạ? (ví dụ: phông nền trơn, hoa tươi, setup bàn tiệc, vintage...)"}, {"role": "user", "content": "setup bàn tiệc, vintage"}]}
OUTPUT:
{
  "question": "Dạ anh Bảo Duy, ngày cưới của anh là ngày bao nhiêu ạ?"
}

=== CASE 109 | detect_intent ===
INPUT:
{"current_message": "24/8", "history_last_5": ["Mình muốn tham khảo gói chụp ngoại cảnh tại vinpearl nha", "setup bàn tiệc, vintage"], "asked_slots": ["desired_products_details"], "missing_slots": ["wedding_date", "event_venue_type", "event_timeline", "event_idea_status", "resort_name", "planning_support_type"]}
OUTPUT:
{"intent":"provide_information","confidence":0.92}

=== CASE 110 | detect_branch ===
INPUT:
{"intent": "provide_information", "branch_hint": null, "text": "24/8", "branch_options": [{"name": "greeting_initial_qualification", "label": "Xác định đã có ngày cưới chưa và khách quan tâm chụp pre-wedding, ngày cưới, hay cả hai."}, {"name": "prewedding_consultation", "label": "Tư vấn chụp pre-wedding (studio/ngoại cảnh), concept, địa điểm, số lượng, sản phẩm mong muốn."}, {"name": "wedding_day_consultation", "label": "Tư vấn dịch vụ ngày cưới (chụp/quay/makeup/trang phục), ngày cưới, lịch trình trong ngày, nhu cầu số lượng máy/cam."}, {"name": "resort_wedding_consultation", "label": "Tư vấn tiệc cưới kiểu riêng tư/resort: ý tưởng, địa điểm tổ chức, resort cụ thể, timeline, có wedding planner hay tự làm."}]}
OUTPUT:
{"branch":"greeting_initial_qualification","confidence":0.95}

=== CASE 111 | detect_slots ===
INPUT:
{"intent": "provide_information", "branch_name": "greeting_initial_qualification", "text": "24/8", "slot_options": [{"name": "wedding_date", "label": "Ngày cưới", "description": "Ngày cưới cụ thể của khách (nếu đã chốt)."}, {"name": "service_interest", "label": "Nhu cầu dịch vụ", "description": "Khách quan tâm chụp pre-wedding, chụp/quay ngày cưới, hoặc cả hai."}]}
OUTPUT:
[
  {
    "slot": "wedding_date",
    "value": "24/8",
    "confidence": 0.9
  }
]

=== CASE 112 | generate_slot_question ===
INPUT:
{"intent": "provide_information", "branch": "greeting_initial_qualification", "target_slot": "service_interest", "slot_label": "Nhu cầu dịch vụ", "slot_description": "Khách quan tâm chụp pre-wedding, chụp/quay ngày cưới, hoặc cả hai.", "slot_evidence": ["mình đang quan tâm tới chụp pre-wedding / ngày cưới hay cả 2 luôn ạ ?"], "slot_synonyms": ["quan tâm", "cần chụp pre", "cần ngày cưới", "cả hai"], "slot_examples": ["pre-wedding", "ngày cưới", "cả 2"], "slot_applies_to": ["greeting_initial_qualification"], "slot_type": "single_select", "slot_required": true, "slot_priority": "high", "customer_name": "Bảo Duy", "known_slots": {"wedding_date": "24/8", "service_interest": null}, "asked_slot_values": {"wedding_date": "24/8"}, "latest_user_message": "24/8", "recent_conversation_history": [{"role": "user", "content": "Mình muốn tham khảo gói chụp ngoại cảnh tại vinpearl nha"}, {"role": "assistant", "content": "Dạ anh Bảo Duy, concept chụp pre-wedding anh mong muốn kiểu gì ạ? (ví dụ: phông nền trơn, hoa tươi, setup bàn tiệc, vintage...)"}, {"role": "user", "content": "setup bàn tiệc, vintage"}, {"role": "assistant", "content": "Dạ anh Bảo Duy, ngày cưới của anh là ngày bao nhiêu ạ?"}, {"role": "user", "content": "24/8"}]}
OUTPUT:
{"question":"Dạ anh Bảo Duy, anh muốn chụp pre-wedding, chụp ngày cưới hay cả hai ạ?"}

=== CASE 113 | detect_intent ===
INPUT:
{"current_message": "cả 2", "history_last_5": ["Mình muốn tham khảo gói chụp ngoại cảnh tại vinpearl nha", "setup bàn tiệc, vintage", "24/8"], "asked_slots": ["wedding_date"], "missing_slots": ["service_interest"]}
OUTPUT:
{"intent":"provide_information","confidence":0.92}

=== CASE 114 | detect_branch ===
INPUT:
{"intent": "provide_information", "branch_hint": null, "text": "cả 2", "branch_options": [{"name": "greeting_initial_qualification", "label": "Xác định đã có ngày cưới chưa và khách quan tâm chụp pre-wedding, ngày cưới, hay cả hai."}, {"name": "prewedding_consultation", "label": "Tư vấn chụp pre-wedding (studio/ngoại cảnh), concept, địa điểm, số lượng, sản phẩm mong muốn."}, {"name": "wedding_day_consultation", "label": "Tư vấn dịch vụ ngày cưới (chụp/quay/makeup/trang phục), ngày cưới, lịch trình trong ngày, nhu cầu số lượng máy/cam."}, {"name": "resort_wedding_consultation", "label": "Tư vấn tiệc cưới kiểu riêng tư/resort: ý tưởng, địa điểm tổ chức, resort cụ thể, timeline, có wedding planner hay tự làm."}]}
OUTPUT:
{"branch":"greeting_initial_qualification","confidence":0.95}

=== CASE 115 | detect_slots ===
INPUT:
{"intent": "provide_information", "branch_name": "greeting_initial_qualification", "text": "cả 2", "slot_options": [{"name": "wedding_date", "label": "Ngày cưới", "description": "Ngày cưới cụ thể của khách (nếu đã chốt)."}, {"name": "service_interest", "label": "Nhu cầu dịch vụ", "description": "Khách quan tâm chụp pre-wedding, chụp/quay ngày cưới, hoặc cả hai."}]}
OUTPUT:
[
  {
    "slot": "service_interest",
    "value": "cả 2",
    "confidence": 0.0
  }
]

=== CASE 116 | step_04_call_rag ===
INPUT:
{"question": "24/8, cả 2", "conversation_history": [{"role": "assistant", "content": "Dạ anh Bảo Duy, ngày cưới của anh là ngày bao nhiêu ạ?"}, {"role": "user", "content": "24/8"}, {"role": "assistant", "content": "Dạ anh Bảo Duy, anh muốn chụp pre-wedding, chụp ngày cưới hay cả hai ạ?"}, {"role": "user", "content": "cả 2"}, {"role": "user", "content": "cả 2"}]}
OUTPUT:
{"answer": "Dạ anh Bảo Duy, em chào anh. Xác nhận lại giúp em: ngày cưới của anh là 24/8 và anh cần dịch vụ cả chụp pre-wedding lẫn chụp ngày cưới đúng không ạ?\n\nĐể em tư vấn chi tiết hơn, anh cho em vài thông tin sau nhé:\n1) Pre-wedding: Anh muốn chụp Studio hay Ngoại cảnh? Nếu Studio anh đã có concept mong muốn chưa (phông nền trơn / setup hoa lụa / hoa tươi / bàn tiệc)? Nếu Ngoại cảnh, anh dự định chụp ở địa điểm nào?\n2) Thời gian chụp pre-wedding: Anh dự kiến dành bao lâu cho váy cưới và đồ tự do (để em tư vấn lịch trình phù hợp)?\n3) Ngày cưới (24/8): Anh cần riêng dịch vụ chụp/nghệ thuật quay/makeup/trang phục hay full combo luôn ạ? Lịch trình cụ thể ngày cưới (get ready – lễ gia tiên/rước dâu – ceremony – tiệc) như thế nào? (Anh có timeline chi tiết không?)\n4) Địa điểm tổ chức tiệc: Anh ở nội thành hay ngoại thành Nha Trang, tiệc tổ chức ở đâu (nhà hàng/resort/gia đình)? Nếu là resort, ekip tham khảo thường là 3 photographer và 3 videographer.\n5) Số lượng camera: Anh muốn 1 camera hay 2 camera cho ngày cưới (nếu 2 camera sẽ có thêm góc phóng sự bắt khoảnh khắc song song)?\n6) Sản phẩm sau chụp mong muốn: Anh ưu tiên album photobook hay album lụa, kích thước/ chất liệu, số lượng ảnh in/photobook tối thiểu (ví dụ album photobook 20 trang trở lên)?\n7) Anh có muốn thử trang phục trước buổi chụp không và cho em xin số điện thoại Zalo để em gửi lại thông tin, báo giá và 2 gói tham khảo (1 gói phù hợp + 1 gói cao hơn) nhé.\n\nAnh trả lời giúp em các mục trên, em sẽ gửi gói phù hợp và tư vấn chi tiết lịch trình cũng như báo giá ạ. Cảm ơn anh!", "debug": {"reason": "rag_answer_generated", "payload": {"question": "24/8, cả 2", "conversation_history": [{"role": "assistant", "content": "Dạ anh Bảo Duy, ngày cưới của anh là ngày bao nhiêu ạ?"}, {"role": "user", "content": "24/8"}, {"role": "assistant", "content": "Dạ anh Bảo Duy, anh muốn chụp pre-wedding, chụp ngày cưới hay cả hai ạ?"}, {"role": "user", "content": "cả 2"}, {"role": "user", "content": "cả 2"}]}, "response_data": {"answer": "Dạ anh Bảo Duy, em chào anh. Xác nhận lại giúp em: ngày cưới của anh là 24/8 và anh cần dịch vụ cả chụp pre-wedding lẫn chụp ngày cưới đúng không ạ?\n\nĐể em tư vấn chi tiết hơn, anh cho em vài thông tin sau nhé:\n1) Pre-wedding: Anh muốn chụp Studio hay Ngoại cảnh? Nếu Studio anh đã có concept mong muốn chưa (phông nền trơn / setup hoa lụa / hoa tươi / bàn tiệc)? Nếu Ngoại cảnh, anh dự định chụp ở địa điểm nào?\n2) Thời gian chụp pre-wedding: Anh dự kiến dành bao lâu cho váy cưới và đồ tự do (để em tư vấn lịch trình phù hợp)?\n3) Ngày cưới (24/8): Anh cần riêng dịch vụ chụp/nghệ thuật quay/makeup/trang phục hay full combo luôn ạ? Lịch trình cụ thể ngày cưới (get ready – lễ gia tiên/rước dâu – ceremony – tiệc) như thế nào? (Anh có timeline chi tiết không?)\n4) Địa điểm tổ chức tiệc: Anh ở nội thành hay ngoại thành Nha Trang, tiệc tổ chức ở đâu (nhà hàng/resort/gia đình)? Nếu là resort, ekip tham khảo thường là 3 photographer và 3 videographer.\n5) Số lượng camera: Anh muốn 1 camera hay 2 camera cho ngày cưới (nếu 2 camera sẽ có thêm góc phóng sự bắt khoảnh khắc song song)?\n6) Sản phẩm sau chụp mong muốn: Anh ưu tiên album photobook hay album lụa, kích thước/ chất liệu, số lượng ảnh in/photobook tối thiểu (ví dụ album photobook 20 trang trở lên)?\n7) Anh có muốn thử trang phục trước buổi chụp không và cho em xin số điện thoại Zalo để em gửi lại thông tin, báo giá và 2 gói tham khảo (1 gói phù hợp + 1 gói cao hơn) nhé.\n\nAnh trả lời giúp em các mục trên, em sẽ gửi gói phù hợp và tư vấn chi tiết lịch trình cũng như báo giá ạ. Cảm ơn anh!", "source": [{"source_id": "S1", "page": "8", "file_name": "xoai_studio_knowledge_base.pdf"}, {"source_id": "S2", "page": "9", "file_name": "xoai_studio_knowledge_base.pdf"}, {"source_id": "S3", "page": "8", "file_name": "xoai_studio_knowledge_base.pdf"}, {"source_id": "S4", "page": "9", "file_name": "xoai_studio_knowledge_base.pdf"}], "source_ids": ["S1", "S2", "S3", "S4"], "metadata": [{"source_id": "S1", "page": "8", "file_name": "xoai_studio_knowledge_base.pdf", "window": "PHẦN 3: KỊCH BẢN BÁN HÀNG – XOÀI WEDDINGS\nA. TƯ VẤN ONLINE\n1.  BƯỚC CHÀO HỎI\n\"Dạ em chào anh/chị ạ. Em là ...... nhân viên tư vấn của Xoài Wedding ạ. Cho em hỏi anh/chị đã có\nngày cưới cụ thể chưa và mình đang quan tâm tới chụp pre-wedding / ngày cưới hay cả 2 luôn ạ?\"\n 2.  TƯ VẤN PRE-WEDDING\nGói Studio:\n\"Studio bên em có các gói chụp với phông nền trơn hoặc có setup concept hoa lụa / hoa tươi / bàn\ntiệc ạ. Không biết là anh/chị đã có concept chụp mà mình mong muốn chưa ạ (gửi link)\"\nGói Ngoại cảnh:\n\"Ngoại cảnh bên em có các gói chụp khác nhau tuỳ vào số lượng và địa điểm mà anh/chị chọn ạ,\nmình đã có dự định sẽ chụp ở địa điểm nào chưa ạ?\"\n Phương pháp tư vấn:\n• Dựa vào thông tin khai thác được, tư vấn gói chụp phù hợp kèm với các sản phẩm của gói (album,\nảnh cổng, ảnh nhỏ kèm khung hoặc không khung, slide)\n• Tư vấn rõ lịch trình thời gian chụp của gói, váy cưới chụp trong bao lâu và đồ tự do là đồ gì chụp\ntrong thời gian bao lâu\n• Gửi 1 gói phù hợp và 1 gói cao hơn nhu cầu 1 xíu – tư vấn rõ gói này hơn gói kia những gì\n• Hỏi thêm về thông tin, sản phẩm mong muốn (chất liệu, số lượng ảnh,...)\n3. "}, {"source_id": "S2", "page": "9", "file_name": "xoai_studio_knowledge_base.pdf", "window": "Nếu còn thời gian mình có thể thử trang phục\ntrước ạ!\"\n \"Dạ anh/chị cho em xin số điện thoại Zalo để em gửi lại những thông tin vừa trao đổi nha, nếu cần\nhỗ trợ thêm cứ nhắn hoặc gọi cho em ạ!\"\n 3.  TƯ VẤN NGÀY CƯỚI (TRỰC TIẾP)\n\"Dạ anh/chị đã có lịch trình cho ngày cưới chưa và đang cần các dịch vụ như chụp/quay hay full\ncombo chụp/quay, makeup và trang phục luôn ạ?  Anh/chị ở nội thành hay ngoại thành Nha Trang\nvà tiệc dự kiến tổ chức tại đâu ạ?\"\n Tư vấn về sản phẩm sau chụp:\n• Sản phẩm gói chụp là hình ảnh in chất liệu lụa rời size 13x18 lồng vào album\n• Album photobook các size 20x30, 30x30 và 25x35 (tối thiểu 20 trang)\n• Album ảnh lụa có thể gửi tặng bạn bè người thân; photobook chọn lọc những hình ảnh riêng của\n2 vợ chồng\n"}, {"source_id": "S3", "page": "8", "file_name": "xoai_studio_knowledge_base.pdf", "window": "Phương pháp tư vấn:\n• Dựa vào thông tin khai thác được, tư vấn gói chụp phù hợp kèm với các sản phẩm của gói (album,\nảnh cổng, ảnh nhỏ kèm khung hoặc không khung, slide)\n• Tư vấn rõ lịch trình thời gian chụp của gói, váy cưới chụp trong bao lâu và đồ tự do là đồ gì chụp\ntrong thời gian bao lâu\n• Gửi 1 gói phù hợp và 1 gói cao hơn nhu cầu 1 xíu – tư vấn rõ gói này hơn gói kia những gì\n• Hỏi thêm về thông tin, sản phẩm mong muốn (chất liệu, số lượng ảnh,...)\n3.  TƯ VẤN NGÀY CƯỚI (NC)\n\"Trong ngày cưới bên em có những dịch vụ như chụp, quay, makeup và trang phục (váy, vest, áo\ndài CDCR).  Anh/chị đang cần 1 trong những dịch vụ trên hay sẽ cần full combo luôn ạ?  Ngày cưới\ncủa mình là ngày bao nhiêu và lịch trình sẽ là sáng gia tiên rước dâu chiều tiệc nhà hàng hay ntn ạ?\"\n So sánh 1 camera vs 2 camera:\n• 1 cam chụp/quay: Sẽ chọn xuất phát từ 1 bên (CD hoặc CR), tập trung vào các góc thẳng chính\ndiện mặt cdcr, ba mẹ, họ hàng, nghi thức – đảm bảo cho 1 buổi lễ toàn diện\n• 2 cam chụp/quay: Xuất phát từ 2 bên, ngoài những góc chính diện sẽ có thêm những góc máy\nphóng sự, bắt được những khoảnh khắc song song đồng thời diễn ra (ví dụ: lúc mẹ dẫn CD ra trao\ntay cho CR thì cam chính tập trung vào khoảnh khắc của CD, cam còn lại tập trung vào những\nngười thân bên dưới đang chứng kiến...)\n4.  TƯ VẤN TIỆC CƯỚI TẠI RESORT\n• \"Dạ anh/chị cho em hỏi mình đã lên ý tưởng cho lễ cưới chưa ạ?  Mình dự kiến tổ chức tại gia hay\nnhà hàng, hay những bữa tiệc riêng tư như resort ạ?\"\n"}, {"source_id": "S4", "page": "9", "file_name": "xoai_studio_knowledge_base.pdf", "window": "• \"Chị có thể cho em xin timeline của mình để em có thể hỗ trợ lên kế hoạch và sắp xếp ekip theo\nsát ngày cưới của mình không?\"\n • \"Với timeline này sẽ có get ready – lễ vows – ceremony, timeline dao động khoảng 8 tiếng...\"\n• \"Thông thường những lễ cưới ở resort, ekip sẽ từ 3 photographer và 3 videographer ạ – đây là 1\nekip cơ bản để đảm bảo ghi nhận toàn bộ khoảnh khắc của buổi lễ\"\nB. TƯ VẤN TRỰC TIẾP TẠI STUDIO\n1.  CHÀO HỎI KHÁCH ĐẾN TRỰC TIẾP\n\"Dạ em mời anh/chị ngồi ạ!  Dạ em là tư vấn viên của Xoài Wedding, anh chị đang cần tham khảo\ndịch vụ nào ạ?  Bên em có chụp hình cưới / em bé / gia đình,...ạ!\"\n \"Dạ không biết mình đã được tư vấn online trước chưa ạ hay mình chỉ xem qua fanpage hoặc tiện\nđường ghé tham khảo thôi ạ?\"\n Lý do hỏi: Để biết khách đã được tư vấn chưa, rút ngắn thời gian tư vấn, nếu đã có sales khác hỗ trợ sẽ tiếp\ntục và bàn giao.\n"}], "raw_model_output": "{\"answer\":\"Dạ anh Bảo Duy, em chào anh. Xác nhận lại giúp em: ngày cưới của anh là 24/8 và anh cần dịch vụ cả chụp pre-wedding lẫn chụp ngày cưới đúng không ạ?\\n\\nĐể em tư vấn chi tiết hơn, anh cho em vài thông tin sau nhé:\\n1) Pre-wedding: Anh muốn chụp Studio hay Ngoại cảnh? Nếu Studio anh đã có concept mong muốn chưa (phông nền trơn / setup hoa lụa / hoa tươi / bàn tiệc)? Nếu Ngoại cảnh, anh dự định chụp ở địa điểm nào?\\n2) Thời gian chụp pre-wedding: Anh dự kiến dành bao lâu cho váy cưới và đồ tự do (để em tư vấn lịch trình phù hợp)?\\n3) Ngày cưới (24/8): Anh cần riêng dịch vụ chụp/nghệ thuật quay/makeup/trang phục hay full combo luôn ạ? Lịch trình cụ thể ngày cưới (get ready – lễ gia tiên/rước dâu – ceremony – tiệc) như thế nào? (Anh có timeline chi tiết không?)\\n4) Địa điểm tổ chức tiệc: Anh ở nội thành hay ngoại thành Nha Trang, tiệc tổ chức ở đâu (nhà hàng/resort/gia đình)? Nếu là resort, ekip tham khảo thường là 3 photographer và 3 videographer.\\n5) Số lượng camera: Anh muốn 1 camera hay 2 camera cho ngày cưới (nếu 2 camera sẽ có thêm góc phóng sự bắt khoảnh khắc song song)?\\n6) Sản phẩm sau chụp mong muốn: Anh ưu tiên album photobook hay album lụa, kích thước/ chất liệu, số lượng ảnh in/photobook tối thiểu (ví dụ album photobook 20 trang trở lên)?\\n7) Anh có muốn thử trang phục trước buổi chụp không và cho em xin số điện thoại Zalo để em gửi lại thông tin, báo giá và 2 gói tham khảo (1 gói phù hợp + 1 gói cao hơn) nhé.\\n\\nAnh trả lời giúp em các mục trên, em sẽ gửi gói phù hợp và tư vấn chi tiết lịch trình cũng như báo giá ạ. Cảm ơn anh!\", \"has_answer\": true, \"source\": [\"S1\",\"S2\",\"S3\",\"S4\"]}"}}}

=== CASE 117 | detect_intent ===
INPUT:
{"current_message": "Cho e xin các gói chụp pre a", "history_last_5": ["Mình muốn tham khảo gói chụp ngoại cảnh tại vinpearl nha", "setup bàn tiệc, vintage", "24/8", "cả 2", "cả 2"], "asked_slots": ["service_interest", "wedding_date"], "missing_slots": []}
OUTPUT:
{"intent":"ask_service_info","confidence":0.94}

=== CASE 118 | detect_branch ===
INPUT:
{"intent": "ask_service_info", "branch_hint": null, "text": "Cho e xin các gói chụp pre a", "branch_options": [{"name": "greeting_initial_qualification", "label": "Xác định đã có ngày cưới chưa và khách quan tâm chụp pre-wedding, ngày cưới, hay cả hai."}, {"name": "prewedding_consultation", "label": "Tư vấn chụp pre-wedding (studio/ngoại cảnh), concept, địa điểm, số lượng, sản phẩm mong muốn."}, {"name": "wedding_day_consultation", "label": "Tư vấn dịch vụ ngày cưới (chụp/quay/makeup/trang phục), ngày cưới, lịch trình trong ngày, nhu cầu số lượng máy/cam."}, {"name": "resort_wedding_consultation", "label": "Tư vấn tiệc cưới kiểu riêng tư/resort: ý tưởng, địa điểm tổ chức, resort cụ thể, timeline, có wedding planner hay tự làm."}]}
OUTPUT:
{"branch":"prewedding_consultation","confidence":0.95}

=== CASE 119 | detect_slots ===
INPUT:
{"intent": "ask_service_info", "branch_name": "prewedding_consultation", "text": "Cho e xin các gói chụp pre a", "slot_options": [{"name": "prewedding_shoot_type", "label": "Hình thức chụp pre-wedding", "description": "Khách muốn chụp ngoại cảnh, trong studio, hay kết hợp cả hai."}, {"name": "prewedding_concept_preference", "label": "Concept chụp pre-wedding mong muốn", "description": "Concept/ý tưởng chụp mà khách mong muốn (ví dụ phông nền trơn, setup hoa lụa/hoa tươi/bàn tiệc...)."}, {"name": "prewedding_outdoor_location", "label": "Địa điểm chụp ngoại cảnh", "description": "Địa điểm khách dự định chụp ngoại cảnh (nếu có)."}, {"name": "desired_products_details", "label": "Mong muốn về sản phẩm/chi tiết gói", "description": "Các yêu cầu thêm về sản phẩm: chất liệu, số lượng ảnh, v.v."}]}
OUTPUT:
[]

=== CASE 120 | generate_slot_question ===
INPUT:
{"intent": "ask_service_info", "branch": "prewedding_consultation", "target_slot": "prewedding_shoot_type", "slot_label": "Hình thức chụp pre-wedding", "slot_description": "Khách muốn chụp ngoại cảnh, trong studio, hay kết hợp cả hai.", "slot_evidence": ["Ac chụp ngoại cảnh thôi hay kết hợp thêm cả trong studio luôn ạ"], "slot_synonyms": ["chụp ngoại cảnh", "chụp studio", "kết hợp"], "slot_examples": ["ngoại cảnh", "studio", "kết hợp studio + ngoại cảnh"], "slot_applies_to": ["prewedding_consultation"], "slot_type": "single_select", "slot_required": false, "slot_priority": "medium", "customer_name": "Bảo Duy", "known_slots": {"prewedding_shoot_type": null, "prewedding_concept_preference": null, "prewedding_outdoor_location": null, "desired_products_details": null}, "asked_slot_values": {}, "latest_user_message": "Cho e xin các gói chụp pre a", "recent_conversation_history": [{"role": "assistant", "content": "Dạ anh Bảo Duy, anh muốn chụp pre-wedding, chụp ngày cưới hay cả hai ạ?"}, {"role": "user", "content": "cả 2"}, {"role": "user", "content": "cả 2"}, {"role": "assistant", "content": "Dạ anh Bảo Duy, em chào anh. Xác nhận lại giúp em: ngày cưới của anh là 24/8 và anh cần dịch vụ cả chụp pre-wedding lẫn chụp ngày cưới đúng không ạ?\n\nĐể em tư vấn chi tiết hơn, anh cho em vài thông tin sau nhé:\n1) Pre-wedding: Anh muốn chụp Studio hay Ngoại cảnh? Nếu Studio anh đã có concept mong muốn chưa (phông nền trơn / setup hoa lụa / hoa tươi / bàn tiệc)? Nếu Ngoại cảnh, anh dự định chụp ở địa điểm nào?\n2) Thời gian chụp pre-wedding: Anh dự kiến dành bao lâu cho váy cưới và đồ tự do (để em tư vấn lịch trình phù hợp)?\n3) Ngày cưới (24/8): Anh cần riêng dịch vụ chụp/nghệ thuật quay/makeup/trang phục hay full combo luôn ạ? Lịch trình cụ thể ngày cưới (get ready – lễ gia tiên/rước dâu – ceremony – tiệc) như thế nào? (Anh có timeline chi tiết không?)\n4) Địa điểm tổ chức tiệc: Anh ở nội thành hay ngoại thành Nha Trang, tiệc tổ chức ở đâu (nhà hàng/resort/gia đình)? Nếu là resort, ekip tham khảo thường là 3 photographer và 3 videographer.\n5) Số lượng camera: Anh muốn 1 camera hay 2 camera cho ngày cưới (nếu 2 camera sẽ có thêm góc phóng sự bắt khoảnh khắc song song)?\n6) Sản phẩm sau chụp mong muốn: Anh ưu tiên album photobook hay album lụa, kích thước/ chất liệu, số lượng ảnh in/photobook tối thiểu (ví dụ album photobook 20 trang trở lên)?\n7) Anh có muốn thử trang phục trước buổi chụp không và cho em xin số điện thoại Zalo để em gửi lại thông tin, báo giá và 2 gói tham khảo (1 gói phù hợp + 1 gói cao hơn) nhé.\n\nAnh trả lời giúp em các mục trên, em sẽ gửi gói phù hợp và tư vấn chi tiết lịch trình cũng như báo giá ạ. Cảm ơn anh!"}, {"role": "user", "content": "Cho e xin các gói chụp pre a"}]}
OUTPUT:
{
  "question": "Dạ anh Bảo Duy, anh muốn chụp pre-wedding ngoại cảnh, studio hay kết hợp cả hai ạ?"
}

=== CASE 121 | detect_intent ===
INPUT:
{"current_message": "ca 2", "history_last_5": ["setup bàn tiệc, vintage", "24/8", "cả 2", "cả 2", "Cho e xin các gói chụp pre a"], "asked_slots": [], "missing_slots": ["prewedding_shoot_type", "prewedding_concept_preference", "prewedding_outdoor_location", "desired_products_details"]}
OUTPUT:
{"intent":"provide_information","confidence":0.9}

=== CASE 122 | detect_branch ===
INPUT:
{"intent": "provide_information", "branch_hint": null, "text": "ca 2", "branch_options": [{"name": "greeting_initial_qualification", "label": "Xác định đã có ngày cưới chưa và khách quan tâm chụp pre-wedding, ngày cưới, hay cả hai."}, {"name": "prewedding_consultation", "label": "Tư vấn chụp pre-wedding (studio/ngoại cảnh), concept, địa điểm, số lượng, sản phẩm mong muốn."}, {"name": "wedding_day_consultation", "label": "Tư vấn dịch vụ ngày cưới (chụp/quay/makeup/trang phục), ngày cưới, lịch trình trong ngày, nhu cầu số lượng máy/cam."}, {"name": "resort_wedding_consultation", "label": "Tư vấn tiệc cưới kiểu riêng tư/resort: ý tưởng, địa điểm tổ chức, resort cụ thể, timeline, có wedding planner hay tự làm."}]}
OUTPUT:
{"branch":"wedding_day_consultation","confidence":0.9}

=== CASE 123 | detect_slots ===
INPUT:
{"intent": "provide_information", "branch_name": "wedding_day_consultation", "text": "ca 2", "slot_options": [{"name": "wedding_date", "label": "Ngày cưới", "description": "Ngày cưới cụ thể của khách (nếu đã chốt)."}, {"name": "desired_products_details", "label": "Mong muốn về sản phẩm/chi tiết gói", "description": "Các yêu cầu thêm về sản phẩm: chất liệu, số lượng ảnh, v.v."}, {"name": "wedding_day_services_needed", "label": "Dịch vụ ngày cưới cần dùng", "description": "Khách cần dịch vụ nào trong ngày cưới: chụp, quay, makeup, trang phục; hoặc full combo."}, {"name": "wedding_day_schedule", "label": "Lịch trình ngày cưới", "description": "Lịch trình diễn ra trong ngày cưới (ví dụ sáng gia tiên rước dâu, chiều tiệc nhà hàng...)."}]}
OUTPUT:
[
  {
    "slot": "wedding_day_schedule",
    "value": "ca 2",
    "confidence": 0.9
  }
]

=== CASE 124 | generate_slot_question ===
INPUT:
{"intent": "provide_information", "branch": "wedding_day_consultation", "target_slot": "wedding_date", "slot_label": "Ngày cưới", "slot_description": "Ngày cưới cụ thể của khách (nếu đã chốt).", "slot_evidence": ["Cho em hỏi anh/chị đã có ngày cưới cụ thể chưa", "Ngày cưới của mình là ngày bao nhiêu"], "slot_synonyms": ["ngày cưới", "ngày bao nhiêu", "ngày tổ chức", "đã có ngày cưới cụ thể chưa"], "slot_examples": ["15/10/2026", "ngày 20 tháng 3"], "slot_applies_to": ["greeting_initial_qualification", "wedding_day_consultation", "resort_wedding_consultation"], "slot_type": "date", "slot_required": true, "slot_priority": "high", "customer_name": "Bảo Duy", "known_slots": {"wedding_date": null, "wedding_day_services_needed": null, "wedding_day_schedule": "ca 2", "desired_products_details": null}, "asked_slot_values": {"wedding_day_schedule": "ca 2"}, "latest_user_message": "ca 2", "recent_conversation_history": [{"role": "user", "content": "cả 2"}, {"role": "assistant", "content": "Dạ anh Bảo Duy, em chào anh. Xác nhận lại giúp em: ngày cưới của anh là 24/8 và anh cần dịch vụ cả chụp pre-wedding lẫn chụp ngày cưới đúng không ạ?\n\nĐể em tư vấn chi tiết hơn, anh cho em vài thông tin sau nhé:\n1) Pre-wedding: Anh muốn chụp Studio hay Ngoại cảnh? Nếu Studio anh đã có concept mong muốn chưa (phông nền trơn / setup hoa lụa / hoa tươi / bàn tiệc)? Nếu Ngoại cảnh, anh dự định chụp ở địa điểm nào?\n2) Thời gian chụp pre-wedding: Anh dự kiến dành bao lâu cho váy cưới và đồ tự do (để em tư vấn lịch trình phù hợp)?\n3) Ngày cưới (24/8): Anh cần riêng dịch vụ chụp/nghệ thuật quay/makeup/trang phục hay full combo luôn ạ? Lịch trình cụ thể ngày cưới (get ready – lễ gia tiên/rước dâu – ceremony – tiệc) như thế nào? (Anh có timeline chi tiết không?)\n4) Địa điểm tổ chức tiệc: Anh ở nội thành hay ngoại thành Nha Trang, tiệc tổ chức ở đâu (nhà hàng/resort/gia đình)? Nếu là resort, ekip tham khảo thường là 3 photographer và 3 videographer.\n5) Số lượng camera: Anh muốn 1 camera hay 2 camera cho ngày cưới (nếu 2 camera sẽ có thêm góc phóng sự bắt khoảnh khắc song song)?\n6) Sản phẩm sau chụp mong muốn: Anh ưu tiên album photobook hay album lụa, kích thước/ chất liệu, số lượng ảnh in/photobook tối thiểu (ví dụ album photobook 20 trang trở lên)?\n7) Anh có muốn thử trang phục trước buổi chụp không và cho em xin số điện thoại Zalo để em gửi lại thông tin, báo giá và 2 gói tham khảo (1 gói phù hợp + 1 gói cao hơn) nhé.\n\nAnh trả lời giúp em các mục trên, em sẽ gửi gói phù hợp và tư vấn chi tiết lịch trình cũng như báo giá ạ. Cảm ơn anh!"}, {"role": "user", "content": "Cho e xin các gói chụp pre a"}, {"role": "assistant", "content": "Dạ anh Bảo Duy, anh muốn chụp pre-wedding ngoại cảnh, studio hay kết hợp cả hai ạ?"}, {"role": "user", "content": "ca 2"}]}
OUTPUT:
{
  "question": "Dạ anh Bảo Duy, anh đã chốt ngày cưới cụ thể chưa ạ? Nếu có cho em xin ngày (vd: 24/08/2026)."
}

=== CASE 125 | detect_intent ===
INPUT:
{"current_message": "24/8", "history_last_5": ["24/8", "cả 2", "cả 2", "Cho e xin các gói chụp pre a", "ca 2"], "asked_slots": ["wedding_day_schedule"], "missing_slots": ["wedding_date", "wedding_day_services_needed", "desired_products_details"]}
OUTPUT:
{"intent":"provide_information","confidence":0.92}

=== CASE 126 | detect_branch ===
INPUT:
{"intent": "provide_information", "branch_hint": null, "text": "24/8", "branch_options": [{"name": "greeting_initial_qualification", "label": "Xác định đã có ngày cưới chưa và khách quan tâm chụp pre-wedding, ngày cưới, hay cả hai."}, {"name": "prewedding_consultation", "label": "Tư vấn chụp pre-wedding (studio/ngoại cảnh), concept, địa điểm, số lượng, sản phẩm mong muốn."}, {"name": "wedding_day_consultation", "label": "Tư vấn dịch vụ ngày cưới (chụp/quay/makeup/trang phục), ngày cưới, lịch trình trong ngày, nhu cầu số lượng máy/cam."}, {"name": "resort_wedding_consultation", "label": "Tư vấn tiệc cưới kiểu riêng tư/resort: ý tưởng, địa điểm tổ chức, resort cụ thể, timeline, có wedding planner hay tự làm."}]}
OUTPUT:
{"branch":"greeting_initial_qualification","confidence":0.92}

=== CASE 127 | detect_slots ===
INPUT:
{"intent": "provide_information", "branch_name": "greeting_initial_qualification", "text": "24/8", "slot_options": [{"name": "wedding_date", "label": "Ngày cưới", "description": "Ngày cưới cụ thể của khách (nếu đã chốt)."}, {"name": "service_interest", "label": "Nhu cầu dịch vụ", "description": "Khách quan tâm chụp pre-wedding, chụp/quay ngày cưới, hoặc cả hai."}]}
OUTPUT:
[
  {
    "slot": "wedding_date",
    "value": "24/8",
    "confidence": 0.0
  }
]

=== CASE 128 | generate_slot_question ===
INPUT:
{"intent": "provide_information", "branch": "greeting_initial_qualification", "target_slot": "service_interest", "slot_label": "Nhu cầu dịch vụ", "slot_description": "Khách quan tâm chụp pre-wedding, chụp/quay ngày cưới, hoặc cả hai.", "slot_evidence": ["mình đang quan tâm tới chụp pre-wedding / ngày cưới hay cả 2 luôn ạ ?"], "slot_synonyms": ["quan tâm", "cần chụp pre", "cần ngày cưới", "cả hai"], "slot_examples": ["pre-wedding", "ngày cưới", "cả 2"], "slot_applies_to": ["greeting_initial_qualification"], "slot_type": "single_select", "slot_required": true, "slot_priority": "high", "customer_name": "Bảo Duy", "known_slots": {"wedding_date": "24/8", "service_interest": null}, "asked_slot_values": {"wedding_date": "24/8"}, "latest_user_message": "24/8", "recent_conversation_history": [{"role": "user", "content": "Cho e xin các gói chụp pre a"}, {"role": "assistant", "content": "Dạ anh Bảo Duy, anh muốn chụp pre-wedding ngoại cảnh, studio hay kết hợp cả hai ạ?"}, {"role": "user", "content": "ca 2"}, {"role": "assistant", "content": "Dạ anh Bảo Duy, anh đã chốt ngày cưới cụ thể chưa ạ? Nếu có cho em xin ngày (vd: 24/08/2026)."}, {"role": "user", "content": "24/8"}]}
OUTPUT:
{
  "question": "Dạ anh Bảo Duy, anh quan tâm dịch vụ chụp pre-wedding, chụp ngày cưới hay cả 2 ạ?"
}

=== CASE 129 | detect_intent ===
INPUT:
{"current_message": "ca 2", "history_last_5": ["cả 2", "cả 2", "Cho e xin các gói chụp pre a", "ca 2", "24/8"], "asked_slots": ["wedding_date"], "missing_slots": ["service_interest"]}
OUTPUT:
{"intent":"provide_information","confidence":0.95}

=== CASE 130 | detect_branch ===
INPUT:
{"intent": "provide_information", "branch_hint": null, "text": "ca 2", "branch_options": [{"name": "greeting_initial_qualification", "label": "Xác định đã có ngày cưới chưa và khách quan tâm chụp pre-wedding, ngày cưới, hay cả hai."}, {"name": "prewedding_consultation", "label": "Tư vấn chụp pre-wedding (studio/ngoại cảnh), concept, địa điểm, số lượng, sản phẩm mong muốn."}, {"name": "wedding_day_consultation", "label": "Tư vấn dịch vụ ngày cưới (chụp/quay/makeup/trang phục), ngày cưới, lịch trình trong ngày, nhu cầu số lượng máy/cam."}, {"name": "resort_wedding_consultation", "label": "Tư vấn tiệc cưới kiểu riêng tư/resort: ý tưởng, địa điểm tổ chức, resort cụ thể, timeline, có wedding planner hay tự làm."}]}
OUTPUT:
{"branch":"wedding_day_consultation","confidence":0.85}

=== CASE 131 | detect_slots ===
INPUT:
{"intent": "provide_information", "branch_name": "wedding_day_consultation", "text": "ca 2", "slot_options": [{"name": "wedding_date", "label": "Ngày cưới", "description": "Ngày cưới cụ thể của khách (nếu đã chốt)."}, {"name": "desired_products_details", "label": "Mong muốn về sản phẩm/chi tiết gói", "description": "Các yêu cầu thêm về sản phẩm: chất liệu, số lượng ảnh, v.v."}, {"name": "wedding_day_services_needed", "label": "Dịch vụ ngày cưới cần dùng", "description": "Khách cần dịch vụ nào trong ngày cưới: chụp, quay, makeup, trang phục; hoặc full combo."}, {"name": "wedding_day_schedule", "label": "Lịch trình ngày cưới", "description": "Lịch trình diễn ra trong ngày cưới (ví dụ sáng gia tiên rước dâu, chiều tiệc nhà hàng...)."}]}
OUTPUT:
[
  {
    "slot": "wedding_day_schedule",
    "value": "ca 2",
    "confidence": 0.9
  }
]

=== CASE 132 | generate_slot_question ===
INPUT:
{"intent": "provide_information", "branch": "wedding_day_consultation", "target_slot": "wedding_date", "slot_label": "Ngày cưới", "slot_description": "Ngày cưới cụ thể của khách (nếu đã chốt).", "slot_evidence": ["Cho em hỏi anh/chị đã có ngày cưới cụ thể chưa", "Ngày cưới của mình là ngày bao nhiêu"], "slot_synonyms": ["ngày cưới", "ngày bao nhiêu", "ngày tổ chức", "đã có ngày cưới cụ thể chưa"], "slot_examples": ["15/10/2026", "ngày 20 tháng 3"], "slot_applies_to": ["greeting_initial_qualification", "wedding_day_consultation", "resort_wedding_consultation"], "slot_type": "date", "slot_required": true, "slot_priority": "high", "customer_name": "Bảo Duy", "known_slots": {"wedding_date": null, "wedding_day_services_needed": null, "wedding_day_schedule": "ca 2", "desired_products_details": null}, "asked_slot_values": {"wedding_day_schedule": "ca 2"}, "latest_user_message": "ca 2", "recent_conversation_history": [{"role": "user", "content": "ca 2"}, {"role": "assistant", "content": "Dạ anh Bảo Duy, anh đã chốt ngày cưới cụ thể chưa ạ? Nếu có cho em xin ngày (vd: 24/08/2026)."}, {"role": "user", "content": "24/8"}, {"role": "assistant", "content": "Dạ anh Bảo Duy, anh quan tâm dịch vụ chụp pre-wedding, chụp ngày cưới hay cả 2 ạ?"}, {"role": "user", "content": "ca 2"}]}
OUTPUT:
{
  "question": "Dạ anh Bảo Duy, ngày cưới cụ thể của anh là ngày bao nhiêu (ghi rõ ngày/tháng/năm) ạ?"
}

=== CASE 133 | detect_intent ===
INPUT:
{"current_message": "24/8/2026", "history_last_5": ["cả 2", "Cho e xin các gói chụp pre a", "ca 2", "24/8", "ca 2"], "asked_slots": ["wedding_day_schedule"], "missing_slots": ["wedding_date", "wedding_day_services_needed", "desired_products_details"]}
OUTPUT:
{"intent":"provide_information","confidence":0.92}

=== CASE 134 | detect_branch ===
INPUT:
{"intent": "provide_information", "branch_hint": null, "text": "24/8/2026", "branch_options": [{"name": "greeting_initial_qualification", "label": "Xác định đã có ngày cưới chưa và khách quan tâm chụp pre-wedding, ngày cưới, hay cả hai."}, {"name": "prewedding_consultation", "label": "Tư vấn chụp pre-wedding (studio/ngoại cảnh), concept, địa điểm, số lượng, sản phẩm mong muốn."}, {"name": "wedding_day_consultation", "label": "Tư vấn dịch vụ ngày cưới (chụp/quay/makeup/trang phục), ngày cưới, lịch trình trong ngày, nhu cầu số lượng máy/cam."}, {"name": "resort_wedding_consultation", "label": "Tư vấn tiệc cưới kiểu riêng tư/resort: ý tưởng, địa điểm tổ chức, resort cụ thể, timeline, có wedding planner hay tự làm."}]}
OUTPUT:
{"branch":"wedding_day_consultation","confidence":0.95}

=== CASE 135 | detect_slots ===
INPUT:
{"intent": "provide_information", "branch_name": "wedding_day_consultation", "text": "24/8/2026", "slot_options": [{"name": "wedding_date", "label": "Ngày cưới", "description": "Ngày cưới cụ thể của khách (nếu đã chốt)."}, {"name": "desired_products_details", "label": "Mong muốn về sản phẩm/chi tiết gói", "description": "Các yêu cầu thêm về sản phẩm: chất liệu, số lượng ảnh, v.v."}, {"name": "wedding_day_services_needed", "label": "Dịch vụ ngày cưới cần dùng", "description": "Khách cần dịch vụ nào trong ngày cưới: chụp, quay, makeup, trang phục; hoặc full combo."}, {"name": "wedding_day_schedule", "label": "Lịch trình ngày cưới", "description": "Lịch trình diễn ra trong ngày cưới (ví dụ sáng gia tiên rước dâu, chiều tiệc nhà hàng...)."}]}
OUTPUT:
[
  {
    "slot": "wedding_date",
    "value": "24/8/2026",
    "confidence": 0.9
  }
]

=== CASE 136 | generate_slot_question ===
INPUT:
{"intent": "provide_information", "branch": "wedding_day_consultation", "target_slot": "wedding_day_services_needed", "slot_label": "Dịch vụ ngày cưới cần dùng", "slot_description": "Khách cần dịch vụ nào trong ngày cưới: chụp, quay, makeup, trang phục; hoặc full combo.", "slot_evidence": ["Trong ngày cưới bên em có những dịch vụ như chụp, quay, makeup và trang phục (váy, vest, áo dài CDCR). Ac đang cần 1 trong những dv trên hay sẽ cần full combo luôn ạ"], "slot_synonyms": ["cần dịch vụ gì", "chỉ cần chụp/quay", "full combo"], "slot_examples": ["chụp", "quay", "makeup", "trang phục", "full combo"], "slot_applies_to": ["wedding_day_consultation"], "slot_type": "multi_select", "slot_required": true, "slot_priority": "high", "customer_name": "Bảo Duy", "known_slots": {"wedding_date": "24/8/2026", "wedding_day_services_needed": null, "wedding_day_schedule": "ca 2", "desired_products_details": null}, "asked_slot_values": {"wedding_date": "24/8/2026", "wedding_day_schedule": "ca 2"}, "latest_user_message": "24/8/2026", "recent_conversation_history": [{"role": "assistant", "content": "Dạ anh Bảo Duy, anh quan tâm dịch vụ chụp pre-wedding, chụp ngày cưới hay cả 2 ạ?"}, {"role": "user", "content": "ca 2"}, {"role": "assistant", "content": "Dạ anh Bảo Duy, ngày cưới cụ thể của anh là ngày bao nhiêu (ghi rõ ngày/tháng/năm) ạ?"}, {"role": "user", "content": "24/8/2026"}, {"role": "user", "content": "24/8/2026"}]}
OUTPUT:
{"question":"Dạ anh Bảo Duy, trong ngày cưới anh cần những dịch vụ nào: chụp, quay, makeup, trang phục (váy/vest/áo dài) hay full combo ạ?"}

=== CASE 137 | detect_intent ===
INPUT:
{"current_message": "full ạ", "history_last_5": ["ca 2", "24/8", "ca 2", "24/8/2026", "24/8/2026"], "asked_slots": ["wedding_date", "wedding_day_schedule"], "missing_slots": ["wedding_day_services_needed", "desired_products_details"]}
OUTPUT:
{"intent":"provide_information","confidence":0.9}

=== CASE 138 | detect_branch ===
INPUT:
{"intent": "provide_information", "branch_hint": null, "text": "full ạ", "branch_options": [{"name": "greeting_initial_qualification", "label": "Xác định đã có ngày cưới chưa và khách quan tâm chụp pre-wedding, ngày cưới, hay cả hai."}, {"name": "prewedding_consultation", "label": "Tư vấn chụp pre-wedding (studio/ngoại cảnh), concept, địa điểm, số lượng, sản phẩm mong muốn."}, {"name": "wedding_day_consultation", "label": "Tư vấn dịch vụ ngày cưới (chụp/quay/makeup/trang phục), ngày cưới, lịch trình trong ngày, nhu cầu số lượng máy/cam."}, {"name": "resort_wedding_consultation", "label": "Tư vấn tiệc cưới kiểu riêng tư/resort: ý tưởng, địa điểm tổ chức, resort cụ thể, timeline, có wedding planner hay tự làm."}]}
OUTPUT:
{"branch":"wedding_day_consultation","confidence":0.65}

=== CASE 139 | detect_slots ===
INPUT:
{"intent": "provide_information", "branch_name": "wedding_day_consultation", "text": "full ạ", "slot_options": [{"name": "wedding_date", "label": "Ngày cưới", "description": "Ngày cưới cụ thể của khách (nếu đã chốt)."}, {"name": "desired_products_details", "label": "Mong muốn về sản phẩm/chi tiết gói", "description": "Các yêu cầu thêm về sản phẩm: chất liệu, số lượng ảnh, v.v."}, {"name": "wedding_day_services_needed", "label": "Dịch vụ ngày cưới cần dùng", "description": "Khách cần dịch vụ nào trong ngày cưới: chụp, quay, makeup, trang phục; hoặc full combo."}, {"name": "wedding_day_schedule", "label": "Lịch trình ngày cưới", "description": "Lịch trình diễn ra trong ngày cưới (ví dụ sáng gia tiên rước dâu, chiều tiệc nhà hàng...)."}]}
OUTPUT:
[
  {
    "slot": "wedding_day_services_needed",
    "value": "full ạ",
    "confidence": 0.9
  }
]

=== CASE 140 | generate_slot_question ===
INPUT:
{"intent": "provide_information", "branch": "wedding_day_consultation", "target_slot": "desired_products_details", "slot_label": "Mong muốn về sản phẩm/chi tiết gói", "slot_description": "Các yêu cầu thêm về sản phẩm: chất liệu, số lượng ảnh, v.v.", "slot_evidence": ["Hỏi thêm về thông tin, sản phẩm mong muốn (chất liệu, số lượng ảnh,...)"], "slot_synonyms": ["yêu cầu sản phẩm", "chất liệu", "số lượng ảnh", "mong muốn sản phẩm"], "slot_examples": ["chất liệu album", "số lượng ảnh muốn nhận", "muốn có ảnh cổng + khung"], "slot_applies_to": ["prewedding_consultation", "wedding_day_consultation", "resort_wedding_consultation"], "slot_type": "text", "slot_required": false, "slot_priority": "low", "customer_name": "Bảo Duy", "known_slots": {"wedding_date": "24/8/2026", "wedding_day_services_needed": "full ạ", "wedding_day_schedule": "ca 2", "desired_products_details": null}, "asked_slot_values": {"wedding_date": "24/8/2026", "wedding_day_schedule": "ca 2", "wedding_day_services_needed": "full ạ"}, "latest_user_message": "full ạ", "recent_conversation_history": [{"role": "user", "content": "24/8/2026"}, {"role": "user", "content": "24/8/2026"}, {"role": "assistant", "content": "Dạ anh Bảo Duy, trong ngày cưới anh cần những dịch vụ nào: chụp, quay, makeup, trang phục (váy/vest/áo dài) hay full combo ạ?"}, {"role": "user", "content": "full ạ"}, {"role": "user", "content": "full ạ"}]}
OUTPUT:
{
  "question": "Dạ anh Bảo Duy, anh có yêu cầu cụ thể về sản phẩm (chất liệu album, số lượng ảnh, khung/ảnh cổng...) không ạ?"
}

=== CASE 141 | detect_intent ===
INPUT:
{"current_message": "mình muốn album chất liệu nhựa, khoảng 500 tấm, có khung nhé", "history_last_5": ["ca 2", "24/8/2026", "24/8/2026", "full ạ", "full ạ"], "asked_slots": ["wedding_date", "wedding_day_schedule", "wedding_day_services_needed"], "missing_slots": ["desired_products_details"]}
OUTPUT:
{"intent":"provide_information","confidence":0.92}

=== CASE 142 | detect_branch ===
INPUT:
{"intent": "provide_information", "branch_hint": null, "text": "mình muốn album chất liệu nhựa, khoảng 500 tấm, có khung nhé", "branch_options": [{"name": "greeting_initial_qualification", "label": "Xác định đã có ngày cưới chưa và khách quan tâm chụp pre-wedding, ngày cưới, hay cả hai."}, {"name": "prewedding_consultation", "label": "Tư vấn chụp pre-wedding (studio/ngoại cảnh), concept, địa điểm, số lượng, sản phẩm mong muốn."}, {"name": "wedding_day_consultation", "label": "Tư vấn dịch vụ ngày cưới (chụp/quay/makeup/trang phục), ngày cưới, lịch trình trong ngày, nhu cầu số lượng máy/cam."}, {"name": "resort_wedding_consultation", "label": "Tư vấn tiệc cưới kiểu riêng tư/resort: ý tưởng, địa điểm tổ chức, resort cụ thể, timeline, có wedding planner hay tự làm."}]}
OUTPUT:
{"branch":"prewedding_consultation","confidence":0.92}

=== CASE 143 | detect_slots ===
INPUT:
{"intent": "provide_information", "branch_name": "prewedding_consultation", "text": "mình muốn album chất liệu nhựa, khoảng 500 tấm, có khung nhé", "slot_options": [{"name": "prewedding_shoot_type", "label": "Hình thức chụp pre-wedding", "description": "Khách muốn chụp ngoại cảnh, trong studio, hay kết hợp cả hai."}, {"name": "prewedding_concept_preference", "label": "Concept chụp pre-wedding mong muốn", "description": "Concept/ý tưởng chụp mà khách mong muốn (ví dụ phông nền trơn, setup hoa lụa/hoa tươi/bàn tiệc...)."}, {"name": "prewedding_outdoor_location", "label": "Địa điểm chụp ngoại cảnh", "description": "Địa điểm khách dự định chụp ngoại cảnh (nếu có)."}, {"name": "desired_products_details", "label": "Mong muốn về sản phẩm/chi tiết gói", "description": "Các yêu cầu thêm về sản phẩm: chất liệu, số lượng ảnh, v.v."}]}
OUTPUT:
[
  {
    "slot": "desired_products_details",
    "value": "album chất liệu nhựa, khoảng 500 tấm, có khung",
    "confidence": 0.95
  }
]

=== CASE 144 | generate_slot_question ===
INPUT:
{"intent": "provide_information", "branch": "prewedding_consultation", "target_slot": "prewedding_shoot_type", "slot_label": "Hình thức chụp pre-wedding", "slot_description": "Khách muốn chụp ngoại cảnh, trong studio, hay kết hợp cả hai.", "slot_evidence": ["Ac chụp ngoại cảnh thôi hay kết hợp thêm cả trong studio luôn ạ"], "slot_synonyms": ["chụp ngoại cảnh", "chụp studio", "kết hợp"], "slot_examples": ["ngoại cảnh", "studio", "kết hợp studio + ngoại cảnh"], "slot_applies_to": ["prewedding_consultation"], "slot_type": "single_select", "slot_required": false, "slot_priority": "medium", "customer_name": "Bảo Duy", "known_slots": {"prewedding_shoot_type": null, "prewedding_concept_preference": null, "prewedding_outdoor_location": null, "desired_products_details": "album chất liệu nhựa, khoảng 500 tấm, có khung"}, "asked_slot_values": {"desired_products_details": "album chất liệu nhựa, khoảng 500 tấm, có khung"}, "latest_user_message": "mình muốn album chất liệu nhựa, khoảng 500 tấm, có khung nhé", "recent_conversation_history": [{"role": "assistant", "content": "Dạ anh Bảo Duy, trong ngày cưới anh cần những dịch vụ nào: chụp, quay, makeup, trang phục (váy/vest/áo dài) hay full combo ạ?"}, {"role": "user", "content": "full ạ"}, {"role": "user", "content": "full ạ"}, {"role": "assistant", "content": "Dạ anh Bảo Duy, anh có yêu cầu cụ thể về sản phẩm (chất liệu album, số lượng ảnh, khung/ảnh cổng...) không ạ?"}, {"role": "user", "content": "mình muốn album chất liệu nhựa, khoảng 500 tấm, có khung nhé"}]}
OUTPUT:
{"question":"Dạ anh Bảo Duy, anh muốn chụp pre-wedding theo hình thức nào: ngoại cảnh, studio hay kết hợp cả hai ạ?"}

=== CASE 145 | detect_intent ===
INPUT:
{"current_message": "cả 2 đi", "history_last_5": ["24/8/2026", "24/8/2026", "full ạ", "full ạ", "mình muốn album chất liệu nhựa, khoảng 500 tấm, có khung nhé"], "asked_slots": ["desired_products_details"], "missing_slots": ["prewedding_shoot_type", "prewedding_concept_preference", "prewedding_outdoor_location"]}
OUTPUT:
{"intent":"provide_information","confidence":0.93}

=== CASE 146 | detect_branch ===
INPUT:
{"intent": "provide_information", "branch_hint": null, "text": "cả 2 đi", "branch_options": [{"name": "greeting_initial_qualification", "label": "Xác định đã có ngày cưới chưa và khách quan tâm chụp pre-wedding, ngày cưới, hay cả hai."}, {"name": "prewedding_consultation", "label": "Tư vấn chụp pre-wedding (studio/ngoại cảnh), concept, địa điểm, số lượng, sản phẩm mong muốn."}, {"name": "wedding_day_consultation", "label": "Tư vấn dịch vụ ngày cưới (chụp/quay/makeup/trang phục), ngày cưới, lịch trình trong ngày, nhu cầu số lượng máy/cam."}, {"name": "resort_wedding_consultation", "label": "Tư vấn tiệc cưới kiểu riêng tư/resort: ý tưởng, địa điểm tổ chức, resort cụ thể, timeline, có wedding planner hay tự làm."}]}
OUTPUT:
{"branch":"greeting_initial_qualification","confidence":0.95}

=== CASE 147 | detect_slots ===
INPUT:
{"intent": "provide_information", "branch_name": "greeting_initial_qualification", "text": "cả 2 đi", "slot_options": [{"name": "wedding_date", "label": "Ngày cưới", "description": "Ngày cưới cụ thể của khách (nếu đã chốt)."}, {"name": "service_interest", "label": "Nhu cầu dịch vụ", "description": "Khách quan tâm chụp pre-wedding, chụp/quay ngày cưới, hoặc cả hai."}]}
OUTPUT:
[
  {
    "slot": "service_interest",
    "value": "cả 2 đi",
    "confidence": 0.0
  }
]

=== CASE 148 | generate_slot_question ===
INPUT:
{"intent": "provide_information", "branch": "greeting_initial_qualification", "target_slot": "wedding_date", "slot_label": "Ngày cưới", "slot_description": "Ngày cưới cụ thể của khách (nếu đã chốt).", "slot_evidence": ["Cho em hỏi anh/chị đã có ngày cưới cụ thể chưa", "Ngày cưới của mình là ngày bao nhiêu"], "slot_synonyms": ["ngày cưới", "ngày bao nhiêu", "ngày tổ chức", "đã có ngày cưới cụ thể chưa"], "slot_examples": ["15/10/2026", "ngày 20 tháng 3"], "slot_applies_to": ["greeting_initial_qualification", "wedding_day_consultation", "resort_wedding_consultation"], "slot_type": "date", "slot_required": true, "slot_priority": "high", "customer_name": "Bảo Duy", "known_slots": {"wedding_date": null, "service_interest": "cả 2 đi"}, "asked_slot_values": {"service_interest": "cả 2 đi"}, "latest_user_message": "cả 2 đi", "recent_conversation_history": [{"role": "user", "content": "full ạ"}, {"role": "assistant", "content": "Dạ anh Bảo Duy, anh có yêu cầu cụ thể về sản phẩm (chất liệu album, số lượng ảnh, khung/ảnh cổng...) không ạ?"}, {"role": "user", "content": "mình muốn album chất liệu nhựa, khoảng 500 tấm, có khung nhé"}, {"role": "assistant", "content": "Dạ anh Bảo Duy, anh muốn chụp pre-wedding theo hình thức nào: ngoại cảnh, studio hay kết hợp cả hai ạ?"}, {"role": "user", "content": "cả 2 đi"}]}
OUTPUT:
{
  "question": "Dạ anh Bảo Duy đã chốt ngày cưới cụ thể chưa ạ?"
}

=== CASE 149 | detect_intent ===
INPUT:
{"current_message": "Cho em xin giá chụp ảnh cưới bên mình ạ", "history_last_5": [], "asked_slots": [], "missing_slots": []}
OUTPUT:
{"intent":"price_request","confidence":0.98}

=== CASE 150 | detect_branch ===
INPUT:
{"intent": "price_request", "branch_hint": null, "text": "Cho em xin giá chụp ảnh cưới bên mình ạ", "branch_options": [{"name": "greeting_initial_qualification", "label": "Xác định đã có ngày cưới chưa và khách quan tâm chụp pre-wedding, ngày cưới, hay cả hai."}, {"name": "prewedding_consultation", "label": "Tư vấn chụp pre-wedding (studio/ngoại cảnh), concept, địa điểm, số lượng, sản phẩm mong muốn."}, {"name": "wedding_day_consultation", "label": "Tư vấn dịch vụ ngày cưới (chụp/quay/makeup/trang phục), ngày cưới, lịch trình trong ngày, nhu cầu số lượng máy/cam."}, {"name": "resort_wedding_consultation", "label": "Tư vấn tiệc cưới kiểu riêng tư/resort: ý tưởng, địa điểm tổ chức, resort cụ thể, timeline, có wedding planner hay tự làm."}]}
OUTPUT:
{"branch":"greeting_initial_qualification","confidence":0.85}

=== CASE 151 | detect_slots ===
INPUT:
{"intent": "price_request", "branch_name": "greeting_initial_qualification", "text": "Cho em xin giá chụp ảnh cưới bên mình ạ", "slot_options": [{"name": "wedding_date", "label": "Ngày cưới", "description": "Ngày cưới cụ thể của khách (nếu đã chốt)."}, {"name": "service_interest", "label": "Nhu cầu dịch vụ", "description": "Khách quan tâm chụp pre-wedding, chụp/quay ngày cưới, hoặc cả hai."}]}
OUTPUT:
[
  {
    "slot": "service_interest",
    "value": "chụp ảnh cưới",
    "confidence": 0.95
  }
]

=== CASE 152 | generate_slot_question ===
INPUT:
{"intent": "price_request", "branch": "greeting_initial_qualification", "target_slot": "wedding_date", "slot_label": "Ngày cưới", "slot_description": "Ngày cưới cụ thể của khách (nếu đã chốt).", "slot_evidence": ["Cho em hỏi anh/chị đã có ngày cưới cụ thể chưa", "Ngày cưới của mình là ngày bao nhiêu"], "slot_synonyms": ["ngày cưới", "ngày bao nhiêu", "ngày tổ chức", "đã có ngày cưới cụ thể chưa"], "slot_examples": ["15/10/2026", "ngày 20 tháng 3"], "slot_applies_to": ["greeting_initial_qualification", "wedding_day_consultation", "resort_wedding_consultation"], "slot_type": "date", "slot_required": true, "slot_priority": "high", "customer_name": "Khánh Ngân", "known_slots": {"wedding_date": null, "service_interest": "chụp ảnh cưới"}, "asked_slot_values": {"service_interest": "chụp ảnh cưới"}, "latest_user_message": "Cho em xin giá chụp ảnh cưới bên mình ạ", "recent_conversation_history": [{"role": "user", "content": "Cho em xin giá chụp ảnh cưới bên mình ạ"}]}
OUTPUT:
{
  "question": "Dạ chị Khánh Ngân cho em xin ngày cưới cụ thể được không ạ?"
}

=== CASE 153 | detect_intent ===
INPUT:
{"current_message": "Có cho thuê váy cưới không?", "history_last_5": [], "asked_slots": [], "missing_slots": []}
OUTPUT:
{"intent":"ask_service_info","confidence":0.95}

=== CASE 154 | detect_branch ===
INPUT:
{"intent": "ask_service_info", "branch_hint": null, "text": "Có cho thuê váy cưới không?", "branch_options": [{"name": "greeting_initial_qualification", "label": "Xác định đã có ngày cưới chưa và khách quan tâm chụp pre-wedding, ngày cưới, hay cả hai."}, {"name": "prewedding_consultation", "label": "Tư vấn chụp pre-wedding (studio/ngoại cảnh), concept, địa điểm, số lượng, sản phẩm mong muốn."}, {"name": "wedding_day_consultation", "label": "Tư vấn dịch vụ ngày cưới (chụp/quay/makeup/trang phục), ngày cưới, lịch trình trong ngày, nhu cầu số lượng máy/cam."}, {"name": "resort_wedding_consultation", "label": "Tư vấn tiệc cưới kiểu riêng tư/resort: ý tưởng, địa điểm tổ chức, resort cụ thể, timeline, có wedding planner hay tự làm."}]}
OUTPUT:
{"branch":"wedding_day_consultation","confidence":0.95}

=== CASE 155 | detect_slots ===
INPUT:
{"intent": "ask_service_info", "branch_name": "wedding_day_consultation", "text": "Có cho thuê váy cưới không?", "slot_options": [{"name": "wedding_date", "label": "Ngày cưới", "description": "Ngày cưới cụ thể của khách (nếu đã chốt)."}, {"name": "desired_products_details", "label": "Mong muốn về sản phẩm/chi tiết gói", "description": "Các yêu cầu thêm về sản phẩm: chất liệu, số lượng ảnh, v.v."}, {"name": "wedding_day_services_needed", "label": "Dịch vụ ngày cưới cần dùng", "description": "Khách cần dịch vụ nào trong ngày cưới: chụp, quay, makeup, trang phục; hoặc full combo."}, {"name": "wedding_day_schedule", "label": "Lịch trình ngày cưới", "description": "Lịch trình diễn ra trong ngày cưới (ví dụ sáng gia tiên rước dâu, chiều tiệc nhà hàng...)."}]}
OUTPUT:
[
  {
    "slot": "wedding_day_services_needed",
    "value": "cho thuê váy cưới",
    "confidence": 0.95
  }
]

=== CASE 156 | generate_slot_question ===
INPUT:
{"intent": "ask_service_info", "branch": "wedding_day_consultation", "target_slot": "wedding_date", "slot_label": "Ngày cưới", "slot_description": "Ngày cưới cụ thể của khách (nếu đã chốt).", "slot_evidence": ["Cho em hỏi anh/chị đã có ngày cưới cụ thể chưa", "Ngày cưới của mình là ngày bao nhiêu"], "slot_synonyms": ["ngày cưới", "ngày bao nhiêu", "ngày tổ chức", "đã có ngày cưới cụ thể chưa"], "slot_examples": ["15/10/2026", "ngày 20 tháng 3"], "slot_applies_to": ["greeting_initial_qualification", "wedding_day_consultation", "resort_wedding_consultation"], "slot_type": "date", "slot_required": true, "slot_priority": "high", "customer_name": "Duc Anhh", "known_slots": {"wedding_date": null, "wedding_day_services_needed": "cho thuê váy cưới", "wedding_day_schedule": null, "desired_products_details": null}, "asked_slot_values": {"wedding_day_services_needed": "cho thuê váy cưới"}, "latest_user_message": "Có cho thuê váy cưới không?", "recent_conversation_history": [{"role": "user", "content": "Có cho thuê váy cưới không?"}]}
OUTPUT:
{
  "question": "Dạ anh Duc Anhh đã chốt ngày cưới cụ thể chưa ạ?"
}

=== CASE 157 | detect_intent ===
INPUT:
{"current_message": "Dạ cho hỏi bên mình có mẫu váy cưới ngắn ko ạ?", "history_last_5": [], "asked_slots": [], "missing_slots": []}
OUTPUT:
{"intent":"ask_service_info","confidence":0.98}

=== CASE 158 | detect_branch ===
INPUT:
{"intent": "ask_service_info", "branch_hint": null, "text": "Dạ cho hỏi bên mình có mẫu váy cưới ngắn ko ạ?", "branch_options": [{"name": "greeting_initial_qualification", "label": "Xác định đã có ngày cưới chưa và khách quan tâm chụp pre-wedding, ngày cưới, hay cả hai."}, {"name": "prewedding_consultation", "label": "Tư vấn chụp pre-wedding (studio/ngoại cảnh), concept, địa điểm, số lượng, sản phẩm mong muốn."}, {"name": "wedding_day_consultation", "label": "Tư vấn dịch vụ ngày cưới (chụp/quay/makeup/trang phục), ngày cưới, lịch trình trong ngày, nhu cầu số lượng máy/cam."}, {"name": "resort_wedding_consultation", "label": "Tư vấn tiệc cưới kiểu riêng tư/resort: ý tưởng, địa điểm tổ chức, resort cụ thể, timeline, có wedding planner hay tự làm."}]}
OUTPUT:
{"branch":"wedding_day_consultation","confidence":0.92}

=== CASE 159 | detect_slots ===
INPUT:
{"intent": "ask_service_info", "branch_name": "wedding_day_consultation", "text": "Dạ cho hỏi bên mình có mẫu váy cưới ngắn ko ạ?", "slot_options": [{"name": "wedding_date", "label": "Ngày cưới", "description": "Ngày cưới cụ thể của khách (nếu đã chốt)."}, {"name": "desired_products_details", "label": "Mong muốn về sản phẩm/chi tiết gói", "description": "Các yêu cầu thêm về sản phẩm: chất liệu, số lượng ảnh, v.v."}, {"name": "wedding_day_services_needed", "label": "Dịch vụ ngày cưới cần dùng", "description": "Khách cần dịch vụ nào trong ngày cưới: chụp, quay, makeup, trang phục; hoặc full combo."}, {"name": "wedding_day_schedule", "label": "Lịch trình ngày cưới", "description": "Lịch trình diễn ra trong ngày cưới (ví dụ sáng gia tiên rước dâu, chiều tiệc nhà hàng...)."}]}
OUTPUT:
[
  {
    "slot": "desired_products_details",
    "value": "mẫu váy cưới ngắn",
    "confidence": 0.0
  }
]

=== CASE 160 | generate_slot_question ===
INPUT:
{"intent": "ask_service_info", "branch": "wedding_day_consultation", "target_slot": "wedding_date", "slot_label": "Ngày cưới", "slot_description": "Ngày cưới cụ thể của khách (nếu đã chốt).", "slot_evidence": ["Cho em hỏi anh/chị đã có ngày cưới cụ thể chưa", "Ngày cưới của mình là ngày bao nhiêu"], "slot_synonyms": ["ngày cưới", "ngày bao nhiêu", "ngày tổ chức", "đã có ngày cưới cụ thể chưa"], "slot_examples": ["15/10/2026", "ngày 20 tháng 3"], "slot_applies_to": ["greeting_initial_qualification", "wedding_day_consultation", "resort_wedding_consultation"], "slot_type": "date", "slot_required": true, "slot_priority": "high", "customer_name": "Hy Maii", "known_slots": {"wedding_date": null, "wedding_day_services_needed": null, "wedding_day_schedule": null, "desired_products_details": "mẫu váy cưới ngắn"}, "asked_slot_values": {"desired_products_details": "mẫu váy cưới ngắn"}, "latest_user_message": "Dạ cho hỏi bên mình có mẫu váy cưới ngắn ko ạ?", "recent_conversation_history": [{"role": "user", "content": "Dạ cho hỏi bên mình có mẫu váy cưới ngắn ko ạ?"}]}
OUTPUT:
{"question":"Dạ, chị Hy Maii đã chốt ngày cưới cụ thể chưa ạ?"}

=== CASE 161 | detect_intent ===
INPUT:
{"current_message": "Cho em xin chi phí chụp tại studio với ạ", "history_last_5": [], "asked_slots": [], "missing_slots": []}
OUTPUT:
{"intent":"price_request","confidence":0.98}

=== CASE 162 | detect_branch ===
INPUT:
{"intent": "price_request", "branch_hint": null, "text": "Cho em xin chi phí chụp tại studio với ạ", "branch_options": [{"name": "greeting_initial_qualification", "label": "Xác định đã có ngày cưới chưa và khách quan tâm chụp pre-wedding, ngày cưới, hay cả hai."}, {"name": "prewedding_consultation", "label": "Tư vấn chụp pre-wedding (studio/ngoại cảnh), concept, địa điểm, số lượng, sản phẩm mong muốn."}, {"name": "wedding_day_consultation", "label": "Tư vấn dịch vụ ngày cưới (chụp/quay/makeup/trang phục), ngày cưới, lịch trình trong ngày, nhu cầu số lượng máy/cam."}, {"name": "resort_wedding_consultation", "label": "Tư vấn tiệc cưới kiểu riêng tư/resort: ý tưởng, địa điểm tổ chức, resort cụ thể, timeline, có wedding planner hay tự làm."}]}
OUTPUT:
{"branch":"prewedding_consultation","confidence":0.96}

=== CASE 163 | detect_slots ===
INPUT:
{"intent": "price_request", "branch_name": "prewedding_consultation", "text": "Cho em xin chi phí chụp tại studio với ạ", "slot_options": [{"name": "prewedding_shoot_type", "label": "Hình thức chụp pre-wedding", "description": "Khách muốn chụp ngoại cảnh, trong studio, hay kết hợp cả hai."}, {"name": "prewedding_concept_preference", "label": "Concept chụp pre-wedding mong muốn", "description": "Concept/ý tưởng chụp mà khách mong muốn (ví dụ phông nền trơn, setup hoa lụa/hoa tươi/bàn tiệc...)."}, {"name": "prewedding_outdoor_location", "label": "Địa điểm chụp ngoại cảnh", "description": "Địa điểm khách dự định chụp ngoại cảnh (nếu có)."}, {"name": "desired_products_details", "label": "Mong muốn về sản phẩm/chi tiết gói", "description": "Các yêu cầu thêm về sản phẩm: chất liệu, số lượng ảnh, v.v."}]}
OUTPUT:
[
  {
    "slot": "prewedding_shoot_type",
    "value": "studio",
    "confidence": 0.98
  }
]

=== CASE 164 | generate_slot_question ===
INPUT:
{"intent": "price_request", "branch": "prewedding_consultation", "target_slot": "prewedding_concept_preference", "slot_label": "Concept chụp pre-wedding mong muốn", "slot_description": "Concept/ý tưởng chụp mà khách mong muốn (ví dụ phông nền trơn, setup hoa lụa/hoa tươi/bàn tiệc...).", "slot_evidence": ["Không biết là ac đã có concept chụp mà mình mong muốn chưa ạ"], "slot_synonyms": ["concept", "ý tưởng chụp", "style chụp"], "slot_examples": ["phông nền trơn", "concept hoa tươi", "setup bàn tiệc"], "slot_applies_to": ["prewedding_consultation"], "slot_type": "text", "slot_required": false, "slot_priority": "medium", "customer_name": "Nguyên Hồng", "known_slots": {"prewedding_shoot_type": "studio", "prewedding_concept_preference": null, "prewedding_outdoor_location": null, "desired_products_details": null}, "asked_slot_values": {"prewedding_shoot_type": "studio"}, "latest_user_message": "Cho em xin chi phí chụp tại studio với ạ", "recent_conversation_history": [{"role": "user", "content": "Cho em xin chi phí chụp tại studio với ạ"}]}
OUTPUT:
{"question":"Dạ anh Nguyên Hồng mong muốn concept chụp pre-wedding ở studio như thế nào ạ? (ví dụ: phông nền trơn, hoa tươi, setup bàn tiệc)"}

=== CASE 165 | detect_intent ===
INPUT:
{"current_message": "Mình muốn tham khảo gói chụp ngoại cảnh tại vinpearl nha", "history_last_5": [], "asked_slots": [], "missing_slots": []}
OUTPUT:
{"intent":"ask_service_info","confidence":0.96}

=== CASE 166 | detect_branch ===
INPUT:
{"intent": "ask_service_info", "branch_hint": null, "text": "Mình muốn tham khảo gói chụp ngoại cảnh tại vinpearl nha", "branch_options": [{"name": "greeting_initial_qualification", "label": "Xác định đã có ngày cưới chưa và khách quan tâm chụp pre-wedding, ngày cưới, hay cả hai."}, {"name": "prewedding_consultation", "label": "Tư vấn chụp pre-wedding (studio/ngoại cảnh), concept, địa điểm, số lượng, sản phẩm mong muốn."}, {"name": "wedding_day_consultation", "label": "Tư vấn dịch vụ ngày cưới (chụp/quay/makeup/trang phục), ngày cưới, lịch trình trong ngày, nhu cầu số lượng máy/cam."}, {"name": "resort_wedding_consultation", "label": "Tư vấn tiệc cưới kiểu riêng tư/resort: ý tưởng, địa điểm tổ chức, resort cụ thể, timeline, có wedding planner hay tự làm."}]}
OUTPUT:
{"branch":"prewedding_consultation","confidence":0.95}

=== CASE 167 | detect_slots ===
INPUT:
{"intent": "ask_service_info", "branch_name": "prewedding_consultation", "text": "Mình muốn tham khảo gói chụp ngoại cảnh tại vinpearl nha", "slot_options": [{"name": "prewedding_shoot_type", "label": "Hình thức chụp pre-wedding", "description": "Khách muốn chụp ngoại cảnh, trong studio, hay kết hợp cả hai."}, {"name": "prewedding_concept_preference", "label": "Concept chụp pre-wedding mong muốn", "description": "Concept/ý tưởng chụp mà khách mong muốn (ví dụ phông nền trơn, setup hoa lụa/hoa tươi/bàn tiệc...)."}, {"name": "prewedding_outdoor_location", "label": "Địa điểm chụp ngoại cảnh", "description": "Địa điểm khách dự định chụp ngoại cảnh (nếu có)."}, {"name": "desired_products_details", "label": "Mong muốn về sản phẩm/chi tiết gói", "description": "Các yêu cầu thêm về sản phẩm: chất liệu, số lượng ảnh, v.v."}]}
OUTPUT:
[
  {
    "slot": "prewedding_shoot_type",
    "value": "ngoại cảnh",
    "confidence": 0.95
  },
  {
    "slot": "prewedding_outdoor_location",
    "value": "vinpearl",
    "confidence": 0.95
  }
]

=== CASE 168 | generate_slot_question ===
INPUT:
{"intent": "ask_service_info", "branch": "prewedding_consultation", "target_slot": "prewedding_concept_preference", "slot_label": "Concept chụp pre-wedding mong muốn", "slot_description": "Concept/ý tưởng chụp mà khách mong muốn (ví dụ phông nền trơn, setup hoa lụa/hoa tươi/bàn tiệc...).", "slot_evidence": ["Không biết là ac đã có concept chụp mà mình mong muốn chưa ạ"], "slot_synonyms": ["concept", "ý tưởng chụp", "style chụp"], "slot_examples": ["phông nền trơn", "concept hoa tươi", "setup bàn tiệc"], "slot_applies_to": ["prewedding_consultation"], "slot_type": "text", "slot_required": false, "slot_priority": "medium", "customer_name": "Dung My", "known_slots": {"prewedding_shoot_type": "ngoại cảnh", "prewedding_concept_preference": null, "prewedding_outdoor_location": "vinpearl", "desired_products_details": null}, "asked_slot_values": {"prewedding_outdoor_location": "vinpearl", "prewedding_shoot_type": "ngoại cảnh"}, "latest_user_message": "Mình muốn tham khảo gói chụp ngoại cảnh tại vinpearl nha", "recent_conversation_history": [{"role": "user", "content": "Mình muốn tham khảo gói chụp ngoại cảnh tại vinpearl nha"}]}
OUTPUT:
{"question":"Dạ chị Dung My mong muốn concept chụp pre-wedding tại Vinpearl như thế nào ạ?"}

=== CASE 169 | detect_intent ===
INPUT:
{"current_message": "Tư vấn gói lễ Gia Tiên và Tiệc cưới", "history_last_5": [], "asked_slots": [], "missing_slots": []}
OUTPUT:
{"intent":"ask_service_info","confidence":0.95}

=== CASE 170 | detect_branch ===
INPUT:
{"intent": "ask_service_info", "branch_hint": null, "text": "Tư vấn gói lễ Gia Tiên và Tiệc cưới", "branch_options": [{"name": "greeting_initial_qualification", "label": "Xác định đã có ngày cưới chưa và khách quan tâm chụp pre-wedding, ngày cưới, hay cả hai."}, {"name": "prewedding_consultation", "label": "Tư vấn chụp pre-wedding (studio/ngoại cảnh), concept, địa điểm, số lượng, sản phẩm mong muốn."}, {"name": "wedding_day_consultation", "label": "Tư vấn dịch vụ ngày cưới (chụp/quay/makeup/trang phục), ngày cưới, lịch trình trong ngày, nhu cầu số lượng máy/cam."}, {"name": "resort_wedding_consultation", "label": "Tư vấn tiệc cưới kiểu riêng tư/resort: ý tưởng, địa điểm tổ chức, resort cụ thể, timeline, có wedding planner hay tự làm."}]}
OUTPUT:
{"branch":"wedding_day_consultation","confidence":0.95}

=== CASE 171 | detect_slots ===
INPUT:
{"intent": "ask_service_info", "branch_name": "wedding_day_consultation", "text": "Tư vấn gói lễ Gia Tiên và Tiệc cưới", "slot_options": [{"name": "wedding_date", "label": "Ngày cưới", "description": "Ngày cưới cụ thể của khách (nếu đã chốt)."}, {"name": "desired_products_details", "label": "Mong muốn về sản phẩm/chi tiết gói", "description": "Các yêu cầu thêm về sản phẩm: chất liệu, số lượng ảnh, v.v."}, {"name": "wedding_day_services_needed", "label": "Dịch vụ ngày cưới cần dùng", "description": "Khách cần dịch vụ nào trong ngày cưới: chụp, quay, makeup, trang phục; hoặc full combo."}, {"name": "wedding_day_schedule", "label": "Lịch trình ngày cưới", "description": "Lịch trình diễn ra trong ngày cưới (ví dụ sáng gia tiên rước dâu, chiều tiệc nhà hàng...)."}]}
OUTPUT:
[
  {
    "slot": "wedding_day_services_needed",
    "value": "gói lễ Gia Tiên và Tiệc cưới",
    "confidence": 0.9
  }
]

=== CASE 172 | generate_slot_question ===
INPUT:
{"intent": "ask_service_info", "branch": "wedding_day_consultation", "target_slot": "wedding_date", "slot_label": "Ngày cưới", "slot_description": "Ngày cưới cụ thể của khách (nếu đã chốt).", "slot_evidence": ["Cho em hỏi anh/chị đã có ngày cưới cụ thể chưa", "Ngày cưới của mình là ngày bao nhiêu"], "slot_synonyms": ["ngày cưới", "ngày bao nhiêu", "ngày tổ chức", "đã có ngày cưới cụ thể chưa"], "slot_examples": ["15/10/2026", "ngày 20 tháng 3"], "slot_applies_to": ["greeting_initial_qualification", "wedding_day_consultation", "resort_wedding_consultation"], "slot_type": "date", "slot_required": true, "slot_priority": "high", "customer_name": "Hồng Niệm", "known_slots": {"wedding_date": null, "wedding_day_services_needed": "gói lễ Gia Tiên và Tiệc cưới", "wedding_day_schedule": null, "desired_products_details": null}, "asked_slot_values": {"wedding_day_services_needed": "gói lễ Gia Tiên và Tiệc cưới"}, "latest_user_message": "Tư vấn gói lễ Gia Tiên và Tiệc cưới", "recent_conversation_history": [{"role": "user", "content": "Tư vấn gói lễ Gia Tiên và Tiệc cưới"}]}
OUTPUT:
{
  "question": "Dạ chị Hồng Niệm đã chốt ngày cưới cụ thể chưa ạ?"
}

=== CASE 173 | detect_intent ===
INPUT:
{"current_message": "E muốn chụp kiểu Hàn Quốc trong studio ak.", "history_last_5": [], "asked_slots": [], "missing_slots": []}
OUTPUT:
{"intent":"provide_information","confidence":0.95}

=== CASE 174 | detect_branch ===
INPUT:
{"intent": "provide_information", "branch_hint": null, "text": "E muốn chụp kiểu Hàn Quốc trong studio ak.", "branch_options": [{"name": "greeting_initial_qualification", "label": "Xác định đã có ngày cưới chưa và khách quan tâm chụp pre-wedding, ngày cưới, hay cả hai."}, {"name": "prewedding_consultation", "label": "Tư vấn chụp pre-wedding (studio/ngoại cảnh), concept, địa điểm, số lượng, sản phẩm mong muốn."}, {"name": "wedding_day_consultation", "label": "Tư vấn dịch vụ ngày cưới (chụp/quay/makeup/trang phục), ngày cưới, lịch trình trong ngày, nhu cầu số lượng máy/cam."}, {"name": "resort_wedding_consultation", "label": "Tư vấn tiệc cưới kiểu riêng tư/resort: ý tưởng, địa điểm tổ chức, resort cụ thể, timeline, có wedding planner hay tự làm."}]}
OUTPUT:
{"branch":"prewedding_consultation","confidence":0.95}

=== CASE 175 | detect_slots ===
INPUT:
{"intent": "provide_information", "branch_name": "prewedding_consultation", "text": "E muốn chụp kiểu Hàn Quốc trong studio ak.", "slot_options": [{"name": "prewedding_shoot_type", "label": "Hình thức chụp pre-wedding", "description": "Khách muốn chụp ngoại cảnh, trong studio, hay kết hợp cả hai."}, {"name": "prewedding_concept_preference", "label": "Concept chụp pre-wedding mong muốn", "description": "Concept/ý tưởng chụp mà khách mong muốn (ví dụ phông nền trơn, setup hoa lụa/hoa tươi/bàn tiệc...)."}, {"name": "prewedding_outdoor_location", "label": "Địa điểm chụp ngoại cảnh", "description": "Địa điểm khách dự định chụp ngoại cảnh (nếu có)."}, {"name": "desired_products_details", "label": "Mong muốn về sản phẩm/chi tiết gói", "description": "Các yêu cầu thêm về sản phẩm: chất liệu, số lượng ảnh, v.v."}]}
OUTPUT:
[
  {
    "slot": "prewedding_shoot_type",
    "value": "trong studio",
    "confidence": 0.98
  },
  {
    "slot": "prewedding_concept_preference",
    "value": "kiểu Hàn Quốc",
    "confidence": 0.98
  }
]

=== CASE 176 | generate_slot_question ===
INPUT:
{"intent": "provide_information", "branch": "prewedding_consultation", "target_slot": "prewedding_outdoor_location", "slot_label": "Địa điểm chụp ngoại cảnh", "slot_description": "Địa điểm khách dự định chụp ngoại cảnh (nếu có).", "slot_evidence": ["mình đã có dự định sẽ chụp ở địa điểm nào chưa ac ha", "Bình minh buổi sáng ở NT em có những địa điểm này ac có thể tham khảo thêm"], "slot_synonyms": ["địa điểm chụp", "chụp ở đâu", "ngoại cảnh ở đâu"], "slot_examples": ["Nha Trang", "địa điểm chụp bình minh ở NT"], "slot_applies_to": ["prewedding_consultation"], "slot_type": "location", "slot_required": false, "slot_priority": "medium", "customer_name": "Nguyên Phạm", "known_slots": {"prewedding_shoot_type": "trong studio", "prewedding_concept_preference": "kiểu Hàn Quốc", "prewedding_outdoor_location": null, "desired_products_details": null}, "asked_slot_values": {"prewedding_concept_preference": "kiểu Hàn Quốc", "prewedding_shoot_type": "trong studio"}, "latest_user_message": "E muốn chụp kiểu Hàn Quốc trong studio ak.", "recent_conversation_history": [{"role": "user", "content": "E muốn chụp kiểu Hàn Quốc trong studio ak."}]}
OUTPUT:
{
  "question": "Dạ anh Nguyên Phạm có dự định chụp ngoại cảnh ở địa điểm nào không ạ?"
}

=== CASE 177 | detect_intent ===
INPUT:
{"current_message": "Bên mình có nhận lịch cưới vào dịp Tết không ạ?", "history_last_5": [], "asked_slots": [], "missing_slots": []}
OUTPUT:
{"intent":"ask_service_info","confidence":0.95}

=== CASE 178 | detect_branch ===
INPUT:
{"intent": "ask_service_info", "branch_hint": null, "text": "Bên mình có nhận lịch cưới vào dịp Tết không ạ?", "branch_options": [{"name": "greeting_initial_qualification", "label": "Xác định đã có ngày cưới chưa và khách quan tâm chụp pre-wedding, ngày cưới, hay cả hai."}, {"name": "prewedding_consultation", "label": "Tư vấn chụp pre-wedding (studio/ngoại cảnh), concept, địa điểm, số lượng, sản phẩm mong muốn."}, {"name": "wedding_day_consultation", "label": "Tư vấn dịch vụ ngày cưới (chụp/quay/makeup/trang phục), ngày cưới, lịch trình trong ngày, nhu cầu số lượng máy/cam."}, {"name": "resort_wedding_consultation", "label": "Tư vấn tiệc cưới kiểu riêng tư/resort: ý tưởng, địa điểm tổ chức, resort cụ thể, timeline, có wedding planner hay tự làm."}]}
OUTPUT:
{"branch":"wedding_day_consultation","confidence":0.92}

=== CASE 179 | detect_slots ===
INPUT:
{"intent": "ask_service_info", "branch_name": "wedding_day_consultation", "text": "Bên mình có nhận lịch cưới vào dịp Tết không ạ?", "slot_options": [{"name": "wedding_date", "label": "Ngày cưới", "description": "Ngày cưới cụ thể của khách (nếu đã chốt)."}, {"name": "desired_products_details", "label": "Mong muốn về sản phẩm/chi tiết gói", "description": "Các yêu cầu thêm về sản phẩm: chất liệu, số lượng ảnh, v.v."}, {"name": "wedding_day_services_needed", "label": "Dịch vụ ngày cưới cần dùng", "description": "Khách cần dịch vụ nào trong ngày cưới: chụp, quay, makeup, trang phục; hoặc full combo."}, {"name": "wedding_day_schedule", "label": "Lịch trình ngày cưới", "description": "Lịch trình diễn ra trong ngày cưới (ví dụ sáng gia tiên rước dâu, chiều tiệc nhà hàng...)."}]}
OUTPUT:
[]

=== CASE 180 | generate_slot_question ===
INPUT:
{"intent": "ask_service_info", "branch": "wedding_day_consultation", "target_slot": "wedding_date", "slot_label": "Ngày cưới", "slot_description": "Ngày cưới cụ thể của khách (nếu đã chốt).", "slot_evidence": ["Cho em hỏi anh/chị đã có ngày cưới cụ thể chưa", "Ngày cưới của mình là ngày bao nhiêu"], "slot_synonyms": ["ngày cưới", "ngày bao nhiêu", "ngày tổ chức", "đã có ngày cưới cụ thể chưa"], "slot_examples": ["15/10/2026", "ngày 20 tháng 3"], "slot_applies_to": ["greeting_initial_qualification", "wedding_day_consultation", "resort_wedding_consultation"], "slot_type": "date", "slot_required": true, "slot_priority": "high", "customer_name": "Thảo Vy", "known_slots": {"wedding_date": null, "wedding_day_services_needed": null, "wedding_day_schedule": null, "desired_products_details": null}, "asked_slot_values": {}, "latest_user_message": "Bên mình có nhận lịch cưới vào dịp Tết không ạ?", "recent_conversation_history": [{"role": "user", "content": "Bên mình có nhận lịch cưới vào dịp Tết không ạ?"}]}
OUTPUT:
{"question":"Dạ chị Thảo Vy đã chốt ngày cưới cụ thể chưa ạ? Ngày nào vậy ạ?"}

=== CASE 181 | detect_intent ===
INPUT:
{"current_message": "Nếu ngày cưới trùng lễ thì giá có khác không ạ?", "history_last_5": [], "asked_slots": [], "missing_slots": []}
OUTPUT:
{"intent":"price_request","confidence":0.95}

=== CASE 182 | detect_branch ===
INPUT:
{"intent": "price_request", "branch_hint": null, "text": "Nếu ngày cưới trùng lễ thì giá có khác không ạ?", "branch_options": [{"name": "greeting_initial_qualification", "label": "Xác định đã có ngày cưới chưa và khách quan tâm chụp pre-wedding, ngày cưới, hay cả hai."}, {"name": "prewedding_consultation", "label": "Tư vấn chụp pre-wedding (studio/ngoại cảnh), concept, địa điểm, số lượng, sản phẩm mong muốn."}, {"name": "wedding_day_consultation", "label": "Tư vấn dịch vụ ngày cưới (chụp/quay/makeup/trang phục), ngày cưới, lịch trình trong ngày, nhu cầu số lượng máy/cam."}, {"name": "resort_wedding_consultation", "label": "Tư vấn tiệc cưới kiểu riêng tư/resort: ý tưởng, địa điểm tổ chức, resort cụ thể, timeline, có wedding planner hay tự làm."}]}
OUTPUT:
{"branch":"wedding_day_consultation","confidence":0.9}

=== CASE 183 | detect_slots ===
INPUT:
{"intent": "price_request", "branch_name": "wedding_day_consultation", "text": "Nếu ngày cưới trùng lễ thì giá có khác không ạ?", "slot_options": [{"name": "wedding_date", "label": "Ngày cưới", "description": "Ngày cưới cụ thể của khách (nếu đã chốt)."}, {"name": "desired_products_details", "label": "Mong muốn về sản phẩm/chi tiết gói", "description": "Các yêu cầu thêm về sản phẩm: chất liệu, số lượng ảnh, v.v."}, {"name": "wedding_day_services_needed", "label": "Dịch vụ ngày cưới cần dùng", "description": "Khách cần dịch vụ nào trong ngày cưới: chụp, quay, makeup, trang phục; hoặc full combo."}, {"name": "wedding_day_schedule", "label": "Lịch trình ngày cưới", "description": "Lịch trình diễn ra trong ngày cưới (ví dụ sáng gia tiên rước dâu, chiều tiệc nhà hàng...)."}]}
OUTPUT:
[
  {
    "slot": "wedding_date",
    "value": "trùng lễ",
    "confidence": 0.0
  }
]

=== CASE 184 | generate_slot_question ===
INPUT:
{"intent": "price_request", "branch": "wedding_day_consultation", "target_slot": "wedding_day_services_needed", "slot_label": "Dịch vụ ngày cưới cần dùng", "slot_description": "Khách cần dịch vụ nào trong ngày cưới: chụp, quay, makeup, trang phục; hoặc full combo.", "slot_evidence": ["Trong ngày cưới bên em có những dịch vụ như chụp, quay, makeup và trang phục (váy, vest, áo dài CDCR). Ac đang cần 1 trong những dv trên hay sẽ cần full combo luôn ạ"], "slot_synonyms": ["cần dịch vụ gì", "chỉ cần chụp/quay", "full combo"], "slot_examples": ["chụp", "quay", "makeup", "trang phục", "full combo"], "slot_applies_to": ["wedding_day_consultation"], "slot_type": "multi_select", "slot_required": true, "slot_priority": "high", "customer_name": "Hồng Nhung", "known_slots": {"wedding_date": "trùng lễ", "wedding_day_services_needed": null, "wedding_day_schedule": null, "desired_products_details": null}, "asked_slot_values": {"wedding_date": "trùng lễ"}, "latest_user_message": "Nếu ngày cưới trùng lễ thì giá có khác không ạ?", "recent_conversation_history": [{"role": "user", "content": "Nếu ngày cưới trùng lễ thì giá có khác không ạ?"}]}
OUTPUT:
{"question":"Dạ chị Hồng Nhung, ngày cưới mình cần những dịch vụ nào: chụp, quay, makeup, trang phục hay full combo ạ?"}

=== CASE 185 | detect_intent ===
INPUT:
{"current_message": "Ngày cưới em là 18/11, cần gặp tư vấn trước không ạ?", "history_last_5": [], "asked_slots": [], "missing_slots": []}
OUTPUT:
{"intent":"ask_service_info","confidence":0.92}

=== CASE 186 | detect_branch ===
INPUT:
{"intent": "ask_service_info", "branch_hint": null, "text": "Ngày cưới em là 18/11, cần gặp tư vấn trước không ạ?", "branch_options": [{"name": "greeting_initial_qualification", "label": "Xác định đã có ngày cưới chưa và khách quan tâm chụp pre-wedding, ngày cưới, hay cả hai."}, {"name": "prewedding_consultation", "label": "Tư vấn chụp pre-wedding (studio/ngoại cảnh), concept, địa điểm, số lượng, sản phẩm mong muốn."}, {"name": "wedding_day_consultation", "label": "Tư vấn dịch vụ ngày cưới (chụp/quay/makeup/trang phục), ngày cưới, lịch trình trong ngày, nhu cầu số lượng máy/cam."}, {"name": "resort_wedding_consultation", "label": "Tư vấn tiệc cưới kiểu riêng tư/resort: ý tưởng, địa điểm tổ chức, resort cụ thể, timeline, có wedding planner hay tự làm."}]}
OUTPUT:
{"branch":"wedding_day_consultation","confidence":0.95}

=== CASE 187 | detect_slots ===
INPUT:
{"intent": "ask_service_info", "branch_name": "wedding_day_consultation", "text": "Ngày cưới em là 18/11, cần gặp tư vấn trước không ạ?", "slot_options": [{"name": "wedding_date", "label": "Ngày cưới", "description": "Ngày cưới cụ thể của khách (nếu đã chốt)."}, {"name": "desired_products_details", "label": "Mong muốn về sản phẩm/chi tiết gói", "description": "Các yêu cầu thêm về sản phẩm: chất liệu, số lượng ảnh, v.v."}, {"name": "wedding_day_services_needed", "label": "Dịch vụ ngày cưới cần dùng", "description": "Khách cần dịch vụ nào trong ngày cưới: chụp, quay, makeup, trang phục; hoặc full combo."}, {"name": "wedding_day_schedule", "label": "Lịch trình ngày cưới", "description": "Lịch trình diễn ra trong ngày cưới (ví dụ sáng gia tiên rước dâu, chiều tiệc nhà hàng...)."}]}
OUTPUT:
[
  {
    "slot": "wedding_date",
    "value": "18/11",
    "confidence": 0.0
  }
]

=== CASE 188 | generate_slot_question ===
INPUT:
{"intent": "ask_service_info", "branch": "wedding_day_consultation", "target_slot": "wedding_day_services_needed", "slot_label": "Dịch vụ ngày cưới cần dùng", "slot_description": "Khách cần dịch vụ nào trong ngày cưới: chụp, quay, makeup, trang phục; hoặc full combo.", "slot_evidence": ["Trong ngày cưới bên em có những dịch vụ như chụp, quay, makeup và trang phục (váy, vest, áo dài CDCR). Ac đang cần 1 trong những dv trên hay sẽ cần full combo luôn ạ"], "slot_synonyms": ["cần dịch vụ gì", "chỉ cần chụp/quay", "full combo"], "slot_examples": ["chụp", "quay", "makeup", "trang phục", "full combo"], "slot_applies_to": ["wedding_day_consultation"], "slot_type": "multi_select", "slot_required": true, "slot_priority": "high", "customer_name": "Thanh Trúc", "known_slots": {"wedding_date": "18/11", "wedding_day_services_needed": null, "wedding_day_schedule": null, "desired_products_details": null}, "asked_slot_values": {"wedding_date": "18/11"}, "latest_user_message": "Ngày cưới em là 18/11, cần gặp tư vấn trước không ạ?", "recent_conversation_history": [{"role": "user", "content": "Ngày cưới em là 18/11, cần gặp tư vấn trước không ạ?"}]}
OUTPUT:
{"question":"Dạ chị Thanh Trúc cho em hỏi ngày cưới cần dịch vụ gì: chụp, quay, makeup, trang phục hay full combo ạ?"}

=== CASE 189 | detect_intent ===
INPUT:
{"current_message": "Cho em hỏi mình có nhận lịch gấp trong tuần này không?", "history_last_5": [], "asked_slots": [], "missing_slots": []}
OUTPUT:
{"intent":"ask_service_info","confidence":0.95}

=== CASE 190 | detect_branch ===
INPUT:
{"intent": "ask_service_info", "branch_hint": null, "text": "Cho em hỏi mình có nhận lịch gấp trong tuần này không?", "branch_options": [{"name": "greeting_initial_qualification", "label": "Xác định đã có ngày cưới chưa và khách quan tâm chụp pre-wedding, ngày cưới, hay cả hai."}, {"name": "prewedding_consultation", "label": "Tư vấn chụp pre-wedding (studio/ngoại cảnh), concept, địa điểm, số lượng, sản phẩm mong muốn."}, {"name": "wedding_day_consultation", "label": "Tư vấn dịch vụ ngày cưới (chụp/quay/makeup/trang phục), ngày cưới, lịch trình trong ngày, nhu cầu số lượng máy/cam."}, {"name": "resort_wedding_consultation", "label": "Tư vấn tiệc cưới kiểu riêng tư/resort: ý tưởng, địa điểm tổ chức, resort cụ thể, timeline, có wedding planner hay tự làm."}]}
OUTPUT:
{"branch":"wedding_day_consultation","confidence":0.9}

=== CASE 191 | detect_slots ===
INPUT:
{"intent": "ask_service_info", "branch_name": "wedding_day_consultation", "text": "Cho em hỏi mình có nhận lịch gấp trong tuần này không?", "slot_options": [{"name": "wedding_date", "label": "Ngày cưới", "description": "Ngày cưới cụ thể của khách (nếu đã chốt)."}, {"name": "desired_products_details", "label": "Mong muốn về sản phẩm/chi tiết gói", "description": "Các yêu cầu thêm về sản phẩm: chất liệu, số lượng ảnh, v.v."}, {"name": "wedding_day_services_needed", "label": "Dịch vụ ngày cưới cần dùng", "description": "Khách cần dịch vụ nào trong ngày cưới: chụp, quay, makeup, trang phục; hoặc full combo."}, {"name": "wedding_day_schedule", "label": "Lịch trình ngày cưới", "description": "Lịch trình diễn ra trong ngày cưới (ví dụ sáng gia tiên rước dâu, chiều tiệc nhà hàng...)."}]}
OUTPUT:
[]

=== CASE 192 | generate_slot_question ===
INPUT:
{"intent": "ask_service_info", "branch": "wedding_day_consultation", "target_slot": "wedding_date", "slot_label": "Ngày cưới", "slot_description": "Ngày cưới cụ thể của khách (nếu đã chốt).", "slot_evidence": ["Cho em hỏi anh/chị đã có ngày cưới cụ thể chưa", "Ngày cưới của mình là ngày bao nhiêu"], "slot_synonyms": ["ngày cưới", "ngày bao nhiêu", "ngày tổ chức", "đã có ngày cưới cụ thể chưa"], "slot_examples": ["15/10/2026", "ngày 20 tháng 3"], "slot_applies_to": ["greeting_initial_qualification", "wedding_day_consultation", "resort_wedding_consultation"], "slot_type": "date", "slot_required": true, "slot_priority": "high", "customer_name": "Như Ý", "known_slots": {"wedding_date": null, "wedding_day_services_needed": null, "wedding_day_schedule": null, "desired_products_details": null}, "asked_slot_values": {}, "latest_user_message": "Cho em hỏi mình có nhận lịch gấp trong tuần này không?", "recent_conversation_history": [{"role": "user", "content": "Cho em hỏi mình có nhận lịch gấp trong tuần này không?"}]}
OUTPUT:
{
  "question": "Dạ chị Như Ý, ngày cưới cụ thể của mình là ngày nào ạ?"
}

=== CASE 193 | detect_intent ===
INPUT:
{"current_message": "Nếu em cưới vào ngày 30/9 thì cần đặt cọc bao nhiêu?", "history_last_5": [], "asked_slots": [], "missing_slots": []}
OUTPUT:
{"intent":"price_request","confidence":0.95}

=== CASE 194 | detect_branch ===
INPUT:
{"intent": "price_request", "branch_hint": null, "text": "Nếu em cưới vào ngày 30/9 thì cần đặt cọc bao nhiêu?", "branch_options": [{"name": "greeting_initial_qualification", "label": "Xác định đã có ngày cưới chưa và khách quan tâm chụp pre-wedding, ngày cưới, hay cả hai."}, {"name": "prewedding_consultation", "label": "Tư vấn chụp pre-wedding (studio/ngoại cảnh), concept, địa điểm, số lượng, sản phẩm mong muốn."}, {"name": "wedding_day_consultation", "label": "Tư vấn dịch vụ ngày cưới (chụp/quay/makeup/trang phục), ngày cưới, lịch trình trong ngày, nhu cầu số lượng máy/cam."}, {"name": "resort_wedding_consultation", "label": "Tư vấn tiệc cưới kiểu riêng tư/resort: ý tưởng, địa điểm tổ chức, resort cụ thể, timeline, có wedding planner hay tự làm."}]}
OUTPUT:
{"branch":"wedding_day_consultation","confidence":0.95}

=== CASE 195 | detect_slots ===
INPUT:
{"intent": "price_request", "branch_name": "wedding_day_consultation", "text": "Nếu em cưới vào ngày 30/9 thì cần đặt cọc bao nhiêu?", "slot_options": [{"name": "wedding_date", "label": "Ngày cưới", "description": "Ngày cưới cụ thể của khách (nếu đã chốt)."}, {"name": "desired_products_details", "label": "Mong muốn về sản phẩm/chi tiết gói", "description": "Các yêu cầu thêm về sản phẩm: chất liệu, số lượng ảnh, v.v."}, {"name": "wedding_day_services_needed", "label": "Dịch vụ ngày cưới cần dùng", "description": "Khách cần dịch vụ nào trong ngày cưới: chụp, quay, makeup, trang phục; hoặc full combo."}, {"name": "wedding_day_schedule", "label": "Lịch trình ngày cưới", "description": "Lịch trình diễn ra trong ngày cưới (ví dụ sáng gia tiên rước dâu, chiều tiệc nhà hàng...)."}]}
OUTPUT:
[
  {
    "slot": "wedding_date",
    "value": "30/9",
    "confidence": 0.95
  }
]

=== CASE 196 | generate_slot_question ===
INPUT:
{"intent": "price_request", "branch": "wedding_day_consultation", "target_slot": "wedding_day_services_needed", "slot_label": "Dịch vụ ngày cưới cần dùng", "slot_description": "Khách cần dịch vụ nào trong ngày cưới: chụp, quay, makeup, trang phục; hoặc full combo.", "slot_evidence": ["Trong ngày cưới bên em có những dịch vụ như chụp, quay, makeup và trang phục (váy, vest, áo dài CDCR). Ac đang cần 1 trong những dv trên hay sẽ cần full combo luôn ạ"], "slot_synonyms": ["cần dịch vụ gì", "chỉ cần chụp/quay", "full combo"], "slot_examples": ["chụp", "quay", "makeup", "trang phục", "full combo"], "slot_applies_to": ["wedding_day_consultation"], "slot_type": "multi_select", "slot_required": true, "slot_priority": "high", "customer_name": "Minh Trang", "known_slots": {"wedding_date": "30/9", "wedding_day_services_needed": null, "wedding_day_schedule": null, "desired_products_details": null}, "asked_slot_values": {"wedding_date": "30/9"}, "latest_user_message": "Nếu em cưới vào ngày 30/9 thì cần đặt cọc bao nhiêu?", "recent_conversation_history": [{"role": "user", "content": "Nếu em cưới vào ngày 30/9 thì cần đặt cọc bao nhiêu?"}]}
OUTPUT:
{
  "question": "Dạ chị Minh Trang, ngày 30/9 chị cần dùng dịch vụ nào trong ngày cưới: chụp, quay, makeup, trang phục hay full combo ạ?"
}

=== CASE 197 | detect_intent ===
INPUT:
{"current_message": "Em chưa chốt ngày cưới, bên mình tư vấn giúp được không?", "history_last_5": ["Bên mình có nhận lịch cưới vào dịp Tết không ạ?"], "asked_slots": [], "missing_slots": ["wedding_date", "wedding_day_services_needed", "wedding_day_schedule", "desired_products_details"]}
OUTPUT:
{"intent":"ask_service_info","confidence":0.95}

=== CASE 198 | detect_branch ===
INPUT:
{"intent": "ask_service_info", "branch_hint": null, "text": "Em chưa chốt ngày cưới, bên mình tư vấn giúp được không?", "branch_options": [{"name": "greeting_initial_qualification", "label": "Xác định đã có ngày cưới chưa và khách quan tâm chụp pre-wedding, ngày cưới, hay cả hai."}, {"name": "prewedding_consultation", "label": "Tư vấn chụp pre-wedding (studio/ngoại cảnh), concept, địa điểm, số lượng, sản phẩm mong muốn."}, {"name": "wedding_day_consultation", "label": "Tư vấn dịch vụ ngày cưới (chụp/quay/makeup/trang phục), ngày cưới, lịch trình trong ngày, nhu cầu số lượng máy/cam."}, {"name": "resort_wedding_consultation", "label": "Tư vấn tiệc cưới kiểu riêng tư/resort: ý tưởng, địa điểm tổ chức, resort cụ thể, timeline, có wedding planner hay tự làm."}]}
OUTPUT:
{"branch":"greeting_initial_qualification","confidence":0.9}

=== CASE 199 | detect_slots ===
INPUT:
{"intent": "ask_service_info", "branch_name": "greeting_initial_qualification", "text": "Em chưa chốt ngày cưới, bên mình tư vấn giúp được không?", "slot_options": [{"name": "wedding_date", "label": "Ngày cưới", "description": "Ngày cưới cụ thể của khách (nếu đã chốt)."}, {"name": "service_interest", "label": "Nhu cầu dịch vụ", "description": "Khách quan tâm chụp pre-wedding, chụp/quay ngày cưới, hoặc cả hai."}]}
OUTPUT:
[
  {
    "slot": "wedding_date",
    "value": "chưa chốt ngày cưới",
    "confidence": 0.95
  }
]

=== CASE 200 | generate_slot_question ===
INPUT:
{"intent": "ask_service_info", "branch": "greeting_initial_qualification", "target_slot": "service_interest", "slot_label": "Nhu cầu dịch vụ", "slot_description": "Khách quan tâm chụp pre-wedding, chụp/quay ngày cưới, hoặc cả hai.", "slot_evidence": ["mình đang quan tâm tới chụp pre-wedding / ngày cưới hay cả 2 luôn ạ ?"], "slot_synonyms": ["quan tâm", "cần chụp pre", "cần ngày cưới", "cả hai"], "slot_examples": ["pre-wedding", "ngày cưới", "cả 2"], "slot_applies_to": ["greeting_initial_qualification"], "slot_type": "single_select", "slot_required": true, "slot_priority": "high", "customer_name": "Thảo Vy", "known_slots": {"wedding_date": "chưa chốt ngày cưới", "service_interest": null}, "asked_slot_values": {"wedding_date": "chưa chốt ngày cưới"}, "latest_user_message": "Em chưa chốt ngày cưới, bên mình tư vấn giúp được không?", "recent_conversation_history": [{"role": "user", "content": "Bên mình có nhận lịch cưới vào dịp Tết không ạ?"}, {"role": "assistant", "content": "Dạ chị Thảo Vy đã chốt ngày cưới cụ thể chưa ạ? Ngày nào vậy ạ?"}, {"role": "user", "content": "Em chưa chốt ngày cưới, bên mình tư vấn giúp được không?"}]}
OUTPUT:
{"question":"Dạ chị Thảo Vy, chị muốn chụp pre-wedding, chụp ngày cưới hay cả hai ạ?"}

=== CASE 201 | detect_intent ===
INPUT:
{"current_message": "Tụi em dự kiến cưới đầu tháng 4, bên mình sắp xếp được không?", "history_last_5": [], "asked_slots": [], "missing_slots": []}
OUTPUT:
{"intent":"ask_service_info","confidence":0.95}

=== CASE 202 | detect_branch ===
INPUT:
{"intent": "ask_service_info", "branch_hint": null, "text": "Tụi em dự kiến cưới đầu tháng 4, bên mình sắp xếp được không?", "branch_options": [{"name": "greeting_initial_qualification", "label": "Xác định đã có ngày cưới chưa và khách quan tâm chụp pre-wedding, ngày cưới, hay cả hai."}, {"name": "prewedding_consultation", "label": "Tư vấn chụp pre-wedding (studio/ngoại cảnh), concept, địa điểm, số lượng, sản phẩm mong muốn."}, {"name": "wedding_day_consultation", "label": "Tư vấn dịch vụ ngày cưới (chụp/quay/makeup/trang phục), ngày cưới, lịch trình trong ngày, nhu cầu số lượng máy/cam."}, {"name": "resort_wedding_consultation", "label": "Tư vấn tiệc cưới kiểu riêng tư/resort: ý tưởng, địa điểm tổ chức, resort cụ thể, timeline, có wedding planner hay tự làm."}]}
OUTPUT:
{"branch":"wedding_day_consultation","confidence":0.95}

=== CASE 203 | detect_slots ===
INPUT:
{"intent": "ask_service_info", "branch_name": "wedding_day_consultation", "text": "Tụi em dự kiến cưới đầu tháng 4, bên mình sắp xếp được không?", "slot_options": [{"name": "wedding_date", "label": "Ngày cưới", "description": "Ngày cưới cụ thể của khách (nếu đã chốt)."}, {"name": "desired_products_details", "label": "Mong muốn về sản phẩm/chi tiết gói", "description": "Các yêu cầu thêm về sản phẩm: chất liệu, số lượng ảnh, v.v."}, {"name": "wedding_day_services_needed", "label": "Dịch vụ ngày cưới cần dùng", "description": "Khách cần dịch vụ nào trong ngày cưới: chụp, quay, makeup, trang phục; hoặc full combo."}, {"name": "wedding_day_schedule", "label": "Lịch trình ngày cưới", "description": "Lịch trình diễn ra trong ngày cưới (ví dụ sáng gia tiên rước dâu, chiều tiệc nhà hàng...)."}]}
OUTPUT:
[
  {
    "slot": "wedding_date",
    "value": "đầu tháng 4",
    "confidence": 0.9
  }
]

=== CASE 204 | generate_slot_question ===
INPUT:
{"intent": "ask_service_info", "branch": "wedding_day_consultation", "target_slot": "wedding_day_services_needed", "slot_label": "Dịch vụ ngày cưới cần dùng", "slot_description": "Khách cần dịch vụ nào trong ngày cưới: chụp, quay, makeup, trang phục; hoặc full combo.", "slot_evidence": ["Trong ngày cưới bên em có những dịch vụ như chụp, quay, makeup và trang phục (váy, vest, áo dài CDCR). Ac đang cần 1 trong những dv trên hay sẽ cần full combo luôn ạ"], "slot_synonyms": ["cần dịch vụ gì", "chỉ cần chụp/quay", "full combo"], "slot_examples": ["chụp", "quay", "makeup", "trang phục", "full combo"], "slot_applies_to": ["wedding_day_consultation"], "slot_type": "multi_select", "slot_required": true, "slot_priority": "high", "customer_name": "Lan Anh", "known_slots": {"wedding_date": "đầu tháng 4", "wedding_day_services_needed": null, "wedding_day_schedule": null, "desired_products_details": null}, "asked_slot_values": {"wedding_date": "đầu tháng 4"}, "latest_user_message": "Tụi em dự kiến cưới đầu tháng 4, bên mình sắp xếp được không?", "recent_conversation_history": [{"role": "user", "content": "Tụi em dự kiến cưới đầu tháng 4, bên mình sắp xếp được không?"}]}
OUTPUT:
{"question":"Dạ chị Lan Anh, trong ngày cưới chị cần những dịch vụ nào: chụp, quay, makeup, trang phục (váy/vest/áo dài) hay muốn full combo ạ?"}

=== CASE 205 | detect_intent ===
INPUT:
{"current_message": "Ngày cưới em là 18/11, cần gặp tư vấn trước không ạ?", "history_last_5": ["Ngày cưới em là 18/11, cần gặp tư vấn trước không ạ?"], "asked_slots": ["wedding_date"], "missing_slots": ["wedding_day_services_needed", "wedding_day_schedule", "desired_products_details"]}
OUTPUT:
{"intent":"ask_service_info","confidence":0.95}

=== CASE 206 | detect_branch ===
INPUT:
{"intent": "ask_service_info", "branch_hint": null, "text": "Ngày cưới em là 18/11, cần gặp tư vấn trước không ạ?", "branch_options": [{"name": "greeting_initial_qualification", "label": "Xác định đã có ngày cưới chưa và khách quan tâm chụp pre-wedding, ngày cưới, hay cả hai."}, {"name": "prewedding_consultation", "label": "Tư vấn chụp pre-wedding (studio/ngoại cảnh), concept, địa điểm, số lượng, sản phẩm mong muốn."}, {"name": "wedding_day_consultation", "label": "Tư vấn dịch vụ ngày cưới (chụp/quay/makeup/trang phục), ngày cưới, lịch trình trong ngày, nhu cầu số lượng máy/cam."}, {"name": "resort_wedding_consultation", "label": "Tư vấn tiệc cưới kiểu riêng tư/resort: ý tưởng, địa điểm tổ chức, resort cụ thể, timeline, có wedding planner hay tự làm."}]}
OUTPUT:
{"branch":"wedding_day_consultation","confidence":0.95}

=== CASE 207 | detect_slots ===
INPUT:
{"intent": "ask_service_info", "branch_name": "wedding_day_consultation", "text": "Ngày cưới em là 18/11, cần gặp tư vấn trước không ạ?", "slot_options": [{"name": "wedding_date", "label": "Ngày cưới", "description": "Ngày cưới cụ thể của khách (nếu đã chốt)."}, {"name": "desired_products_details", "label": "Mong muốn về sản phẩm/chi tiết gói", "description": "Các yêu cầu thêm về sản phẩm: chất liệu, số lượng ảnh, v.v."}, {"name": "wedding_day_services_needed", "label": "Dịch vụ ngày cưới cần dùng", "description": "Khách cần dịch vụ nào trong ngày cưới: chụp, quay, makeup, trang phục; hoặc full combo."}, {"name": "wedding_day_schedule", "label": "Lịch trình ngày cưới", "description": "Lịch trình diễn ra trong ngày cưới (ví dụ sáng gia tiên rước dâu, chiều tiệc nhà hàng...)."}]}
OUTPUT:
[
  {
    "slot": "wedding_date",
    "value": "18/11",
    "confidence": 0.95
  }
]

=== CASE 208 | generate_slot_question ===
INPUT:
{"intent": "ask_service_info", "branch": "wedding_day_consultation", "target_slot": "wedding_day_services_needed", "slot_label": "Dịch vụ ngày cưới cần dùng", "slot_description": "Khách cần dịch vụ nào trong ngày cưới: chụp, quay, makeup, trang phục; hoặc full combo.", "slot_evidence": ["Trong ngày cưới bên em có những dịch vụ như chụp, quay, makeup và trang phục (váy, vest, áo dài CDCR). Ac đang cần 1 trong những dv trên hay sẽ cần full combo luôn ạ"], "slot_synonyms": ["cần dịch vụ gì", "chỉ cần chụp/quay", "full combo"], "slot_examples": ["chụp", "quay", "makeup", "trang phục", "full combo"], "slot_applies_to": ["wedding_day_consultation"], "slot_type": "multi_select", "slot_required": true, "slot_priority": "high", "customer_name": "Thanh Trúc", "known_slots": {"wedding_date": "18/11", "wedding_day_services_needed": null, "wedding_day_schedule": null, "desired_products_details": null}, "asked_slot_values": {"wedding_date": "18/11"}, "latest_user_message": "Ngày cưới em là 18/11, cần gặp tư vấn trước không ạ?", "recent_conversation_history": [{"role": "user", "content": "Ngày cưới em là 18/11, cần gặp tư vấn trước không ạ?"}, {"role": "assistant", "content": "Dạ chị Thanh Trúc cho em hỏi ngày cưới cần dịch vụ gì: chụp, quay, makeup, trang phục hay full combo ạ?"}, {"role": "user", "content": "Ngày cưới em là 18/11, cần gặp tư vấn trước không ạ?"}]}
OUTPUT:
{
  "question": "Dạ chị Thanh Trúc, ngày cưới 18/11 mình cần những dịch vụ nào ạ: chụp, quay, makeup, trang phục hay full combo?"
}

=== CASE 209 | detect_intent ===
INPUT:
{"current_message": "Nếu ngày cưới trùng lễ thì giá có khác không ạ?", "history_last_5": ["Cho em hỏi mình có nhận lịch gấp trong tuần này không?"], "asked_slots": [], "missing_slots": ["wedding_date", "wedding_day_services_needed", "wedding_day_schedule", "desired_products_details"]}
OUTPUT:
{"intent":"price_request","confidence":0.95}

=== CASE 210 | detect_branch ===
INPUT:
{"intent": "price_request", "branch_hint": null, "text": "Nếu ngày cưới trùng lễ thì giá có khác không ạ?", "branch_options": [{"name": "greeting_initial_qualification", "label": "Xác định đã có ngày cưới chưa và khách quan tâm chụp pre-wedding, ngày cưới, hay cả hai."}, {"name": "prewedding_consultation", "label": "Tư vấn chụp pre-wedding (studio/ngoại cảnh), concept, địa điểm, số lượng, sản phẩm mong muốn."}, {"name": "wedding_day_consultation", "label": "Tư vấn dịch vụ ngày cưới (chụp/quay/makeup/trang phục), ngày cưới, lịch trình trong ngày, nhu cầu số lượng máy/cam."}, {"name": "resort_wedding_consultation", "label": "Tư vấn tiệc cưới kiểu riêng tư/resort: ý tưởng, địa điểm tổ chức, resort cụ thể, timeline, có wedding planner hay tự làm."}]}
OUTPUT:
{
  "branch": "wedding_day_consultation",
  "confidence": 0.95
}

=== CASE 211 | detect_slots ===
INPUT:
{"intent": "price_request", "branch_name": "wedding_day_consultation", "text": "Nếu ngày cưới trùng lễ thì giá có khác không ạ?", "slot_options": [{"name": "wedding_date", "label": "Ngày cưới", "description": "Ngày cưới cụ thể của khách (nếu đã chốt)."}, {"name": "desired_products_details", "label": "Mong muốn về sản phẩm/chi tiết gói", "description": "Các yêu cầu thêm về sản phẩm: chất liệu, số lượng ảnh, v.v."}, {"name": "wedding_day_services_needed", "label": "Dịch vụ ngày cưới cần dùng", "description": "Khách cần dịch vụ nào trong ngày cưới: chụp, quay, makeup, trang phục; hoặc full combo."}, {"name": "wedding_day_schedule", "label": "Lịch trình ngày cưới", "description": "Lịch trình diễn ra trong ngày cưới (ví dụ sáng gia tiên rước dâu, chiều tiệc nhà hàng...)."}]}
OUTPUT:
[]

=== CASE 212 | generate_slot_question ===
INPUT:
{"intent": "price_request", "branch": "wedding_day_consultation", "target_slot": "wedding_date", "slot_label": "Ngày cưới", "slot_description": "Ngày cưới cụ thể của khách (nếu đã chốt).", "slot_evidence": ["Cho em hỏi anh/chị đã có ngày cưới cụ thể chưa", "Ngày cưới của mình là ngày bao nhiêu"], "slot_synonyms": ["ngày cưới", "ngày bao nhiêu", "ngày tổ chức", "đã có ngày cưới cụ thể chưa"], "slot_examples": ["15/10/2026", "ngày 20 tháng 3"], "slot_applies_to": ["greeting_initial_qualification", "wedding_day_consultation", "resort_wedding_consultation"], "slot_type": "date", "slot_required": true, "slot_priority": "high", "customer_name": "Như Ý", "known_slots": {"wedding_date": null, "wedding_day_services_needed": null, "wedding_day_schedule": null, "desired_products_details": null}, "asked_slot_values": {}, "latest_user_message": "Nếu ngày cưới trùng lễ thì giá có khác không ạ?", "recent_conversation_history": [{"role": "user", "content": "Cho em hỏi mình có nhận lịch gấp trong tuần này không?"}, {"role": "assistant", "content": "Dạ chị Như Ý, ngày cưới cụ thể của mình là ngày nào ạ?"}, {"role": "user", "content": "Nếu ngày cưới trùng lễ thì giá có khác không ạ?"}, {"role": "user", "content": "Nếu ngày cưới trùng lễ thì giá có khác không ạ?"}]}
OUTPUT:
{"question":"Dạ chị Như Ý, để em kiểm tra giá cho ngày trùng lễ, ngày cưới cụ thể của mình là ngày nào ạ?"}

=== CASE 213 | detect_intent ===
INPUT:
{"current_message": "Cho em hỏi lịch cưới tháng 9 bên mình có kín không?", "history_last_5": ["Ngày cưới em là 18/11, cần gặp tư vấn trước không ạ?", "Ngày cưới em là 18/11, cần gặp tư vấn trước không ạ?"], "asked_slots": ["wedding_date"], "missing_slots": ["wedding_day_services_needed", "wedding_day_schedule", "desired_products_details"]}
OUTPUT:
{"intent":"ask_service_info","confidence":0.98}

=== CASE 214 | detect_branch ===
INPUT:
{"intent": "ask_service_info", "branch_hint": null, "text": "Cho em hỏi lịch cưới tháng 9 bên mình có kín không?", "branch_options": [{"name": "greeting_initial_qualification", "label": "Xác định đã có ngày cưới chưa và khách quan tâm chụp pre-wedding, ngày cưới, hay cả hai."}, {"name": "prewedding_consultation", "label": "Tư vấn chụp pre-wedding (studio/ngoại cảnh), concept, địa điểm, số lượng, sản phẩm mong muốn."}, {"name": "wedding_day_consultation", "label": "Tư vấn dịch vụ ngày cưới (chụp/quay/makeup/trang phục), ngày cưới, lịch trình trong ngày, nhu cầu số lượng máy/cam."}, {"name": "resort_wedding_consultation", "label": "Tư vấn tiệc cưới kiểu riêng tư/resort: ý tưởng, địa điểm tổ chức, resort cụ thể, timeline, có wedding planner hay tự làm."}]}
OUTPUT:
{"branch":"wedding_day_consultation","confidence":0.95}

=== CASE 215 | detect_slots ===
INPUT:
{"intent": "ask_service_info", "branch_name": "wedding_day_consultation", "text": "Cho em hỏi lịch cưới tháng 9 bên mình có kín không?", "slot_options": [{"name": "wedding_date", "label": "Ngày cưới", "description": "Ngày cưới cụ thể của khách (nếu đã chốt)."}, {"name": "desired_products_details", "label": "Mong muốn về sản phẩm/chi tiết gói", "description": "Các yêu cầu thêm về sản phẩm: chất liệu, số lượng ảnh, v.v."}, {"name": "wedding_day_services_needed", "label": "Dịch vụ ngày cưới cần dùng", "description": "Khách cần dịch vụ nào trong ngày cưới: chụp, quay, makeup, trang phục; hoặc full combo."}, {"name": "wedding_day_schedule", "label": "Lịch trình ngày cưới", "description": "Lịch trình diễn ra trong ngày cưới (ví dụ sáng gia tiên rước dâu, chiều tiệc nhà hàng...)."}]}
OUTPUT:
[
  {
    "slot": "wedding_date",
    "value": "tháng 9",
    "confidence": 0.92
  }
]

=== CASE 216 | generate_slot_question ===
INPUT:
{"intent": "ask_service_info", "branch": "wedding_day_consultation", "target_slot": "wedding_day_services_needed", "slot_label": "Dịch vụ ngày cưới cần dùng", "slot_description": "Khách cần dịch vụ nào trong ngày cưới: chụp, quay, makeup, trang phục; hoặc full combo.", "slot_evidence": ["Trong ngày cưới bên em có những dịch vụ như chụp, quay, makeup và trang phục (váy, vest, áo dài CDCR). Ac đang cần 1 trong những dv trên hay sẽ cần full combo luôn ạ"], "slot_synonyms": ["cần dịch vụ gì", "chỉ cần chụp/quay", "full combo"], "slot_examples": ["chụp", "quay", "makeup", "trang phục", "full combo"], "slot_applies_to": ["wedding_day_consultation"], "slot_type": "multi_select", "slot_required": true, "slot_priority": "high", "customer_name": "Thanh Trúc", "known_slots": {"wedding_date": "tháng 9", "wedding_day_services_needed": null, "wedding_day_schedule": null, "desired_products_details": null}, "asked_slot_values": {"wedding_date": "tháng 9"}, "latest_user_message": "Cho em hỏi lịch cưới tháng 9 bên mình có kín không?", "recent_conversation_history": [{"role": "user", "content": "Ngày cưới em là 18/11, cần gặp tư vấn trước không ạ?"}, {"role": "assistant", "content": "Dạ chị Thanh Trúc cho em hỏi ngày cưới cần dịch vụ gì: chụp, quay, makeup, trang phục hay full combo ạ?"}, {"role": "user", "content": "Ngày cưới em là 18/11, cần gặp tư vấn trước không ạ?"}, {"role": "user", "content": "Cho em hỏi lịch cưới tháng 9 bên mình có kín không?"}, {"role": "user", "content": "Cho em hỏi lịch cưới tháng 9 bên mình có kín không?"}]}
OUTPUT:
{"question":"Dạ chị Thanh Trúc, ngày cưới 18/11 mình cần dịch vụ gì trong ngày cưới: chụp, quay, makeup, trang phục hay full combo ạ?"}

=== CASE 217 | detect_intent ===
INPUT:
{"current_message": "Em muốn chốt lịch cưới ngày 05/06, bên mình hỗ trợ không?", "history_last_5": ["Cho em hỏi mình có nhận lịch gấp trong tuần này không?", "Nếu ngày cưới trùng lễ thì giá có khác không ạ?", "Nếu ngày cưới trùng lễ thì giá có khác không ạ?"], "asked_slots": [], "missing_slots": ["wedding_date", "wedding_day_services_needed", "wedding_day_schedule", "desired_products_details"]}
OUTPUT:
{"intent":"ask_service_info","confidence":0.95}

=== CASE 218 | detect_branch ===
INPUT:
{"intent": "ask_service_info", "branch_hint": null, "text": "Em muốn chốt lịch cưới ngày 05/06, bên mình hỗ trợ không?", "branch_options": [{"name": "greeting_initial_qualification", "label": "Xác định đã có ngày cưới chưa và khách quan tâm chụp pre-wedding, ngày cưới, hay cả hai."}, {"name": "prewedding_consultation", "label": "Tư vấn chụp pre-wedding (studio/ngoại cảnh), concept, địa điểm, số lượng, sản phẩm mong muốn."}, {"name": "wedding_day_consultation", "label": "Tư vấn dịch vụ ngày cưới (chụp/quay/makeup/trang phục), ngày cưới, lịch trình trong ngày, nhu cầu số lượng máy/cam."}, {"name": "resort_wedding_consultation", "label": "Tư vấn tiệc cưới kiểu riêng tư/resort: ý tưởng, địa điểm tổ chức, resort cụ thể, timeline, có wedding planner hay tự làm."}]}
OUTPUT:
{"branch":"wedding_day_consultation","confidence":0.95}

=== CASE 219 | detect_slots ===
INPUT:
{"intent": "ask_service_info", "branch_name": "wedding_day_consultation", "text": "Em muốn chốt lịch cưới ngày 05/06, bên mình hỗ trợ không?", "slot_options": [{"name": "wedding_date", "label": "Ngày cưới", "description": "Ngày cưới cụ thể của khách (nếu đã chốt)."}, {"name": "desired_products_details", "label": "Mong muốn về sản phẩm/chi tiết gói", "description": "Các yêu cầu thêm về sản phẩm: chất liệu, số lượng ảnh, v.v."}, {"name": "wedding_day_services_needed", "label": "Dịch vụ ngày cưới cần dùng", "description": "Khách cần dịch vụ nào trong ngày cưới: chụp, quay, makeup, trang phục; hoặc full combo."}, {"name": "wedding_day_schedule", "label": "Lịch trình ngày cưới", "description": "Lịch trình diễn ra trong ngày cưới (ví dụ sáng gia tiên rước dâu, chiều tiệc nhà hàng...)."}]}
OUTPUT:
[
  {
    "slot": "wedding_date",
    "value": "05/06",
    "confidence": 0.9
  }
]

=== CASE 220 | generate_slot_question ===
INPUT:
{"intent": "ask_service_info", "branch": "wedding_day_consultation", "target_slot": "wedding_day_services_needed", "slot_label": "Dịch vụ ngày cưới cần dùng", "slot_description": "Khách cần dịch vụ nào trong ngày cưới: chụp, quay, makeup, trang phục; hoặc full combo.", "slot_evidence": ["Trong ngày cưới bên em có những dịch vụ như chụp, quay, makeup và trang phục (váy, vest, áo dài CDCR). Ac đang cần 1 trong những dv trên hay sẽ cần full combo luôn ạ"], "slot_synonyms": ["cần dịch vụ gì", "chỉ cần chụp/quay", "full combo"], "slot_examples": ["chụp", "quay", "makeup", "trang phục", "full combo"], "slot_applies_to": ["wedding_day_consultation"], "slot_type": "multi_select", "slot_required": true, "slot_priority": "high", "customer_name": "Như Ý", "known_slots": {"wedding_date": "05/06", "wedding_day_services_needed": null, "wedding_day_schedule": null, "desired_products_details": null}, "asked_slot_values": {"wedding_date": "05/06"}, "latest_user_message": "Em muốn chốt lịch cưới ngày 05/06, bên mình hỗ trợ không?", "recent_conversation_history": [{"role": "user", "content": "Nếu ngày cưới trùng lễ thì giá có khác không ạ?"}, {"role": "user", "content": "Nếu ngày cưới trùng lễ thì giá có khác không ạ?"}, {"role": "assistant", "content": "Dạ chị Như Ý, để em kiểm tra giá cho ngày trùng lễ, ngày cưới cụ thể của mình là ngày nào ạ?"}, {"role": "user", "content": "Em muốn chốt lịch cưới ngày 05/06, bên mình hỗ trợ không?"}, {"role": "user", "content": "Em muốn chốt lịch cưới ngày 05/06, bên mình hỗ trợ không?"}]}
OUTPUT:
{
  "question": "Dạ chị Như Ý, chị cần những dịch vụ gì trong ngày cưới 05/06: chụp, quay, makeup, trang phục hay full combo ạ?"
}

=== CASE 221 | detect_intent ===
INPUT:
{"current_message": "Bên mình còn lịch chụp ngày 12/10 không ạ?", "history_last_5": [], "asked_slots": [], "missing_slots": []}
OUTPUT:
{"intent":"ask_service_info","confidence":0.95}

=== CASE 222 | detect_branch ===
INPUT:
{"intent": "ask_service_info", "branch_hint": null, "text": "Bên mình còn lịch chụp ngày 12/10 không ạ?", "branch_options": [{"name": "greeting_initial_qualification", "label": "Xác định đã có ngày cưới chưa và khách quan tâm chụp pre-wedding, ngày cưới, hay cả hai."}, {"name": "prewedding_consultation", "label": "Tư vấn chụp pre-wedding (studio/ngoại cảnh), concept, địa điểm, số lượng, sản phẩm mong muốn."}, {"name": "wedding_day_consultation", "label": "Tư vấn dịch vụ ngày cưới (chụp/quay/makeup/trang phục), ngày cưới, lịch trình trong ngày, nhu cầu số lượng máy/cam."}, {"name": "resort_wedding_consultation", "label": "Tư vấn tiệc cưới kiểu riêng tư/resort: ý tưởng, địa điểm tổ chức, resort cụ thể, timeline, có wedding planner hay tự làm."}]}
OUTPUT:
{"branch":"prewedding_consultation","confidence":0.85}

=== CASE 223 | detect_slots ===
INPUT:
{"intent": "ask_service_info", "branch_name": "prewedding_consultation", "text": "Bên mình còn lịch chụp ngày 12/10 không ạ?", "slot_options": [{"name": "prewedding_shoot_type", "label": "Hình thức chụp pre-wedding", "description": "Khách muốn chụp ngoại cảnh, trong studio, hay kết hợp cả hai."}, {"name": "prewedding_concept_preference", "label": "Concept chụp pre-wedding mong muốn", "description": "Concept/ý tưởng chụp mà khách mong muốn (ví dụ phông nền trơn, setup hoa lụa/hoa tươi/bàn tiệc...)."}, {"name": "prewedding_outdoor_location", "label": "Địa điểm chụp ngoại cảnh", "description": "Địa điểm khách dự định chụp ngoại cảnh (nếu có)."}, {"name": "desired_products_details", "label": "Mong muốn về sản phẩm/chi tiết gói", "description": "Các yêu cầu thêm về sản phẩm: chất liệu, số lượng ảnh, v.v."}]}
OUTPUT:
[]

=== CASE 224 | generate_slot_question ===
INPUT:
{"intent": "ask_service_info", "branch": "prewedding_consultation", "target_slot": "prewedding_shoot_type", "slot_label": "Hình thức chụp pre-wedding", "slot_description": "Khách muốn chụp ngoại cảnh, trong studio, hay kết hợp cả hai.", "slot_evidence": ["Ac chụp ngoại cảnh thôi hay kết hợp thêm cả trong studio luôn ạ"], "slot_synonyms": ["chụp ngoại cảnh", "chụp studio", "kết hợp"], "slot_examples": ["ngoại cảnh", "studio", "kết hợp studio + ngoại cảnh"], "slot_applies_to": ["prewedding_consultation"], "slot_type": "single_select", "slot_required": false, "slot_priority": "medium", "customer_name": "Uyên Nhi", "known_slots": {"prewedding_shoot_type": null, "prewedding_concept_preference": null, "prewedding_outdoor_location": null, "desired_products_details": null}, "asked_slot_values": {}, "latest_user_message": "Bên mình còn lịch chụp ngày 12/10 không ạ?", "recent_conversation_history": [{"role": "user", "content": "Bên mình còn lịch chụp ngày 12/10 không ạ?"}]}
OUTPUT:
{
  "question": "Dạ, Uyên Nhi muốn chụp pre-wedding ngoại cảnh, studio hay kết hợp cả hai ạ?"
}

=== CASE 225 | detect_intent ===
INPUT:
{"current_message": "Bên mình có nhận lịch cưới vào dịp Tết không ạ?", "history_last_5": ["Cho em hỏi mình có nhận lịch gấp trong tuần này không?", "Nếu ngày cưới trùng lễ thì giá có khác không ạ?", "Nếu ngày cưới trùng lễ thì giá có khác không ạ?", "Em muốn chốt lịch cưới ngày 05/06, bên mình hỗ trợ không?", "Em muốn chốt lịch cưới ngày 05/06, bên mình hỗ trợ không?"], "asked_slots": ["wedding_date"], "missing_slots": ["wedding_day_services_needed", "wedding_day_schedule", "desired_products_details"]}
OUTPUT:
{"intent":"ask_service_info","confidence":0.92}

=== CASE 226 | detect_branch ===
INPUT:
{"intent": "ask_service_info", "branch_hint": null, "text": "Bên mình có nhận lịch cưới vào dịp Tết không ạ?", "branch_options": [{"name": "greeting_initial_qualification", "label": "Xác định đã có ngày cưới chưa và khách quan tâm chụp pre-wedding, ngày cưới, hay cả hai."}, {"name": "prewedding_consultation", "label": "Tư vấn chụp pre-wedding (studio/ngoại cảnh), concept, địa điểm, số lượng, sản phẩm mong muốn."}, {"name": "wedding_day_consultation", "label": "Tư vấn dịch vụ ngày cưới (chụp/quay/makeup/trang phục), ngày cưới, lịch trình trong ngày, nhu cầu số lượng máy/cam."}, {"name": "resort_wedding_consultation", "label": "Tư vấn tiệc cưới kiểu riêng tư/resort: ý tưởng, địa điểm tổ chức, resort cụ thể, timeline, có wedding planner hay tự làm."}]}
OUTPUT:
{"branch":"wedding_day_consultation","confidence":0.95}

=== CASE 227 | detect_slots ===
INPUT:
{"intent": "ask_service_info", "branch_name": "wedding_day_consultation", "text": "Bên mình có nhận lịch cưới vào dịp Tết không ạ?", "slot_options": [{"name": "wedding_date", "label": "Ngày cưới", "description": "Ngày cưới cụ thể của khách (nếu đã chốt)."}, {"name": "desired_products_details", "label": "Mong muốn về sản phẩm/chi tiết gói", "description": "Các yêu cầu thêm về sản phẩm: chất liệu, số lượng ảnh, v.v."}, {"name": "wedding_day_services_needed", "label": "Dịch vụ ngày cưới cần dùng", "description": "Khách cần dịch vụ nào trong ngày cưới: chụp, quay, makeup, trang phục; hoặc full combo."}, {"name": "wedding_day_schedule", "label": "Lịch trình ngày cưới", "description": "Lịch trình diễn ra trong ngày cưới (ví dụ sáng gia tiên rước dâu, chiều tiệc nhà hàng...)."}]}
OUTPUT:
[
  {
    "slot": "wedding_date",
    "value": "dịp Tết",
    "confidence": 0.95
  }
]

=== CASE 228 | generate_slot_question ===
INPUT:
{"intent": "ask_service_info", "branch": "wedding_day_consultation", "target_slot": "wedding_day_services_needed", "slot_label": "Dịch vụ ngày cưới cần dùng", "slot_description": "Khách cần dịch vụ nào trong ngày cưới: chụp, quay, makeup, trang phục; hoặc full combo.", "slot_evidence": ["Trong ngày cưới bên em có những dịch vụ như chụp, quay, makeup và trang phục (váy, vest, áo dài CDCR). Ac đang cần 1 trong những dv trên hay sẽ cần full combo luôn ạ"], "slot_synonyms": ["cần dịch vụ gì", "chỉ cần chụp/quay", "full combo"], "slot_examples": ["chụp", "quay", "makeup", "trang phục", "full combo"], "slot_applies_to": ["wedding_day_consultation"], "slot_type": "multi_select", "slot_required": true, "slot_priority": "high", "customer_name": "Như Ý", "known_slots": {"wedding_date": "dịp Tết", "wedding_day_services_needed": null, "wedding_day_schedule": null, "desired_products_details": null}, "asked_slot_values": {"wedding_date": "dịp Tết"}, "latest_user_message": "Bên mình có nhận lịch cưới vào dịp Tết không ạ?", "recent_conversation_history": [{"role": "user", "content": "Em muốn chốt lịch cưới ngày 05/06, bên mình hỗ trợ không?"}, {"role": "user", "content": "Em muốn chốt lịch cưới ngày 05/06, bên mình hỗ trợ không?"}, {"role": "assistant", "content": "Dạ chị Như Ý, chị cần những dịch vụ gì trong ngày cưới 05/06: chụp, quay, makeup, trang phục hay full combo ạ?"}, {"role": "user", "content": "Bên mình có nhận lịch cưới vào dịp Tết không ạ?"}, {"role": "user", "content": "Bên mình có nhận lịch cưới vào dịp Tết không ạ?"}]}
OUTPUT:
{
  "question": "Dạ chị Như Ý, cho dịp Tết chị cần những dịch vụ gì trong ngày cưới: chỉ chụp, quay, makeup, trang phục (váy/vest/áo dài) hay full combo ạ?"
}

=== CASE 229 | detect_intent ===
INPUT:
{"current_message": "Cho em hỏi mình có nhận lịch gấp trong tuần này không?", "history_last_5": ["Bên mình còn lịch chụp ngày 12/10 không ạ?"], "asked_slots": [], "missing_slots": ["prewedding_shoot_type", "prewedding_concept_preference", "prewedding_outdoor_location", "desired_products_details"]}
OUTPUT:
{"intent":"ask_service_info","confidence":0.95}

=== CASE 230 | detect_branch ===
INPUT:
{"intent": "ask_service_info", "branch_hint": null, "text": "Cho em hỏi mình có nhận lịch gấp trong tuần này không?", "branch_options": [{"name": "greeting_initial_qualification", "label": "Xác định đã có ngày cưới chưa và khách quan tâm chụp pre-wedding, ngày cưới, hay cả hai."}, {"name": "prewedding_consultation", "label": "Tư vấn chụp pre-wedding (studio/ngoại cảnh), concept, địa điểm, số lượng, sản phẩm mong muốn."}, {"name": "wedding_day_consultation", "label": "Tư vấn dịch vụ ngày cưới (chụp/quay/makeup/trang phục), ngày cưới, lịch trình trong ngày, nhu cầu số lượng máy/cam."}, {"name": "resort_wedding_consultation", "label": "Tư vấn tiệc cưới kiểu riêng tư/resort: ý tưởng, địa điểm tổ chức, resort cụ thể, timeline, có wedding planner hay tự làm."}]}
OUTPUT:
{"branch":"wedding_day_consultation","confidence":0.85}

=== CASE 231 | detect_slots ===
INPUT:
{"intent": "ask_service_info", "branch_name": "wedding_day_consultation", "text": "Cho em hỏi mình có nhận lịch gấp trong tuần này không?", "slot_options": [{"name": "wedding_date", "label": "Ngày cưới", "description": "Ngày cưới cụ thể của khách (nếu đã chốt)."}, {"name": "desired_products_details", "label": "Mong muốn về sản phẩm/chi tiết gói", "description": "Các yêu cầu thêm về sản phẩm: chất liệu, số lượng ảnh, v.v."}, {"name": "wedding_day_services_needed", "label": "Dịch vụ ngày cưới cần dùng", "description": "Khách cần dịch vụ nào trong ngày cưới: chụp, quay, makeup, trang phục; hoặc full combo."}, {"name": "wedding_day_schedule", "label": "Lịch trình ngày cưới", "description": "Lịch trình diễn ra trong ngày cưới (ví dụ sáng gia tiên rước dâu, chiều tiệc nhà hàng...)."}]}
OUTPUT:
[]

=== CASE 232 | generate_slot_question ===
INPUT:
{"intent": "ask_service_info", "branch": "wedding_day_consultation", "target_slot": "wedding_date", "slot_label": "Ngày cưới", "slot_description": "Ngày cưới cụ thể của khách (nếu đã chốt).", "slot_evidence": ["Cho em hỏi anh/chị đã có ngày cưới cụ thể chưa", "Ngày cưới của mình là ngày bao nhiêu"], "slot_synonyms": ["ngày cưới", "ngày bao nhiêu", "ngày tổ chức", "đã có ngày cưới cụ thể chưa"], "slot_examples": ["15/10/2026", "ngày 20 tháng 3"], "slot_applies_to": ["greeting_initial_qualification", "wedding_day_consultation", "resort_wedding_consultation"], "slot_type": "date", "slot_required": true, "slot_priority": "high", "customer_name": "Uyên Nhi", "known_slots": {"wedding_date": null, "wedding_day_services_needed": null, "wedding_day_schedule": null, "desired_products_details": null}, "asked_slot_values": {}, "latest_user_message": "Cho em hỏi mình có nhận lịch gấp trong tuần này không?", "recent_conversation_history": [{"role": "user", "content": "Bên mình còn lịch chụp ngày 12/10 không ạ?"}, {"role": "assistant", "content": "Dạ, Uyên Nhi muốn chụp pre-wedding ngoại cảnh, studio hay kết hợp cả hai ạ?"}, {"role": "user", "content": "Cho em hỏi mình có nhận lịch gấp trong tuần này không?"}]}
OUTPUT:
{
  "question": "Dạ, Uyên Nhi đã chốt ngày cưới cụ thể là ngày nào ạ?"
}

=== CASE 233 | detect_intent ===
INPUT:
{"current_message": "Anh/chị cho em hỏi lịch ngày 15/8 còn trống không ạ?", "history_last_5": [], "asked_slots": [], "missing_slots": []}
OUTPUT:
{"intent":"ask_service_info","confidence":0.93}

=== CASE 234 | detect_branch ===
INPUT:
{"intent": "ask_service_info", "branch_hint": null, "text": "Anh/chị cho em hỏi lịch ngày 15/8 còn trống không ạ?", "branch_options": [{"name": "greeting_initial_qualification", "label": "Xác định đã có ngày cưới chưa và khách quan tâm chụp pre-wedding, ngày cưới, hay cả hai."}, {"name": "prewedding_consultation", "label": "Tư vấn chụp pre-wedding (studio/ngoại cảnh), concept, địa điểm, số lượng, sản phẩm mong muốn."}, {"name": "wedding_day_consultation", "label": "Tư vấn dịch vụ ngày cưới (chụp/quay/makeup/trang phục), ngày cưới, lịch trình trong ngày, nhu cầu số lượng máy/cam."}, {"name": "resort_wedding_consultation", "label": "Tư vấn tiệc cưới kiểu riêng tư/resort: ý tưởng, địa điểm tổ chức, resort cụ thể, timeline, có wedding planner hay tự làm."}]}
OUTPUT:
{"branch":"wedding_day_consultation","confidence":0.95}

=== CASE 235 | detect_slots ===
INPUT:
{"intent": "ask_service_info", "branch_name": "wedding_day_consultation", "text": "Anh/chị cho em hỏi lịch ngày 15/8 còn trống không ạ?", "slot_options": [{"name": "wedding_date", "label": "Ngày cưới", "description": "Ngày cưới cụ thể của khách (nếu đã chốt)."}, {"name": "desired_products_details", "label": "Mong muốn về sản phẩm/chi tiết gói", "description": "Các yêu cầu thêm về sản phẩm: chất liệu, số lượng ảnh, v.v."}, {"name": "wedding_day_services_needed", "label": "Dịch vụ ngày cưới cần dùng", "description": "Khách cần dịch vụ nào trong ngày cưới: chụp, quay, makeup, trang phục; hoặc full combo."}, {"name": "wedding_day_schedule", "label": "Lịch trình ngày cưới", "description": "Lịch trình diễn ra trong ngày cưới (ví dụ sáng gia tiên rước dâu, chiều tiệc nhà hàng...)."}]}
OUTPUT:
[
  {
    "slot": "wedding_date",
    "value": "15/8",
    "confidence": 0.95
  }
]

=== CASE 236 | generate_slot_question ===
INPUT:
{"intent": "ask_service_info", "branch": "wedding_day_consultation", "target_slot": "wedding_day_services_needed", "slot_label": "Dịch vụ ngày cưới cần dùng", "slot_description": "Khách cần dịch vụ nào trong ngày cưới: chụp, quay, makeup, trang phục; hoặc full combo.", "slot_evidence": ["Trong ngày cưới bên em có những dịch vụ như chụp, quay, makeup và trang phục (váy, vest, áo dài CDCR). Ac đang cần 1 trong những dv trên hay sẽ cần full combo luôn ạ"], "slot_synonyms": ["cần dịch vụ gì", "chỉ cần chụp/quay", "full combo"], "slot_examples": ["chụp", "quay", "makeup", "trang phục", "full combo"], "slot_applies_to": ["wedding_day_consultation"], "slot_type": "multi_select", "slot_required": true, "slot_priority": "high", "customer_name": "Kim Anh", "known_slots": {"wedding_date": "15/8", "wedding_day_services_needed": null, "wedding_day_schedule": null, "desired_products_details": null}, "asked_slot_values": {"wedding_date": "15/8"}, "latest_user_message": "Anh/chị cho em hỏi lịch ngày 15/8 còn trống không ạ?", "recent_conversation_history": [{"role": "user", "content": "Anh/chị cho em hỏi lịch ngày 15/8 còn trống không ạ?"}]}
OUTPUT:
{
  "question": "Dạ chị Kim Anh cho em hỏi ngày 15/8 chị cần dịch vụ gì trong ngày cưới: chụp, quay, makeup, trang phục hay full combo ạ?"
}

=== CASE 237 | detect_intent ===
INPUT:
{"current_message": "Em cưới ngày 02/02, bên mình còn lịch không ạ?", "history_last_5": [], "asked_slots": [], "missing_slots": []}
OUTPUT:
{"intent":"ask_service_info","confidence":0.98}

=== CASE 238 | detect_branch ===
INPUT:
{"intent": "ask_service_info", "branch_hint": null, "text": "Em cưới ngày 02/02, bên mình còn lịch không ạ?", "branch_options": [{"name": "greeting_initial_qualification", "label": "Xác định đã có ngày cưới chưa và khách quan tâm chụp pre-wedding, ngày cưới, hay cả hai."}, {"name": "prewedding_consultation", "label": "Tư vấn chụp pre-wedding (studio/ngoại cảnh), concept, địa điểm, số lượng, sản phẩm mong muốn."}, {"name": "wedding_day_consultation", "label": "Tư vấn dịch vụ ngày cưới (chụp/quay/makeup/trang phục), ngày cưới, lịch trình trong ngày, nhu cầu số lượng máy/cam."}, {"name": "resort_wedding_consultation", "label": "Tư vấn tiệc cưới kiểu riêng tư/resort: ý tưởng, địa điểm tổ chức, resort cụ thể, timeline, có wedding planner hay tự làm."}]}
OUTPUT:
{"branch":"wedding_day_consultation","confidence":0.95}

=== CASE 239 | detect_slots ===
INPUT:
{"intent": "ask_service_info", "branch_name": "wedding_day_consultation", "text": "Em cưới ngày 02/02, bên mình còn lịch không ạ?", "slot_options": [{"name": "wedding_date", "label": "Ngày cưới", "description": "Ngày cưới cụ thể của khách (nếu đã chốt)."}, {"name": "desired_products_details", "label": "Mong muốn về sản phẩm/chi tiết gói", "description": "Các yêu cầu thêm về sản phẩm: chất liệu, số lượng ảnh, v.v."}, {"name": "wedding_day_services_needed", "label": "Dịch vụ ngày cưới cần dùng", "description": "Khách cần dịch vụ nào trong ngày cưới: chụp, quay, makeup, trang phục; hoặc full combo."}, {"name": "wedding_day_schedule", "label": "Lịch trình ngày cưới", "description": "Lịch trình diễn ra trong ngày cưới (ví dụ sáng gia tiên rước dâu, chiều tiệc nhà hàng...)."}]}
OUTPUT:
[
  {
    "slot": "wedding_date",
    "value": "02/02",
    "confidence": 0.9
  }
]

=== CASE 240 | generate_slot_question ===
INPUT:
{"intent": "ask_service_info", "branch": "wedding_day_consultation", "target_slot": "wedding_day_services_needed", "slot_label": "Dịch vụ ngày cưới cần dùng", "slot_description": "Khách cần dịch vụ nào trong ngày cưới: chụp, quay, makeup, trang phục; hoặc full combo.", "slot_evidence": ["Trong ngày cưới bên em có những dịch vụ như chụp, quay, makeup và trang phục (váy, vest, áo dài CDCR). Ac đang cần 1 trong những dv trên hay sẽ cần full combo luôn ạ"], "slot_synonyms": ["cần dịch vụ gì", "chỉ cần chụp/quay", "full combo"], "slot_examples": ["chụp", "quay", "makeup", "trang phục", "full combo"], "slot_applies_to": ["wedding_day_consultation"], "slot_type": "multi_select", "slot_required": true, "slot_priority": "high", "customer_name": "Bích Ngọc", "known_slots": {"wedding_date": "02/02", "wedding_day_services_needed": null, "wedding_day_schedule": null, "desired_products_details": null}, "asked_slot_values": {"wedding_date": "02/02"}, "latest_user_message": "Em cưới ngày 02/02, bên mình còn lịch không ạ?", "recent_conversation_history": [{"role": "user", "content": "Em cưới ngày 02/02, bên mình còn lịch không ạ?"}]}
OUTPUT:
{"question":"Dạ chị Bích Ngọc, ngày 02/02 bên em còn lịch ạ. Chị cần dịch vụ nào trong ngày cưới: chụp, quay, makeup, trang phục hay full combo?"}

=== CASE 241 | detect_intent ===
INPUT:
{"current_message": "Em dự kiến cưới tháng 1, cần chuẩn bị gì trước?", "history_last_5": [], "asked_slots": [], "missing_slots": []}
OUTPUT:
{"intent":"ask_service_info","confidence":0.95}

=== CASE 242 | detect_branch ===
INPUT:
{"intent": "ask_service_info", "branch_hint": null, "text": "Em dự kiến cưới tháng 1, cần chuẩn bị gì trước?", "branch_options": [{"name": "greeting_initial_qualification", "label": "Xác định đã có ngày cưới chưa và khách quan tâm chụp pre-wedding, ngày cưới, hay cả hai."}, {"name": "prewedding_consultation", "label": "Tư vấn chụp pre-wedding (studio/ngoại cảnh), concept, địa điểm, số lượng, sản phẩm mong muốn."}, {"name": "wedding_day_consultation", "label": "Tư vấn dịch vụ ngày cưới (chụp/quay/makeup/trang phục), ngày cưới, lịch trình trong ngày, nhu cầu số lượng máy/cam."}, {"name": "resort_wedding_consultation", "label": "Tư vấn tiệc cưới kiểu riêng tư/resort: ý tưởng, địa điểm tổ chức, resort cụ thể, timeline, có wedding planner hay tự làm."}]}
OUTPUT:
{"branch":"wedding_day_consultation","confidence":0.92}

=== CASE 243 | detect_slots ===
INPUT:
{"intent": "ask_service_info", "branch_name": "wedding_day_consultation", "text": "Em dự kiến cưới tháng 1, cần chuẩn bị gì trước?", "slot_options": [{"name": "wedding_date", "label": "Ngày cưới", "description": "Ngày cưới cụ thể của khách (nếu đã chốt)."}, {"name": "desired_products_details", "label": "Mong muốn về sản phẩm/chi tiết gói", "description": "Các yêu cầu thêm về sản phẩm: chất liệu, số lượng ảnh, v.v."}, {"name": "wedding_day_services_needed", "label": "Dịch vụ ngày cưới cần dùng", "description": "Khách cần dịch vụ nào trong ngày cưới: chụp, quay, makeup, trang phục; hoặc full combo."}, {"name": "wedding_day_schedule", "label": "Lịch trình ngày cưới", "description": "Lịch trình diễn ra trong ngày cưới (ví dụ sáng gia tiên rước dâu, chiều tiệc nhà hàng...)."}]}
OUTPUT:
[
  {
    "slot": "wedding_date",
    "value": "tháng 1",
    "confidence": 0.9
  }
]

=== CASE 244 | generate_slot_question ===
INPUT:
{"intent": "ask_service_info", "branch": "wedding_day_consultation", "target_slot": "wedding_day_services_needed", "slot_label": "Dịch vụ ngày cưới cần dùng", "slot_description": "Khách cần dịch vụ nào trong ngày cưới: chụp, quay, makeup, trang phục; hoặc full combo.", "slot_evidence": ["Trong ngày cưới bên em có những dịch vụ như chụp, quay, makeup và trang phục (váy, vest, áo dài CDCR). Ac đang cần 1 trong những dv trên hay sẽ cần full combo luôn ạ"], "slot_synonyms": ["cần dịch vụ gì", "chỉ cần chụp/quay", "full combo"], "slot_examples": ["chụp", "quay", "makeup", "trang phục", "full combo"], "slot_applies_to": ["wedding_day_consultation"], "slot_type": "multi_select", "slot_required": true, "slot_priority": "high", "customer_name": "Diễm My", "known_slots": {"wedding_date": "tháng 1", "wedding_day_services_needed": null, "wedding_day_schedule": null, "desired_products_details": null}, "asked_slot_values": {"wedding_date": "tháng 1"}, "latest_user_message": "Em dự kiến cưới tháng 1, cần chuẩn bị gì trước?", "recent_conversation_history": [{"role": "user", "content": "Em dự kiến cưới tháng 1, cần chuẩn bị gì trước?"}]}
OUTPUT:
{
  "question": "Dạ chị Diễm My muốn dùng dịch vụ nào trong ngày cưới: chụp, quay, makeup, trang phục hay full combo ạ?"
}

=== CASE 245 | detect_intent ===
INPUT:
{"current_message": "Bên mình có nhận lịch cưới vào dịp Tết không ạ?", "history_last_5": ["Nếu ngày cưới trùng lễ thì giá có khác không ạ?", "Em muốn chốt lịch cưới ngày 05/06, bên mình hỗ trợ không?", "Em muốn chốt lịch cưới ngày 05/06, bên mình hỗ trợ không?", "Bên mình có nhận lịch cưới vào dịp Tết không ạ?", "Bên mình có nhận lịch cưới vào dịp Tết không ạ?"], "asked_slots": ["wedding_date"], "missing_slots": ["wedding_day_services_needed", "wedding_day_schedule", "desired_products_details"]}
OUTPUT:
{"intent":"ask_service_info","confidence":0.95}

=== CASE 246 | detect_branch ===
INPUT:
{"intent": "ask_service_info", "branch_hint": null, "text": "Bên mình có nhận lịch cưới vào dịp Tết không ạ?", "branch_options": [{"name": "greeting_initial_qualification", "label": "Xác định đã có ngày cưới chưa và khách quan tâm chụp pre-wedding, ngày cưới, hay cả hai."}, {"name": "prewedding_consultation", "label": "Tư vấn chụp pre-wedding (studio/ngoại cảnh), concept, địa điểm, số lượng, sản phẩm mong muốn."}, {"name": "wedding_day_consultation", "label": "Tư vấn dịch vụ ngày cưới (chụp/quay/makeup/trang phục), ngày cưới, lịch trình trong ngày, nhu cầu số lượng máy/cam."}, {"name": "resort_wedding_consultation", "label": "Tư vấn tiệc cưới kiểu riêng tư/resort: ý tưởng, địa điểm tổ chức, resort cụ thể, timeline, có wedding planner hay tự làm."}]}
OUTPUT:
{"branch":"wedding_day_consultation","confidence":0.92}

=== CASE 247 | detect_slots ===
INPUT:
{"intent": "ask_service_info", "branch_name": "wedding_day_consultation", "text": "Bên mình có nhận lịch cưới vào dịp Tết không ạ?", "slot_options": [{"name": "wedding_date", "label": "Ngày cưới", "description": "Ngày cưới cụ thể của khách (nếu đã chốt)."}, {"name": "desired_products_details", "label": "Mong muốn về sản phẩm/chi tiết gói", "description": "Các yêu cầu thêm về sản phẩm: chất liệu, số lượng ảnh, v.v."}, {"name": "wedding_day_services_needed", "label": "Dịch vụ ngày cưới cần dùng", "description": "Khách cần dịch vụ nào trong ngày cưới: chụp, quay, makeup, trang phục; hoặc full combo."}, {"name": "wedding_day_schedule", "label": "Lịch trình ngày cưới", "description": "Lịch trình diễn ra trong ngày cưới (ví dụ sáng gia tiên rước dâu, chiều tiệc nhà hàng...)."}]}
OUTPUT:
[
  {
    "slot": "wedding_date",
    "value": "Tết",
    "confidence": 0.9
  }
]

=== CASE 248 | generate_slot_question ===
INPUT:
{"intent": "ask_service_info", "branch": "wedding_day_consultation", "target_slot": "wedding_day_services_needed", "slot_label": "Dịch vụ ngày cưới cần dùng", "slot_description": "Khách cần dịch vụ nào trong ngày cưới: chụp, quay, makeup, trang phục; hoặc full combo.", "slot_evidence": ["Trong ngày cưới bên em có những dịch vụ như chụp, quay, makeup và trang phục (váy, vest, áo dài CDCR). Ac đang cần 1 trong những dv trên hay sẽ cần full combo luôn ạ"], "slot_synonyms": ["cần dịch vụ gì", "chỉ cần chụp/quay", "full combo"], "slot_examples": ["chụp", "quay", "makeup", "trang phục", "full combo"], "slot_applies_to": ["wedding_day_consultation"], "slot_type": "multi_select", "slot_required": true, "slot_priority": "high", "customer_name": "Như Ý", "known_slots": {"wedding_date": "Tết", "wedding_day_services_needed": null, "wedding_day_schedule": null, "desired_products_details": null}, "asked_slot_values": {"wedding_date": "Tết"}, "latest_user_message": "Bên mình có nhận lịch cưới vào dịp Tết không ạ?", "recent_conversation_history": [{"role": "assistant", "content": "Dạ chị Như Ý, chị cần những dịch vụ gì trong ngày cưới 05/06: chụp, quay, makeup, trang phục hay full combo ạ?"}, {"role": "user", "content": "Bên mình có nhận lịch cưới vào dịp Tết không ạ?"}, {"role": "user", "content": "Bên mình có nhận lịch cưới vào dịp Tết không ạ?"}, {"role": "assistant", "content": "Dạ chị Như Ý, cho dịp Tết chị cần những dịch vụ gì trong ngày cưới: chỉ chụp, quay, makeup, trang phục (váy/vest/áo dài) hay full combo ạ?"}, {"role": "user", "content": "Bên mình có nhận lịch cưới vào dịp Tết không ạ?"}]}
OUTPUT:
{
  "question": "Dạ chị Như Ý, dịp Tết chị cần dịch vụ gì trong ngày cưới: chỉ chụp, quay, makeup, trang phục hay full combo ạ?"
}

=== CASE 249 | detect_intent ===
INPUT:
{"current_message": "Em dự kiến cưới tháng 1, cần chuẩn bị gì trước?", "history_last_5": ["Nếu ngày cưới trùng lễ thì giá có khác không ạ?"], "asked_slots": ["wedding_date"], "missing_slots": ["wedding_day_services_needed", "wedding_day_schedule", "desired_products_details"]}
OUTPUT:
{"intent":"ask_service_info","confidence":0.95}

=== CASE 250 | detect_branch ===
INPUT:
{"intent": "ask_service_info", "branch_hint": null, "text": "Em dự kiến cưới tháng 1, cần chuẩn bị gì trước?", "branch_options": [{"name": "greeting_initial_qualification", "label": "Xác định đã có ngày cưới chưa và khách quan tâm chụp pre-wedding, ngày cưới, hay cả hai."}, {"name": "prewedding_consultation", "label": "Tư vấn chụp pre-wedding (studio/ngoại cảnh), concept, địa điểm, số lượng, sản phẩm mong muốn."}, {"name": "wedding_day_consultation", "label": "Tư vấn dịch vụ ngày cưới (chụp/quay/makeup/trang phục), ngày cưới, lịch trình trong ngày, nhu cầu số lượng máy/cam."}, {"name": "resort_wedding_consultation", "label": "Tư vấn tiệc cưới kiểu riêng tư/resort: ý tưởng, địa điểm tổ chức, resort cụ thể, timeline, có wedding planner hay tự làm."}]}
OUTPUT:
{"branch":"wedding_day_consultation","confidence":0.9}

=== CASE 251 | detect_slots ===
INPUT:
{"intent": "ask_service_info", "branch_name": "wedding_day_consultation", "text": "Em dự kiến cưới tháng 1, cần chuẩn bị gì trước?", "slot_options": [{"name": "wedding_date", "label": "Ngày cưới", "description": "Ngày cưới cụ thể của khách (nếu đã chốt)."}, {"name": "desired_products_details", "label": "Mong muốn về sản phẩm/chi tiết gói", "description": "Các yêu cầu thêm về sản phẩm: chất liệu, số lượng ảnh, v.v."}, {"name": "wedding_day_services_needed", "label": "Dịch vụ ngày cưới cần dùng", "description": "Khách cần dịch vụ nào trong ngày cưới: chụp, quay, makeup, trang phục; hoặc full combo."}, {"name": "wedding_day_schedule", "label": "Lịch trình ngày cưới", "description": "Lịch trình diễn ra trong ngày cưới (ví dụ sáng gia tiên rước dâu, chiều tiệc nhà hàng...)."}]}
OUTPUT:
[
  {
    "slot": "wedding_date",
    "value": "tháng 1",
    "confidence": 0.9
  }
]

=== CASE 252 | generate_slot_question ===
INPUT:
{"intent": "ask_service_info", "branch": "wedding_day_consultation", "target_slot": "wedding_day_services_needed", "slot_label": "Dịch vụ ngày cưới cần dùng", "slot_description": "Khách cần dịch vụ nào trong ngày cưới: chụp, quay, makeup, trang phục; hoặc full combo.", "slot_evidence": ["Trong ngày cưới bên em có những dịch vụ như chụp, quay, makeup và trang phục (váy, vest, áo dài CDCR). Ac đang cần 1 trong những dv trên hay sẽ cần full combo luôn ạ"], "slot_synonyms": ["cần dịch vụ gì", "chỉ cần chụp/quay", "full combo"], "slot_examples": ["chụp", "quay", "makeup", "trang phục", "full combo"], "slot_applies_to": ["wedding_day_consultation"], "slot_type": "multi_select", "slot_required": true, "slot_priority": "high", "customer_name": "Hồng Nhung", "known_slots": {"wedding_date": "tháng 1", "wedding_day_services_needed": null, "wedding_day_schedule": null, "desired_products_details": null}, "asked_slot_values": {"wedding_date": "tháng 1"}, "latest_user_message": "Em dự kiến cưới tháng 1, cần chuẩn bị gì trước?", "recent_conversation_history": [{"role": "user", "content": "Nếu ngày cưới trùng lễ thì giá có khác không ạ?"}, {"role": "assistant", "content": "Dạ chị Hồng Nhung, ngày cưới mình cần những dịch vụ nào: chụp, quay, makeup, trang phục hay full combo ạ?"}, {"role": "user", "content": "Em dự kiến cưới tháng 1, cần chuẩn bị gì trước?"}, {"role": "user", "content": "Em dự kiến cưới tháng 1, cần chuẩn bị gì trước?"}]}
OUTPUT:
{
  "question": "Dạ chị Hồng Nhung, trong ngày cưới chị cần những dịch vụ nào: chụp, quay, makeup, trang phục (váy/vest/áo dài) hay full combo ạ?"
}

=== CASE 253 | detect_intent ===
INPUT:
{"current_message": "Em chưa chốt ngày cưới, bên mình tư vấn giúp được không?", "history_last_5": ["Nếu em cưới vào ngày 30/9 thì cần đặt cọc bao nhiêu?"], "asked_slots": ["wedding_date"], "missing_slots": ["wedding_day_services_needed", "wedding_day_schedule", "desired_products_details"]}
OUTPUT:
{"intent":"ask_service_info","confidence":0.88}

=== CASE 254 | detect_branch ===
INPUT:
{"intent": "ask_service_info", "branch_hint": null, "text": "Em chưa chốt ngày cưới, bên mình tư vấn giúp được không?", "branch_options": [{"name": "greeting_initial_qualification", "label": "Xác định đã có ngày cưới chưa và khách quan tâm chụp pre-wedding, ngày cưới, hay cả hai."}, {"name": "prewedding_consultation", "label": "Tư vấn chụp pre-wedding (studio/ngoại cảnh), concept, địa điểm, số lượng, sản phẩm mong muốn."}, {"name": "wedding_day_consultation", "label": "Tư vấn dịch vụ ngày cưới (chụp/quay/makeup/trang phục), ngày cưới, lịch trình trong ngày, nhu cầu số lượng máy/cam."}, {"name": "resort_wedding_consultation", "label": "Tư vấn tiệc cưới kiểu riêng tư/resort: ý tưởng, địa điểm tổ chức, resort cụ thể, timeline, có wedding planner hay tự làm."}]}
OUTPUT:
{"branch":"greeting_initial_qualification","confidence":0.92}

=== CASE 255 | detect_slots ===
INPUT:
{"intent": "ask_service_info", "branch_name": "greeting_initial_qualification", "text": "Em chưa chốt ngày cưới, bên mình tư vấn giúp được không?", "slot_options": [{"name": "wedding_date", "label": "Ngày cưới", "description": "Ngày cưới cụ thể của khách (nếu đã chốt)."}, {"name": "service_interest", "label": "Nhu cầu dịch vụ", "description": "Khách quan tâm chụp pre-wedding, chụp/quay ngày cưới, hoặc cả hai."}]}
OUTPUT:
[
  {
    "slot": "wedding_date",
    "value": "chưa chốt ngày cưới",
    "confidence": 0.0
  }
]

=== CASE 256 | generate_slot_question ===
INPUT:
{"intent": "ask_service_info", "branch": "greeting_initial_qualification", "target_slot": "service_interest", "slot_label": "Nhu cầu dịch vụ", "slot_description": "Khách quan tâm chụp pre-wedding, chụp/quay ngày cưới, hoặc cả hai.", "slot_evidence": ["mình đang quan tâm tới chụp pre-wedding / ngày cưới hay cả 2 luôn ạ ?"], "slot_synonyms": ["quan tâm", "cần chụp pre", "cần ngày cưới", "cả hai"], "slot_examples": ["pre-wedding", "ngày cưới", "cả 2"], "slot_applies_to": ["greeting_initial_qualification"], "slot_type": "single_select", "slot_required": true, "slot_priority": "high", "customer_name": "Minh Trang", "known_slots": {"wedding_date": "chưa chốt ngày cưới", "service_interest": null}, "asked_slot_values": {"wedding_date": "chưa chốt ngày cưới"}, "latest_user_message": "Em chưa chốt ngày cưới, bên mình tư vấn giúp được không?", "recent_conversation_history": [{"role": "user", "content": "Nếu em cưới vào ngày 30/9 thì cần đặt cọc bao nhiêu?"}, {"role": "assistant", "content": "Dạ chị Minh Trang, ngày 30/9 chị cần dùng dịch vụ nào trong ngày cưới: chụp, quay, makeup, trang phục hay full combo ạ?"}, {"role": "user", "content": "Em chưa chốt ngày cưới, bên mình tư vấn giúp được không?"}]}
OUTPUT:
{"question":"Dạ chị Minh Trang, chị đang quan tâm chụp pre-wedding, chụp/quay ngày cưới hay cả hai ạ?"}

=== CASE 257 | detect_intent ===
INPUT:
{"current_message": "Bên mình có nhận lịch cưới vào dịp Tết không ạ?", "history_last_5": [], "asked_slots": [], "missing_slots": []}
OUTPUT:
{"intent":"ask_service_info","confidence":0.95}

=== CASE 258 | detect_branch ===
INPUT:
{"intent": "ask_service_info", "branch_hint": null, "text": "Bên mình có nhận lịch cưới vào dịp Tết không ạ?", "branch_options": [{"name": "greeting_initial_qualification", "label": "Xác định đã có ngày cưới chưa và khách quan tâm chụp pre-wedding, ngày cưới, hay cả hai."}, {"name": "prewedding_consultation", "label": "Tư vấn chụp pre-wedding (studio/ngoại cảnh), concept, địa điểm, số lượng, sản phẩm mong muốn."}, {"name": "wedding_day_consultation", "label": "Tư vấn dịch vụ ngày cưới (chụp/quay/makeup/trang phục), ngày cưới, lịch trình trong ngày, nhu cầu số lượng máy/cam."}, {"name": "resort_wedding_consultation", "label": "Tư vấn tiệc cưới kiểu riêng tư/resort: ý tưởng, địa điểm tổ chức, resort cụ thể, timeline, có wedding planner hay tự làm."}]}
OUTPUT:
{"branch":"wedding_day_consultation","confidence":0.95}

=== CASE 259 | detect_slots ===
INPUT:
{"intent": "ask_service_info", "branch_name": "wedding_day_consultation", "text": "Bên mình có nhận lịch cưới vào dịp Tết không ạ?", "slot_options": [{"name": "wedding_date", "label": "Ngày cưới", "description": "Ngày cưới cụ thể của khách (nếu đã chốt)."}, {"name": "desired_products_details", "label": "Mong muốn về sản phẩm/chi tiết gói", "description": "Các yêu cầu thêm về sản phẩm: chất liệu, số lượng ảnh, v.v."}, {"name": "wedding_day_services_needed", "label": "Dịch vụ ngày cưới cần dùng", "description": "Khách cần dịch vụ nào trong ngày cưới: chụp, quay, makeup, trang phục; hoặc full combo."}, {"name": "wedding_day_schedule", "label": "Lịch trình ngày cưới", "description": "Lịch trình diễn ra trong ngày cưới (ví dụ sáng gia tiên rước dâu, chiều tiệc nhà hàng...)."}]}
OUTPUT:
[
  {
    "slot": "wedding_date",
    "value": "dịp Tết",
    "confidence": 0.9
  }
]

=== CASE 260 | generate_slot_question ===
INPUT:
{"intent": "ask_service_info", "branch": "wedding_day_consultation", "target_slot": "wedding_day_services_needed", "slot_label": "Dịch vụ ngày cưới cần dùng", "slot_description": "Khách cần dịch vụ nào trong ngày cưới: chụp, quay, makeup, trang phục; hoặc full combo.", "slot_evidence": ["Trong ngày cưới bên em có những dịch vụ như chụp, quay, makeup và trang phục (váy, vest, áo dài CDCR). Ac đang cần 1 trong những dv trên hay sẽ cần full combo luôn ạ"], "slot_synonyms": ["cần dịch vụ gì", "chỉ cần chụp/quay", "full combo"], "slot_examples": ["chụp", "quay", "makeup", "trang phục", "full combo"], "slot_applies_to": ["wedding_day_consultation"], "slot_type": "multi_select", "slot_required": true, "slot_priority": "high", "customer_name": "Yến Nhi", "known_slots": {"wedding_date": "dịp Tết", "wedding_day_services_needed": null, "wedding_day_schedule": null, "desired_products_details": null}, "asked_slot_values": {"wedding_date": "dịp Tết"}, "latest_user_message": "Bên mình có nhận lịch cưới vào dịp Tết không ạ?", "recent_conversation_history": [{"role": "user", "content": "Bên mình có nhận lịch cưới vào dịp Tết không ạ?"}]}
OUTPUT:
{
  "question": "Dạ chị Yến Nhi, trong ngày cưới chị cần dịch vụ gì bên em hỗ trợ: chụp, quay, makeup, trang phục hay full combo ạ?"
}

=== CASE 261 | detect_intent ===
INPUT:
{"current_message": "Cho em hỏi lịch cưới tháng 9 bên mình có kín không?", "history_last_5": ["Nếu ngày cưới trùng lễ thì giá có khác không ạ?", "Em dự kiến cưới tháng 1, cần chuẩn bị gì trước?", "Em dự kiến cưới tháng 1, cần chuẩn bị gì trước?"], "asked_slots": ["wedding_date"], "missing_slots": ["wedding_day_services_needed", "wedding_day_schedule", "desired_products_details"]}
OUTPUT:
{"intent":"ask_service_info","confidence":0.92}

=== CASE 262 | detect_branch ===
INPUT:
{"intent": "ask_service_info", "branch_hint": null, "text": "Cho em hỏi lịch cưới tháng 9 bên mình có kín không?", "branch_options": [{"name": "greeting_initial_qualification", "label": "Xác định đã có ngày cưới chưa và khách quan tâm chụp pre-wedding, ngày cưới, hay cả hai."}, {"name": "prewedding_consultation", "label": "Tư vấn chụp pre-wedding (studio/ngoại cảnh), concept, địa điểm, số lượng, sản phẩm mong muốn."}, {"name": "wedding_day_consultation", "label": "Tư vấn dịch vụ ngày cưới (chụp/quay/makeup/trang phục), ngày cưới, lịch trình trong ngày, nhu cầu số lượng máy/cam."}, {"name": "resort_wedding_consultation", "label": "Tư vấn tiệc cưới kiểu riêng tư/resort: ý tưởng, địa điểm tổ chức, resort cụ thể, timeline, có wedding planner hay tự làm."}]}
OUTPUT:
{"branch":"wedding_day_consultation","confidence":0.95}

=== CASE 263 | detect_slots ===
INPUT:
{"intent": "ask_service_info", "branch_name": "wedding_day_consultation", "text": "Cho em hỏi lịch cưới tháng 9 bên mình có kín không?", "slot_options": [{"name": "wedding_date", "label": "Ngày cưới", "description": "Ngày cưới cụ thể của khách (nếu đã chốt)."}, {"name": "desired_products_details", "label": "Mong muốn về sản phẩm/chi tiết gói", "description": "Các yêu cầu thêm về sản phẩm: chất liệu, số lượng ảnh, v.v."}, {"name": "wedding_day_services_needed", "label": "Dịch vụ ngày cưới cần dùng", "description": "Khách cần dịch vụ nào trong ngày cưới: chụp, quay, makeup, trang phục; hoặc full combo."}, {"name": "wedding_day_schedule", "label": "Lịch trình ngày cưới", "description": "Lịch trình diễn ra trong ngày cưới (ví dụ sáng gia tiên rước dâu, chiều tiệc nhà hàng...)."}]}
OUTPUT:
[
  {
    "slot": "wedding_date",
    "value": "tháng 9",
    "confidence": 0.9
  }
]

=== CASE 264 | generate_slot_question ===
INPUT:
{"intent": "ask_service_info", "branch": "wedding_day_consultation", "target_slot": "wedding_day_services_needed", "slot_label": "Dịch vụ ngày cưới cần dùng", "slot_description": "Khách cần dịch vụ nào trong ngày cưới: chụp, quay, makeup, trang phục; hoặc full combo.", "slot_evidence": ["Trong ngày cưới bên em có những dịch vụ như chụp, quay, makeup và trang phục (váy, vest, áo dài CDCR). Ac đang cần 1 trong những dv trên hay sẽ cần full combo luôn ạ"], "slot_synonyms": ["cần dịch vụ gì", "chỉ cần chụp/quay", "full combo"], "slot_examples": ["chụp", "quay", "makeup", "trang phục", "full combo"], "slot_applies_to": ["wedding_day_consultation"], "slot_type": "multi_select", "slot_required": true, "slot_priority": "high", "customer_name": "Hồng Nhung", "known_slots": {"wedding_date": "tháng 9", "wedding_day_services_needed": null, "wedding_day_schedule": null, "desired_products_details": null}, "asked_slot_values": {"wedding_date": "tháng 9"}, "latest_user_message": "Cho em hỏi lịch cưới tháng 9 bên mình có kín không?", "recent_conversation_history": [{"role": "user", "content": "Em dự kiến cưới tháng 1, cần chuẩn bị gì trước?"}, {"role": "user", "content": "Em dự kiến cưới tháng 1, cần chuẩn bị gì trước?"}, {"role": "assistant", "content": "Dạ chị Hồng Nhung, trong ngày cưới chị cần những dịch vụ nào: chụp, quay, makeup, trang phục (váy/vest/áo dài) hay full combo ạ?"}, {"role": "user", "content": "Cho em hỏi lịch cưới tháng 9 bên mình có kín không?"}, {"role": "user", "content": "Cho em hỏi lịch cưới tháng 9 bên mình có kín không?"}]}
OUTPUT:
{"question":"Dạ chị Hồng Nhung, trong ngày cưới chị cần những dịch vụ nào: chụp, quay, makeup, trang phục (váy/vest/áo dài) hay full combo ạ?"}

=== CASE 265 | detect_intent ===
INPUT:
{"current_message": "Em muốn chốt lịch cưới ngày 05/06, bên mình hỗ trợ không?", "history_last_5": [], "asked_slots": [], "missing_slots": []}
OUTPUT:
{"intent":"ask_service_info","confidence":0.95}

=== CASE 266 | detect_branch ===
INPUT:
{"intent": "ask_service_info", "branch_hint": null, "text": "Em muốn chốt lịch cưới ngày 05/06, bên mình hỗ trợ không?", "branch_options": [{"name": "greeting_initial_qualification", "label": "Xác định đã có ngày cưới chưa và khách quan tâm chụp pre-wedding, ngày cưới, hay cả hai."}, {"name": "prewedding_consultation", "label": "Tư vấn chụp pre-wedding (studio/ngoại cảnh), concept, địa điểm, số lượng, sản phẩm mong muốn."}, {"name": "wedding_day_consultation", "label": "Tư vấn dịch vụ ngày cưới (chụp/quay/makeup/trang phục), ngày cưới, lịch trình trong ngày, nhu cầu số lượng máy/cam."}, {"name": "resort_wedding_consultation", "label": "Tư vấn tiệc cưới kiểu riêng tư/resort: ý tưởng, địa điểm tổ chức, resort cụ thể, timeline, có wedding planner hay tự làm."}]}
OUTPUT:
{"branch":"wedding_day_consultation","confidence":0.95}

=== CASE 267 | detect_slots ===
INPUT:
{"intent": "ask_service_info", "branch_name": "wedding_day_consultation", "text": "Em muốn chốt lịch cưới ngày 05/06, bên mình hỗ trợ không?", "slot_options": [{"name": "wedding_date", "label": "Ngày cưới", "description": "Ngày cưới cụ thể của khách (nếu đã chốt)."}, {"name": "desired_products_details", "label": "Mong muốn về sản phẩm/chi tiết gói", "description": "Các yêu cầu thêm về sản phẩm: chất liệu, số lượng ảnh, v.v."}, {"name": "wedding_day_services_needed", "label": "Dịch vụ ngày cưới cần dùng", "description": "Khách cần dịch vụ nào trong ngày cưới: chụp, quay, makeup, trang phục; hoặc full combo."}, {"name": "wedding_day_schedule", "label": "Lịch trình ngày cưới", "description": "Lịch trình diễn ra trong ngày cưới (ví dụ sáng gia tiên rước dâu, chiều tiệc nhà hàng...)."}]}
OUTPUT:
[
  {
    "slot": "wedding_date",
    "value": "05/06",
    "confidence": 0.95
  }
]

=== CASE 268 | generate_slot_question ===
INPUT:
{"intent": "ask_service_info", "branch": "wedding_day_consultation", "target_slot": "wedding_day_services_needed", "slot_label": "Dịch vụ ngày cưới cần dùng", "slot_description": "Khách cần dịch vụ nào trong ngày cưới: chụp, quay, makeup, trang phục; hoặc full combo.", "slot_evidence": ["Trong ngày cưới bên em có những dịch vụ như chụp, quay, makeup và trang phục (váy, vest, áo dài CDCR). Ac đang cần 1 trong những dv trên hay sẽ cần full combo luôn ạ"], "slot_synonyms": ["cần dịch vụ gì", "chỉ cần chụp/quay", "full combo"], "slot_examples": ["chụp", "quay", "makeup", "trang phục", "full combo"], "slot_applies_to": ["wedding_day_consultation"], "slot_type": "multi_select", "slot_required": true, "slot_priority": "high", "customer_name": "Khánh Linh", "known_slots": {"wedding_date": "05/06", "wedding_day_services_needed": null, "wedding_day_schedule": null, "desired_products_details": null}, "asked_slot_values": {"wedding_date": "05/06"}, "latest_user_message": "Em muốn chốt lịch cưới ngày 05/06, bên mình hỗ trợ không?", "recent_conversation_history": [{"role": "user", "content": "Em muốn chốt lịch cưới ngày 05/06, bên mình hỗ trợ không?"}]}
OUTPUT:
{
  "question": "Dạ chị Khánh Linh, chị muốn dùng dịch vụ nào trong ngày cưới: chụp, quay, makeup, trang phục (váy/vest/áo dài) hay full combo ạ?"
}

=== CASE 269 | detect_intent ===
INPUT:
{"current_message": "Cho em hỏi mình có nhận lịch gấp trong tuần này không?", "history_last_5": ["Em muốn chốt lịch cưới ngày 05/06, bên mình hỗ trợ không?", "Em muốn chốt lịch cưới ngày 05/06, bên mình hỗ trợ không?", "Bên mình có nhận lịch cưới vào dịp Tết không ạ?", "Bên mình có nhận lịch cưới vào dịp Tết không ạ?", "Bên mình có nhận lịch cưới vào dịp Tết không ạ?"], "asked_slots": ["wedding_date"], "missing_slots": ["wedding_day_services_needed", "wedding_day_schedule", "desired_products_details"]}
OUTPUT:
{"intent":"ask_service_info","confidence":0.96}

=== CASE 270 | detect_branch ===
INPUT:
{"intent": "ask_service_info", "branch_hint": null, "text": "Cho em hỏi mình có nhận lịch gấp trong tuần này không?", "branch_options": [{"name": "greeting_initial_qualification", "label": "Xác định đã có ngày cưới chưa và khách quan tâm chụp pre-wedding, ngày cưới, hay cả hai."}, {"name": "prewedding_consultation", "label": "Tư vấn chụp pre-wedding (studio/ngoại cảnh), concept, địa điểm, số lượng, sản phẩm mong muốn."}, {"name": "wedding_day_consultation", "label": "Tư vấn dịch vụ ngày cưới (chụp/quay/makeup/trang phục), ngày cưới, lịch trình trong ngày, nhu cầu số lượng máy/cam."}, {"name": "resort_wedding_consultation", "label": "Tư vấn tiệc cưới kiểu riêng tư/resort: ý tưởng, địa điểm tổ chức, resort cụ thể, timeline, có wedding planner hay tự làm."}]}
OUTPUT:
{"branch":"greeting_initial_qualification","confidence":0.8}

=== CASE 271 | detect_slots ===
INPUT:
{"intent": "ask_service_info", "branch_name": "greeting_initial_qualification", "text": "Cho em hỏi mình có nhận lịch gấp trong tuần này không?", "slot_options": [{"name": "wedding_date", "label": "Ngày cưới", "description": "Ngày cưới cụ thể của khách (nếu đã chốt)."}, {"name": "service_interest", "label": "Nhu cầu dịch vụ", "description": "Khách quan tâm chụp pre-wedding, chụp/quay ngày cưới, hoặc cả hai."}]}
OUTPUT:
[]

=== CASE 272 | generate_slot_question ===
INPUT:
{"intent": "ask_service_info", "branch": "greeting_initial_qualification", "target_slot": "wedding_date", "slot_label": "Ngày cưới", "slot_description": "Ngày cưới cụ thể của khách (nếu đã chốt).", "slot_evidence": ["Cho em hỏi anh/chị đã có ngày cưới cụ thể chưa", "Ngày cưới của mình là ngày bao nhiêu"], "slot_synonyms": ["ngày cưới", "ngày bao nhiêu", "ngày tổ chức", "đã có ngày cưới cụ thể chưa"], "slot_examples": ["15/10/2026", "ngày 20 tháng 3"], "slot_applies_to": ["greeting_initial_qualification", "wedding_day_consultation", "resort_wedding_consultation"], "slot_type": "date", "slot_required": true, "slot_priority": "high", "customer_name": "Như Ý", "known_slots": {"wedding_date": null, "service_interest": null}, "asked_slot_values": {}, "latest_user_message": "Cho em hỏi mình có nhận lịch gấp trong tuần này không?", "recent_conversation_history": [{"role": "user", "content": "Bên mình có nhận lịch cưới vào dịp Tết không ạ?"}, {"role": "user", "content": "Bên mình có nhận lịch cưới vào dịp Tết không ạ?"}, {"role": "assistant", "content": "Dạ chị Như Ý, cho dịp Tết chị cần những dịch vụ gì trong ngày cưới: chỉ chụp, quay, makeup, trang phục (váy/vest/áo dài) hay full combo ạ?"}, {"role": "user", "content": "Bên mình có nhận lịch cưới vào dịp Tết không ạ?"}, {"role": "user", "content": "Cho em hỏi mình có nhận lịch gấp trong tuần này không?"}]}
OUTPUT:
{"question":"Dạ chị Như Ý, chị đã chốt ngày cưới cụ thể chưa ạ? Ngày bao nhiêu vậy ạ?"}

=== CASE 273 | detect_intent ===
INPUT:
{"current_message": "Em chưa chốt ngày cưới, bên mình tư vấn giúp được không?", "history_last_5": [], "asked_slots": [], "missing_slots": []}
OUTPUT:
{"intent":"ask_service_info","confidence":0.95}

=== CASE 274 | detect_branch ===
INPUT:
{"intent": "ask_service_info", "branch_hint": null, "text": "Em chưa chốt ngày cưới, bên mình tư vấn giúp được không?", "branch_options": [{"name": "greeting_initial_qualification", "label": "Xác định đã có ngày cưới chưa và khách quan tâm chụp pre-wedding, ngày cưới, hay cả hai."}, {"name": "prewedding_consultation", "label": "Tư vấn chụp pre-wedding (studio/ngoại cảnh), concept, địa điểm, số lượng, sản phẩm mong muốn."}, {"name": "wedding_day_consultation", "label": "Tư vấn dịch vụ ngày cưới (chụp/quay/makeup/trang phục), ngày cưới, lịch trình trong ngày, nhu cầu số lượng máy/cam."}, {"name": "resort_wedding_consultation", "label": "Tư vấn tiệc cưới kiểu riêng tư/resort: ý tưởng, địa điểm tổ chức, resort cụ thể, timeline, có wedding planner hay tự làm."}]}
OUTPUT:
{"branch":"greeting_initial_qualification","confidence":0.9}

=== CASE 275 | detect_slots ===
INPUT:
{"intent": "ask_service_info", "branch_name": "greeting_initial_qualification", "text": "Em chưa chốt ngày cưới, bên mình tư vấn giúp được không?", "slot_options": [{"name": "wedding_date", "label": "Ngày cưới", "description": "Ngày cưới cụ thể của khách (nếu đã chốt)."}, {"name": "service_interest", "label": "Nhu cầu dịch vụ", "description": "Khách quan tâm chụp pre-wedding, chụp/quay ngày cưới, hoặc cả hai."}]}
OUTPUT:
[
  {
    "slot": "wedding_date",
    "value": "chưa chốt ngày cưới",
    "confidence": 0.95
  }
]

=== CASE 276 | generate_slot_question ===
INPUT:
{"intent": "ask_service_info", "branch": "greeting_initial_qualification", "target_slot": "service_interest", "slot_label": "Nhu cầu dịch vụ", "slot_description": "Khách quan tâm chụp pre-wedding, chụp/quay ngày cưới, hoặc cả hai.", "slot_evidence": ["mình đang quan tâm tới chụp pre-wedding / ngày cưới hay cả 2 luôn ạ ?"], "slot_synonyms": ["quan tâm", "cần chụp pre", "cần ngày cưới", "cả hai"], "slot_examples": ["pre-wedding", "ngày cưới", "cả 2"], "slot_applies_to": ["greeting_initial_qualification"], "slot_type": "single_select", "slot_required": true, "slot_priority": "high", "customer_name": "Hải Yến", "known_slots": {"wedding_date": "chưa chốt ngày cưới", "service_interest": null}, "asked_slot_values": {"wedding_date": "chưa chốt ngày cưới"}, "latest_user_message": "Em chưa chốt ngày cưới, bên mình tư vấn giúp được không?", "recent_conversation_history": [{"role": "user", "content": "Em chưa chốt ngày cưới, bên mình tư vấn giúp được không?"}]}
OUTPUT:
{"question":"Dạ chị Hải Yến, mình quan tâm chụp pre-wedding, chụp ngày cưới hay cả hai ạ?"}

=== CASE 277 | detect_intent ===
INPUT:
{"current_message": "Tụi em dự kiến cưới đầu tháng 4, bên mình sắp xếp được không?", "history_last_5": ["Tụi em dự kiến cưới đầu tháng 4, bên mình sắp xếp được không?"], "asked_slots": ["wedding_date"], "missing_slots": ["wedding_day_services_needed", "wedding_day_schedule", "desired_products_details"]}
OUTPUT:
{"intent":"ask_service_info","confidence":0.94}

=== CASE 278 | detect_branch ===
INPUT:
{"intent": "ask_service_info", "branch_hint": null, "text": "Tụi em dự kiến cưới đầu tháng 4, bên mình sắp xếp được không?", "branch_options": [{"name": "greeting_initial_qualification", "label": "Xác định đã có ngày cưới chưa và khách quan tâm chụp pre-wedding, ngày cưới, hay cả hai."}, {"name": "prewedding_consultation", "label": "Tư vấn chụp pre-wedding (studio/ngoại cảnh), concept, địa điểm, số lượng, sản phẩm mong muốn."}, {"name": "wedding_day_consultation", "label": "Tư vấn dịch vụ ngày cưới (chụp/quay/makeup/trang phục), ngày cưới, lịch trình trong ngày, nhu cầu số lượng máy/cam."}, {"name": "resort_wedding_consultation", "label": "Tư vấn tiệc cưới kiểu riêng tư/resort: ý tưởng, địa điểm tổ chức, resort cụ thể, timeline, có wedding planner hay tự làm."}]}
OUTPUT:
{"branch":"wedding_day_consultation","confidence":0.95}

=== CASE 279 | detect_slots ===
INPUT:
{"intent": "ask_service_info", "branch_name": "wedding_day_consultation", "text": "Tụi em dự kiến cưới đầu tháng 4, bên mình sắp xếp được không?", "slot_options": [{"name": "wedding_date", "label": "Ngày cưới", "description": "Ngày cưới cụ thể của khách (nếu đã chốt)."}, {"name": "desired_products_details", "label": "Mong muốn về sản phẩm/chi tiết gói", "description": "Các yêu cầu thêm về sản phẩm: chất liệu, số lượng ảnh, v.v."}, {"name": "wedding_day_services_needed", "label": "Dịch vụ ngày cưới cần dùng", "description": "Khách cần dịch vụ nào trong ngày cưới: chụp, quay, makeup, trang phục; hoặc full combo."}, {"name": "wedding_day_schedule", "label": "Lịch trình ngày cưới", "description": "Lịch trình diễn ra trong ngày cưới (ví dụ sáng gia tiên rước dâu, chiều tiệc nhà hàng...)."}]}
OUTPUT:
[
  {
    "slot": "wedding_date",
    "value": "đầu tháng 4",
    "confidence": 0.95
  }
]

=== CASE 280 | generate_slot_question ===
INPUT:
{"intent": "ask_service_info", "branch": "wedding_day_consultation", "target_slot": "wedding_day_services_needed", "slot_label": "Dịch vụ ngày cưới cần dùng", "slot_description": "Khách cần dịch vụ nào trong ngày cưới: chụp, quay, makeup, trang phục; hoặc full combo.", "slot_evidence": ["Trong ngày cưới bên em có những dịch vụ như chụp, quay, makeup và trang phục (váy, vest, áo dài CDCR). Ac đang cần 1 trong những dv trên hay sẽ cần full combo luôn ạ"], "slot_synonyms": ["cần dịch vụ gì", "chỉ cần chụp/quay", "full combo"], "slot_examples": ["chụp", "quay", "makeup", "trang phục", "full combo"], "slot_applies_to": ["wedding_day_consultation"], "slot_type": "multi_select", "slot_required": true, "slot_priority": "high", "customer_name": "Lan Anh", "known_slots": {"wedding_date": "đầu tháng 4", "wedding_day_services_needed": null, "wedding_day_schedule": null, "desired_products_details": null}, "asked_slot_values": {"wedding_date": "đầu tháng 4"}, "latest_user_message": "Tụi em dự kiến cưới đầu tháng 4, bên mình sắp xếp được không?", "recent_conversation_history": [{"role": "user", "content": "Tụi em dự kiến cưới đầu tháng 4, bên mình sắp xếp được không?"}, {"role": "assistant", "content": "Dạ chị Lan Anh, trong ngày cưới chị cần những dịch vụ nào: chụp, quay, makeup, trang phục (váy/vest/áo dài) hay muốn full combo ạ?"}, {"role": "user", "content": "Tụi em dự kiến cưới đầu tháng 4, bên mình sắp xếp được không?"}]}
OUTPUT:
{
  "question": "Dạ chị Lan Anh, ngày cưới chị cần những dịch vụ nào trong số: chụp, quay, makeup, trang phục (váy/vest/áo dài) hay muốn full combo ạ?"
}

=== CASE 281 | detect_intent ===
INPUT:
{"current_message": "Tụi em dự kiến cưới đầu tháng 4, bên mình sắp xếp được không?", "history_last_5": ["Em muốn chốt lịch cưới ngày 05/06, bên mình hỗ trợ không?", "Bên mình có nhận lịch cưới vào dịp Tết không ạ?", "Bên mình có nhận lịch cưới vào dịp Tết không ạ?", "Bên mình có nhận lịch cưới vào dịp Tết không ạ?", "Cho em hỏi mình có nhận lịch gấp trong tuần này không?"], "asked_slots": [], "missing_slots": ["wedding_date", "service_interest"]}
OUTPUT:
{"intent":"ask_service_info","confidence":0.95}

=== CASE 282 | detect_branch ===
INPUT:
{"intent": "ask_service_info", "branch_hint": null, "text": "Tụi em dự kiến cưới đầu tháng 4, bên mình sắp xếp được không?", "branch_options": [{"name": "greeting_initial_qualification", "label": "Xác định đã có ngày cưới chưa và khách quan tâm chụp pre-wedding, ngày cưới, hay cả hai."}, {"name": "prewedding_consultation", "label": "Tư vấn chụp pre-wedding (studio/ngoại cảnh), concept, địa điểm, số lượng, sản phẩm mong muốn."}, {"name": "wedding_day_consultation", "label": "Tư vấn dịch vụ ngày cưới (chụp/quay/makeup/trang phục), ngày cưới, lịch trình trong ngày, nhu cầu số lượng máy/cam."}, {"name": "resort_wedding_consultation", "label": "Tư vấn tiệc cưới kiểu riêng tư/resort: ý tưởng, địa điểm tổ chức, resort cụ thể, timeline, có wedding planner hay tự làm."}]}
OUTPUT:
{"branch":"wedding_day_consultation","confidence":0.9}

=== CASE 283 | detect_slots ===
INPUT:
{"intent": "ask_service_info", "branch_name": "wedding_day_consultation", "text": "Tụi em dự kiến cưới đầu tháng 4, bên mình sắp xếp được không?", "slot_options": [{"name": "wedding_date", "label": "Ngày cưới", "description": "Ngày cưới cụ thể của khách (nếu đã chốt)."}, {"name": "desired_products_details", "label": "Mong muốn về sản phẩm/chi tiết gói", "description": "Các yêu cầu thêm về sản phẩm: chất liệu, số lượng ảnh, v.v."}, {"name": "wedding_day_services_needed", "label": "Dịch vụ ngày cưới cần dùng", "description": "Khách cần dịch vụ nào trong ngày cưới: chụp, quay, makeup, trang phục; hoặc full combo."}, {"name": "wedding_day_schedule", "label": "Lịch trình ngày cưới", "description": "Lịch trình diễn ra trong ngày cưới (ví dụ sáng gia tiên rước dâu, chiều tiệc nhà hàng...)."}]}
OUTPUT:
[
  {
    "slot": "wedding_date",
    "value": "đầu tháng 4",
    "confidence": 0.9
  }
]

=== CASE 284 | generate_slot_question ===
INPUT:
{"intent": "ask_service_info", "branch": "wedding_day_consultation", "target_slot": "wedding_day_services_needed", "slot_label": "Dịch vụ ngày cưới cần dùng", "slot_description": "Khách cần dịch vụ nào trong ngày cưới: chụp, quay, makeup, trang phục; hoặc full combo.", "slot_evidence": ["Trong ngày cưới bên em có những dịch vụ như chụp, quay, makeup và trang phục (váy, vest, áo dài CDCR). Ac đang cần 1 trong những dv trên hay sẽ cần full combo luôn ạ"], "slot_synonyms": ["cần dịch vụ gì", "chỉ cần chụp/quay", "full combo"], "slot_examples": ["chụp", "quay", "makeup", "trang phục", "full combo"], "slot_applies_to": ["wedding_day_consultation"], "slot_type": "multi_select", "slot_required": true, "slot_priority": "high", "customer_name": "Như Ý", "known_slots": {"wedding_date": "đầu tháng 4", "wedding_day_services_needed": null, "wedding_day_schedule": null, "desired_products_details": null}, "asked_slot_values": {"wedding_date": "đầu tháng 4"}, "latest_user_message": "Tụi em dự kiến cưới đầu tháng 4, bên mình sắp xếp được không?", "recent_conversation_history": [{"role": "assistant", "content": "Dạ chị Như Ý, cho dịp Tết chị cần những dịch vụ gì trong ngày cưới: chỉ chụp, quay, makeup, trang phục (váy/vest/áo dài) hay full combo ạ?"}, {"role": "user", "content": "Bên mình có nhận lịch cưới vào dịp Tết không ạ?"}, {"role": "user", "content": "Cho em hỏi mình có nhận lịch gấp trong tuần này không?"}, {"role": "assistant", "content": "Dạ chị Như Ý, chị đã chốt ngày cưới cụ thể chưa ạ? Ngày bao nhiêu vậy ạ?"}, {"role": "user", "content": "Tụi em dự kiến cưới đầu tháng 4, bên mình sắp xếp được không?"}]}
OUTPUT:
{
  "question": "Dạ chị Như Ý, trong ngày cưới chị cần những dịch vụ nào: chụp, quay, makeup, trang phục (váy/vest/áo dài) hay full combo ạ?"
}

=== CASE 285 | detect_intent ===
INPUT:
{"current_message": "Nếu em cưới vào ngày 30/9 thì cần đặt cọc bao nhiêu?", "history_last_5": [], "asked_slots": [], "missing_slots": []}
OUTPUT:
{"intent":"price_request","confidence":0.95}

=== CASE 286 | detect_branch ===
INPUT:
{"intent": "price_request", "branch_hint": null, "text": "Nếu em cưới vào ngày 30/9 thì cần đặt cọc bao nhiêu?", "branch_options": [{"name": "greeting_initial_qualification", "label": "Xác định đã có ngày cưới chưa và khách quan tâm chụp pre-wedding, ngày cưới, hay cả hai."}, {"name": "prewedding_consultation", "label": "Tư vấn chụp pre-wedding (studio/ngoại cảnh), concept, địa điểm, số lượng, sản phẩm mong muốn."}, {"name": "wedding_day_consultation", "label": "Tư vấn dịch vụ ngày cưới (chụp/quay/makeup/trang phục), ngày cưới, lịch trình trong ngày, nhu cầu số lượng máy/cam."}, {"name": "resort_wedding_consultation", "label": "Tư vấn tiệc cưới kiểu riêng tư/resort: ý tưởng, địa điểm tổ chức, resort cụ thể, timeline, có wedding planner hay tự làm."}]}
OUTPUT:
{"branch":"wedding_day_consultation","confidence":0.92}

=== CASE 287 | detect_slots ===
INPUT:
{"intent": "price_request", "branch_name": "wedding_day_consultation", "text": "Nếu em cưới vào ngày 30/9 thì cần đặt cọc bao nhiêu?", "slot_options": [{"name": "wedding_date", "label": "Ngày cưới", "description": "Ngày cưới cụ thể của khách (nếu đã chốt)."}, {"name": "desired_products_details", "label": "Mong muốn về sản phẩm/chi tiết gói", "description": "Các yêu cầu thêm về sản phẩm: chất liệu, số lượng ảnh, v.v."}, {"name": "wedding_day_services_needed", "label": "Dịch vụ ngày cưới cần dùng", "description": "Khách cần dịch vụ nào trong ngày cưới: chụp, quay, makeup, trang phục; hoặc full combo."}, {"name": "wedding_day_schedule", "label": "Lịch trình ngày cưới", "description": "Lịch trình diễn ra trong ngày cưới (ví dụ sáng gia tiên rước dâu, chiều tiệc nhà hàng...)."}]}
OUTPUT:
[
  {
    "slot": "wedding_date",
    "value": "30/9",
    "confidence": 0.9
  }
]

=== CASE 288 | generate_slot_question ===
INPUT:
{"intent": "price_request", "branch": "wedding_day_consultation", "target_slot": "wedding_day_services_needed", "slot_label": "Dịch vụ ngày cưới cần dùng", "slot_description": "Khách cần dịch vụ nào trong ngày cưới: chụp, quay, makeup, trang phục; hoặc full combo.", "slot_evidence": ["Trong ngày cưới bên em có những dịch vụ như chụp, quay, makeup và trang phục (váy, vest, áo dài CDCR). Ac đang cần 1 trong những dv trên hay sẽ cần full combo luôn ạ"], "slot_synonyms": ["cần dịch vụ gì", "chỉ cần chụp/quay", "full combo"], "slot_examples": ["chụp", "quay", "makeup", "trang phục", "full combo"], "slot_applies_to": ["wedding_day_consultation"], "slot_type": "multi_select", "slot_required": true, "slot_priority": "high", "customer_name": "Phương Thảo", "known_slots": {"wedding_date": "30/9", "wedding_day_services_needed": null, "wedding_day_schedule": null, "desired_products_details": null}, "asked_slot_values": {"wedding_date": "30/9"}, "latest_user_message": "Nếu em cưới vào ngày 30/9 thì cần đặt cọc bao nhiêu?", "recent_conversation_history": [{"role": "user", "content": "Nếu em cưới vào ngày 30/9 thì cần đặt cọc bao nhiêu?"}]}
OUTPUT:
{
  "question": "Dạ chị Phương Thảo, cho em hỏi ngày 30/9 chị cần dịch vụ nào trong ngày cưới ạ? (chụp, quay, makeup, trang phục hoặc full combo)"
}

=== CASE 289 | detect_intent ===
INPUT:
{"current_message": "Anh/chị cho em hỏi lịch ngày 15/8 còn trống không ạ?", "history_last_5": ["Em chưa chốt ngày cưới, bên mình tư vấn giúp được không?"], "asked_slots": ["wedding_date"], "missing_slots": ["service_interest"]}
OUTPUT:
{"intent":"ask_service_info","confidence":0.95}

=== CASE 290 | detect_branch ===
INPUT:
{"intent": "ask_service_info", "branch_hint": null, "text": "Anh/chị cho em hỏi lịch ngày 15/8 còn trống không ạ?", "branch_options": [{"name": "greeting_initial_qualification", "label": "Xác định đã có ngày cưới chưa và khách quan tâm chụp pre-wedding, ngày cưới, hay cả hai."}, {"name": "prewedding_consultation", "label": "Tư vấn chụp pre-wedding (studio/ngoại cảnh), concept, địa điểm, số lượng, sản phẩm mong muốn."}, {"name": "wedding_day_consultation", "label": "Tư vấn dịch vụ ngày cưới (chụp/quay/makeup/trang phục), ngày cưới, lịch trình trong ngày, nhu cầu số lượng máy/cam."}, {"name": "resort_wedding_consultation", "label": "Tư vấn tiệc cưới kiểu riêng tư/resort: ý tưởng, địa điểm tổ chức, resort cụ thể, timeline, có wedding planner hay tự làm."}]}
OUTPUT:
{"branch":"wedding_day_consultation","confidence":0.95}

=== CASE 291 | detect_slots ===
INPUT:
{"intent": "ask_service_info", "branch_name": "wedding_day_consultation", "text": "Anh/chị cho em hỏi lịch ngày 15/8 còn trống không ạ?", "slot_options": [{"name": "wedding_date", "label": "Ngày cưới", "description": "Ngày cưới cụ thể của khách (nếu đã chốt)."}, {"name": "desired_products_details", "label": "Mong muốn về sản phẩm/chi tiết gói", "description": "Các yêu cầu thêm về sản phẩm: chất liệu, số lượng ảnh, v.v."}, {"name": "wedding_day_services_needed", "label": "Dịch vụ ngày cưới cần dùng", "description": "Khách cần dịch vụ nào trong ngày cưới: chụp, quay, makeup, trang phục; hoặc full combo."}, {"name": "wedding_day_schedule", "label": "Lịch trình ngày cưới", "description": "Lịch trình diễn ra trong ngày cưới (ví dụ sáng gia tiên rước dâu, chiều tiệc nhà hàng...)."}]}
OUTPUT:
[
  {
    "slot": "wedding_date",
    "value": "15/8",
    "confidence": 0.95
  }
]

=== CASE 292 | generate_slot_question ===
INPUT:
{"intent": "ask_service_info", "branch": "wedding_day_consultation", "target_slot": "wedding_day_services_needed", "slot_label": "Dịch vụ ngày cưới cần dùng", "slot_description": "Khách cần dịch vụ nào trong ngày cưới: chụp, quay, makeup, trang phục; hoặc full combo.", "slot_evidence": ["Trong ngày cưới bên em có những dịch vụ như chụp, quay, makeup và trang phục (váy, vest, áo dài CDCR). Ac đang cần 1 trong những dv trên hay sẽ cần full combo luôn ạ"], "slot_synonyms": ["cần dịch vụ gì", "chỉ cần chụp/quay", "full combo"], "slot_examples": ["chụp", "quay", "makeup", "trang phục", "full combo"], "slot_applies_to": ["wedding_day_consultation"], "slot_type": "multi_select", "slot_required": true, "slot_priority": "high", "customer_name": "Hải Yến", "known_slots": {"wedding_date": "15/8", "wedding_day_services_needed": null, "wedding_day_schedule": null, "desired_products_details": null}, "asked_slot_values": {"wedding_date": "15/8"}, "latest_user_message": "Anh/chị cho em hỏi lịch ngày 15/8 còn trống không ạ?", "recent_conversation_history": [{"role": "user", "content": "Em chưa chốt ngày cưới, bên mình tư vấn giúp được không?"}, {"role": "assistant", "content": "Dạ chị Hải Yến, mình quan tâm chụp pre-wedding, chụp ngày cưới hay cả hai ạ?"}, {"role": "user", "content": "Anh/chị cho em hỏi lịch ngày 15/8 còn trống không ạ?"}]}
OUTPUT:
{
  "question": "Dạ chị Hải Yến, ngày 15/8 chị cần dịch vụ gì trong ngày cưới ạ? (chụp / quay / makeup / trang phục / full combo)"
}

=== CASE 293 | detect_intent ===
INPUT:
{"current_message": "Bên mình có dịch vụ cưới vào buổi tối không?", "history_last_5": ["Nếu em cưới vào ngày 30/9 thì cần đặt cọc bao nhiêu?"], "asked_slots": ["wedding_date"], "missing_slots": ["wedding_day_services_needed", "wedding_day_schedule", "desired_products_details"]}
OUTPUT:
{"intent":"ask_service_info","confidence":0.95}

=== CASE 294 | detect_branch ===
INPUT:
{"intent": "ask_service_info", "branch_hint": null, "text": "Bên mình có dịch vụ cưới vào buổi tối không?", "branch_options": [{"name": "greeting_initial_qualification", "label": "Xác định đã có ngày cưới chưa và khách quan tâm chụp pre-wedding, ngày cưới, hay cả hai."}, {"name": "prewedding_consultation", "label": "Tư vấn chụp pre-wedding (studio/ngoại cảnh), concept, địa điểm, số lượng, sản phẩm mong muốn."}, {"name": "wedding_day_consultation", "label": "Tư vấn dịch vụ ngày cưới (chụp/quay/makeup/trang phục), ngày cưới, lịch trình trong ngày, nhu cầu số lượng máy/cam."}, {"name": "resort_wedding_consultation", "label": "Tư vấn tiệc cưới kiểu riêng tư/resort: ý tưởng, địa điểm tổ chức, resort cụ thể, timeline, có wedding planner hay tự làm."}]}
OUTPUT:
{"branch":"wedding_day_consultation","confidence":0.95}

=== CASE 295 | detect_slots ===
INPUT:
{"intent": "ask_service_info", "branch_name": "wedding_day_consultation", "text": "Bên mình có dịch vụ cưới vào buổi tối không?", "slot_options": [{"name": "wedding_date", "label": "Ngày cưới", "description": "Ngày cưới cụ thể của khách (nếu đã chốt)."}, {"name": "desired_products_details", "label": "Mong muốn về sản phẩm/chi tiết gói", "description": "Các yêu cầu thêm về sản phẩm: chất liệu, số lượng ảnh, v.v."}, {"name": "wedding_day_services_needed", "label": "Dịch vụ ngày cưới cần dùng", "description": "Khách cần dịch vụ nào trong ngày cưới: chụp, quay, makeup, trang phục; hoặc full combo."}, {"name": "wedding_day_schedule", "label": "Lịch trình ngày cưới", "description": "Lịch trình diễn ra trong ngày cưới (ví dụ sáng gia tiên rước dâu, chiều tiệc nhà hàng...)."}]}
OUTPUT:
[
  {
    "slot": "wedding_day_schedule",
    "value": "buổi tối",
    "confidence": 0.9
  }
]

=== CASE 296 | generate_slot_question ===
INPUT:
{"intent": "ask_service_info", "branch": "wedding_day_consultation", "target_slot": "wedding_day_services_needed", "slot_label": "Dịch vụ ngày cưới cần dùng", "slot_description": "Khách cần dịch vụ nào trong ngày cưới: chụp, quay, makeup, trang phục; hoặc full combo.", "slot_evidence": ["Trong ngày cưới bên em có những dịch vụ như chụp, quay, makeup và trang phục (váy, vest, áo dài CDCR). Ac đang cần 1 trong những dv trên hay sẽ cần full combo luôn ạ"], "slot_synonyms": ["cần dịch vụ gì", "chỉ cần chụp/quay", "full combo"], "slot_examples": ["chụp", "quay", "makeup", "trang phục", "full combo"], "slot_applies_to": ["wedding_day_consultation"], "slot_type": "multi_select", "slot_required": true, "slot_priority": "high", "customer_name": "Phương Thảo", "known_slots": {"wedding_date": "30/9", "wedding_day_services_needed": null, "wedding_day_schedule": "buổi tối", "desired_products_details": null}, "asked_slot_values": {"wedding_date": "30/9", "wedding_day_schedule": "buổi tối"}, "latest_user_message": "Bên mình có dịch vụ cưới vào buổi tối không?", "recent_conversation_history": [{"role": "user", "content": "Nếu em cưới vào ngày 30/9 thì cần đặt cọc bao nhiêu?"}, {"role": "assistant", "content": "Dạ chị Phương Thảo, cho em hỏi ngày 30/9 chị cần dịch vụ nào trong ngày cưới ạ? (chụp, quay, makeup, trang phục hoặc full combo)"}, {"role": "user", "content": "Bên mình có dịch vụ cưới vào buổi tối không?"}, {"role": "user", "content": "Bên mình có dịch vụ cưới vào buổi tối không?"}]}
OUTPUT:
{
  "question": "Dạ chị Phương Thảo, ngày 30/9 buổi tối chị cần dịch vụ nào trong ngày cưới: chụp, quay, makeup, trang phục hay full combo ạ?"
}

=== CASE 297 | detect_intent ===
INPUT:
{"current_message": "Anh/chị cho em hỏi nếu cưới cuối tháng 11 thì có ưu đãi gì không?", "history_last_5": ["Bên mình còn lịch chụp ngày 12/10 không ạ?", "Cho em hỏi mình có nhận lịch gấp trong tuần này không?"], "asked_slots": [], "missing_slots": ["wedding_date", "wedding_day_services_needed", "wedding_day_schedule", "desired_products_details"]}
OUTPUT:
{"intent":"ask_service_info","confidence":0.92}

=== CASE 298 | detect_branch ===
INPUT:
{"intent": "ask_service_info", "branch_hint": null, "text": "Anh/chị cho em hỏi nếu cưới cuối tháng 11 thì có ưu đãi gì không?", "branch_options": [{"name": "greeting_initial_qualification", "label": "Xác định đã có ngày cưới chưa và khách quan tâm chụp pre-wedding, ngày cưới, hay cả hai."}, {"name": "prewedding_consultation", "label": "Tư vấn chụp pre-wedding (studio/ngoại cảnh), concept, địa điểm, số lượng, sản phẩm mong muốn."}, {"name": "wedding_day_consultation", "label": "Tư vấn dịch vụ ngày cưới (chụp/quay/makeup/trang phục), ngày cưới, lịch trình trong ngày, nhu cầu số lượng máy/cam."}, {"name": "resort_wedding_consultation", "label": "Tư vấn tiệc cưới kiểu riêng tư/resort: ý tưởng, địa điểm tổ chức, resort cụ thể, timeline, có wedding planner hay tự làm."}]}
OUTPUT:
{"branch":"wedding_day_consultation","confidence":0.92}

=== CASE 299 | detect_slots ===
INPUT:
{"intent": "ask_service_info", "branch_name": "wedding_day_consultation", "text": "Anh/chị cho em hỏi nếu cưới cuối tháng 11 thì có ưu đãi gì không?", "slot_options": [{"name": "wedding_date", "label": "Ngày cưới", "description": "Ngày cưới cụ thể của khách (nếu đã chốt)."}, {"name": "desired_products_details", "label": "Mong muốn về sản phẩm/chi tiết gói", "description": "Các yêu cầu thêm về sản phẩm: chất liệu, số lượng ảnh, v.v."}, {"name": "wedding_day_services_needed", "label": "Dịch vụ ngày cưới cần dùng", "description": "Khách cần dịch vụ nào trong ngày cưới: chụp, quay, makeup, trang phục; hoặc full combo."}, {"name": "wedding_day_schedule", "label": "Lịch trình ngày cưới", "description": "Lịch trình diễn ra trong ngày cưới (ví dụ sáng gia tiên rước dâu, chiều tiệc nhà hàng...)."}]}
OUTPUT:
[
  {
    "slot": "wedding_date",
    "value": "cuối tháng 11",
    "confidence": 0.9
  }
]

=== CASE 300 | generate_slot_question ===
INPUT:
{"intent": "ask_service_info", "branch": "wedding_day_consultation", "target_slot": "wedding_day_services_needed", "slot_label": "Dịch vụ ngày cưới cần dùng", "slot_description": "Khách cần dịch vụ nào trong ngày cưới: chụp, quay, makeup, trang phục; hoặc full combo.", "slot_evidence": ["Trong ngày cưới bên em có những dịch vụ như chụp, quay, makeup và trang phục (váy, vest, áo dài CDCR). Ac đang cần 1 trong những dv trên hay sẽ cần full combo luôn ạ"], "slot_synonyms": ["cần dịch vụ gì", "chỉ cần chụp/quay", "full combo"], "slot_examples": ["chụp", "quay", "makeup", "trang phục", "full combo"], "slot_applies_to": ["wedding_day_consultation"], "slot_type": "multi_select", "slot_required": true, "slot_priority": "high", "customer_name": "Uyên Nhi", "known_slots": {"wedding_date": "cuối tháng 11", "wedding_day_services_needed": null, "wedding_day_schedule": null, "desired_products_details": null}, "asked_slot_values": {"wedding_date": "cuối tháng 11"}, "latest_user_message": "Anh/chị cho em hỏi nếu cưới cuối tháng 11 thì có ưu đãi gì không?", "recent_conversation_history": [{"role": "assistant", "content": "Dạ, Uyên Nhi muốn chụp pre-wedding ngoại cảnh, studio hay kết hợp cả hai ạ?"}, {"role": "user", "content": "Cho em hỏi mình có nhận lịch gấp trong tuần này không?"}, {"role": "assistant", "content": "Dạ, Uyên Nhi đã chốt ngày cưới cụ thể là ngày nào ạ?"}, {"role": "user", "content": "Anh/chị cho em hỏi nếu cưới cuối tháng 11 thì có ưu đãi gì không?"}, {"role": "user", "content": "Anh/chị cho em hỏi nếu cưới cuối tháng 11 thì có ưu đãi gì không?"}]}
OUTPUT:
{
  "question": "Dạ, Uyên Nhi cần dịch vụ nào trong ngày cưới: chụp, quay, makeup, trang phục hay full combo ạ?"
}

=== CASE 301 | detect_intent ===
INPUT:
{"current_message": "Em muốn chốt lịch cưới ngày 05/06, bên mình hỗ trợ không?", "history_last_5": ["Anh/chị cho em hỏi lịch ngày 15/8 còn trống không ạ?"], "asked_slots": ["wedding_date"], "missing_slots": ["wedding_day_services_needed", "wedding_day_schedule", "desired_products_details"]}
OUTPUT:
{"intent":"ask_service_info","confidence":0.95}

=== CASE 302 | detect_branch ===
INPUT:
{"intent": "ask_service_info", "branch_hint": null, "text": "Em muốn chốt lịch cưới ngày 05/06, bên mình hỗ trợ không?", "branch_options": [{"name": "greeting_initial_qualification", "label": "Xác định đã có ngày cưới chưa và khách quan tâm chụp pre-wedding, ngày cưới, hay cả hai."}, {"name": "prewedding_consultation", "label": "Tư vấn chụp pre-wedding (studio/ngoại cảnh), concept, địa điểm, số lượng, sản phẩm mong muốn."}, {"name": "wedding_day_consultation", "label": "Tư vấn dịch vụ ngày cưới (chụp/quay/makeup/trang phục), ngày cưới, lịch trình trong ngày, nhu cầu số lượng máy/cam."}, {"name": "resort_wedding_consultation", "label": "Tư vấn tiệc cưới kiểu riêng tư/resort: ý tưởng, địa điểm tổ chức, resort cụ thể, timeline, có wedding planner hay tự làm."}]}
OUTPUT:
{"branch":"wedding_day_consultation","confidence":0.92}

=== CASE 303 | detect_slots ===
INPUT:
{"intent": "ask_service_info", "branch_name": "wedding_day_consultation", "text": "Em muốn chốt lịch cưới ngày 05/06, bên mình hỗ trợ không?", "slot_options": [{"name": "wedding_date", "label": "Ngày cưới", "description": "Ngày cưới cụ thể của khách (nếu đã chốt)."}, {"name": "desired_products_details", "label": "Mong muốn về sản phẩm/chi tiết gói", "description": "Các yêu cầu thêm về sản phẩm: chất liệu, số lượng ảnh, v.v."}, {"name": "wedding_day_services_needed", "label": "Dịch vụ ngày cưới cần dùng", "description": "Khách cần dịch vụ nào trong ngày cưới: chụp, quay, makeup, trang phục; hoặc full combo."}, {"name": "wedding_day_schedule", "label": "Lịch trình ngày cưới", "description": "Lịch trình diễn ra trong ngày cưới (ví dụ sáng gia tiên rước dâu, chiều tiệc nhà hàng...)."}]}
OUTPUT:
[
  {
    "slot": "wedding_date",
    "value": "05/06",
    "confidence": 0.9
  }
]

=== CASE 304 | generate_slot_question ===
INPUT:
{"intent": "ask_service_info", "branch": "wedding_day_consultation", "target_slot": "wedding_day_services_needed", "slot_label": "Dịch vụ ngày cưới cần dùng", "slot_description": "Khách cần dịch vụ nào trong ngày cưới: chụp, quay, makeup, trang phục; hoặc full combo.", "slot_evidence": ["Trong ngày cưới bên em có những dịch vụ như chụp, quay, makeup và trang phục (váy, vest, áo dài CDCR). Ac đang cần 1 trong những dv trên hay sẽ cần full combo luôn ạ"], "slot_synonyms": ["cần dịch vụ gì", "chỉ cần chụp/quay", "full combo"], "slot_examples": ["chụp", "quay", "makeup", "trang phục", "full combo"], "slot_applies_to": ["wedding_day_consultation"], "slot_type": "multi_select", "slot_required": true, "slot_priority": "high", "customer_name": "Kim Anh", "known_slots": {"wedding_date": "05/06", "wedding_day_services_needed": null, "wedding_day_schedule": null, "desired_products_details": null}, "asked_slot_values": {"wedding_date": "05/06"}, "latest_user_message": "Em muốn chốt lịch cưới ngày 05/06, bên mình hỗ trợ không?", "recent_conversation_history": [{"role": "user", "content": "Anh/chị cho em hỏi lịch ngày 15/8 còn trống không ạ?"}, {"role": "assistant", "content": "Dạ chị Kim Anh cho em hỏi ngày 15/8 chị cần dịch vụ gì trong ngày cưới: chụp, quay, makeup, trang phục hay full combo ạ?"}, {"role": "user", "content": "Em muốn chốt lịch cưới ngày 05/06, bên mình hỗ trợ không?"}, {"role": "user", "content": "Em muốn chốt lịch cưới ngày 05/06, bên mình hỗ trợ không?"}]}
OUTPUT:
{
  "question": "Dạ chị Kim Anh, ngày 05/06 chị cần dịch vụ nào trong ngày cưới: chụp, quay, makeup, trang phục hay full combo ạ?"
}

=== CASE 305 | detect_intent ===
INPUT:
{"current_message": "Em chưa chốt ngày cưới, bên mình tư vấn giúp được không?", "history_last_5": [], "asked_slots": [], "missing_slots": []}
OUTPUT:
{"intent":"ask_service_info","confidence":0.96}

=== CASE 306 | detect_branch ===
INPUT:
{"intent": "ask_service_info", "branch_hint": null, "text": "Em chưa chốt ngày cưới, bên mình tư vấn giúp được không?", "branch_options": [{"name": "greeting_initial_qualification", "label": "Xác định đã có ngày cưới chưa và khách quan tâm chụp pre-wedding, ngày cưới, hay cả hai."}, {"name": "prewedding_consultation", "label": "Tư vấn chụp pre-wedding (studio/ngoại cảnh), concept, địa điểm, số lượng, sản phẩm mong muốn."}, {"name": "wedding_day_consultation", "label": "Tư vấn dịch vụ ngày cưới (chụp/quay/makeup/trang phục), ngày cưới, lịch trình trong ngày, nhu cầu số lượng máy/cam."}, {"name": "resort_wedding_consultation", "label": "Tư vấn tiệc cưới kiểu riêng tư/resort: ý tưởng, địa điểm tổ chức, resort cụ thể, timeline, có wedding planner hay tự làm."}]}
OUTPUT:
{"branch":"greeting_initial_qualification","confidence":0.9}

=== CASE 307 | detect_slots ===
INPUT:
{"intent": "ask_service_info", "branch_name": "greeting_initial_qualification", "text": "Em chưa chốt ngày cưới, bên mình tư vấn giúp được không?", "slot_options": [{"name": "wedding_date", "label": "Ngày cưới", "description": "Ngày cưới cụ thể của khách (nếu đã chốt)."}, {"name": "service_interest", "label": "Nhu cầu dịch vụ", "description": "Khách quan tâm chụp pre-wedding, chụp/quay ngày cưới, hoặc cả hai."}]}
OUTPUT:
[]

=== CASE 308 | generate_slot_question ===
INPUT:
{"intent": "ask_service_info", "branch": "greeting_initial_qualification", "target_slot": "wedding_date", "slot_label": "Ngày cưới", "slot_description": "Ngày cưới cụ thể của khách (nếu đã chốt).", "slot_evidence": ["Cho em hỏi anh/chị đã có ngày cưới cụ thể chưa", "Ngày cưới của mình là ngày bao nhiêu"], "slot_synonyms": ["ngày cưới", "ngày bao nhiêu", "ngày tổ chức", "đã có ngày cưới cụ thể chưa"], "slot_examples": ["15/10/2026", "ngày 20 tháng 3"], "slot_applies_to": ["greeting_initial_qualification", "wedding_day_consultation", "resort_wedding_consultation"], "slot_type": "date", "slot_required": true, "slot_priority": "high", "customer_name": "Thuỳ Dung", "known_slots": {"wedding_date": null, "service_interest": null}, "asked_slot_values": {}, "latest_user_message": "Em chưa chốt ngày cưới, bên mình tư vấn giúp được không?", "recent_conversation_history": [{"role": "user", "content": "Em chưa chốt ngày cưới, bên mình tư vấn giúp được không?"}]}
OUTPUT:
{"question":"Dạ chị Thuỳ Dung đã chốt ngày cưới cụ thể chưa ạ?"}

=== CASE 309 | detect_intent ===
INPUT:
{"current_message": "Ngày cưới của tụi em dự kiến tháng 5, bên mình còn lịch không ạ?", "history_last_5": ["Bên mình có nhận lịch cưới vào dịp Tết không ạ?", "Bên mình có nhận lịch cưới vào dịp Tết không ạ?", "Bên mình có nhận lịch cưới vào dịp Tết không ạ?", "Cho em hỏi mình có nhận lịch gấp trong tuần này không?", "Tụi em dự kiến cưới đầu tháng 4, bên mình sắp xếp được không?"], "asked_slots": ["wedding_date"], "missing_slots": ["wedding_day_services_needed", "wedding_day_schedule", "desired_products_details"]}
OUTPUT:
{"intent":"ask_service_info","confidence":0.95}

=== CASE 310 | detect_branch ===
INPUT:
{"intent": "ask_service_info", "branch_hint": null, "text": "Ngày cưới của tụi em dự kiến tháng 5, bên mình còn lịch không ạ?", "branch_options": [{"name": "greeting_initial_qualification", "label": "Xác định đã có ngày cưới chưa và khách quan tâm chụp pre-wedding, ngày cưới, hay cả hai."}, {"name": "prewedding_consultation", "label": "Tư vấn chụp pre-wedding (studio/ngoại cảnh), concept, địa điểm, số lượng, sản phẩm mong muốn."}, {"name": "wedding_day_consultation", "label": "Tư vấn dịch vụ ngày cưới (chụp/quay/makeup/trang phục), ngày cưới, lịch trình trong ngày, nhu cầu số lượng máy/cam."}, {"name": "resort_wedding_consultation", "label": "Tư vấn tiệc cưới kiểu riêng tư/resort: ý tưởng, địa điểm tổ chức, resort cụ thể, timeline, có wedding planner hay tự làm."}]}
OUTPUT:
{"branch":"wedding_day_consultation","confidence":0.95}

=== CASE 311 | detect_slots ===
INPUT:
{"intent": "ask_service_info", "branch_name": "wedding_day_consultation", "text": "Ngày cưới của tụi em dự kiến tháng 5, bên mình còn lịch không ạ?", "slot_options": [{"name": "wedding_date", "label": "Ngày cưới", "description": "Ngày cưới cụ thể của khách (nếu đã chốt)."}, {"name": "desired_products_details", "label": "Mong muốn về sản phẩm/chi tiết gói", "description": "Các yêu cầu thêm về sản phẩm: chất liệu, số lượng ảnh, v.v."}, {"name": "wedding_day_services_needed", "label": "Dịch vụ ngày cưới cần dùng", "description": "Khách cần dịch vụ nào trong ngày cưới: chụp, quay, makeup, trang phục; hoặc full combo."}, {"name": "wedding_day_schedule", "label": "Lịch trình ngày cưới", "description": "Lịch trình diễn ra trong ngày cưới (ví dụ sáng gia tiên rước dâu, chiều tiệc nhà hàng...)."}]}
OUTPUT:
[
  {
    "slot": "wedding_date",
    "value": "tháng 5",
    "confidence": 0.0
  }
]

=== CASE 312 | generate_slot_question ===
INPUT:
{"intent": "ask_service_info", "branch": "wedding_day_consultation", "target_slot": "wedding_day_services_needed", "slot_label": "Dịch vụ ngày cưới cần dùng", "slot_description": "Khách cần dịch vụ nào trong ngày cưới: chụp, quay, makeup, trang phục; hoặc full combo.", "slot_evidence": ["Trong ngày cưới bên em có những dịch vụ như chụp, quay, makeup và trang phục (váy, vest, áo dài CDCR). Ac đang cần 1 trong những dv trên hay sẽ cần full combo luôn ạ"], "slot_synonyms": ["cần dịch vụ gì", "chỉ cần chụp/quay", "full combo"], "slot_examples": ["chụp", "quay", "makeup", "trang phục", "full combo"], "slot_applies_to": ["wedding_day_consultation"], "slot_type": "multi_select", "slot_required": true, "slot_priority": "high", "customer_name": "Như Ý", "known_slots": {"wedding_date": "tháng 5", "wedding_day_services_needed": null, "wedding_day_schedule": null, "desired_products_details": null}, "asked_slot_values": {"wedding_date": "tháng 5"}, "latest_user_message": "Ngày cưới của tụi em dự kiến tháng 5, bên mình còn lịch không ạ?", "recent_conversation_history": [{"role": "assistant", "content": "Dạ chị Như Ý, chị đã chốt ngày cưới cụ thể chưa ạ? Ngày bao nhiêu vậy ạ?"}, {"role": "user", "content": "Tụi em dự kiến cưới đầu tháng 4, bên mình sắp xếp được không?"}, {"role": "assistant", "content": "Dạ chị Như Ý, trong ngày cưới chị cần những dịch vụ nào: chụp, quay, makeup, trang phục (váy/vest/áo dài) hay full combo ạ?"}, {"role": "user", "content": "Ngày cưới của tụi em dự kiến tháng 5, bên mình còn lịch không ạ?"}, {"role": "user", "content": "Ngày cưới của tụi em dự kiến tháng 5, bên mình còn lịch không ạ?"}]}
OUTPUT:
{"question":"Dạ chị Như Ý, trong ngày cưới chị cần dịch vụ nào ạ? (chụp / quay / makeup / trang phục / full combo; chị có thể chọn nhiều)"}

=== CASE 313 | detect_intent ===
INPUT:
{"current_message": "Bên mình có nhận lịch cưới vào dịp Tết không ạ?", "history_last_5": [], "asked_slots": [], "missing_slots": []}
OUTPUT:
{"intent":"ask_service_info","confidence":0.98}

=== CASE 314 | detect_branch ===
INPUT:
{"intent": "ask_service_info", "branch_hint": null, "text": "Bên mình có nhận lịch cưới vào dịp Tết không ạ?", "branch_options": [{"name": "greeting_initial_qualification", "label": "Xác định đã có ngày cưới chưa và khách quan tâm chụp pre-wedding, ngày cưới, hay cả hai."}, {"name": "prewedding_consultation", "label": "Tư vấn chụp pre-wedding (studio/ngoại cảnh), concept, địa điểm, số lượng, sản phẩm mong muốn."}, {"name": "wedding_day_consultation", "label": "Tư vấn dịch vụ ngày cưới (chụp/quay/makeup/trang phục), ngày cưới, lịch trình trong ngày, nhu cầu số lượng máy/cam."}, {"name": "resort_wedding_consultation", "label": "Tư vấn tiệc cưới kiểu riêng tư/resort: ý tưởng, địa điểm tổ chức, resort cụ thể, timeline, có wedding planner hay tự làm."}]}
OUTPUT:
{"branch":"wedding_day_consultation","confidence":0.9}

=== CASE 315 | detect_slots ===
INPUT:
{"intent": "ask_service_info", "branch_name": "wedding_day_consultation", "text": "Bên mình có nhận lịch cưới vào dịp Tết không ạ?", "slot_options": [{"name": "wedding_date", "label": "Ngày cưới", "description": "Ngày cưới cụ thể của khách (nếu đã chốt)."}, {"name": "desired_products_details", "label": "Mong muốn về sản phẩm/chi tiết gói", "description": "Các yêu cầu thêm về sản phẩm: chất liệu, số lượng ảnh, v.v."}, {"name": "wedding_day_services_needed", "label": "Dịch vụ ngày cưới cần dùng", "description": "Khách cần dịch vụ nào trong ngày cưới: chụp, quay, makeup, trang phục; hoặc full combo."}, {"name": "wedding_day_schedule", "label": "Lịch trình ngày cưới", "description": "Lịch trình diễn ra trong ngày cưới (ví dụ sáng gia tiên rước dâu, chiều tiệc nhà hàng...)."}]}
OUTPUT:
[]

=== CASE 316 | generate_slot_question ===
INPUT:
{"intent": "ask_service_info", "branch": "wedding_day_consultation", "target_slot": "wedding_date", "slot_label": "Ngày cưới", "slot_description": "Ngày cưới cụ thể của khách (nếu đã chốt).", "slot_evidence": ["Cho em hỏi anh/chị đã có ngày cưới cụ thể chưa", "Ngày cưới của mình là ngày bao nhiêu"], "slot_synonyms": ["ngày cưới", "ngày bao nhiêu", "ngày tổ chức", "đã có ngày cưới cụ thể chưa"], "slot_examples": ["15/10/2026", "ngày 20 tháng 3"], "slot_applies_to": ["greeting_initial_qualification", "wedding_day_consultation", "resort_wedding_consultation"], "slot_type": "date", "slot_required": true, "slot_priority": "high", "customer_name": "Mai Phương", "known_slots": {"wedding_date": null, "wedding_day_services_needed": null, "wedding_day_schedule": null, "desired_products_details": null}, "asked_slot_values": {}, "latest_user_message": "Bên mình có nhận lịch cưới vào dịp Tết không ạ?", "recent_conversation_history": [{"role": "user", "content": "Bên mình có nhận lịch cưới vào dịp Tết không ạ?"}]}
OUTPUT:
{"question":"Dạ, chị Mai Phương đã chốt ngày cưới cụ thể chưa ạ?"}

=== CASE 317 | detect_intent ===
INPUT:
{"current_message": "Nếu cưới tháng 12 thì mình book trước mấy tháng ạ?", "history_last_5": ["Em muốn chốt lịch cưới ngày 05/06, bên mình hỗ trợ không?"], "asked_slots": ["wedding_date"], "missing_slots": ["wedding_day_services_needed", "wedding_day_schedule", "desired_products_details"]}
OUTPUT:
{"intent":"ask_service_info","confidence":0.95}

=== CASE 318 | detect_branch ===
INPUT:
{"intent": "ask_service_info", "branch_hint": null, "text": "Nếu cưới tháng 12 thì mình book trước mấy tháng ạ?", "branch_options": [{"name": "greeting_initial_qualification", "label": "Xác định đã có ngày cưới chưa và khách quan tâm chụp pre-wedding, ngày cưới, hay cả hai."}, {"name": "prewedding_consultation", "label": "Tư vấn chụp pre-wedding (studio/ngoại cảnh), concept, địa điểm, số lượng, sản phẩm mong muốn."}, {"name": "wedding_day_consultation", "label": "Tư vấn dịch vụ ngày cưới (chụp/quay/makeup/trang phục), ngày cưới, lịch trình trong ngày, nhu cầu số lượng máy/cam."}, {"name": "resort_wedding_consultation", "label": "Tư vấn tiệc cưới kiểu riêng tư/resort: ý tưởng, địa điểm tổ chức, resort cụ thể, timeline, có wedding planner hay tự làm."}]}
OUTPUT:
{"branch":"wedding_day_consultation","confidence":0.92}

=== CASE 319 | detect_slots ===
INPUT:
{"intent": "ask_service_info", "branch_name": "wedding_day_consultation", "text": "Nếu cưới tháng 12 thì mình book trước mấy tháng ạ?", "slot_options": [{"name": "wedding_date", "label": "Ngày cưới", "description": "Ngày cưới cụ thể của khách (nếu đã chốt)."}, {"name": "desired_products_details", "label": "Mong muốn về sản phẩm/chi tiết gói", "description": "Các yêu cầu thêm về sản phẩm: chất liệu, số lượng ảnh, v.v."}, {"name": "wedding_day_services_needed", "label": "Dịch vụ ngày cưới cần dùng", "description": "Khách cần dịch vụ nào trong ngày cưới: chụp, quay, makeup, trang phục; hoặc full combo."}, {"name": "wedding_day_schedule", "label": "Lịch trình ngày cưới", "description": "Lịch trình diễn ra trong ngày cưới (ví dụ sáng gia tiên rước dâu, chiều tiệc nhà hàng...)."}]}
OUTPUT:
[
  {
    "slot": "wedding_date",
    "value": "tháng 12",
    "confidence": 0.95
  }
]

=== CASE 320 | generate_slot_question ===
INPUT:
{"intent": "ask_service_info", "branch": "wedding_day_consultation", "target_slot": "wedding_day_services_needed", "slot_label": "Dịch vụ ngày cưới cần dùng", "slot_description": "Khách cần dịch vụ nào trong ngày cưới: chụp, quay, makeup, trang phục; hoặc full combo.", "slot_evidence": ["Trong ngày cưới bên em có những dịch vụ như chụp, quay, makeup và trang phục (váy, vest, áo dài CDCR). Ac đang cần 1 trong những dv trên hay sẽ cần full combo luôn ạ"], "slot_synonyms": ["cần dịch vụ gì", "chỉ cần chụp/quay", "full combo"], "slot_examples": ["chụp", "quay", "makeup", "trang phục", "full combo"], "slot_applies_to": ["wedding_day_consultation"], "slot_type": "multi_select", "slot_required": true, "slot_priority": "high", "customer_name": "Khánh Linh", "known_slots": {"wedding_date": "tháng 12", "wedding_day_services_needed": null, "wedding_day_schedule": null, "desired_products_details": null}, "asked_slot_values": {"wedding_date": "tháng 12"}, "latest_user_message": "Nếu cưới tháng 12 thì mình book trước mấy tháng ạ?", "recent_conversation_history": [{"role": "user", "content": "Em muốn chốt lịch cưới ngày 05/06, bên mình hỗ trợ không?"}, {"role": "assistant", "content": "Dạ chị Khánh Linh, chị muốn dùng dịch vụ nào trong ngày cưới: chụp, quay, makeup, trang phục (váy/vest/áo dài) hay full combo ạ?"}, {"role": "user", "content": "Nếu cưới tháng 12 thì mình book trước mấy tháng ạ?"}, {"role": "user", "content": "Nếu cưới tháng 12 thì mình book trước mấy tháng ạ?"}]}
OUTPUT:
{"question":"Dạ chị Khánh Linh, chị muốn dùng dịch vụ nào trong ngày cưới: chụp, quay, makeup, trang phục (váy/vest/áo dài) hay full combo ạ?"}

=== CASE 321 | detect_intent ===
INPUT:
{"current_message": "Tụi em dự kiến cưới đầu tháng 4, bên mình sắp xếp được không?", "history_last_5": [], "asked_slots": [], "missing_slots": []}
OUTPUT:
{"intent":"ask_service_info","confidence":0.96}

=== CASE 322 | detect_branch ===
INPUT:
{"intent": "ask_service_info", "branch_hint": null, "text": "Tụi em dự kiến cưới đầu tháng 4, bên mình sắp xếp được không?", "branch_options": [{"name": "greeting_initial_qualification", "label": "Xác định đã có ngày cưới chưa và khách quan tâm chụp pre-wedding, ngày cưới, hay cả hai."}, {"name": "prewedding_consultation", "label": "Tư vấn chụp pre-wedding (studio/ngoại cảnh), concept, địa điểm, số lượng, sản phẩm mong muốn."}, {"name": "wedding_day_consultation", "label": "Tư vấn dịch vụ ngày cưới (chụp/quay/makeup/trang phục), ngày cưới, lịch trình trong ngày, nhu cầu số lượng máy/cam."}, {"name": "resort_wedding_consultation", "label": "Tư vấn tiệc cưới kiểu riêng tư/resort: ý tưởng, địa điểm tổ chức, resort cụ thể, timeline, có wedding planner hay tự làm."}]}
OUTPUT:
{"branch":"wedding_day_consultation","confidence":0.92}

=== CASE 323 | detect_slots ===
INPUT:
{"intent": "ask_service_info", "branch_name": "wedding_day_consultation", "text": "Tụi em dự kiến cưới đầu tháng 4, bên mình sắp xếp được không?", "slot_options": [{"name": "wedding_date", "label": "Ngày cưới", "description": "Ngày cưới cụ thể của khách (nếu đã chốt)."}, {"name": "desired_products_details", "label": "Mong muốn về sản phẩm/chi tiết gói", "description": "Các yêu cầu thêm về sản phẩm: chất liệu, số lượng ảnh, v.v."}, {"name": "wedding_day_services_needed", "label": "Dịch vụ ngày cưới cần dùng", "description": "Khách cần dịch vụ nào trong ngày cưới: chụp, quay, makeup, trang phục; hoặc full combo."}, {"name": "wedding_day_schedule", "label": "Lịch trình ngày cưới", "description": "Lịch trình diễn ra trong ngày cưới (ví dụ sáng gia tiên rước dâu, chiều tiệc nhà hàng...)."}]}
OUTPUT:
[
  {
    "slot": "wedding_date",
    "value": "đầu tháng 4",
    "confidence": 0.9
  }
]

=== CASE 324 | generate_slot_question ===
INPUT:
{"intent": "ask_service_info", "branch": "wedding_day_consultation", "target_slot": "wedding_day_services_needed", "slot_label": "Dịch vụ ngày cưới cần dùng", "slot_description": "Khách cần dịch vụ nào trong ngày cưới: chụp, quay, makeup, trang phục; hoặc full combo.", "slot_evidence": ["Trong ngày cưới bên em có những dịch vụ như chụp, quay, makeup và trang phục (váy, vest, áo dài CDCR). Ac đang cần 1 trong những dv trên hay sẽ cần full combo luôn ạ"], "slot_synonyms": ["cần dịch vụ gì", "chỉ cần chụp/quay", "full combo"], "slot_examples": ["chụp", "quay", "makeup", "trang phục", "full combo"], "slot_applies_to": ["wedding_day_consultation"], "slot_type": "multi_select", "slot_required": true, "slot_priority": "high", "customer_name": "Bảo Ngọc", "known_slots": {"wedding_date": "đầu tháng 4", "wedding_day_services_needed": null, "wedding_day_schedule": null, "desired_products_details": null}, "asked_slot_values": {"wedding_date": "đầu tháng 4"}, "latest_user_message": "Tụi em dự kiến cưới đầu tháng 4, bên mình sắp xếp được không?", "recent_conversation_history": [{"role": "user", "content": "Tụi em dự kiến cưới đầu tháng 4, bên mình sắp xếp được không?"}]}
OUTPUT:
{"question":"Dạ chị Bảo Ngọc, ngày cưới mình cần những dịch vụ nào: chụp, quay, makeup, trang phục (váy/vest/áo dài) hay full combo ạ?"}

=== CASE 325 | detect_intent ===
INPUT:
{"current_message": "Anh/chị cho em hỏi nếu cưới cuối tháng 11 thì có ưu đãi gì không?", "history_last_5": ["Anh/chị cho em hỏi lịch ngày 15/8 còn trống không ạ?", "Em muốn chốt lịch cưới ngày 05/06, bên mình hỗ trợ không?", "Em muốn chốt lịch cưới ngày 05/06, bên mình hỗ trợ không?"], "asked_slots": ["wedding_date"], "missing_slots": ["wedding_day_services_needed", "wedding_day_schedule", "desired_products_details"]}
OUTPUT:
{"intent":"price_request","confidence":0.92}

=== CASE 326 | detect_branch ===
INPUT:
{"intent": "price_request", "branch_hint": null, "text": "Anh/chị cho em hỏi nếu cưới cuối tháng 11 thì có ưu đãi gì không?", "branch_options": [{"name": "greeting_initial_qualification", "label": "Xác định đã có ngày cưới chưa và khách quan tâm chụp pre-wedding, ngày cưới, hay cả hai."}, {"name": "prewedding_consultation", "label": "Tư vấn chụp pre-wedding (studio/ngoại cảnh), concept, địa điểm, số lượng, sản phẩm mong muốn."}, {"name": "wedding_day_consultation", "label": "Tư vấn dịch vụ ngày cưới (chụp/quay/makeup/trang phục), ngày cưới, lịch trình trong ngày, nhu cầu số lượng máy/cam."}, {"name": "resort_wedding_consultation", "label": "Tư vấn tiệc cưới kiểu riêng tư/resort: ý tưởng, địa điểm tổ chức, resort cụ thể, timeline, có wedding planner hay tự làm."}]}
OUTPUT:
{"branch":"wedding_day_consultation","confidence":0.92}

=== CASE 327 | detect_slots ===
INPUT:
{"intent": "price_request", "branch_name": "wedding_day_consultation", "text": "Anh/chị cho em hỏi nếu cưới cuối tháng 11 thì có ưu đãi gì không?", "slot_options": [{"name": "wedding_date", "label": "Ngày cưới", "description": "Ngày cưới cụ thể của khách (nếu đã chốt)."}, {"name": "desired_products_details", "label": "Mong muốn về sản phẩm/chi tiết gói", "description": "Các yêu cầu thêm về sản phẩm: chất liệu, số lượng ảnh, v.v."}, {"name": "wedding_day_services_needed", "label": "Dịch vụ ngày cưới cần dùng", "description": "Khách cần dịch vụ nào trong ngày cưới: chụp, quay, makeup, trang phục; hoặc full combo."}, {"name": "wedding_day_schedule", "label": "Lịch trình ngày cưới", "description": "Lịch trình diễn ra trong ngày cưới (ví dụ sáng gia tiên rước dâu, chiều tiệc nhà hàng...)."}]}
OUTPUT:
[
  {
    "slot": "wedding_date",
    "value": "cuối tháng 11",
    "confidence": 0.9
  }
]

=== CASE 328 | generate_slot_question ===
INPUT:
{"intent": "price_request", "branch": "wedding_day_consultation", "target_slot": "wedding_day_services_needed", "slot_label": "Dịch vụ ngày cưới cần dùng", "slot_description": "Khách cần dịch vụ nào trong ngày cưới: chụp, quay, makeup, trang phục; hoặc full combo.", "slot_evidence": ["Trong ngày cưới bên em có những dịch vụ như chụp, quay, makeup và trang phục (váy, vest, áo dài CDCR). Ac đang cần 1 trong những dv trên hay sẽ cần full combo luôn ạ"], "slot_synonyms": ["cần dịch vụ gì", "chỉ cần chụp/quay", "full combo"], "slot_examples": ["chụp", "quay", "makeup", "trang phục", "full combo"], "slot_applies_to": ["wedding_day_consultation"], "slot_type": "multi_select", "slot_required": true, "slot_priority": "high", "customer_name": "Kim Anh", "known_slots": {"wedding_date": "cuối tháng 11", "wedding_day_services_needed": null, "wedding_day_schedule": null, "desired_products_details": null}, "asked_slot_values": {"wedding_date": "cuối tháng 11"}, "latest_user_message": "Anh/chị cho em hỏi nếu cưới cuối tháng 11 thì có ưu đãi gì không?", "recent_conversation_history": [{"role": "user", "content": "Em muốn chốt lịch cưới ngày 05/06, bên mình hỗ trợ không?"}, {"role": "user", "content": "Em muốn chốt lịch cưới ngày 05/06, bên mình hỗ trợ không?"}, {"role": "assistant", "content": "Dạ chị Kim Anh, ngày 05/06 chị cần dịch vụ nào trong ngày cưới: chụp, quay, makeup, trang phục hay full combo ạ?"}, {"role": "user", "content": "Anh/chị cho em hỏi nếu cưới cuối tháng 11 thì có ưu đãi gì không?"}, {"role": "user", "content": "Anh/chị cho em hỏi nếu cưới cuối tháng 11 thì có ưu đãi gì không?"}]}
OUTPUT:
{
  "question": "Dạ chị Kim Anh, chị dự định dùng dịch vụ nào trong ngày cưới: chụp, quay, makeup, trang phục hay full combo ạ?"
}

=== CASE 329 | detect_intent ===
INPUT:
{"current_message": "Tụi em dự kiến cưới đầu tháng 4, bên mình sắp xếp được không?", "history_last_5": [], "asked_slots": [], "missing_slots": []}
OUTPUT:
{"intent":"ask_service_info","confidence":0.95}

=== CASE 330 | detect_branch ===
INPUT:
{"intent": "ask_service_info", "branch_hint": null, "text": "Tụi em dự kiến cưới đầu tháng 4, bên mình sắp xếp được không?", "branch_options": [{"name": "greeting_initial_qualification", "label": "Xác định đã có ngày cưới chưa và khách quan tâm chụp pre-wedding, ngày cưới, hay cả hai."}, {"name": "prewedding_consultation", "label": "Tư vấn chụp pre-wedding (studio/ngoại cảnh), concept, địa điểm, số lượng, sản phẩm mong muốn."}, {"name": "wedding_day_consultation", "label": "Tư vấn dịch vụ ngày cưới (chụp/quay/makeup/trang phục), ngày cưới, lịch trình trong ngày, nhu cầu số lượng máy/cam."}, {"name": "resort_wedding_consultation", "label": "Tư vấn tiệc cưới kiểu riêng tư/resort: ý tưởng, địa điểm tổ chức, resort cụ thể, timeline, có wedding planner hay tự làm."}]}
OUTPUT:
{"branch":"wedding_day_consultation","confidence":0.92}

=== CASE 331 | detect_slots ===
INPUT:
{"intent": "ask_service_info", "branch_name": "wedding_day_consultation", "text": "Tụi em dự kiến cưới đầu tháng 4, bên mình sắp xếp được không?", "slot_options": [{"name": "wedding_date", "label": "Ngày cưới", "description": "Ngày cưới cụ thể của khách (nếu đã chốt)."}, {"name": "desired_products_details", "label": "Mong muốn về sản phẩm/chi tiết gói", "description": "Các yêu cầu thêm về sản phẩm: chất liệu, số lượng ảnh, v.v."}, {"name": "wedding_day_services_needed", "label": "Dịch vụ ngày cưới cần dùng", "description": "Khách cần dịch vụ nào trong ngày cưới: chụp, quay, makeup, trang phục; hoặc full combo."}, {"name": "wedding_day_schedule", "label": "Lịch trình ngày cưới", "description": "Lịch trình diễn ra trong ngày cưới (ví dụ sáng gia tiên rước dâu, chiều tiệc nhà hàng...)."}]}
OUTPUT:
[
  {
    "slot": "wedding_date",
    "value": "đầu tháng 4",
    "confidence": 0.9
  }
]

=== CASE 332 | generate_slot_question ===
INPUT:
{"intent": "ask_service_info", "branch": "wedding_day_consultation", "target_slot": "wedding_day_services_needed", "slot_label": "Dịch vụ ngày cưới cần dùng", "slot_description": "Khách cần dịch vụ nào trong ngày cưới: chụp, quay, makeup, trang phục; hoặc full combo.", "slot_evidence": ["Trong ngày cưới bên em có những dịch vụ như chụp, quay, makeup và trang phục (váy, vest, áo dài CDCR). Ac đang cần 1 trong những dv trên hay sẽ cần full combo luôn ạ"], "slot_synonyms": ["cần dịch vụ gì", "chỉ cần chụp/quay", "full combo"], "slot_examples": ["chụp", "quay", "makeup", "trang phục", "full combo"], "slot_applies_to": ["wedding_day_consultation"], "slot_type": "multi_select", "slot_required": true, "slot_priority": "high", "customer_name": "Tú Anh", "known_slots": {"wedding_date": "đầu tháng 4", "wedding_day_services_needed": null, "wedding_day_schedule": null, "desired_products_details": null}, "asked_slot_values": {"wedding_date": "đầu tháng 4"}, "latest_user_message": "Tụi em dự kiến cưới đầu tháng 4, bên mình sắp xếp được không?", "recent_conversation_history": [{"role": "user", "content": "Tụi em dự kiến cưới đầu tháng 4, bên mình sắp xếp được không?"}]}
OUTPUT:
{
  "question": "Dạ chị Tú Anh, trong ngày cưới mình cần dịch vụ nào từ bên em: chụp, quay, makeup, trang phục (váy/vest/áo dài) hay full combo ạ?"
}

=== CASE 333 | detect_intent ===
INPUT:
{"current_message": "Em muốn chốt lịch cưới ngày 05/06, bên mình hỗ trợ không?", "history_last_5": ["Bên mình có nhận lịch cưới vào dịp Tết không ạ?"], "asked_slots": ["wedding_date"], "missing_slots": ["wedding_day_services_needed", "wedding_day_schedule", "desired_products_details"]}
OUTPUT:
{
  "intent": "ask_service_info",
  "confidence": 0.95
}

=== CASE 334 | detect_branch ===
INPUT:
{"intent": "ask_service_info", "branch_hint": null, "text": "Em muốn chốt lịch cưới ngày 05/06, bên mình hỗ trợ không?", "branch_options": [{"name": "greeting_initial_qualification", "label": "Xác định đã có ngày cưới chưa và khách quan tâm chụp pre-wedding, ngày cưới, hay cả hai."}, {"name": "prewedding_consultation", "label": "Tư vấn chụp pre-wedding (studio/ngoại cảnh), concept, địa điểm, số lượng, sản phẩm mong muốn."}, {"name": "wedding_day_consultation", "label": "Tư vấn dịch vụ ngày cưới (chụp/quay/makeup/trang phục), ngày cưới, lịch trình trong ngày, nhu cầu số lượng máy/cam."}, {"name": "resort_wedding_consultation", "label": "Tư vấn tiệc cưới kiểu riêng tư/resort: ý tưởng, địa điểm tổ chức, resort cụ thể, timeline, có wedding planner hay tự làm."}]}
OUTPUT:
{"branch":"wedding_day_consultation","confidence":0.95}

=== CASE 335 | detect_slots ===
INPUT:
{"intent": "ask_service_info", "branch_name": "wedding_day_consultation", "text": "Em muốn chốt lịch cưới ngày 05/06, bên mình hỗ trợ không?", "slot_options": [{"name": "wedding_date", "label": "Ngày cưới", "description": "Ngày cưới cụ thể của khách (nếu đã chốt)."}, {"name": "desired_products_details", "label": "Mong muốn về sản phẩm/chi tiết gói", "description": "Các yêu cầu thêm về sản phẩm: chất liệu, số lượng ảnh, v.v."}, {"name": "wedding_day_services_needed", "label": "Dịch vụ ngày cưới cần dùng", "description": "Khách cần dịch vụ nào trong ngày cưới: chụp, quay, makeup, trang phục; hoặc full combo."}, {"name": "wedding_day_schedule", "label": "Lịch trình ngày cưới", "description": "Lịch trình diễn ra trong ngày cưới (ví dụ sáng gia tiên rước dâu, chiều tiệc nhà hàng...)."}]}
OUTPUT:
[
  {
    "slot": "wedding_date",
    "value": "05/06",
    "confidence": 0.0
  }
]

=== CASE 336 | generate_slot_question ===
INPUT:
{"intent": "ask_service_info", "branch": "wedding_day_consultation", "target_slot": "wedding_day_services_needed", "slot_label": "Dịch vụ ngày cưới cần dùng", "slot_description": "Khách cần dịch vụ nào trong ngày cưới: chụp, quay, makeup, trang phục; hoặc full combo.", "slot_evidence": ["Trong ngày cưới bên em có những dịch vụ như chụp, quay, makeup và trang phục (váy, vest, áo dài CDCR). Ac đang cần 1 trong những dv trên hay sẽ cần full combo luôn ạ"], "slot_synonyms": ["cần dịch vụ gì", "chỉ cần chụp/quay", "full combo"], "slot_examples": ["chụp", "quay", "makeup", "trang phục", "full combo"], "slot_applies_to": ["wedding_day_consultation"], "slot_type": "multi_select", "slot_required": true, "slot_priority": "high", "customer_name": "Yến Nhi", "known_slots": {"wedding_date": "05/06", "wedding_day_services_needed": null, "wedding_day_schedule": null, "desired_products_details": null}, "asked_slot_values": {"wedding_date": "05/06"}, "latest_user_message": "Em muốn chốt lịch cưới ngày 05/06, bên mình hỗ trợ không?", "recent_conversation_history": [{"role": "user", "content": "Bên mình có nhận lịch cưới vào dịp Tết không ạ?"}, {"role": "assistant", "content": "Dạ chị Yến Nhi, trong ngày cưới chị cần dịch vụ gì bên em hỗ trợ: chụp, quay, makeup, trang phục hay full combo ạ?"}, {"role": "user", "content": "Em muốn chốt lịch cưới ngày 05/06, bên mình hỗ trợ không?"}, {"role": "user", "content": "Em muốn chốt lịch cưới ngày 05/06, bên mình hỗ trợ không?"}]}
OUTPUT:
{"question":"Dạ chị Yến Nhi, ngày 05/06 chị cần dịch vụ nào trong ngày cưới: chụp, quay, makeup, trang phục hay full combo ạ?"}

=== CASE 337 | detect_intent ===
INPUT:
{"current_message": "Em chưa chốt ngày cưới, bên mình tư vấn giúp được không?", "history_last_5": ["Nếu ngày cưới trùng lễ thì giá có khác không ạ?", "Em dự kiến cưới tháng 1, cần chuẩn bị gì trước?", "Em dự kiến cưới tháng 1, cần chuẩn bị gì trước?", "Cho em hỏi lịch cưới tháng 9 bên mình có kín không?", "Cho em hỏi lịch cưới tháng 9 bên mình có kín không?"], "asked_slots": ["wedding_date"], "missing_slots": ["wedding_day_services_needed", "wedding_day_schedule", "desired_products_details"]}
OUTPUT:
{"intent":"ask_service_info","confidence":0.94}

=== CASE 338 | detect_branch ===
INPUT:
{"intent": "ask_service_info", "branch_hint": null, "text": "Em chưa chốt ngày cưới, bên mình tư vấn giúp được không?", "branch_options": [{"name": "greeting_initial_qualification", "label": "Xác định đã có ngày cưới chưa và khách quan tâm chụp pre-wedding, ngày cưới, hay cả hai."}, {"name": "prewedding_consultation", "label": "Tư vấn chụp pre-wedding (studio/ngoại cảnh), concept, địa điểm, số lượng, sản phẩm mong muốn."}, {"name": "wedding_day_consultation", "label": "Tư vấn dịch vụ ngày cưới (chụp/quay/makeup/trang phục), ngày cưới, lịch trình trong ngày, nhu cầu số lượng máy/cam."}, {"name": "resort_wedding_consultation", "label": "Tư vấn tiệc cưới kiểu riêng tư/resort: ý tưởng, địa điểm tổ chức, resort cụ thể, timeline, có wedding planner hay tự làm."}]}
OUTPUT:
{"branch":"greeting_initial_qualification","confidence":0.9}

=== CASE 339 | detect_slots ===
INPUT:
{"intent": "ask_service_info", "branch_name": "greeting_initial_qualification", "text": "Em chưa chốt ngày cưới, bên mình tư vấn giúp được không?", "slot_options": [{"name": "wedding_date", "label": "Ngày cưới", "description": "Ngày cưới cụ thể của khách (nếu đã chốt)."}, {"name": "service_interest", "label": "Nhu cầu dịch vụ", "description": "Khách quan tâm chụp pre-wedding, chụp/quay ngày cưới, hoặc cả hai."}]}
OUTPUT:
[]

=== CASE 340 | generate_slot_question ===
INPUT:
{"intent": "ask_service_info", "branch": "greeting_initial_qualification", "target_slot": "wedding_date", "slot_label": "Ngày cưới", "slot_description": "Ngày cưới cụ thể của khách (nếu đã chốt).", "slot_evidence": ["Cho em hỏi anh/chị đã có ngày cưới cụ thể chưa", "Ngày cưới của mình là ngày bao nhiêu"], "slot_synonyms": ["ngày cưới", "ngày bao nhiêu", "ngày tổ chức", "đã có ngày cưới cụ thể chưa"], "slot_examples": ["15/10/2026", "ngày 20 tháng 3"], "slot_applies_to": ["greeting_initial_qualification", "wedding_day_consultation", "resort_wedding_consultation"], "slot_type": "date", "slot_required": true, "slot_priority": "high", "customer_name": "Hồng Nhung", "known_slots": {"wedding_date": null, "service_interest": null}, "asked_slot_values": {}, "latest_user_message": "Em chưa chốt ngày cưới, bên mình tư vấn giúp được không?", "recent_conversation_history": [{"role": "assistant", "content": "Dạ chị Hồng Nhung, trong ngày cưới chị cần những dịch vụ nào: chụp, quay, makeup, trang phục (váy/vest/áo dài) hay full combo ạ?"}, {"role": "user", "content": "Cho em hỏi lịch cưới tháng 9 bên mình có kín không?"}, {"role": "user", "content": "Cho em hỏi lịch cưới tháng 9 bên mình có kín không?"}, {"role": "assistant", "content": "Dạ chị Hồng Nhung, trong ngày cưới chị cần những dịch vụ nào: chụp, quay, makeup, trang phục (váy/vest/áo dài) hay full combo ạ?"}, {"role": "user", "content": "Em chưa chốt ngày cưới, bên mình tư vấn giúp được không?"}]}
OUTPUT:
{"question":"Dạ chị Hồng Nhung, chị dự định tổ chức đám cưới vào ngày nào (hoặc tháng nào) ạ?"}

=== CASE 341 | detect_intent ===
INPUT:
{"current_message": "Cho em hỏi mình có nhận lịch gấp trong tuần này không?", "history_last_5": ["Bên mình có nhận lịch cưới vào dịp Tết không ạ?", "Cho em hỏi mình có nhận lịch gấp trong tuần này không?", "Tụi em dự kiến cưới đầu tháng 4, bên mình sắp xếp được không?", "Ngày cưới của tụi em dự kiến tháng 5, bên mình còn lịch không ạ?", "Ngày cưới của tụi em dự kiến tháng 5, bên mình còn lịch không ạ?"], "asked_slots": ["wedding_date"], "missing_slots": ["wedding_day_services_needed", "wedding_day_schedule", "desired_products_details"]}
OUTPUT:
{"intent":"ask_service_info","confidence":0.95}

=== CASE 342 | detect_branch ===
INPUT:
{"intent": "ask_service_info", "branch_hint": null, "text": "Cho em hỏi mình có nhận lịch gấp trong tuần này không?", "branch_options": [{"name": "greeting_initial_qualification", "label": "Xác định đã có ngày cưới chưa và khách quan tâm chụp pre-wedding, ngày cưới, hay cả hai."}, {"name": "prewedding_consultation", "label": "Tư vấn chụp pre-wedding (studio/ngoại cảnh), concept, địa điểm, số lượng, sản phẩm mong muốn."}, {"name": "wedding_day_consultation", "label": "Tư vấn dịch vụ ngày cưới (chụp/quay/makeup/trang phục), ngày cưới, lịch trình trong ngày, nhu cầu số lượng máy/cam."}, {"name": "resort_wedding_consultation", "label": "Tư vấn tiệc cưới kiểu riêng tư/resort: ý tưởng, địa điểm tổ chức, resort cụ thể, timeline, có wedding planner hay tự làm."}]}
OUTPUT:
{"branch":"greeting_initial_qualification","confidence":0.8}

=== CASE 343 | detect_slots ===
INPUT:
{"intent": "ask_service_info", "branch_name": "greeting_initial_qualification", "text": "Cho em hỏi mình có nhận lịch gấp trong tuần này không?", "slot_options": [{"name": "wedding_date", "label": "Ngày cưới", "description": "Ngày cưới cụ thể của khách (nếu đã chốt)."}, {"name": "service_interest", "label": "Nhu cầu dịch vụ", "description": "Khách quan tâm chụp pre-wedding, chụp/quay ngày cưới, hoặc cả hai."}]}
OUTPUT:
[]

=== CASE 344 | generate_slot_question ===
INPUT:
{"intent": "ask_service_info", "branch": "greeting_initial_qualification", "target_slot": "wedding_date", "slot_label": "Ngày cưới", "slot_description": "Ngày cưới cụ thể của khách (nếu đã chốt).", "slot_evidence": ["Cho em hỏi anh/chị đã có ngày cưới cụ thể chưa", "Ngày cưới của mình là ngày bao nhiêu"], "slot_synonyms": ["ngày cưới", "ngày bao nhiêu", "ngày tổ chức", "đã có ngày cưới cụ thể chưa"], "slot_examples": ["15/10/2026", "ngày 20 tháng 3"], "slot_applies_to": ["greeting_initial_qualification", "wedding_day_consultation", "resort_wedding_consultation"], "slot_type": "date", "slot_required": true, "slot_priority": "high", "customer_name": "Như Ý", "known_slots": {"wedding_date": null, "service_interest": null}, "asked_slot_values": {}, "latest_user_message": "Cho em hỏi mình có nhận lịch gấp trong tuần này không?", "recent_conversation_history": [{"role": "assistant", "content": "Dạ chị Như Ý, trong ngày cưới chị cần những dịch vụ nào: chụp, quay, makeup, trang phục (váy/vest/áo dài) hay full combo ạ?"}, {"role": "user", "content": "Ngày cưới của tụi em dự kiến tháng 5, bên mình còn lịch không ạ?"}, {"role": "user", "content": "Ngày cưới của tụi em dự kiến tháng 5, bên mình còn lịch không ạ?"}, {"role": "assistant", "content": "Dạ chị Như Ý, trong ngày cưới chị cần dịch vụ nào ạ? (chụp / quay / makeup / trang phục / full combo; chị có thể chọn nhiều)"}, {"role": "user", "content": "Cho em hỏi mình có nhận lịch gấp trong tuần này không?"}]}
OUTPUT:
{"question":"Dạ chị Như Ý, ngày cưới cụ thể của chị là ngày nào ạ?"}

=== CASE 345 | detect_intent ===
INPUT:
{"current_message": "Cho em hỏi lịch cưới tháng 9 bên mình có kín không?", "history_last_5": ["Ngày cưới em là 18/11, cần gặp tư vấn trước không ạ?", "Ngày cưới em là 18/11, cần gặp tư vấn trước không ạ?", "Cho em hỏi lịch cưới tháng 9 bên mình có kín không?", "Cho em hỏi lịch cưới tháng 9 bên mình có kín không?"], "asked_slots": ["wedding_date"], "missing_slots": ["wedding_day_services_needed", "wedding_day_schedule", "desired_products_details"]}
OUTPUT:
{"intent":"ask_service_info","confidence":0.95}

=== CASE 346 | detect_branch ===
INPUT:
{"intent": "ask_service_info", "branch_hint": null, "text": "Cho em hỏi lịch cưới tháng 9 bên mình có kín không?", "branch_options": [{"name": "greeting_initial_qualification", "label": "Xác định đã có ngày cưới chưa và khách quan tâm chụp pre-wedding, ngày cưới, hay cả hai."}, {"name": "prewedding_consultation", "label": "Tư vấn chụp pre-wedding (studio/ngoại cảnh), concept, địa điểm, số lượng, sản phẩm mong muốn."}, {"name": "wedding_day_consultation", "label": "Tư vấn dịch vụ ngày cưới (chụp/quay/makeup/trang phục), ngày cưới, lịch trình trong ngày, nhu cầu số lượng máy/cam."}, {"name": "resort_wedding_consultation", "label": "Tư vấn tiệc cưới kiểu riêng tư/resort: ý tưởng, địa điểm tổ chức, resort cụ thể, timeline, có wedding planner hay tự làm."}]}
OUTPUT:
{"branch":"wedding_day_consultation","confidence":0.9}

=== CASE 347 | detect_slots ===
INPUT:
{"intent": "ask_service_info", "branch_name": "wedding_day_consultation", "text": "Cho em hỏi lịch cưới tháng 9 bên mình có kín không?", "slot_options": [{"name": "wedding_date", "label": "Ngày cưới", "description": "Ngày cưới cụ thể của khách (nếu đã chốt)."}, {"name": "desired_products_details", "label": "Mong muốn về sản phẩm/chi tiết gói", "description": "Các yêu cầu thêm về sản phẩm: chất liệu, số lượng ảnh, v.v."}, {"name": "wedding_day_services_needed", "label": "Dịch vụ ngày cưới cần dùng", "description": "Khách cần dịch vụ nào trong ngày cưới: chụp, quay, makeup, trang phục; hoặc full combo."}, {"name": "wedding_day_schedule", "label": "Lịch trình ngày cưới", "description": "Lịch trình diễn ra trong ngày cưới (ví dụ sáng gia tiên rước dâu, chiều tiệc nhà hàng...)."}]}
OUTPUT:
[
  {
    "slot": "wedding_date",
    "value": "tháng 9",
    "confidence": 0.9
  }
]

=== CASE 348 | generate_slot_question ===
INPUT:
{"intent": "ask_service_info", "branch": "wedding_day_consultation", "target_slot": "wedding_day_services_needed", "slot_label": "Dịch vụ ngày cưới cần dùng", "slot_description": "Khách cần dịch vụ nào trong ngày cưới: chụp, quay, makeup, trang phục; hoặc full combo.", "slot_evidence": ["Trong ngày cưới bên em có những dịch vụ như chụp, quay, makeup và trang phục (váy, vest, áo dài CDCR). Ac đang cần 1 trong những dv trên hay sẽ cần full combo luôn ạ"], "slot_synonyms": ["cần dịch vụ gì", "chỉ cần chụp/quay", "full combo"], "slot_examples": ["chụp", "quay", "makeup", "trang phục", "full combo"], "slot_applies_to": ["wedding_day_consultation"], "slot_type": "multi_select", "slot_required": true, "slot_priority": "high", "customer_name": "Thanh Trúc", "known_slots": {"wedding_date": "tháng 9", "wedding_day_services_needed": null, "wedding_day_schedule": null, "desired_products_details": null}, "asked_slot_values": {"wedding_date": "tháng 9"}, "latest_user_message": "Cho em hỏi lịch cưới tháng 9 bên mình có kín không?", "recent_conversation_history": [{"role": "user", "content": "Ngày cưới em là 18/11, cần gặp tư vấn trước không ạ?"}, {"role": "user", "content": "Cho em hỏi lịch cưới tháng 9 bên mình có kín không?"}, {"role": "user", "content": "Cho em hỏi lịch cưới tháng 9 bên mình có kín không?"}, {"role": "assistant", "content": "Dạ chị Thanh Trúc, ngày cưới 18/11 mình cần dịch vụ gì trong ngày cưới: chụp, quay, makeup, trang phục hay full combo ạ?"}, {"role": "user", "content": "Cho em hỏi lịch cưới tháng 9 bên mình có kín không?"}]}
OUTPUT:
{"question":"Dạ chị Thanh Trúc, chị muốn dùng dịch vụ nào trong ngày cưới: chụp, quay, makeup, trang phục hay full combo ạ?"}

=== CASE 349 | detect_intent ===
INPUT:
{"current_message": "Bên mình có nhận lịch cưới vào dịp Tết không ạ?", "history_last_5": ["Em muốn chốt lịch cưới ngày 05/06, bên mình hỗ trợ không?", "Nếu cưới tháng 12 thì mình book trước mấy tháng ạ?", "Nếu cưới tháng 12 thì mình book trước mấy tháng ạ?"], "asked_slots": ["wedding_date"], "missing_slots": ["wedding_day_services_needed", "wedding_day_schedule", "desired_products_details"]}
OUTPUT:
{"intent":"ask_service_info","confidence":0.95}

=== CASE 350 | detect_branch ===
INPUT:
{"intent": "ask_service_info", "branch_hint": null, "text": "Bên mình có nhận lịch cưới vào dịp Tết không ạ?", "branch_options": [{"name": "greeting_initial_qualification", "label": "Xác định đã có ngày cưới chưa và khách quan tâm chụp pre-wedding, ngày cưới, hay cả hai."}, {"name": "prewedding_consultation", "label": "Tư vấn chụp pre-wedding (studio/ngoại cảnh), concept, địa điểm, số lượng, sản phẩm mong muốn."}, {"name": "wedding_day_consultation", "label": "Tư vấn dịch vụ ngày cưới (chụp/quay/makeup/trang phục), ngày cưới, lịch trình trong ngày, nhu cầu số lượng máy/cam."}, {"name": "resort_wedding_consultation", "label": "Tư vấn tiệc cưới kiểu riêng tư/resort: ý tưởng, địa điểm tổ chức, resort cụ thể, timeline, có wedding planner hay tự làm."}]}
OUTPUT:
{"branch":"wedding_day_consultation","confidence":0.95}

=== CASE 351 | detect_slots ===
INPUT:
{"intent": "ask_service_info", "branch_name": "wedding_day_consultation", "text": "Bên mình có nhận lịch cưới vào dịp Tết không ạ?", "slot_options": [{"name": "wedding_date", "label": "Ngày cưới", "description": "Ngày cưới cụ thể của khách (nếu đã chốt)."}, {"name": "desired_products_details", "label": "Mong muốn về sản phẩm/chi tiết gói", "description": "Các yêu cầu thêm về sản phẩm: chất liệu, số lượng ảnh, v.v."}, {"name": "wedding_day_services_needed", "label": "Dịch vụ ngày cưới cần dùng", "description": "Khách cần dịch vụ nào trong ngày cưới: chụp, quay, makeup, trang phục; hoặc full combo."}, {"name": "wedding_day_schedule", "label": "Lịch trình ngày cưới", "description": "Lịch trình diễn ra trong ngày cưới (ví dụ sáng gia tiên rước dâu, chiều tiệc nhà hàng...)."}]}
OUTPUT:
[]

=== CASE 352 | generate_slot_question ===
INPUT:
{"intent": "ask_service_info", "branch": "wedding_day_consultation", "target_slot": "wedding_day_services_needed", "slot_label": "Dịch vụ ngày cưới cần dùng", "slot_description": "Khách cần dịch vụ nào trong ngày cưới: chụp, quay, makeup, trang phục; hoặc full combo.", "slot_evidence": ["Trong ngày cưới bên em có những dịch vụ như chụp, quay, makeup và trang phục (váy, vest, áo dài CDCR). Ac đang cần 1 trong những dv trên hay sẽ cần full combo luôn ạ"], "slot_synonyms": ["cần dịch vụ gì", "chỉ cần chụp/quay", "full combo"], "slot_examples": ["chụp", "quay", "makeup", "trang phục", "full combo"], "slot_applies_to": ["wedding_day_consultation"], "slot_type": "multi_select", "slot_required": true, "slot_priority": "high", "customer_name": "Khánh Linh", "known_slots": {"wedding_date": "tháng 12", "wedding_day_services_needed": null, "wedding_day_schedule": null, "desired_products_details": null}, "asked_slot_values": {"wedding_date": "tháng 12"}, "latest_user_message": "Bên mình có nhận lịch cưới vào dịp Tết không ạ?", "recent_conversation_history": [{"role": "user", "content": "Nếu cưới tháng 12 thì mình book trước mấy tháng ạ?"}, {"role": "user", "content": "Nếu cưới tháng 12 thì mình book trước mấy tháng ạ?"}, {"role": "assistant", "content": "Dạ chị Khánh Linh, chị muốn dùng dịch vụ nào trong ngày cưới: chụp, quay, makeup, trang phục (váy/vest/áo dài) hay full combo ạ?"}, {"role": "user", "content": "Bên mình có nhận lịch cưới vào dịp Tết không ạ?"}, {"role": "user", "content": "Bên mình có nhận lịch cưới vào dịp Tết không ạ?"}]}
OUTPUT:
{
  "question": "Dạ chị Khánh Linh, chị dự định cần dịch vụ nào trong ngày cưới: chụp, quay, makeup, trang phục (váy/vest/áo dài) hay full combo ạ?"
}

=== CASE 353 | detect_intent ===
INPUT:
{"current_message": "Em muốn chốt lịch cưới ngày 05/06, bên mình hỗ trợ không?", "history_last_5": ["Bên mình còn lịch chụp ngày 12/10 không ạ?", "Cho em hỏi mình có nhận lịch gấp trong tuần này không?", "Anh/chị cho em hỏi nếu cưới cuối tháng 11 thì có ưu đãi gì không?", "Anh/chị cho em hỏi nếu cưới cuối tháng 11 thì có ưu đãi gì không?"], "asked_slots": ["wedding_date"], "missing_slots": ["wedding_day_services_needed", "wedding_day_schedule", "desired_products_details"]}
OUTPUT:
{"intent":"ask_service_info","confidence":0.95}

=== CASE 354 | detect_branch ===
INPUT:
{"intent": "ask_service_info", "branch_hint": null, "text": "Em muốn chốt lịch cưới ngày 05/06, bên mình hỗ trợ không?", "branch_options": [{"name": "greeting_initial_qualification", "label": "Xác định đã có ngày cưới chưa và khách quan tâm chụp pre-wedding, ngày cưới, hay cả hai."}, {"name": "prewedding_consultation", "label": "Tư vấn chụp pre-wedding (studio/ngoại cảnh), concept, địa điểm, số lượng, sản phẩm mong muốn."}, {"name": "wedding_day_consultation", "label": "Tư vấn dịch vụ ngày cưới (chụp/quay/makeup/trang phục), ngày cưới, lịch trình trong ngày, nhu cầu số lượng máy/cam."}, {"name": "resort_wedding_consultation", "label": "Tư vấn tiệc cưới kiểu riêng tư/resort: ý tưởng, địa điểm tổ chức, resort cụ thể, timeline, có wedding planner hay tự làm."}]}
OUTPUT:
{"branch":"wedding_day_consultation","confidence":0.9}

=== CASE 355 | detect_slots ===
INPUT:
{"intent": "ask_service_info", "branch_name": "wedding_day_consultation", "text": "Em muốn chốt lịch cưới ngày 05/06, bên mình hỗ trợ không?", "slot_options": [{"name": "wedding_date", "label": "Ngày cưới", "description": "Ngày cưới cụ thể của khách (nếu đã chốt)."}, {"name": "desired_products_details", "label": "Mong muốn về sản phẩm/chi tiết gói", "description": "Các yêu cầu thêm về sản phẩm: chất liệu, số lượng ảnh, v.v."}, {"name": "wedding_day_services_needed", "label": "Dịch vụ ngày cưới cần dùng", "description": "Khách cần dịch vụ nào trong ngày cưới: chụp, quay, makeup, trang phục; hoặc full combo."}, {"name": "wedding_day_schedule", "label": "Lịch trình ngày cưới", "description": "Lịch trình diễn ra trong ngày cưới (ví dụ sáng gia tiên rước dâu, chiều tiệc nhà hàng...)."}]}
OUTPUT:
[
  {
    "slot": "wedding_date",
    "value": "05/06",
    "confidence": 0.95
  }
]

=== CASE 356 | generate_slot_question ===
INPUT:
{"intent": "ask_service_info", "branch": "wedding_day_consultation", "target_slot": "wedding_day_services_needed", "slot_label": "Dịch vụ ngày cưới cần dùng", "slot_description": "Khách cần dịch vụ nào trong ngày cưới: chụp, quay, makeup, trang phục; hoặc full combo.", "slot_evidence": ["Trong ngày cưới bên em có những dịch vụ như chụp, quay, makeup và trang phục (váy, vest, áo dài CDCR). Ac đang cần 1 trong những dv trên hay sẽ cần full combo luôn ạ"], "slot_synonyms": ["cần dịch vụ gì", "chỉ cần chụp/quay", "full combo"], "slot_examples": ["chụp", "quay", "makeup", "trang phục", "full combo"], "slot_applies_to": ["wedding_day_consultation"], "slot_type": "multi_select", "slot_required": true, "slot_priority": "high", "customer_name": "Uyên Nhi", "known_slots": {"wedding_date": "05/06", "wedding_day_services_needed": null, "wedding_day_schedule": null, "desired_products_details": null}, "asked_slot_values": {"wedding_date": "05/06"}, "latest_user_message": "Em muốn chốt lịch cưới ngày 05/06, bên mình hỗ trợ không?", "recent_conversation_history": [{"role": "user", "content": "Anh/chị cho em hỏi nếu cưới cuối tháng 11 thì có ưu đãi gì không?"}, {"role": "user", "content": "Anh/chị cho em hỏi nếu cưới cuối tháng 11 thì có ưu đãi gì không?"}, {"role": "assistant", "content": "Dạ, Uyên Nhi cần dịch vụ nào trong ngày cưới: chụp, quay, makeup, trang phục hay full combo ạ?"}, {"role": "user", "content": "Em muốn chốt lịch cưới ngày 05/06, bên mình hỗ trợ không?"}, {"role": "user", "content": "Em muốn chốt lịch cưới ngày 05/06, bên mình hỗ trợ không?"}]}
OUTPUT:
{"question":"Dạ, Uyên Nhi ơi, ngày 05/06 bên em hỗ trợ — mình cần dịch vụ nào trong ngày cưới: chụp, quay, makeup, trang phục hay full combo ạ?"}

=== CASE 357 | detect_intent ===
INPUT:
{"current_message": "Em muốn hỏi ngày cưới nào còn lịch trong tháng 7?", "history_last_5": ["Em cưới ngày 02/02, bên mình còn lịch không ạ?"], "asked_slots": ["wedding_date"], "missing_slots": ["wedding_day_services_needed", "wedding_day_schedule", "desired_products_details"]}
OUTPUT:
{
  "intent": "ask_service_info",
  "confidence": 0.95
}

=== CASE 358 | detect_branch ===
INPUT:
{"intent": "ask_service_info", "branch_hint": null, "text": "Em muốn hỏi ngày cưới nào còn lịch trong tháng 7?", "branch_options": [{"name": "greeting_initial_qualification", "label": "Xác định đã có ngày cưới chưa và khách quan tâm chụp pre-wedding, ngày cưới, hay cả hai."}, {"name": "prewedding_consultation", "label": "Tư vấn chụp pre-wedding (studio/ngoại cảnh), concept, địa điểm, số lượng, sản phẩm mong muốn."}, {"name": "wedding_day_consultation", "label": "Tư vấn dịch vụ ngày cưới (chụp/quay/makeup/trang phục), ngày cưới, lịch trình trong ngày, nhu cầu số lượng máy/cam."}, {"name": "resort_wedding_consultation", "label": "Tư vấn tiệc cưới kiểu riêng tư/resort: ý tưởng, địa điểm tổ chức, resort cụ thể, timeline, có wedding planner hay tự làm."}]}
OUTPUT:
{"branch":"wedding_day_consultation","confidence":0.95}

=== CASE 359 | detect_slots ===
INPUT:
{"intent": "ask_service_info", "branch_name": "wedding_day_consultation", "text": "Em muốn hỏi ngày cưới nào còn lịch trong tháng 7?", "slot_options": [{"name": "wedding_date", "label": "Ngày cưới", "description": "Ngày cưới cụ thể của khách (nếu đã chốt)."}, {"name": "desired_products_details", "label": "Mong muốn về sản phẩm/chi tiết gói", "description": "Các yêu cầu thêm về sản phẩm: chất liệu, số lượng ảnh, v.v."}, {"name": "wedding_day_services_needed", "label": "Dịch vụ ngày cưới cần dùng", "description": "Khách cần dịch vụ nào trong ngày cưới: chụp, quay, makeup, trang phục; hoặc full combo."}, {"name": "wedding_day_schedule", "label": "Lịch trình ngày cưới", "description": "Lịch trình diễn ra trong ngày cưới (ví dụ sáng gia tiên rước dâu, chiều tiệc nhà hàng...)."}]}
OUTPUT:
[
  {
    "slot": "wedding_date",
    "value": "tháng 7",
    "confidence": 0.9
  }
]

=== CASE 360 | generate_slot_question ===
INPUT:
{"intent": "ask_service_info", "branch": "wedding_day_consultation", "target_slot": "wedding_day_services_needed", "slot_label": "Dịch vụ ngày cưới cần dùng", "slot_description": "Khách cần dịch vụ nào trong ngày cưới: chụp, quay, makeup, trang phục; hoặc full combo.", "slot_evidence": ["Trong ngày cưới bên em có những dịch vụ như chụp, quay, makeup và trang phục (váy, vest, áo dài CDCR). Ac đang cần 1 trong những dv trên hay sẽ cần full combo luôn ạ"], "slot_synonyms": ["cần dịch vụ gì", "chỉ cần chụp/quay", "full combo"], "slot_examples": ["chụp", "quay", "makeup", "trang phục", "full combo"], "slot_applies_to": ["wedding_day_consultation"], "slot_type": "multi_select", "slot_required": true, "slot_priority": "high", "customer_name": "Bích Ngọc", "known_slots": {"wedding_date": "tháng 7", "wedding_day_services_needed": null, "wedding_day_schedule": null, "desired_products_details": null}, "asked_slot_values": {"wedding_date": "tháng 7"}, "latest_user_message": "Em muốn hỏi ngày cưới nào còn lịch trong tháng 7?", "recent_conversation_history": [{"role": "user", "content": "Em cưới ngày 02/02, bên mình còn lịch không ạ?"}, {"role": "assistant", "content": "Dạ chị Bích Ngọc, ngày 02/02 bên em còn lịch ạ. Chị cần dịch vụ nào trong ngày cưới: chụp, quay, makeup, trang phục hay full combo?"}, {"role": "user", "content": "Em muốn hỏi ngày cưới nào còn lịch trong tháng 7?"}, {"role": "user", "content": "Em muốn hỏi ngày cưới nào còn lịch trong tháng 7?"}]}
OUTPUT:
{
  "question": "Dạ chị Bích Ngọc, chị cần dịch vụ gì trong ngày cưới: chụp, quay, makeup, trang phục hay full combo ạ?"
}

=== CASE 361 | detect_intent ===
INPUT:
{"current_message": "Anh/chị cho em hỏi nếu cưới cuối tháng 11 thì có ưu đãi gì không?", "history_last_5": ["Em dự kiến cưới tháng 1, cần chuẩn bị gì trước?", "Em dự kiến cưới tháng 1, cần chuẩn bị gì trước?", "Cho em hỏi lịch cưới tháng 9 bên mình có kín không?", "Cho em hỏi lịch cưới tháng 9 bên mình có kín không?", "Em chưa chốt ngày cưới, bên mình tư vấn giúp được không?"], "asked_slots": [], "missing_slots": ["wedding_date", "service_interest"]}
OUTPUT:
{"intent":"ask_service_info","confidence":0.95}

=== CASE 362 | detect_branch ===
INPUT:
{"intent": "ask_service_info", "branch_hint": null, "text": "Anh/chị cho em hỏi nếu cưới cuối tháng 11 thì có ưu đãi gì không?", "branch_options": [{"name": "greeting_initial_qualification", "label": "Xác định đã có ngày cưới chưa và khách quan tâm chụp pre-wedding, ngày cưới, hay cả hai."}, {"name": "prewedding_consultation", "label": "Tư vấn chụp pre-wedding (studio/ngoại cảnh), concept, địa điểm, số lượng, sản phẩm mong muốn."}, {"name": "wedding_day_consultation", "label": "Tư vấn dịch vụ ngày cưới (chụp/quay/makeup/trang phục), ngày cưới, lịch trình trong ngày, nhu cầu số lượng máy/cam."}, {"name": "resort_wedding_consultation", "label": "Tư vấn tiệc cưới kiểu riêng tư/resort: ý tưởng, địa điểm tổ chức, resort cụ thể, timeline, có wedding planner hay tự làm."}]}
OUTPUT:
{"branch":"wedding_day_consultation","confidence":0.95}

=== CASE 363 | detect_slots ===
INPUT:
{"intent": "ask_service_info", "branch_name": "wedding_day_consultation", "text": "Anh/chị cho em hỏi nếu cưới cuối tháng 11 thì có ưu đãi gì không?", "slot_options": [{"name": "wedding_date", "label": "Ngày cưới", "description": "Ngày cưới cụ thể của khách (nếu đã chốt)."}, {"name": "desired_products_details", "label": "Mong muốn về sản phẩm/chi tiết gói", "description": "Các yêu cầu thêm về sản phẩm: chất liệu, số lượng ảnh, v.v."}, {"name": "wedding_day_services_needed", "label": "Dịch vụ ngày cưới cần dùng", "description": "Khách cần dịch vụ nào trong ngày cưới: chụp, quay, makeup, trang phục; hoặc full combo."}, {"name": "wedding_day_schedule", "label": "Lịch trình ngày cưới", "description": "Lịch trình diễn ra trong ngày cưới (ví dụ sáng gia tiên rước dâu, chiều tiệc nhà hàng...)."}]}
OUTPUT:
[
  {
    "slot": "wedding_date",
    "value": "cuối tháng 11",
    "confidence": 0.9
  }
]

=== CASE 364 | generate_slot_question ===
INPUT:
{"intent": "ask_service_info", "branch": "wedding_day_consultation", "target_slot": "wedding_day_services_needed", "slot_label": "Dịch vụ ngày cưới cần dùng", "slot_description": "Khách cần dịch vụ nào trong ngày cưới: chụp, quay, makeup, trang phục; hoặc full combo.", "slot_evidence": ["Trong ngày cưới bên em có những dịch vụ như chụp, quay, makeup và trang phục (váy, vest, áo dài CDCR). Ac đang cần 1 trong những dv trên hay sẽ cần full combo luôn ạ"], "slot_synonyms": ["cần dịch vụ gì", "chỉ cần chụp/quay", "full combo"], "slot_examples": ["chụp", "quay", "makeup", "trang phục", "full combo"], "slot_applies_to": ["wedding_day_consultation"], "slot_type": "multi_select", "slot_required": true, "slot_priority": "high", "customer_name": "Hồng Nhung", "known_slots": {"wedding_date": "cuối tháng 11", "wedding_day_services_needed": null, "wedding_day_schedule": null, "desired_products_details": null}, "asked_slot_values": {"wedding_date": "cuối tháng 11"}, "latest_user_message": "Anh/chị cho em hỏi nếu cưới cuối tháng 11 thì có ưu đãi gì không?", "recent_conversation_history": [{"role": "user", "content": "Cho em hỏi lịch cưới tháng 9 bên mình có kín không?"}, {"role": "assistant", "content": "Dạ chị Hồng Nhung, trong ngày cưới chị cần những dịch vụ nào: chụp, quay, makeup, trang phục (váy/vest/áo dài) hay full combo ạ?"}, {"role": "user", "content": "Em chưa chốt ngày cưới, bên mình tư vấn giúp được không?"}, {"role": "assistant", "content": "Dạ chị Hồng Nhung, chị dự định tổ chức đám cưới vào ngày nào (hoặc tháng nào) ạ?"}, {"role": "user", "content": "Anh/chị cho em hỏi nếu cưới cuối tháng 11 thì có ưu đãi gì không?"}]}
OUTPUT:
{"question":"Dạ chị Hồng Nhung, chị cần những dịch vụ nào trong ngày cưới: chụp, quay, makeup, trang phục hay full combo ạ?"}

=== CASE 365 | detect_intent ===
INPUT:
{"current_message": "Cho em hỏi mình có nhận lịch gấp trong tuần này không?", "history_last_5": ["Em dự kiến cưới tháng 1, cần chuẩn bị gì trước?"], "asked_slots": ["wedding_date"], "missing_slots": ["wedding_day_services_needed", "wedding_day_schedule", "desired_products_details"]}
OUTPUT:
{"intent":"ask_service_info","confidence":0.95}

=== CASE 366 | detect_branch ===
INPUT:
{"intent": "ask_service_info", "branch_hint": null, "text": "Cho em hỏi mình có nhận lịch gấp trong tuần này không?", "branch_options": [{"name": "greeting_initial_qualification", "label": "Xác định đã có ngày cưới chưa và khách quan tâm chụp pre-wedding, ngày cưới, hay cả hai."}, {"name": "prewedding_consultation", "label": "Tư vấn chụp pre-wedding (studio/ngoại cảnh), concept, địa điểm, số lượng, sản phẩm mong muốn."}, {"name": "wedding_day_consultation", "label": "Tư vấn dịch vụ ngày cưới (chụp/quay/makeup/trang phục), ngày cưới, lịch trình trong ngày, nhu cầu số lượng máy/cam."}, {"name": "resort_wedding_consultation", "label": "Tư vấn tiệc cưới kiểu riêng tư/resort: ý tưởng, địa điểm tổ chức, resort cụ thể, timeline, có wedding planner hay tự làm."}]}
OUTPUT:
{"branch":"greeting_initial_qualification","confidence":0.9}

=== CASE 367 | detect_slots ===
INPUT:
{"intent": "ask_service_info", "branch_name": "greeting_initial_qualification", "text": "Cho em hỏi mình có nhận lịch gấp trong tuần này không?", "slot_options": [{"name": "wedding_date", "label": "Ngày cưới", "description": "Ngày cưới cụ thể của khách (nếu đã chốt)."}, {"name": "service_interest", "label": "Nhu cầu dịch vụ", "description": "Khách quan tâm chụp pre-wedding, chụp/quay ngày cưới, hoặc cả hai."}]}
OUTPUT:
[]

=== CASE 368 | generate_slot_question ===
INPUT:
{"intent": "ask_service_info", "branch": "greeting_initial_qualification", "target_slot": "wedding_date", "slot_label": "Ngày cưới", "slot_description": "Ngày cưới cụ thể của khách (nếu đã chốt).", "slot_evidence": ["Cho em hỏi anh/chị đã có ngày cưới cụ thể chưa", "Ngày cưới của mình là ngày bao nhiêu"], "slot_synonyms": ["ngày cưới", "ngày bao nhiêu", "ngày tổ chức", "đã có ngày cưới cụ thể chưa"], "slot_examples": ["15/10/2026", "ngày 20 tháng 3"], "slot_applies_to": ["greeting_initial_qualification", "wedding_day_consultation", "resort_wedding_consultation"], "slot_type": "date", "slot_required": true, "slot_priority": "high", "customer_name": "Diễm My", "known_slots": {"wedding_date": null, "service_interest": null}, "asked_slot_values": {}, "latest_user_message": "Cho em hỏi mình có nhận lịch gấp trong tuần này không?", "recent_conversation_history": [{"role": "user", "content": "Em dự kiến cưới tháng 1, cần chuẩn bị gì trước?"}, {"role": "assistant", "content": "Dạ chị Diễm My muốn dùng dịch vụ nào trong ngày cưới: chụp, quay, makeup, trang phục hay full combo ạ?"}, {"role": "user", "content": "Cho em hỏi mình có nhận lịch gấp trong tuần này không?"}]}
OUTPUT:
{
  "question": "Dạ chị Diễm My ngày cưới cụ thể là ngày nào ạ?"
}

=== CASE 369 | detect_intent ===
INPUT:
{"current_message": "Anh/chị cho em hỏi lịch ngày 15/8 còn trống không ạ?", "history_last_5": ["Bên mình có nhận lịch cưới vào dịp Tết không ạ?"], "asked_slots": [], "missing_slots": ["wedding_date", "wedding_day_services_needed", "wedding_day_schedule", "desired_products_details"]}
OUTPUT:
{"intent":"ask_service_info","confidence":0.95}

=== CASE 370 | detect_branch ===
INPUT:
{"intent": "ask_service_info", "branch_hint": null, "text": "Anh/chị cho em hỏi lịch ngày 15/8 còn trống không ạ?", "branch_options": [{"name": "greeting_initial_qualification", "label": "Xác định đã có ngày cưới chưa và khách quan tâm chụp pre-wedding, ngày cưới, hay cả hai."}, {"name": "prewedding_consultation", "label": "Tư vấn chụp pre-wedding (studio/ngoại cảnh), concept, địa điểm, số lượng, sản phẩm mong muốn."}, {"name": "wedding_day_consultation", "label": "Tư vấn dịch vụ ngày cưới (chụp/quay/makeup/trang phục), ngày cưới, lịch trình trong ngày, nhu cầu số lượng máy/cam."}, {"name": "resort_wedding_consultation", "label": "Tư vấn tiệc cưới kiểu riêng tư/resort: ý tưởng, địa điểm tổ chức, resort cụ thể, timeline, có wedding planner hay tự làm."}]}
OUTPUT:
{"branch":"wedding_day_consultation","confidence":0.9}

=== CASE 371 | detect_slots ===
INPUT:
{"intent": "ask_service_info", "branch_name": "wedding_day_consultation", "text": "Anh/chị cho em hỏi lịch ngày 15/8 còn trống không ạ?", "slot_options": [{"name": "wedding_date", "label": "Ngày cưới", "description": "Ngày cưới cụ thể của khách (nếu đã chốt)."}, {"name": "desired_products_details", "label": "Mong muốn về sản phẩm/chi tiết gói", "description": "Các yêu cầu thêm về sản phẩm: chất liệu, số lượng ảnh, v.v."}, {"name": "wedding_day_services_needed", "label": "Dịch vụ ngày cưới cần dùng", "description": "Khách cần dịch vụ nào trong ngày cưới: chụp, quay, makeup, trang phục; hoặc full combo."}, {"name": "wedding_day_schedule", "label": "Lịch trình ngày cưới", "description": "Lịch trình diễn ra trong ngày cưới (ví dụ sáng gia tiên rước dâu, chiều tiệc nhà hàng...)."}]}
OUTPUT:
[
  {
    "slot": "wedding_date",
    "value": "15/8",
    "confidence": 0.0
  }
]

=== CASE 372 | generate_slot_question ===
INPUT:
{"intent": "ask_service_info", "branch": "wedding_day_consultation", "target_slot": "wedding_day_services_needed", "slot_label": "Dịch vụ ngày cưới cần dùng", "slot_description": "Khách cần dịch vụ nào trong ngày cưới: chụp, quay, makeup, trang phục; hoặc full combo.", "slot_evidence": ["Trong ngày cưới bên em có những dịch vụ như chụp, quay, makeup và trang phục (váy, vest, áo dài CDCR). Ac đang cần 1 trong những dv trên hay sẽ cần full combo luôn ạ"], "slot_synonyms": ["cần dịch vụ gì", "chỉ cần chụp/quay", "full combo"], "slot_examples": ["chụp", "quay", "makeup", "trang phục", "full combo"], "slot_applies_to": ["wedding_day_consultation"], "slot_type": "multi_select", "slot_required": true, "slot_priority": "high", "customer_name": "Mai Phương", "known_slots": {"wedding_date": "15/8", "wedding_day_services_needed": null, "wedding_day_schedule": null, "desired_products_details": null}, "asked_slot_values": {"wedding_date": "15/8"}, "latest_user_message": "Anh/chị cho em hỏi lịch ngày 15/8 còn trống không ạ?", "recent_conversation_history": [{"role": "user", "content": "Bên mình có nhận lịch cưới vào dịp Tết không ạ?"}, {"role": "assistant", "content": "Dạ, chị Mai Phương đã chốt ngày cưới cụ thể chưa ạ?"}, {"role": "user", "content": "Anh/chị cho em hỏi lịch ngày 15/8 còn trống không ạ?"}, {"role": "user", "content": "Anh/chị cho em hỏi lịch ngày 15/8 còn trống không ạ?"}]}
OUTPUT:
{"question":"Dạ chị Mai Phương, ngày 15/8 chị cần những dịch vụ nào trong ngày cưới: chụp, quay, makeup, trang phục hay full combo ạ?"}

=== CASE 373 | detect_intent ===
INPUT:
{"current_message": "Em dự kiến cưới tháng 1, cần chuẩn bị gì trước?", "history_last_5": ["Tụi em dự kiến cưới đầu tháng 4, bên mình sắp xếp được không?", "Tụi em dự kiến cưới đầu tháng 4, bên mình sắp xếp được không?"], "asked_slots": ["wedding_date"], "missing_slots": ["wedding_day_services_needed", "wedding_day_schedule", "desired_products_details"]}
OUTPUT:
{"intent":"ask_service_info","confidence":0.88}

=== CASE 374 | detect_branch ===
INPUT:
{"intent": "ask_service_info", "branch_hint": null, "text": "Em dự kiến cưới tháng 1, cần chuẩn bị gì trước?", "branch_options": [{"name": "greeting_initial_qualification", "label": "Xác định đã có ngày cưới chưa và khách quan tâm chụp pre-wedding, ngày cưới, hay cả hai."}, {"name": "prewedding_consultation", "label": "Tư vấn chụp pre-wedding (studio/ngoại cảnh), concept, địa điểm, số lượng, sản phẩm mong muốn."}, {"name": "wedding_day_consultation", "label": "Tư vấn dịch vụ ngày cưới (chụp/quay/makeup/trang phục), ngày cưới, lịch trình trong ngày, nhu cầu số lượng máy/cam."}, {"name": "resort_wedding_consultation", "label": "Tư vấn tiệc cưới kiểu riêng tư/resort: ý tưởng, địa điểm tổ chức, resort cụ thể, timeline, có wedding planner hay tự làm."}]}
OUTPUT:
{"branch":"greeting_initial_qualification","confidence":0.9}

=== CASE 375 | detect_slots ===
INPUT:
{"intent": "ask_service_info", "branch_name": "greeting_initial_qualification", "text": "Em dự kiến cưới tháng 1, cần chuẩn bị gì trước?", "slot_options": [{"name": "wedding_date", "label": "Ngày cưới", "description": "Ngày cưới cụ thể của khách (nếu đã chốt)."}, {"name": "service_interest", "label": "Nhu cầu dịch vụ", "description": "Khách quan tâm chụp pre-wedding, chụp/quay ngày cưới, hoặc cả hai."}]}
OUTPUT:
[
  {
    "slot": "wedding_date",
    "value": "tháng 1",
    "confidence": 0.9
  }
]

=== CASE 376 | generate_slot_question ===
INPUT:
{"intent": "ask_service_info", "branch": "greeting_initial_qualification", "target_slot": "service_interest", "slot_label": "Nhu cầu dịch vụ", "slot_description": "Khách quan tâm chụp pre-wedding, chụp/quay ngày cưới, hoặc cả hai.", "slot_evidence": ["mình đang quan tâm tới chụp pre-wedding / ngày cưới hay cả 2 luôn ạ ?"], "slot_synonyms": ["quan tâm", "cần chụp pre", "cần ngày cưới", "cả hai"], "slot_examples": ["pre-wedding", "ngày cưới", "cả 2"], "slot_applies_to": ["greeting_initial_qualification"], "slot_type": "single_select", "slot_required": true, "slot_priority": "high", "customer_name": "Lan Anh", "known_slots": {"wedding_date": "tháng 1", "service_interest": null}, "asked_slot_values": {"wedding_date": "tháng 1"}, "latest_user_message": "Em dự kiến cưới tháng 1, cần chuẩn bị gì trước?", "recent_conversation_history": [{"role": "user", "content": "Tụi em dự kiến cưới đầu tháng 4, bên mình sắp xếp được không?"}, {"role": "assistant", "content": "Dạ chị Lan Anh, trong ngày cưới chị cần những dịch vụ nào: chụp, quay, makeup, trang phục (váy/vest/áo dài) hay muốn full combo ạ?"}, {"role": "user", "content": "Tụi em dự kiến cưới đầu tháng 4, bên mình sắp xếp được không?"}, {"role": "user", "content": "Em dự kiến cưới tháng 1, cần chuẩn bị gì trước?"}]}
OUTPUT:
{"question":"Dạ chị Lan Anh, chị muốn chụp pre-wedding, chụp/quay ngày cưới hay cả hai ạ?"}

=== CASE 377 | detect_intent ===
INPUT:
{"current_message": "Nếu em cưới giữa tháng 8 thì phí dịch vụ thế nào?", "history_last_5": [], "asked_slots": [], "missing_slots": []}
OUTPUT:
{"intent":"price_request","confidence":0.95}

=== CASE 378 | detect_branch ===
INPUT:
{"intent": "price_request", "branch_hint": null, "text": "Nếu em cưới giữa tháng 8 thì phí dịch vụ thế nào?", "branch_options": [{"name": "greeting_initial_qualification", "label": "Xác định đã có ngày cưới chưa và khách quan tâm chụp pre-wedding, ngày cưới, hay cả hai."}, {"name": "prewedding_consultation", "label": "Tư vấn chụp pre-wedding (studio/ngoại cảnh), concept, địa điểm, số lượng, sản phẩm mong muốn."}, {"name": "wedding_day_consultation", "label": "Tư vấn dịch vụ ngày cưới (chụp/quay/makeup/trang phục), ngày cưới, lịch trình trong ngày, nhu cầu số lượng máy/cam."}, {"name": "resort_wedding_consultation", "label": "Tư vấn tiệc cưới kiểu riêng tư/resort: ý tưởng, địa điểm tổ chức, resort cụ thể, timeline, có wedding planner hay tự làm."}]}
OUTPUT:
{"branch":"wedding_day_consultation","confidence":0.95}

=== CASE 379 | detect_slots ===
INPUT:
{"intent": "price_request", "branch_name": "wedding_day_consultation", "text": "Nếu em cưới giữa tháng 8 thì phí dịch vụ thế nào?", "slot_options": [{"name": "wedding_date", "label": "Ngày cưới", "description": "Ngày cưới cụ thể của khách (nếu đã chốt)."}, {"name": "desired_products_details", "label": "Mong muốn về sản phẩm/chi tiết gói", "description": "Các yêu cầu thêm về sản phẩm: chất liệu, số lượng ảnh, v.v."}, {"name": "wedding_day_services_needed", "label": "Dịch vụ ngày cưới cần dùng", "description": "Khách cần dịch vụ nào trong ngày cưới: chụp, quay, makeup, trang phục; hoặc full combo."}, {"name": "wedding_day_schedule", "label": "Lịch trình ngày cưới", "description": "Lịch trình diễn ra trong ngày cưới (ví dụ sáng gia tiên rước dâu, chiều tiệc nhà hàng...)."}]}
OUTPUT:
[
  {
    "slot": "wedding_date",
    "value": "giữa tháng 8",
    "confidence": 0.9
  }
]

=== CASE 380 | generate_slot_question ===
INPUT:
{"intent": "price_request", "branch": "wedding_day_consultation", "target_slot": "wedding_day_services_needed", "slot_label": "Dịch vụ ngày cưới cần dùng", "slot_description": "Khách cần dịch vụ nào trong ngày cưới: chụp, quay, makeup, trang phục; hoặc full combo.", "slot_evidence": ["Trong ngày cưới bên em có những dịch vụ như chụp, quay, makeup và trang phục (váy, vest, áo dài CDCR). Ac đang cần 1 trong những dv trên hay sẽ cần full combo luôn ạ"], "slot_synonyms": ["cần dịch vụ gì", "chỉ cần chụp/quay", "full combo"], "slot_examples": ["chụp", "quay", "makeup", "trang phục", "full combo"], "slot_applies_to": ["wedding_day_consultation"], "slot_type": "multi_select", "slot_required": true, "slot_priority": "high", "customer_name": "Quỳnh Anh", "known_slots": {"wedding_date": "giữa tháng 8", "wedding_day_services_needed": null, "wedding_day_schedule": null, "desired_products_details": null}, "asked_slot_values": {"wedding_date": "giữa tháng 8"}, "latest_user_message": "Nếu em cưới giữa tháng 8 thì phí dịch vụ thế nào?", "recent_conversation_history": [{"role": "user", "content": "Nếu em cưới giữa tháng 8 thì phí dịch vụ thế nào?"}]}
OUTPUT:
{"question":"Dạ chị Quỳnh Anh cho em biết trong ngày cưới chị sẽ cần dịch vụ nào: chụp, quay, makeup, trang phục (váy/vest/áo dài) hay full combo ạ?"}

=== CASE 381 | detect_intent ===
INPUT:
{"current_message": "Bên mình còn lịch chụp ngày 12/10 không ạ?", "history_last_5": ["Tụi em dự kiến cưới đầu tháng 4, bên mình sắp xếp được không?"], "asked_slots": ["wedding_date"], "missing_slots": ["wedding_day_services_needed", "wedding_day_schedule", "desired_products_details"]}
OUTPUT:
{
  "intent": "ask_service_info",
  "confidence": 0.96
}

=== CASE 382 | detect_branch ===
INPUT:
{"intent": "ask_service_info", "branch_hint": null, "text": "Bên mình còn lịch chụp ngày 12/10 không ạ?", "branch_options": [{"name": "greeting_initial_qualification", "label": "Xác định đã có ngày cưới chưa và khách quan tâm chụp pre-wedding, ngày cưới, hay cả hai."}, {"name": "prewedding_consultation", "label": "Tư vấn chụp pre-wedding (studio/ngoại cảnh), concept, địa điểm, số lượng, sản phẩm mong muốn."}, {"name": "wedding_day_consultation", "label": "Tư vấn dịch vụ ngày cưới (chụp/quay/makeup/trang phục), ngày cưới, lịch trình trong ngày, nhu cầu số lượng máy/cam."}, {"name": "resort_wedding_consultation", "label": "Tư vấn tiệc cưới kiểu riêng tư/resort: ý tưởng, địa điểm tổ chức, resort cụ thể, timeline, có wedding planner hay tự làm."}]}
OUTPUT:
{"branch":"greeting_initial_qualification","confidence":0.82}

=== CASE 383 | detect_slots ===
INPUT:
{"intent": "ask_service_info", "branch_name": "greeting_initial_qualification", "text": "Bên mình còn lịch chụp ngày 12/10 không ạ?", "slot_options": [{"name": "wedding_date", "label": "Ngày cưới", "description": "Ngày cưới cụ thể của khách (nếu đã chốt)."}, {"name": "service_interest", "label": "Nhu cầu dịch vụ", "description": "Khách quan tâm chụp pre-wedding, chụp/quay ngày cưới, hoặc cả hai."}]}
OUTPUT:
[
  {
    "slot": "wedding_date",
    "value": "12/10",
    "confidence": 0.9
  }
]

=== CASE 384 | generate_slot_question ===
INPUT:
{"intent": "ask_service_info", "branch": "greeting_initial_qualification", "target_slot": "service_interest", "slot_label": "Nhu cầu dịch vụ", "slot_description": "Khách quan tâm chụp pre-wedding, chụp/quay ngày cưới, hoặc cả hai.", "slot_evidence": ["mình đang quan tâm tới chụp pre-wedding / ngày cưới hay cả 2 luôn ạ ?"], "slot_synonyms": ["quan tâm", "cần chụp pre", "cần ngày cưới", "cả hai"], "slot_examples": ["pre-wedding", "ngày cưới", "cả 2"], "slot_applies_to": ["greeting_initial_qualification"], "slot_type": "single_select", "slot_required": true, "slot_priority": "high", "customer_name": "Bảo Ngọc", "known_slots": {"wedding_date": "12/10", "service_interest": null}, "asked_slot_values": {"wedding_date": "12/10"}, "latest_user_message": "Bên mình còn lịch chụp ngày 12/10 không ạ?", "recent_conversation_history": [{"role": "user", "content": "Tụi em dự kiến cưới đầu tháng 4, bên mình sắp xếp được không?"}, {"role": "assistant", "content": "Dạ chị Bảo Ngọc, ngày cưới mình cần những dịch vụ nào: chụp, quay, makeup, trang phục (váy/vest/áo dài) hay full combo ạ?"}, {"role": "user", "content": "Bên mình còn lịch chụp ngày 12/10 không ạ?"}]}
OUTPUT:
{
  "question": "Dạ chị Bảo Ngọc, chị cần chụp pre-wedding, chụp ngày cưới hay cả hai ạ?"
}

=== CASE 385 | detect_intent ===
INPUT:
{"current_message": "Cho em hỏi mình có nhận lịch gấp trong tuần này không?", "history_last_5": ["Em dự kiến cưới tháng 1, cần chuẩn bị gì trước?", "Cho em hỏi mình có nhận lịch gấp trong tuần này không?"], "asked_slots": [], "missing_slots": ["wedding_date", "service_interest"]}
OUTPUT:
{"intent":"ask_service_info","confidence":0.95}

=== CASE 386 | detect_branch ===
INPUT:
{"intent": "ask_service_info", "branch_hint": null, "text": "Cho em hỏi mình có nhận lịch gấp trong tuần này không?", "branch_options": [{"name": "greeting_initial_qualification", "label": "Xác định đã có ngày cưới chưa và khách quan tâm chụp pre-wedding, ngày cưới, hay cả hai."}, {"name": "prewedding_consultation", "label": "Tư vấn chụp pre-wedding (studio/ngoại cảnh), concept, địa điểm, số lượng, sản phẩm mong muốn."}, {"name": "wedding_day_consultation", "label": "Tư vấn dịch vụ ngày cưới (chụp/quay/makeup/trang phục), ngày cưới, lịch trình trong ngày, nhu cầu số lượng máy/cam."}, {"name": "resort_wedding_consultation", "label": "Tư vấn tiệc cưới kiểu riêng tư/resort: ý tưởng, địa điểm tổ chức, resort cụ thể, timeline, có wedding planner hay tự làm."}]}
OUTPUT:
{"branch":"wedding_day_consultation","confidence":0.8}

=== CASE 387 | detect_slots ===
INPUT:
{"intent": "ask_service_info", "branch_name": "wedding_day_consultation", "text": "Cho em hỏi mình có nhận lịch gấp trong tuần này không?", "slot_options": [{"name": "wedding_date", "label": "Ngày cưới", "description": "Ngày cưới cụ thể của khách (nếu đã chốt)."}, {"name": "desired_products_details", "label": "Mong muốn về sản phẩm/chi tiết gói", "description": "Các yêu cầu thêm về sản phẩm: chất liệu, số lượng ảnh, v.v."}, {"name": "wedding_day_services_needed", "label": "Dịch vụ ngày cưới cần dùng", "description": "Khách cần dịch vụ nào trong ngày cưới: chụp, quay, makeup, trang phục; hoặc full combo."}, {"name": "wedding_day_schedule", "label": "Lịch trình ngày cưới", "description": "Lịch trình diễn ra trong ngày cưới (ví dụ sáng gia tiên rước dâu, chiều tiệc nhà hàng...)."}]}
OUTPUT:
[
  {
    "slot": "wedding_date",
    "value": "trong tuần này",
    "confidence": 0.0
  }
]

=== CASE 388 | generate_slot_question ===
INPUT:
{"intent": "ask_service_info", "branch": "wedding_day_consultation", "target_slot": "wedding_day_services_needed", "slot_label": "Dịch vụ ngày cưới cần dùng", "slot_description": "Khách cần dịch vụ nào trong ngày cưới: chụp, quay, makeup, trang phục; hoặc full combo.", "slot_evidence": ["Trong ngày cưới bên em có những dịch vụ như chụp, quay, makeup và trang phục (váy, vest, áo dài CDCR). Ac đang cần 1 trong những dv trên hay sẽ cần full combo luôn ạ"], "slot_synonyms": ["cần dịch vụ gì", "chỉ cần chụp/quay", "full combo"], "slot_examples": ["chụp", "quay", "makeup", "trang phục", "full combo"], "slot_applies_to": ["wedding_day_consultation"], "slot_type": "multi_select", "slot_required": true, "slot_priority": "high", "customer_name": "Diễm My", "known_slots": {"wedding_date": "trong tuần này", "wedding_day_services_needed": null, "wedding_day_schedule": null, "desired_products_details": null}, "asked_slot_values": {"wedding_date": "trong tuần này"}, "latest_user_message": "Cho em hỏi mình có nhận lịch gấp trong tuần này không?", "recent_conversation_history": [{"role": "user", "content": "Em dự kiến cưới tháng 1, cần chuẩn bị gì trước?"}, {"role": "assistant", "content": "Dạ chị Diễm My muốn dùng dịch vụ nào trong ngày cưới: chụp, quay, makeup, trang phục hay full combo ạ?"}, {"role": "user", "content": "Cho em hỏi mình có nhận lịch gấp trong tuần này không?"}, {"role": "assistant", "content": "Dạ chị Diễm My ngày cưới cụ thể là ngày nào ạ?"}, {"role": "user", "content": "Cho em hỏi mình có nhận lịch gấp trong tuần này không?"}]}
OUTPUT:
{"question":"Dạ chị Diễm My, chị cần dịch vụ nào trong ngày cưới: chụp, quay, makeup, trang phục hay full combo ạ?"}

=== CASE 389 | detect_intent ===
INPUT:
{"current_message": "Bên mình có nhận chụp ngày cưới vào thứ 2 không?", "history_last_5": ["Cho em hỏi mình có nhận lịch gấp trong tuần này không?", "Anh/chị cho em hỏi nếu cưới cuối tháng 11 thì có ưu đãi gì không?", "Anh/chị cho em hỏi nếu cưới cuối tháng 11 thì có ưu đãi gì không?", "Em muốn chốt lịch cưới ngày 05/06, bên mình hỗ trợ không?", "Em muốn chốt lịch cưới ngày 05/06, bên mình hỗ trợ không?"], "asked_slots": ["wedding_date"], "missing_slots": ["wedding_day_services_needed", "wedding_day_schedule", "desired_products_details"]}
OUTPUT:
{"intent":"ask_service_info","confidence":0.95}

=== CASE 390 | detect_branch ===
INPUT:
{"intent": "ask_service_info", "branch_hint": null, "text": "Bên mình có nhận chụp ngày cưới vào thứ 2 không?", "branch_options": [{"name": "greeting_initial_qualification", "label": "Xác định đã có ngày cưới chưa và khách quan tâm chụp pre-wedding, ngày cưới, hay cả hai."}, {"name": "prewedding_consultation", "label": "Tư vấn chụp pre-wedding (studio/ngoại cảnh), concept, địa điểm, số lượng, sản phẩm mong muốn."}, {"name": "wedding_day_consultation", "label": "Tư vấn dịch vụ ngày cưới (chụp/quay/makeup/trang phục), ngày cưới, lịch trình trong ngày, nhu cầu số lượng máy/cam."}, {"name": "resort_wedding_consultation", "label": "Tư vấn tiệc cưới kiểu riêng tư/resort: ý tưởng, địa điểm tổ chức, resort cụ thể, timeline, có wedding planner hay tự làm."}]}
OUTPUT:
{"branch":"wedding_day_consultation","confidence":0.95}

=== CASE 391 | detect_slots ===
INPUT:
{"intent": "ask_service_info", "branch_name": "wedding_day_consultation", "text": "Bên mình có nhận chụp ngày cưới vào thứ 2 không?", "slot_options": [{"name": "wedding_date", "label": "Ngày cưới", "description": "Ngày cưới cụ thể của khách (nếu đã chốt)."}, {"name": "desired_products_details", "label": "Mong muốn về sản phẩm/chi tiết gói", "description": "Các yêu cầu thêm về sản phẩm: chất liệu, số lượng ảnh, v.v."}, {"name": "wedding_day_services_needed", "label": "Dịch vụ ngày cưới cần dùng", "description": "Khách cần dịch vụ nào trong ngày cưới: chụp, quay, makeup, trang phục; hoặc full combo."}, {"name": "wedding_day_schedule", "label": "Lịch trình ngày cưới", "description": "Lịch trình diễn ra trong ngày cưới (ví dụ sáng gia tiên rước dâu, chiều tiệc nhà hàng...)."}]}
OUTPUT:
[
  {
    "slot": "wedding_day_services_needed",
    "value": "chụp ngày cưới",
    "confidence": 0.95
  },
  {
    "slot": "wedding_date",
    "value": "thứ 2",
    "confidence": 0.95
  }
]

=== CASE 392 | generate_slot_question ===
INPUT:
{"intent": "ask_service_info", "branch": "wedding_day_consultation", "target_slot": "wedding_day_schedule", "slot_label": "Lịch trình ngày cưới", "slot_description": "Lịch trình diễn ra trong ngày cưới (ví dụ sáng gia tiên rước dâu, chiều tiệc nhà hàng...).", "slot_evidence": ["lịch trình sẽ là sáng gia tiên rước dâu chiều tiệc nhà hàng hay ntn ac ha"], "slot_synonyms": ["timeline trong ngày", "lịch trình", "kịch bản ngày cưới"], "slot_examples": ["sáng gia tiên rước dâu, chiều tiệc nhà hàng", "chỉ làm lễ buổi sáng, tiệc tối"], "slot_applies_to": ["wedding_day_consultation"], "slot_type": "text", "slot_required": true, "slot_priority": "high", "customer_name": "Uyên Nhi", "known_slots": {"wedding_date": "thứ 2", "wedding_day_services_needed": "chụp ngày cưới", "wedding_day_schedule": null, "desired_products_details": null}, "asked_slot_values": {"wedding_date": "thứ 2", "wedding_day_services_needed": "chụp ngày cưới"}, "latest_user_message": "Bên mình có nhận chụp ngày cưới vào thứ 2 không?", "recent_conversation_history": [{"role": "user", "content": "Em muốn chốt lịch cưới ngày 05/06, bên mình hỗ trợ không?"}, {"role": "user", "content": "Em muốn chốt lịch cưới ngày 05/06, bên mình hỗ trợ không?"}, {"role": "assistant", "content": "Dạ, Uyên Nhi ơi, ngày 05/06 bên em hỗ trợ — mình cần dịch vụ nào trong ngày cưới: chụp, quay, makeup, trang phục hay full combo ạ?"}, {"role": "user", "content": "Bên mình có nhận chụp ngày cưới vào thứ 2 không?"}, {"role": "user", "content": "Bên mình có nhận chụp ngày cưới vào thứ 2 không?"}]}
OUTPUT:
{
  "question": "Dạ, Uyên Nhi ơi, lịch trình ngày cưới cụ thể của mình sẽ như thế nào (ví dụ: sáng gia tiên rước dâu, chiều tiệc nhà hàng)?"
}

=== CASE 393 | detect_intent ===
INPUT:
{"current_message": "Cho em hỏi mình có nhận lịch gấp trong tuần này không?", "history_last_5": ["Cho em hỏi mình có nhận lịch gấp trong tuần này không?", "Tụi em dự kiến cưới đầu tháng 4, bên mình sắp xếp được không?", "Ngày cưới của tụi em dự kiến tháng 5, bên mình còn lịch không ạ?", "Ngày cưới của tụi em dự kiến tháng 5, bên mình còn lịch không ạ?", "Cho em hỏi mình có nhận lịch gấp trong tuần này không?"], "asked_slots": [], "missing_slots": ["wedding_date", "service_interest"]}
OUTPUT:
{"intent":"ask_service_info","confidence":0.95}

=== CASE 394 | detect_branch ===
INPUT:
{"intent": "ask_service_info", "branch_hint": null, "text": "Cho em hỏi mình có nhận lịch gấp trong tuần này không?", "branch_options": [{"name": "greeting_initial_qualification", "label": "Xác định đã có ngày cưới chưa và khách quan tâm chụp pre-wedding, ngày cưới, hay cả hai."}, {"name": "prewedding_consultation", "label": "Tư vấn chụp pre-wedding (studio/ngoại cảnh), concept, địa điểm, số lượng, sản phẩm mong muốn."}, {"name": "wedding_day_consultation", "label": "Tư vấn dịch vụ ngày cưới (chụp/quay/makeup/trang phục), ngày cưới, lịch trình trong ngày, nhu cầu số lượng máy/cam."}, {"name": "resort_wedding_consultation", "label": "Tư vấn tiệc cưới kiểu riêng tư/resort: ý tưởng, địa điểm tổ chức, resort cụ thể, timeline, có wedding planner hay tự làm."}]}
OUTPUT:
{"branch":"greeting_initial_qualification","confidence":0.85}

=== CASE 395 | detect_slots ===
INPUT:
{"intent": "ask_service_info", "branch_name": "greeting_initial_qualification", "text": "Cho em hỏi mình có nhận lịch gấp trong tuần này không?", "slot_options": [{"name": "wedding_date", "label": "Ngày cưới", "description": "Ngày cưới cụ thể của khách (nếu đã chốt)."}, {"name": "service_interest", "label": "Nhu cầu dịch vụ", "description": "Khách quan tâm chụp pre-wedding, chụp/quay ngày cưới, hoặc cả hai."}]}
OUTPUT:
[
  {
    "slot": "wedding_date",
    "value": "tuần này",
    "confidence": 0.75
  }
]

=== CASE 396 | generate_slot_question ===
INPUT:
{"intent": "ask_service_info", "branch": "greeting_initial_qualification", "target_slot": "service_interest", "slot_label": "Nhu cầu dịch vụ", "slot_description": "Khách quan tâm chụp pre-wedding, chụp/quay ngày cưới, hoặc cả hai.", "slot_evidence": ["mình đang quan tâm tới chụp pre-wedding / ngày cưới hay cả 2 luôn ạ ?"], "slot_synonyms": ["quan tâm", "cần chụp pre", "cần ngày cưới", "cả hai"], "slot_examples": ["pre-wedding", "ngày cưới", "cả 2"], "slot_applies_to": ["greeting_initial_qualification"], "slot_type": "single_select", "slot_required": true, "slot_priority": "high", "customer_name": "Như Ý", "known_slots": {"wedding_date": "tuần này", "service_interest": null}, "asked_slot_values": {"wedding_date": "tuần này"}, "latest_user_message": "Cho em hỏi mình có nhận lịch gấp trong tuần này không?", "recent_conversation_history": [{"role": "user", "content": "Ngày cưới của tụi em dự kiến tháng 5, bên mình còn lịch không ạ?"}, {"role": "assistant", "content": "Dạ chị Như Ý, trong ngày cưới chị cần dịch vụ nào ạ? (chụp / quay / makeup / trang phục / full combo; chị có thể chọn nhiều)"}, {"role": "user", "content": "Cho em hỏi mình có nhận lịch gấp trong tuần này không?"}, {"role": "assistant", "content": "Dạ chị Như Ý, ngày cưới cụ thể của chị là ngày nào ạ?"}, {"role": "user", "content": "Cho em hỏi mình có nhận lịch gấp trong tuần này không?"}]}
OUTPUT:
{"question":"Dạ chị Như Ý, chị cần dịch vụ nào ạ: chụp pre-wedding, chụp/quay ngày cưới hay cả 2?"}

=== CASE 397 | detect_intent ===
INPUT:
{"current_message": "Nếu em cưới giữa tháng 8 thì phí dịch vụ thế nào?", "history_last_5": ["Tụi em dự kiến cưới đầu tháng 4, bên mình sắp xếp được không?", "Ngày cưới của tụi em dự kiến tháng 5, bên mình còn lịch không ạ?", "Ngày cưới của tụi em dự kiến tháng 5, bên mình còn lịch không ạ?", "Cho em hỏi mình có nhận lịch gấp trong tuần này không?", "Cho em hỏi mình có nhận lịch gấp trong tuần này không?"], "asked_slots": ["wedding_date"], "missing_slots": ["service_interest"]}
OUTPUT:
{"intent":"price_request","confidence":0.95}

=== CASE 398 | detect_branch ===
INPUT:
{"intent": "price_request", "branch_hint": null, "text": "Nếu em cưới giữa tháng 8 thì phí dịch vụ thế nào?", "branch_options": [{"name": "greeting_initial_qualification", "label": "Xác định đã có ngày cưới chưa và khách quan tâm chụp pre-wedding, ngày cưới, hay cả hai."}, {"name": "prewedding_consultation", "label": "Tư vấn chụp pre-wedding (studio/ngoại cảnh), concept, địa điểm, số lượng, sản phẩm mong muốn."}, {"name": "wedding_day_consultation", "label": "Tư vấn dịch vụ ngày cưới (chụp/quay/makeup/trang phục), ngày cưới, lịch trình trong ngày, nhu cầu số lượng máy/cam."}, {"name": "resort_wedding_consultation", "label": "Tư vấn tiệc cưới kiểu riêng tư/resort: ý tưởng, địa điểm tổ chức, resort cụ thể, timeline, có wedding planner hay tự làm."}]}
OUTPUT:
{"branch":"wedding_day_consultation","confidence":0.95}

=== CASE 399 | detect_slots ===
INPUT:
{"intent": "price_request", "branch_name": "wedding_day_consultation", "text": "Nếu em cưới giữa tháng 8 thì phí dịch vụ thế nào?", "slot_options": [{"name": "wedding_date", "label": "Ngày cưới", "description": "Ngày cưới cụ thể của khách (nếu đã chốt)."}, {"name": "desired_products_details", "label": "Mong muốn về sản phẩm/chi tiết gói", "description": "Các yêu cầu thêm về sản phẩm: chất liệu, số lượng ảnh, v.v."}, {"name": "wedding_day_services_needed", "label": "Dịch vụ ngày cưới cần dùng", "description": "Khách cần dịch vụ nào trong ngày cưới: chụp, quay, makeup, trang phục; hoặc full combo."}, {"name": "wedding_day_schedule", "label": "Lịch trình ngày cưới", "description": "Lịch trình diễn ra trong ngày cưới (ví dụ sáng gia tiên rước dâu, chiều tiệc nhà hàng...)."}]}
OUTPUT:
[
  {
    "slot": "wedding_date",
    "value": "giữa tháng 8",
    "confidence": 0.9
  }
]

=== CASE 400 | generate_slot_question ===
INPUT:
{"intent": "price_request", "branch": "wedding_day_consultation", "target_slot": "wedding_day_services_needed", "slot_label": "Dịch vụ ngày cưới cần dùng", "slot_description": "Khách cần dịch vụ nào trong ngày cưới: chụp, quay, makeup, trang phục; hoặc full combo.", "slot_evidence": ["Trong ngày cưới bên em có những dịch vụ như chụp, quay, makeup và trang phục (váy, vest, áo dài CDCR). Ac đang cần 1 trong những dv trên hay sẽ cần full combo luôn ạ"], "slot_synonyms": ["cần dịch vụ gì", "chỉ cần chụp/quay", "full combo"], "slot_examples": ["chụp", "quay", "makeup", "trang phục", "full combo"], "slot_applies_to": ["wedding_day_consultation"], "slot_type": "multi_select", "slot_required": true, "slot_priority": "high", "customer_name": "Như Ý", "known_slots": {"wedding_date": "giữa tháng 8", "wedding_day_services_needed": null, "wedding_day_schedule": null, "desired_products_details": null}, "asked_slot_values": {"wedding_date": "giữa tháng 8"}, "latest_user_message": "Nếu em cưới giữa tháng 8 thì phí dịch vụ thế nào?", "recent_conversation_history": [{"role": "assistant", "content": "Dạ chị Như Ý, trong ngày cưới chị cần dịch vụ nào ạ? (chụp / quay / makeup / trang phục / full combo; chị có thể chọn nhiều)"}, {"role": "user", "content": "Cho em hỏi mình có nhận lịch gấp trong tuần này không?"}, {"role": "assistant", "content": "Dạ chị Như Ý, ngày cưới cụ thể của chị là ngày nào ạ?"}, {"role": "user", "content": "Cho em hỏi mình có nhận lịch gấp trong tuần này không?"}, {"role": "user", "content": "Nếu em cưới giữa tháng 8 thì phí dịch vụ thế nào?"}]}
OUTPUT:
{
  "question": "Dạ chị Như Ý, chị cần những dịch vụ nào trong ngày cưới: chụp / quay / makeup / trang phục hay full combo (chị có thể chọn nhiều)?"
}

=== CASE 401 | detect_intent ===
INPUT:
{"current_message": "Tụi em dự kiến cưới đầu tháng 4, bên mình sắp xếp được không?", "history_last_5": ["Anh/chị cho em hỏi lịch ngày 15/8 còn trống không ạ?", "Em muốn chốt lịch cưới ngày 05/06, bên mình hỗ trợ không?", "Em muốn chốt lịch cưới ngày 05/06, bên mình hỗ trợ không?", "Anh/chị cho em hỏi nếu cưới cuối tháng 11 thì có ưu đãi gì không?", "Anh/chị cho em hỏi nếu cưới cuối tháng 11 thì có ưu đãi gì không?"], "asked_slots": ["wedding_date"], "missing_slots": ["wedding_day_services_needed", "wedding_day_schedule", "desired_products_details"]}
OUTPUT:
{"intent":"ask_service_info","confidence":0.95}

=== CASE 402 | detect_branch ===
INPUT:
{"intent": "ask_service_info", "branch_hint": null, "text": "Tụi em dự kiến cưới đầu tháng 4, bên mình sắp xếp được không?", "branch_options": [{"name": "greeting_initial_qualification", "label": "Xác định đã có ngày cưới chưa và khách quan tâm chụp pre-wedding, ngày cưới, hay cả hai."}, {"name": "prewedding_consultation", "label": "Tư vấn chụp pre-wedding (studio/ngoại cảnh), concept, địa điểm, số lượng, sản phẩm mong muốn."}, {"name": "wedding_day_consultation", "label": "Tư vấn dịch vụ ngày cưới (chụp/quay/makeup/trang phục), ngày cưới, lịch trình trong ngày, nhu cầu số lượng máy/cam."}, {"name": "resort_wedding_consultation", "label": "Tư vấn tiệc cưới kiểu riêng tư/resort: ý tưởng, địa điểm tổ chức, resort cụ thể, timeline, có wedding planner hay tự làm."}]}
OUTPUT:
{"branch":"wedding_day_consultation","confidence":0.95}

=== CASE 403 | detect_slots ===
INPUT:
{"intent": "ask_service_info", "branch_name": "wedding_day_consultation", "text": "Tụi em dự kiến cưới đầu tháng 4, bên mình sắp xếp được không?", "slot_options": [{"name": "wedding_date", "label": "Ngày cưới", "description": "Ngày cưới cụ thể của khách (nếu đã chốt)."}, {"name": "desired_products_details", "label": "Mong muốn về sản phẩm/chi tiết gói", "description": "Các yêu cầu thêm về sản phẩm: chất liệu, số lượng ảnh, v.v."}, {"name": "wedding_day_services_needed", "label": "Dịch vụ ngày cưới cần dùng", "description": "Khách cần dịch vụ nào trong ngày cưới: chụp, quay, makeup, trang phục; hoặc full combo."}, {"name": "wedding_day_schedule", "label": "Lịch trình ngày cưới", "description": "Lịch trình diễn ra trong ngày cưới (ví dụ sáng gia tiên rước dâu, chiều tiệc nhà hàng...)."}]}
OUTPUT:
[
  {
    "slot": "wedding_date",
    "value": "đầu tháng 4",
    "confidence": 0.8
  }
]

=== CASE 404 | generate_slot_question ===
INPUT:
{"intent": "ask_service_info", "branch": "wedding_day_consultation", "target_slot": "wedding_day_services_needed", "slot_label": "Dịch vụ ngày cưới cần dùng", "slot_description": "Khách cần dịch vụ nào trong ngày cưới: chụp, quay, makeup, trang phục; hoặc full combo.", "slot_evidence": ["Trong ngày cưới bên em có những dịch vụ như chụp, quay, makeup và trang phục (váy, vest, áo dài CDCR). Ac đang cần 1 trong những dv trên hay sẽ cần full combo luôn ạ"], "slot_synonyms": ["cần dịch vụ gì", "chỉ cần chụp/quay", "full combo"], "slot_examples": ["chụp", "quay", "makeup", "trang phục", "full combo"], "slot_applies_to": ["wedding_day_consultation"], "slot_type": "multi_select", "slot_required": true, "slot_priority": "high", "customer_name": "Kim Anh", "known_slots": {"wedding_date": "đầu tháng 4", "wedding_day_services_needed": null, "wedding_day_schedule": null, "desired_products_details": null}, "asked_slot_values": {"wedding_date": "đầu tháng 4"}, "latest_user_message": "Tụi em dự kiến cưới đầu tháng 4, bên mình sắp xếp được không?", "recent_conversation_history": [{"role": "user", "content": "Anh/chị cho em hỏi nếu cưới cuối tháng 11 thì có ưu đãi gì không?"}, {"role": "user", "content": "Anh/chị cho em hỏi nếu cưới cuối tháng 11 thì có ưu đãi gì không?"}, {"role": "assistant", "content": "Dạ chị Kim Anh, chị dự định dùng dịch vụ nào trong ngày cưới: chụp, quay, makeup, trang phục hay full combo ạ?"}, {"role": "user", "content": "Tụi em dự kiến cưới đầu tháng 4, bên mình sắp xếp được không?"}, {"role": "user", "content": "Tụi em dự kiến cưới đầu tháng 4, bên mình sắp xếp được không?"}]}
OUTPUT:
{"question":"Dạ chị Kim Anh, chị dự định cần dịch vụ nào trong ngày cưới: chụp, quay, makeup, trang phục hay full combo ạ?"}

=== CASE 405 | detect_intent ===
INPUT:
{"current_message": "Nếu em cưới vào ngày 30/9 thì cần đặt cọc bao nhiêu?", "history_last_5": ["Em dự kiến cưới tháng 1, cần chuẩn bị gì trước?", "Cho em hỏi mình có nhận lịch gấp trong tuần này không?", "Cho em hỏi mình có nhận lịch gấp trong tuần này không?"], "asked_slots": ["wedding_date"], "missing_slots": ["wedding_day_services_needed", "wedding_day_schedule", "desired_products_details"]}
OUTPUT:
{"intent":"price_request","confidence":0.95}

=== CASE 406 | detect_branch ===
INPUT:
{"intent": "price_request", "branch_hint": null, "text": "Nếu em cưới vào ngày 30/9 thì cần đặt cọc bao nhiêu?", "branch_options": [{"name": "greeting_initial_qualification", "label": "Xác định đã có ngày cưới chưa và khách quan tâm chụp pre-wedding, ngày cưới, hay cả hai."}, {"name": "prewedding_consultation", "label": "Tư vấn chụp pre-wedding (studio/ngoại cảnh), concept, địa điểm, số lượng, sản phẩm mong muốn."}, {"name": "wedding_day_consultation", "label": "Tư vấn dịch vụ ngày cưới (chụp/quay/makeup/trang phục), ngày cưới, lịch trình trong ngày, nhu cầu số lượng máy/cam."}, {"name": "resort_wedding_consultation", "label": "Tư vấn tiệc cưới kiểu riêng tư/resort: ý tưởng, địa điểm tổ chức, resort cụ thể, timeline, có wedding planner hay tự làm."}]}
OUTPUT:
{"branch":"wedding_day_consultation","confidence":0.95}

=== CASE 407 | detect_slots ===
INPUT:
{"intent": "price_request", "branch_name": "wedding_day_consultation", "text": "Nếu em cưới vào ngày 30/9 thì cần đặt cọc bao nhiêu?", "slot_options": [{"name": "wedding_date", "label": "Ngày cưới", "description": "Ngày cưới cụ thể của khách (nếu đã chốt)."}, {"name": "desired_products_details", "label": "Mong muốn về sản phẩm/chi tiết gói", "description": "Các yêu cầu thêm về sản phẩm: chất liệu, số lượng ảnh, v.v."}, {"name": "wedding_day_services_needed", "label": "Dịch vụ ngày cưới cần dùng", "description": "Khách cần dịch vụ nào trong ngày cưới: chụp, quay, makeup, trang phục; hoặc full combo."}, {"name": "wedding_day_schedule", "label": "Lịch trình ngày cưới", "description": "Lịch trình diễn ra trong ngày cưới (ví dụ sáng gia tiên rước dâu, chiều tiệc nhà hàng...)."}]}
OUTPUT:
[
  {
    "slot": "wedding_date",
    "value": "30/9",
    "confidence": 0.95
  }
]

=== CASE 408 | generate_slot_question ===
INPUT:
{"intent": "price_request", "branch": "wedding_day_consultation", "target_slot": "wedding_day_services_needed", "slot_label": "Dịch vụ ngày cưới cần dùng", "slot_description": "Khách cần dịch vụ nào trong ngày cưới: chụp, quay, makeup, trang phục; hoặc full combo.", "slot_evidence": ["Trong ngày cưới bên em có những dịch vụ như chụp, quay, makeup và trang phục (váy, vest, áo dài CDCR). Ac đang cần 1 trong những dv trên hay sẽ cần full combo luôn ạ"], "slot_synonyms": ["cần dịch vụ gì", "chỉ cần chụp/quay", "full combo"], "slot_examples": ["chụp", "quay", "makeup", "trang phục", "full combo"], "slot_applies_to": ["wedding_day_consultation"], "slot_type": "multi_select", "slot_required": true, "slot_priority": "high", "customer_name": "Diễm My", "known_slots": {"wedding_date": "30/9", "wedding_day_services_needed": null, "wedding_day_schedule": null, "desired_products_details": null}, "asked_slot_values": {"wedding_date": "30/9"}, "latest_user_message": "Nếu em cưới vào ngày 30/9 thì cần đặt cọc bao nhiêu?", "recent_conversation_history": [{"role": "assistant", "content": "Dạ chị Diễm My ngày cưới cụ thể là ngày nào ạ?"}, {"role": "user", "content": "Cho em hỏi mình có nhận lịch gấp trong tuần này không?"}, {"role": "assistant", "content": "Dạ chị Diễm My, chị cần dịch vụ nào trong ngày cưới: chụp, quay, makeup, trang phục hay full combo ạ?"}, {"role": "user", "content": "Nếu em cưới vào ngày 30/9 thì cần đặt cọc bao nhiêu?"}, {"role": "user", "content": "Nếu em cưới vào ngày 30/9 thì cần đặt cọc bao nhiêu?"}]}
OUTPUT:
{
  "question": "Dạ chị Diễm My, chị cần dùng dịch vụ nào trong ngày cưới: chụp, quay, makeup, trang phục hay full combo ạ?"
}

=== CASE 409 | detect_intent ===
INPUT:
{"current_message": "Cho em hỏi lịch cưới tháng 9 bên mình có kín không?", "history_last_5": ["Bên mình có nhận lịch cưới vào dịp Tết không ạ?", "Em muốn chốt lịch cưới ngày 05/06, bên mình hỗ trợ không?", "Em muốn chốt lịch cưới ngày 05/06, bên mình hỗ trợ không?"], "asked_slots": ["wedding_date"], "missing_slots": ["wedding_day_services_needed", "wedding_day_schedule", "desired_products_details"]}
OUTPUT:
{"intent":"ask_service_info","confidence":0.95}

=== CASE 410 | detect_branch ===
INPUT:
{"intent": "ask_service_info", "branch_hint": null, "text": "Cho em hỏi lịch cưới tháng 9 bên mình có kín không?", "branch_options": [{"name": "greeting_initial_qualification", "label": "Xác định đã có ngày cưới chưa và khách quan tâm chụp pre-wedding, ngày cưới, hay cả hai."}, {"name": "prewedding_consultation", "label": "Tư vấn chụp pre-wedding (studio/ngoại cảnh), concept, địa điểm, số lượng, sản phẩm mong muốn."}, {"name": "wedding_day_consultation", "label": "Tư vấn dịch vụ ngày cưới (chụp/quay/makeup/trang phục), ngày cưới, lịch trình trong ngày, nhu cầu số lượng máy/cam."}, {"name": "resort_wedding_consultation", "label": "Tư vấn tiệc cưới kiểu riêng tư/resort: ý tưởng, địa điểm tổ chức, resort cụ thể, timeline, có wedding planner hay tự làm."}]}
OUTPUT:
{"branch":"wedding_day_consultation","confidence":0.95}

=== CASE 411 | detect_slots ===
INPUT:
{"intent": "ask_service_info", "branch_name": "wedding_day_consultation", "text": "Cho em hỏi lịch cưới tháng 9 bên mình có kín không?", "slot_options": [{"name": "wedding_date", "label": "Ngày cưới", "description": "Ngày cưới cụ thể của khách (nếu đã chốt)."}, {"name": "desired_products_details", "label": "Mong muốn về sản phẩm/chi tiết gói", "description": "Các yêu cầu thêm về sản phẩm: chất liệu, số lượng ảnh, v.v."}, {"name": "wedding_day_services_needed", "label": "Dịch vụ ngày cưới cần dùng", "description": "Khách cần dịch vụ nào trong ngày cưới: chụp, quay, makeup, trang phục; hoặc full combo."}, {"name": "wedding_day_schedule", "label": "Lịch trình ngày cưới", "description": "Lịch trình diễn ra trong ngày cưới (ví dụ sáng gia tiên rước dâu, chiều tiệc nhà hàng...)."}]}
OUTPUT:
[
  {
    "slot": "wedding_date",
    "value": "tháng 9",
    "confidence": 0.9
  }
]

=== CASE 412 | generate_slot_question ===
INPUT:
{"intent": "ask_service_info", "branch": "wedding_day_consultation", "target_slot": "wedding_day_services_needed", "slot_label": "Dịch vụ ngày cưới cần dùng", "slot_description": "Khách cần dịch vụ nào trong ngày cưới: chụp, quay, makeup, trang phục; hoặc full combo.", "slot_evidence": ["Trong ngày cưới bên em có những dịch vụ như chụp, quay, makeup và trang phục (váy, vest, áo dài CDCR). Ac đang cần 1 trong những dv trên hay sẽ cần full combo luôn ạ"], "slot_synonyms": ["cần dịch vụ gì", "chỉ cần chụp/quay", "full combo"], "slot_examples": ["chụp", "quay", "makeup", "trang phục", "full combo"], "slot_applies_to": ["wedding_day_consultation"], "slot_type": "multi_select", "slot_required": true, "slot_priority": "high", "customer_name": "Yến Nhi", "known_slots": {"wedding_date": "tháng 9", "wedding_day_services_needed": null, "wedding_day_schedule": null, "desired_products_details": null}, "asked_slot_values": {"wedding_date": "tháng 9"}, "latest_user_message": "Cho em hỏi lịch cưới tháng 9 bên mình có kín không?", "recent_conversation_history": [{"role": "user", "content": "Em muốn chốt lịch cưới ngày 05/06, bên mình hỗ trợ không?"}, {"role": "user", "content": "Em muốn chốt lịch cưới ngày 05/06, bên mình hỗ trợ không?"}, {"role": "assistant", "content": "Dạ chị Yến Nhi, ngày 05/06 chị cần dịch vụ nào trong ngày cưới: chụp, quay, makeup, trang phục hay full combo ạ?"}, {"role": "user", "content": "Cho em hỏi lịch cưới tháng 9 bên mình có kín không?"}, {"role": "user", "content": "Cho em hỏi lịch cưới tháng 9 bên mình có kín không?"}]}
OUTPUT:
{
  "question": "Dạ chị Yến Nhi, ngày cưới tháng 9 chị cần dịch vụ nào trong ngày: chụp, quay, makeup, trang phục hay full combo ạ?"
}

=== CASE 413 | detect_intent ===
INPUT:
{"current_message": "Bên mình có dịch vụ cưới vào buổi tối không?", "history_last_5": [], "asked_slots": [], "missing_slots": []}
OUTPUT:
{"intent":"ask_service_info","confidence":0.95}

=== CASE 414 | detect_branch ===
INPUT:
{"intent": "ask_service_info", "branch_hint": null, "text": "Bên mình có dịch vụ cưới vào buổi tối không?", "branch_options": [{"name": "greeting_initial_qualification", "label": "Xác định đã có ngày cưới chưa và khách quan tâm chụp pre-wedding, ngày cưới, hay cả hai."}, {"name": "prewedding_consultation", "label": "Tư vấn chụp pre-wedding (studio/ngoại cảnh), concept, địa điểm, số lượng, sản phẩm mong muốn."}, {"name": "wedding_day_consultation", "label": "Tư vấn dịch vụ ngày cưới (chụp/quay/makeup/trang phục), ngày cưới, lịch trình trong ngày, nhu cầu số lượng máy/cam."}, {"name": "resort_wedding_consultation", "label": "Tư vấn tiệc cưới kiểu riêng tư/resort: ý tưởng, địa điểm tổ chức, resort cụ thể, timeline, có wedding planner hay tự làm."}]}
OUTPUT:
{"branch":"wedding_day_consultation","confidence":0.95}

=== CASE 415 | detect_slots ===
INPUT:
{"intent": "ask_service_info", "branch_name": "wedding_day_consultation", "text": "Bên mình có dịch vụ cưới vào buổi tối không?", "slot_options": [{"name": "wedding_date", "label": "Ngày cưới", "description": "Ngày cưới cụ thể của khách (nếu đã chốt)."}, {"name": "desired_products_details", "label": "Mong muốn về sản phẩm/chi tiết gói", "description": "Các yêu cầu thêm về sản phẩm: chất liệu, số lượng ảnh, v.v."}, {"name": "wedding_day_services_needed", "label": "Dịch vụ ngày cưới cần dùng", "description": "Khách cần dịch vụ nào trong ngày cưới: chụp, quay, makeup, trang phục; hoặc full combo."}, {"name": "wedding_day_schedule", "label": "Lịch trình ngày cưới", "description": "Lịch trình diễn ra trong ngày cưới (ví dụ sáng gia tiên rước dâu, chiều tiệc nhà hàng...)."}]}
OUTPUT:
[
  {
    "slot": "wedding_day_schedule",
    "value": "buổi tối",
    "confidence": 0.9
  }
]

=== CASE 416 | generate_slot_question ===
INPUT:
{"intent": "ask_service_info", "branch": "wedding_day_consultation", "target_slot": "wedding_date", "slot_label": "Ngày cưới", "slot_description": "Ngày cưới cụ thể của khách (nếu đã chốt).", "slot_evidence": ["Cho em hỏi anh/chị đã có ngày cưới cụ thể chưa", "Ngày cưới của mình là ngày bao nhiêu"], "slot_synonyms": ["ngày cưới", "ngày bao nhiêu", "ngày tổ chức", "đã có ngày cưới cụ thể chưa"], "slot_examples": ["15/10/2026", "ngày 20 tháng 3"], "slot_applies_to": ["greeting_initial_qualification", "wedding_day_consultation", "resort_wedding_consultation"], "slot_type": "date", "slot_required": true, "slot_priority": "high", "customer_name": "Ngọc Hà", "known_slots": {"wedding_date": null, "wedding_day_services_needed": null, "wedding_day_schedule": "buổi tối", "desired_products_details": null}, "asked_slot_values": {"wedding_day_schedule": "buổi tối"}, "latest_user_message": "Bên mình có dịch vụ cưới vào buổi tối không?", "recent_conversation_history": [{"role": "user", "content": "Bên mình có dịch vụ cưới vào buổi tối không?"}]}
OUTPUT:
{"question":"Dạ, chị Ngọc Hà đã chốt ngày cưới cụ thể là ngày nào ạ?"}

=== CASE 417 | detect_intent ===
INPUT:
{"current_message": "Em muốn hỏi ngày cưới nào còn lịch trong tháng 7?", "history_last_5": ["Bên mình có dịch vụ cưới vào buổi tối không?"], "asked_slots": ["wedding_day_schedule"], "missing_slots": ["wedding_date", "wedding_day_services_needed", "desired_products_details"]}
OUTPUT:
{"intent":"ask_service_info","confidence":0.95}

=== CASE 418 | detect_branch ===
INPUT:
{"intent": "ask_service_info", "branch_hint": null, "text": "Em muốn hỏi ngày cưới nào còn lịch trong tháng 7?", "branch_options": [{"name": "greeting_initial_qualification", "label": "Xác định đã có ngày cưới chưa và khách quan tâm chụp pre-wedding, ngày cưới, hay cả hai."}, {"name": "prewedding_consultation", "label": "Tư vấn chụp pre-wedding (studio/ngoại cảnh), concept, địa điểm, số lượng, sản phẩm mong muốn."}, {"name": "wedding_day_consultation", "label": "Tư vấn dịch vụ ngày cưới (chụp/quay/makeup/trang phục), ngày cưới, lịch trình trong ngày, nhu cầu số lượng máy/cam."}, {"name": "resort_wedding_consultation", "label": "Tư vấn tiệc cưới kiểu riêng tư/resort: ý tưởng, địa điểm tổ chức, resort cụ thể, timeline, có wedding planner hay tự làm."}]}
OUTPUT:
{"branch":"wedding_day_consultation","confidence":0.95}

=== CASE 419 | detect_slots ===
INPUT:
{"intent": "ask_service_info", "branch_name": "wedding_day_consultation", "text": "Em muốn hỏi ngày cưới nào còn lịch trong tháng 7?", "slot_options": [{"name": "wedding_date", "label": "Ngày cưới", "description": "Ngày cưới cụ thể của khách (nếu đã chốt)."}, {"name": "desired_products_details", "label": "Mong muốn về sản phẩm/chi tiết gói", "description": "Các yêu cầu thêm về sản phẩm: chất liệu, số lượng ảnh, v.v."}, {"name": "wedding_day_services_needed", "label": "Dịch vụ ngày cưới cần dùng", "description": "Khách cần dịch vụ nào trong ngày cưới: chụp, quay, makeup, trang phục; hoặc full combo."}, {"name": "wedding_day_schedule", "label": "Lịch trình ngày cưới", "description": "Lịch trình diễn ra trong ngày cưới (ví dụ sáng gia tiên rước dâu, chiều tiệc nhà hàng...)."}]}
OUTPUT:
[
  {
    "slot": "wedding_date",
    "value": "tháng 7",
    "confidence": 0.95
  }
]

=== CASE 420 | generate_slot_question ===
INPUT:
{"intent": "ask_service_info", "branch": "wedding_day_consultation", "target_slot": "wedding_day_services_needed", "slot_label": "Dịch vụ ngày cưới cần dùng", "slot_description": "Khách cần dịch vụ nào trong ngày cưới: chụp, quay, makeup, trang phục; hoặc full combo.", "slot_evidence": ["Trong ngày cưới bên em có những dịch vụ như chụp, quay, makeup và trang phục (váy, vest, áo dài CDCR). Ac đang cần 1 trong những dv trên hay sẽ cần full combo luôn ạ"], "slot_synonyms": ["cần dịch vụ gì", "chỉ cần chụp/quay", "full combo"], "slot_examples": ["chụp", "quay", "makeup", "trang phục", "full combo"], "slot_applies_to": ["wedding_day_consultation"], "slot_type": "multi_select", "slot_required": true, "slot_priority": "high", "customer_name": "Ngọc Hà", "known_slots": {"wedding_date": "tháng 7", "wedding_day_services_needed": null, "wedding_day_schedule": "buổi tối", "desired_products_details": null}, "asked_slot_values": {"wedding_date": "tháng 7", "wedding_day_schedule": "buổi tối"}, "latest_user_message": "Em muốn hỏi ngày cưới nào còn lịch trong tháng 7?", "recent_conversation_history": [{"role": "user", "content": "Bên mình có dịch vụ cưới vào buổi tối không?"}, {"role": "assistant", "content": "Dạ, chị Ngọc Hà đã chốt ngày cưới cụ thể là ngày nào ạ?"}, {"role": "user", "content": "Em muốn hỏi ngày cưới nào còn lịch trong tháng 7?"}, {"role": "user", "content": "Em muốn hỏi ngày cưới nào còn lịch trong tháng 7?"}]}
OUTPUT:
{"question":"Dạ chị Ngọc Hà ngày cưới cần những dịch vụ nào: chỉ chụp, quay, makeup, trang phục hay full combo ạ?"}

=== CASE 421 | detect_intent ===
INPUT:
{"current_message": "Cho em hỏi mình có nhận lịch gấp trong tuần này không?", "history_last_5": ["Tụi em dự kiến cưới đầu tháng 4, bên mình sắp xếp được không?", "Tụi em dự kiến cưới đầu tháng 4, bên mình sắp xếp được không?", "Em dự kiến cưới tháng 1, cần chuẩn bị gì trước?"], "asked_slots": ["wedding_date"], "missing_slots": ["service_interest"]}
OUTPUT:
{"intent":"ask_service_info","confidence":0.95}

=== CASE 422 | detect_branch ===
INPUT:
{"intent": "ask_service_info", "branch_hint": null, "text": "Cho em hỏi mình có nhận lịch gấp trong tuần này không?", "branch_options": [{"name": "greeting_initial_qualification", "label": "Xác định đã có ngày cưới chưa và khách quan tâm chụp pre-wedding, ngày cưới, hay cả hai."}, {"name": "prewedding_consultation", "label": "Tư vấn chụp pre-wedding (studio/ngoại cảnh), concept, địa điểm, số lượng, sản phẩm mong muốn."}, {"name": "wedding_day_consultation", "label": "Tư vấn dịch vụ ngày cưới (chụp/quay/makeup/trang phục), ngày cưới, lịch trình trong ngày, nhu cầu số lượng máy/cam."}, {"name": "resort_wedding_consultation", "label": "Tư vấn tiệc cưới kiểu riêng tư/resort: ý tưởng, địa điểm tổ chức, resort cụ thể, timeline, có wedding planner hay tự làm."}]}
OUTPUT:
{
  "branch": "wedding_day_consultation",
  "confidence": 0.75
}

=== CASE 423 | detect_slots ===
INPUT:
{"intent": "ask_service_info", "branch_name": "wedding_day_consultation", "text": "Cho em hỏi mình có nhận lịch gấp trong tuần này không?", "slot_options": [{"name": "wedding_date", "label": "Ngày cưới", "description": "Ngày cưới cụ thể của khách (nếu đã chốt)."}, {"name": "desired_products_details", "label": "Mong muốn về sản phẩm/chi tiết gói", "description": "Các yêu cầu thêm về sản phẩm: chất liệu, số lượng ảnh, v.v."}, {"name": "wedding_day_services_needed", "label": "Dịch vụ ngày cưới cần dùng", "description": "Khách cần dịch vụ nào trong ngày cưới: chụp, quay, makeup, trang phục; hoặc full combo."}, {"name": "wedding_day_schedule", "label": "Lịch trình ngày cưới", "description": "Lịch trình diễn ra trong ngày cưới (ví dụ sáng gia tiên rước dâu, chiều tiệc nhà hàng...)."}]}
OUTPUT:
[]

=== CASE 424 | generate_slot_question ===
INPUT:
{"intent": "ask_service_info", "branch": "wedding_day_consultation", "target_slot": "wedding_date", "slot_label": "Ngày cưới", "slot_description": "Ngày cưới cụ thể của khách (nếu đã chốt).", "slot_evidence": ["Cho em hỏi anh/chị đã có ngày cưới cụ thể chưa", "Ngày cưới của mình là ngày bao nhiêu"], "slot_synonyms": ["ngày cưới", "ngày bao nhiêu", "ngày tổ chức", "đã có ngày cưới cụ thể chưa"], "slot_examples": ["15/10/2026", "ngày 20 tháng 3"], "slot_applies_to": ["greeting_initial_qualification", "wedding_day_consultation", "resort_wedding_consultation"], "slot_type": "date", "slot_required": true, "slot_priority": "high", "customer_name": "Lan Anh", "known_slots": {"wedding_date": null, "wedding_day_services_needed": null, "wedding_day_schedule": null, "desired_products_details": null}, "asked_slot_values": {}, "latest_user_message": "Cho em hỏi mình có nhận lịch gấp trong tuần này không?", "recent_conversation_history": [{"role": "assistant", "content": "Dạ chị Lan Anh, trong ngày cưới chị cần những dịch vụ nào: chụp, quay, makeup, trang phục (váy/vest/áo dài) hay muốn full combo ạ?"}, {"role": "user", "content": "Tụi em dự kiến cưới đầu tháng 4, bên mình sắp xếp được không?"}, {"role": "user", "content": "Em dự kiến cưới tháng 1, cần chuẩn bị gì trước?"}, {"role": "assistant", "content": "Dạ chị Lan Anh, chị muốn chụp pre-wedding, chụp/quay ngày cưới hay cả hai ạ?"}, {"role": "user", "content": "Cho em hỏi mình có nhận lịch gấp trong tuần này không?"}]}
OUTPUT:
{"question":"Dạ chị Lan Anh, chị đã chốt ngày cưới cụ thể là ngày nào ạ?"}

=== CASE 425 | detect_intent ===
INPUT:
{"current_message": "Cho em hỏi mình có nhận lịch gấp trong tuần này không?", "history_last_5": ["Em dự kiến cưới tháng 1, cần chuẩn bị gì trước?", "Cho em hỏi mình có nhận lịch gấp trong tuần này không?", "Cho em hỏi mình có nhận lịch gấp trong tuần này không?", "Nếu em cưới vào ngày 30/9 thì cần đặt cọc bao nhiêu?", "Nếu em cưới vào ngày 30/9 thì cần đặt cọc bao nhiêu?"], "asked_slots": ["wedding_date"], "missing_slots": ["wedding_day_services_needed", "wedding_day_schedule", "desired_products_details"]}
OUTPUT:
{"intent":"ask_service_info","confidence":0.92}

=== CASE 426 | detect_branch ===
INPUT:
{"intent": "ask_service_info", "branch_hint": null, "text": "Cho em hỏi mình có nhận lịch gấp trong tuần này không?", "branch_options": [{"name": "greeting_initial_qualification", "label": "Xác định đã có ngày cưới chưa và khách quan tâm chụp pre-wedding, ngày cưới, hay cả hai."}, {"name": "prewedding_consultation", "label": "Tư vấn chụp pre-wedding (studio/ngoại cảnh), concept, địa điểm, số lượng, sản phẩm mong muốn."}, {"name": "wedding_day_consultation", "label": "Tư vấn dịch vụ ngày cưới (chụp/quay/makeup/trang phục), ngày cưới, lịch trình trong ngày, nhu cầu số lượng máy/cam."}, {"name": "resort_wedding_consultation", "label": "Tư vấn tiệc cưới kiểu riêng tư/resort: ý tưởng, địa điểm tổ chức, resort cụ thể, timeline, có wedding planner hay tự làm."}]}
OUTPUT:
{"branch":"wedding_day_consultation","confidence":0.7}

=== CASE 427 | detect_slots ===
INPUT:
{"intent": "ask_service_info", "branch_name": "wedding_day_consultation", "text": "Cho em hỏi mình có nhận lịch gấp trong tuần này không?", "slot_options": [{"name": "wedding_date", "label": "Ngày cưới", "description": "Ngày cưới cụ thể của khách (nếu đã chốt)."}, {"name": "desired_products_details", "label": "Mong muốn về sản phẩm/chi tiết gói", "description": "Các yêu cầu thêm về sản phẩm: chất liệu, số lượng ảnh, v.v."}, {"name": "wedding_day_services_needed", "label": "Dịch vụ ngày cưới cần dùng", "description": "Khách cần dịch vụ nào trong ngày cưới: chụp, quay, makeup, trang phục; hoặc full combo."}, {"name": "wedding_day_schedule", "label": "Lịch trình ngày cưới", "description": "Lịch trình diễn ra trong ngày cưới (ví dụ sáng gia tiên rước dâu, chiều tiệc nhà hàng...)."}]}
OUTPUT:
[]

=== CASE 428 | generate_slot_question ===
INPUT:
{"intent": "ask_service_info", "branch": "wedding_day_consultation", "target_slot": "wedding_day_services_needed", "slot_label": "Dịch vụ ngày cưới cần dùng", "slot_description": "Khách cần dịch vụ nào trong ngày cưới: chụp, quay, makeup, trang phục; hoặc full combo.", "slot_evidence": ["Trong ngày cưới bên em có những dịch vụ như chụp, quay, makeup và trang phục (váy, vest, áo dài CDCR). Ac đang cần 1 trong những dv trên hay sẽ cần full combo luôn ạ"], "slot_synonyms": ["cần dịch vụ gì", "chỉ cần chụp/quay", "full combo"], "slot_examples": ["chụp", "quay", "makeup", "trang phục", "full combo"], "slot_applies_to": ["wedding_day_consultation"], "slot_type": "multi_select", "slot_required": true, "slot_priority": "high", "customer_name": "Diễm My", "known_slots": {"wedding_date": "30/9", "wedding_day_services_needed": null, "wedding_day_schedule": null, "desired_products_details": null}, "asked_slot_values": {"wedding_date": "30/9"}, "latest_user_message": "Cho em hỏi mình có nhận lịch gấp trong tuần này không?", "recent_conversation_history": [{"role": "user", "content": "Nếu em cưới vào ngày 30/9 thì cần đặt cọc bao nhiêu?"}, {"role": "user", "content": "Nếu em cưới vào ngày 30/9 thì cần đặt cọc bao nhiêu?"}, {"role": "assistant", "content": "Dạ chị Diễm My, chị cần dùng dịch vụ nào trong ngày cưới: chụp, quay, makeup, trang phục hay full combo ạ?"}, {"role": "user", "content": "Cho em hỏi mình có nhận lịch gấp trong tuần này không?"}, {"role": "user", "content": "Cho em hỏi mình có nhận lịch gấp trong tuần này không?"}]}
OUTPUT:
{"question":"Dạ chị Diễm My, chị cần dịch vụ nào trong ngày cưới: chụp, quay, makeup, trang phục hay full combo ạ?"}

=== CASE 429 | detect_intent ===
INPUT:
{"current_message": "Em muốn hỏi ngày cưới nào còn lịch trong tháng 7?", "history_last_5": ["Nếu em cưới giữa tháng 8 thì phí dịch vụ thế nào?"], "asked_slots": ["wedding_date"], "missing_slots": ["wedding_day_services_needed", "wedding_day_schedule", "desired_products_details"]}
OUTPUT:
{"intent":"ask_service_info","confidence":0.95}

=== CASE 430 | detect_branch ===
INPUT:
{"intent": "ask_service_info", "branch_hint": null, "text": "Em muốn hỏi ngày cưới nào còn lịch trong tháng 7?", "branch_options": [{"name": "greeting_initial_qualification", "label": "Xác định đã có ngày cưới chưa và khách quan tâm chụp pre-wedding, ngày cưới, hay cả hai."}, {"name": "prewedding_consultation", "label": "Tư vấn chụp pre-wedding (studio/ngoại cảnh), concept, địa điểm, số lượng, sản phẩm mong muốn."}, {"name": "wedding_day_consultation", "label": "Tư vấn dịch vụ ngày cưới (chụp/quay/makeup/trang phục), ngày cưới, lịch trình trong ngày, nhu cầu số lượng máy/cam."}, {"name": "resort_wedding_consultation", "label": "Tư vấn tiệc cưới kiểu riêng tư/resort: ý tưởng, địa điểm tổ chức, resort cụ thể, timeline, có wedding planner hay tự làm."}]}
OUTPUT:
{"branch":"wedding_day_consultation","confidence":0.95}

=== CASE 431 | detect_slots ===
INPUT:
{"intent": "ask_service_info", "branch_name": "wedding_day_consultation", "text": "Em muốn hỏi ngày cưới nào còn lịch trong tháng 7?", "slot_options": [{"name": "wedding_date", "label": "Ngày cưới", "description": "Ngày cưới cụ thể của khách (nếu đã chốt)."}, {"name": "desired_products_details", "label": "Mong muốn về sản phẩm/chi tiết gói", "description": "Các yêu cầu thêm về sản phẩm: chất liệu, số lượng ảnh, v.v."}, {"name": "wedding_day_services_needed", "label": "Dịch vụ ngày cưới cần dùng", "description": "Khách cần dịch vụ nào trong ngày cưới: chụp, quay, makeup, trang phục; hoặc full combo."}, {"name": "wedding_day_schedule", "label": "Lịch trình ngày cưới", "description": "Lịch trình diễn ra trong ngày cưới (ví dụ sáng gia tiên rước dâu, chiều tiệc nhà hàng...)."}]}
OUTPUT:
[
  {
    "slot": "wedding_date",
    "value": "tháng 7",
    "confidence": 0.9
  }
]

=== CASE 432 | generate_slot_question ===
INPUT:
{"intent": "ask_service_info", "branch": "wedding_day_consultation", "target_slot": "wedding_day_services_needed", "slot_label": "Dịch vụ ngày cưới cần dùng", "slot_description": "Khách cần dịch vụ nào trong ngày cưới: chụp, quay, makeup, trang phục; hoặc full combo.", "slot_evidence": ["Trong ngày cưới bên em có những dịch vụ như chụp, quay, makeup và trang phục (váy, vest, áo dài CDCR). Ac đang cần 1 trong những dv trên hay sẽ cần full combo luôn ạ"], "slot_synonyms": ["cần dịch vụ gì", "chỉ cần chụp/quay", "full combo"], "slot_examples": ["chụp", "quay", "makeup", "trang phục", "full combo"], "slot_applies_to": ["wedding_day_consultation"], "slot_type": "multi_select", "slot_required": true, "slot_priority": "high", "customer_name": "Quỳnh Anh", "known_slots": {"wedding_date": "tháng 7", "wedding_day_services_needed": null, "wedding_day_schedule": null, "desired_products_details": null}, "asked_slot_values": {"wedding_date": "tháng 7"}, "latest_user_message": "Em muốn hỏi ngày cưới nào còn lịch trong tháng 7?", "recent_conversation_history": [{"role": "user", "content": "Nếu em cưới giữa tháng 8 thì phí dịch vụ thế nào?"}, {"role": "assistant", "content": "Dạ chị Quỳnh Anh cho em biết trong ngày cưới chị sẽ cần dịch vụ nào: chụp, quay, makeup, trang phục (váy/vest/áo dài) hay full combo ạ?"}, {"role": "user", "content": "Em muốn hỏi ngày cưới nào còn lịch trong tháng 7?"}, {"role": "user", "content": "Em muốn hỏi ngày cưới nào còn lịch trong tháng 7?"}]}
OUTPUT:
{"question":"Dạ chị Quỳnh Anh, trong ngày cưới chị cần dịch vụ nào: chụp, quay, makeup, trang phục (váy/vest/áo dài) hay full combo ạ?"}

=== CASE 433 | detect_intent ===
INPUT:
{"current_message": "Cho em hỏi lịch cưới tháng 9 bên mình có kín không?", "history_last_5": ["Tụi em dự kiến cưới đầu tháng 4, bên mình sắp xếp được không?"], "asked_slots": ["wedding_date"], "missing_slots": ["wedding_day_services_needed", "wedding_day_schedule", "desired_products_details"]}
OUTPUT:
{"intent":"ask_service_info","confidence":0.95}

=== CASE 434 | detect_branch ===
INPUT:
{"intent": "ask_service_info", "branch_hint": null, "text": "Cho em hỏi lịch cưới tháng 9 bên mình có kín không?", "branch_options": [{"name": "greeting_initial_qualification", "label": "Xác định đã có ngày cưới chưa và khách quan tâm chụp pre-wedding, ngày cưới, hay cả hai."}, {"name": "prewedding_consultation", "label": "Tư vấn chụp pre-wedding (studio/ngoại cảnh), concept, địa điểm, số lượng, sản phẩm mong muốn."}, {"name": "wedding_day_consultation", "label": "Tư vấn dịch vụ ngày cưới (chụp/quay/makeup/trang phục), ngày cưới, lịch trình trong ngày, nhu cầu số lượng máy/cam."}, {"name": "resort_wedding_consultation", "label": "Tư vấn tiệc cưới kiểu riêng tư/resort: ý tưởng, địa điểm tổ chức, resort cụ thể, timeline, có wedding planner hay tự làm."}]}
OUTPUT:
{"branch":"wedding_day_consultation","confidence":0.92}

=== CASE 435 | detect_slots ===
INPUT:
{"intent": "ask_service_info", "branch_name": "wedding_day_consultation", "text": "Cho em hỏi lịch cưới tháng 9 bên mình có kín không?", "slot_options": [{"name": "wedding_date", "label": "Ngày cưới", "description": "Ngày cưới cụ thể của khách (nếu đã chốt)."}, {"name": "desired_products_details", "label": "Mong muốn về sản phẩm/chi tiết gói", "description": "Các yêu cầu thêm về sản phẩm: chất liệu, số lượng ảnh, v.v."}, {"name": "wedding_day_services_needed", "label": "Dịch vụ ngày cưới cần dùng", "description": "Khách cần dịch vụ nào trong ngày cưới: chụp, quay, makeup, trang phục; hoặc full combo."}, {"name": "wedding_day_schedule", "label": "Lịch trình ngày cưới", "description": "Lịch trình diễn ra trong ngày cưới (ví dụ sáng gia tiên rước dâu, chiều tiệc nhà hàng...)."}]}
OUTPUT:
[
  {
    "slot": "wedding_date",
    "value": "tháng 9",
    "confidence": 0.0
  }
]

=== CASE 436 | generate_slot_question ===
INPUT:
{"intent": "ask_service_info", "branch": "wedding_day_consultation", "target_slot": "wedding_day_services_needed", "slot_label": "Dịch vụ ngày cưới cần dùng", "slot_description": "Khách cần dịch vụ nào trong ngày cưới: chụp, quay, makeup, trang phục; hoặc full combo.", "slot_evidence": ["Trong ngày cưới bên em có những dịch vụ như chụp, quay, makeup và trang phục (váy, vest, áo dài CDCR). Ac đang cần 1 trong những dv trên hay sẽ cần full combo luôn ạ"], "slot_synonyms": ["cần dịch vụ gì", "chỉ cần chụp/quay", "full combo"], "slot_examples": ["chụp", "quay", "makeup", "trang phục", "full combo"], "slot_applies_to": ["wedding_day_consultation"], "slot_type": "multi_select", "slot_required": true, "slot_priority": "high", "customer_name": "Tú Anh", "known_slots": {"wedding_date": "tháng 9", "wedding_day_services_needed": null, "wedding_day_schedule": null, "desired_products_details": null}, "asked_slot_values": {"wedding_date": "tháng 9"}, "latest_user_message": "Cho em hỏi lịch cưới tháng 9 bên mình có kín không?", "recent_conversation_history": [{"role": "user", "content": "Tụi em dự kiến cưới đầu tháng 4, bên mình sắp xếp được không?"}, {"role": "assistant", "content": "Dạ chị Tú Anh, trong ngày cưới mình cần dịch vụ nào từ bên em: chụp, quay, makeup, trang phục (váy/vest/áo dài) hay full combo ạ?"}, {"role": "user", "content": "Cho em hỏi lịch cưới tháng 9 bên mình có kín không?"}, {"role": "user", "content": "Cho em hỏi lịch cưới tháng 9 bên mình có kín không?"}]}
OUTPUT:
{
  "question": "Dạ chị Tú Anh, ngày cưới chị cần dịch vụ nào: chụp, quay, makeup, trang phục (váy/vest/áo dài) hay full combo ạ?"
}

=== CASE 437 | detect_intent ===
INPUT:
{"current_message": "Nếu em cưới vào ngày 30/9 thì cần đặt cọc bao nhiêu?", "history_last_5": ["Em chưa chốt ngày cưới, bên mình tư vấn giúp được không?"], "asked_slots": [], "missing_slots": ["wedding_date", "service_interest"]}
OUTPUT:
{
  "intent": "price_request",
  "confidence": 0.95
}

=== CASE 438 | detect_branch ===
INPUT:
{"intent": "price_request", "branch_hint": null, "text": "Nếu em cưới vào ngày 30/9 thì cần đặt cọc bao nhiêu?", "branch_options": [{"name": "greeting_initial_qualification", "label": "Xác định đã có ngày cưới chưa và khách quan tâm chụp pre-wedding, ngày cưới, hay cả hai."}, {"name": "prewedding_consultation", "label": "Tư vấn chụp pre-wedding (studio/ngoại cảnh), concept, địa điểm, số lượng, sản phẩm mong muốn."}, {"name": "wedding_day_consultation", "label": "Tư vấn dịch vụ ngày cưới (chụp/quay/makeup/trang phục), ngày cưới, lịch trình trong ngày, nhu cầu số lượng máy/cam."}, {"name": "resort_wedding_consultation", "label": "Tư vấn tiệc cưới kiểu riêng tư/resort: ý tưởng, địa điểm tổ chức, resort cụ thể, timeline, có wedding planner hay tự làm."}]}
OUTPUT:
{"branch":"wedding_day_consultation","confidence":0.92}

=== CASE 439 | detect_slots ===
INPUT:
{"intent": "price_request", "branch_name": "wedding_day_consultation", "text": "Nếu em cưới vào ngày 30/9 thì cần đặt cọc bao nhiêu?", "slot_options": [{"name": "wedding_date", "label": "Ngày cưới", "description": "Ngày cưới cụ thể của khách (nếu đã chốt)."}, {"name": "desired_products_details", "label": "Mong muốn về sản phẩm/chi tiết gói", "description": "Các yêu cầu thêm về sản phẩm: chất liệu, số lượng ảnh, v.v."}, {"name": "wedding_day_services_needed", "label": "Dịch vụ ngày cưới cần dùng", "description": "Khách cần dịch vụ nào trong ngày cưới: chụp, quay, makeup, trang phục; hoặc full combo."}, {"name": "wedding_day_schedule", "label": "Lịch trình ngày cưới", "description": "Lịch trình diễn ra trong ngày cưới (ví dụ sáng gia tiên rước dâu, chiều tiệc nhà hàng...)."}]}
OUTPUT:
[
  {
    "slot": "wedding_date",
    "value": "30/9",
    "confidence": 0.9
  }
]

=== CASE 440 | generate_slot_question ===
INPUT:
{"intent": "price_request", "branch": "wedding_day_consultation", "target_slot": "wedding_day_services_needed", "slot_label": "Dịch vụ ngày cưới cần dùng", "slot_description": "Khách cần dịch vụ nào trong ngày cưới: chụp, quay, makeup, trang phục; hoặc full combo.", "slot_evidence": ["Trong ngày cưới bên em có những dịch vụ như chụp, quay, makeup và trang phục (váy, vest, áo dài CDCR). Ac đang cần 1 trong những dv trên hay sẽ cần full combo luôn ạ"], "slot_synonyms": ["cần dịch vụ gì", "chỉ cần chụp/quay", "full combo"], "slot_examples": ["chụp", "quay", "makeup", "trang phục", "full combo"], "slot_applies_to": ["wedding_day_consultation"], "slot_type": "multi_select", "slot_required": true, "slot_priority": "high", "customer_name": "Thuỳ Dung", "known_slots": {"wedding_date": "30/9", "wedding_day_services_needed": null, "wedding_day_schedule": null, "desired_products_details": null}, "asked_slot_values": {"wedding_date": "30/9"}, "latest_user_message": "Nếu em cưới vào ngày 30/9 thì cần đặt cọc bao nhiêu?", "recent_conversation_history": [{"role": "user", "content": "Em chưa chốt ngày cưới, bên mình tư vấn giúp được không?"}, {"role": "assistant", "content": "Dạ chị Thuỳ Dung đã chốt ngày cưới cụ thể chưa ạ?"}, {"role": "user", "content": "Nếu em cưới vào ngày 30/9 thì cần đặt cọc bao nhiêu?"}]}
OUTPUT:
{
  "question": "Dạ chị Thuỳ Dung, ngày 30/9 mình sẽ cần dịch vụ nào trong ngày cưới: chụp, quay, makeup, trang phục hay full combo ạ?"
}

=== CASE 441 | detect_intent ===
INPUT:
{"current_message": "Em cưới ngày 02/02, bên mình còn lịch không ạ?", "history_last_5": ["Em muốn chốt lịch cưới ngày 05/06, bên mình hỗ trợ không?", "Nếu cưới tháng 12 thì mình book trước mấy tháng ạ?", "Nếu cưới tháng 12 thì mình book trước mấy tháng ạ?", "Bên mình có nhận lịch cưới vào dịp Tết không ạ?", "Bên mình có nhận lịch cưới vào dịp Tết không ạ?"], "asked_slots": ["wedding_date"], "missing_slots": ["wedding_day_services_needed", "wedding_day_schedule", "desired_products_details"]}
OUTPUT:
{"intent":"ask_service_info","confidence":0.95}

=== CASE 442 | detect_branch ===
INPUT:
{"intent": "ask_service_info", "branch_hint": null, "text": "Em cưới ngày 02/02, bên mình còn lịch không ạ?", "branch_options": [{"name": "greeting_initial_qualification", "label": "Xác định đã có ngày cưới chưa và khách quan tâm chụp pre-wedding, ngày cưới, hay cả hai."}, {"name": "prewedding_consultation", "label": "Tư vấn chụp pre-wedding (studio/ngoại cảnh), concept, địa điểm, số lượng, sản phẩm mong muốn."}, {"name": "wedding_day_consultation", "label": "Tư vấn dịch vụ ngày cưới (chụp/quay/makeup/trang phục), ngày cưới, lịch trình trong ngày, nhu cầu số lượng máy/cam."}, {"name": "resort_wedding_consultation", "label": "Tư vấn tiệc cưới kiểu riêng tư/resort: ý tưởng, địa điểm tổ chức, resort cụ thể, timeline, có wedding planner hay tự làm."}]}
OUTPUT:
{"branch": "wedding_day_consultation", "confidence": 0.95}

=== CASE 443 | detect_slots ===
INPUT:
{"intent": "ask_service_info", "branch_name": "wedding_day_consultation", "text": "Em cưới ngày 02/02, bên mình còn lịch không ạ?", "slot_options": [{"name": "wedding_date", "label": "Ngày cưới", "description": "Ngày cưới cụ thể của khách (nếu đã chốt)."}, {"name": "desired_products_details", "label": "Mong muốn về sản phẩm/chi tiết gói", "description": "Các yêu cầu thêm về sản phẩm: chất liệu, số lượng ảnh, v.v."}, {"name": "wedding_day_services_needed", "label": "Dịch vụ ngày cưới cần dùng", "description": "Khách cần dịch vụ nào trong ngày cưới: chụp, quay, makeup, trang phục; hoặc full combo."}, {"name": "wedding_day_schedule", "label": "Lịch trình ngày cưới", "description": "Lịch trình diễn ra trong ngày cưới (ví dụ sáng gia tiên rước dâu, chiều tiệc nhà hàng...)."}]}
OUTPUT:
[
  {
    "slot": "wedding_date",
    "value": "02/02",
    "confidence": 0.95
  }
]

=== CASE 444 | generate_slot_question ===
INPUT:
{"intent": "ask_service_info", "branch": "wedding_day_consultation", "target_slot": "wedding_day_services_needed", "slot_label": "Dịch vụ ngày cưới cần dùng", "slot_description": "Khách cần dịch vụ nào trong ngày cưới: chụp, quay, makeup, trang phục; hoặc full combo.", "slot_evidence": ["Trong ngày cưới bên em có những dịch vụ như chụp, quay, makeup và trang phục (váy, vest, áo dài CDCR). Ac đang cần 1 trong những dv trên hay sẽ cần full combo luôn ạ"], "slot_synonyms": ["cần dịch vụ gì", "chỉ cần chụp/quay", "full combo"], "slot_examples": ["chụp", "quay", "makeup", "trang phục", "full combo"], "slot_applies_to": ["wedding_day_consultation"], "slot_type": "multi_select", "slot_required": true, "slot_priority": "high", "customer_name": "Khánh Linh", "known_slots": {"wedding_date": "02/02", "wedding_day_services_needed": null, "wedding_day_schedule": null, "desired_products_details": null}, "asked_slot_values": {"wedding_date": "02/02"}, "latest_user_message": "Em cưới ngày 02/02, bên mình còn lịch không ạ?", "recent_conversation_history": [{"role": "user", "content": "Bên mình có nhận lịch cưới vào dịp Tết không ạ?"}, {"role": "user", "content": "Bên mình có nhận lịch cưới vào dịp Tết không ạ?"}, {"role": "assistant", "content": "Dạ chị Khánh Linh, chị dự định cần dịch vụ nào trong ngày cưới: chụp, quay, makeup, trang phục (váy/vest/áo dài) hay full combo ạ?"}, {"role": "user", "content": "Em cưới ngày 02/02, bên mình còn lịch không ạ?"}, {"role": "user", "content": "Em cưới ngày 02/02, bên mình còn lịch không ạ?"}]}
OUTPUT:
{"question":"Dạ chị Khánh Linh, chị cần dịch vụ nào trong ngày cưới: chụp, quay, makeup, trang phục (váy/vest/áo dài) hay full combo ạ?"}

=== CASE 445 | detect_intent ===
INPUT:
{"current_message": "Em cưới ngày 02/02, bên mình còn lịch không ạ?", "history_last_5": ["Nếu cưới tháng 12 thì mình book trước mấy tháng ạ?", "Bên mình có nhận lịch cưới vào dịp Tết không ạ?", "Bên mình có nhận lịch cưới vào dịp Tết không ạ?", "Em cưới ngày 02/02, bên mình còn lịch không ạ?", "Em cưới ngày 02/02, bên mình còn lịch không ạ?"], "asked_slots": ["wedding_date"], "missing_slots": ["wedding_day_services_needed", "wedding_day_schedule", "desired_products_details"]}
OUTPUT:
{"intent":"ask_service_info","confidence":0.95}

=== CASE 446 | detect_branch ===
INPUT:
{"intent": "ask_service_info", "branch_hint": null, "text": "Em cưới ngày 02/02, bên mình còn lịch không ạ?", "branch_options": [{"name": "greeting_initial_qualification", "label": "Xác định đã có ngày cưới chưa và khách quan tâm chụp pre-wedding, ngày cưới, hay cả hai."}, {"name": "prewedding_consultation", "label": "Tư vấn chụp pre-wedding (studio/ngoại cảnh), concept, địa điểm, số lượng, sản phẩm mong muốn."}, {"name": "wedding_day_consultation", "label": "Tư vấn dịch vụ ngày cưới (chụp/quay/makeup/trang phục), ngày cưới, lịch trình trong ngày, nhu cầu số lượng máy/cam."}, {"name": "resort_wedding_consultation", "label": "Tư vấn tiệc cưới kiểu riêng tư/resort: ý tưởng, địa điểm tổ chức, resort cụ thể, timeline, có wedding planner hay tự làm."}]}
OUTPUT:
{"branch":"wedding_day_consultation","confidence":0.95}

=== CASE 447 | detect_slots ===
INPUT:
{"intent": "ask_service_info", "branch_name": "wedding_day_consultation", "text": "Em cưới ngày 02/02, bên mình còn lịch không ạ?", "slot_options": [{"name": "wedding_date", "label": "Ngày cưới", "description": "Ngày cưới cụ thể của khách (nếu đã chốt)."}, {"name": "desired_products_details", "label": "Mong muốn về sản phẩm/chi tiết gói", "description": "Các yêu cầu thêm về sản phẩm: chất liệu, số lượng ảnh, v.v."}, {"name": "wedding_day_services_needed", "label": "Dịch vụ ngày cưới cần dùng", "description": "Khách cần dịch vụ nào trong ngày cưới: chụp, quay, makeup, trang phục; hoặc full combo."}, {"name": "wedding_day_schedule", "label": "Lịch trình ngày cưới", "description": "Lịch trình diễn ra trong ngày cưới (ví dụ sáng gia tiên rước dâu, chiều tiệc nhà hàng...)."}]}
OUTPUT:
[
  {
    "slot": "wedding_date",
    "value": "02/02",
    "confidence": 0.95
  }
]

=== CASE 448 | generate_slot_question ===
INPUT:
{"intent": "ask_service_info", "branch": "wedding_day_consultation", "target_slot": "wedding_day_services_needed", "slot_label": "Dịch vụ ngày cưới cần dùng", "slot_description": "Khách cần dịch vụ nào trong ngày cưới: chụp, quay, makeup, trang phục; hoặc full combo.", "slot_evidence": ["Trong ngày cưới bên em có những dịch vụ như chụp, quay, makeup và trang phục (váy, vest, áo dài CDCR). Ac đang cần 1 trong những dv trên hay sẽ cần full combo luôn ạ"], "slot_synonyms": ["cần dịch vụ gì", "chỉ cần chụp/quay", "full combo"], "slot_examples": ["chụp", "quay", "makeup", "trang phục", "full combo"], "slot_applies_to": ["wedding_day_consultation"], "slot_type": "multi_select", "slot_required": true, "slot_priority": "high", "customer_name": "Khánh Linh", "known_slots": {"wedding_date": "02/02", "wedding_day_services_needed": null, "wedding_day_schedule": null, "desired_products_details": null}, "asked_slot_values": {"wedding_date": "02/02"}, "latest_user_message": "Em cưới ngày 02/02, bên mình còn lịch không ạ?", "recent_conversation_history": [{"role": "assistant", "content": "Dạ chị Khánh Linh, chị dự định cần dịch vụ nào trong ngày cưới: chụp, quay, makeup, trang phục (váy/vest/áo dài) hay full combo ạ?"}, {"role": "user", "content": "Em cưới ngày 02/02, bên mình còn lịch không ạ?"}, {"role": "user", "content": "Em cưới ngày 02/02, bên mình còn lịch không ạ?"}, {"role": "assistant", "content": "Dạ chị Khánh Linh, chị cần dịch vụ nào trong ngày cưới: chụp, quay, makeup, trang phục (váy/vest/áo dài) hay full combo ạ?"}, {"role": "user", "content": "Em cưới ngày 02/02, bên mình còn lịch không ạ?"}]}
OUTPUT:
{
  "question": "Dạ chị Khánh Linh, chị cần dịch vụ nào trong ngày cưới 02/02: chụp, quay, makeup, trang phục (váy/vest/áo dài) hay full combo ạ?"
}

=== CASE 449 | detect_intent ===
INPUT:
{"current_message": "Nếu em cưới giữa tháng 8 thì phí dịch vụ thế nào?", "history_last_5": ["Nếu em cưới vào ngày 30/9 thì cần đặt cọc bao nhiêu?", "Bên mình có dịch vụ cưới vào buổi tối không?", "Bên mình có dịch vụ cưới vào buổi tối không?"], "asked_slots": ["wedding_date", "wedding_day_schedule"], "missing_slots": ["wedding_day_services_needed", "desired_products_details"]}
OUTPUT:
{"intent":"price_request","confidence":0.95}

=== CASE 450 | detect_branch ===
INPUT:
{"intent": "price_request", "branch_hint": null, "text": "Nếu em cưới giữa tháng 8 thì phí dịch vụ thế nào?", "branch_options": [{"name": "greeting_initial_qualification", "label": "Xác định đã có ngày cưới chưa và khách quan tâm chụp pre-wedding, ngày cưới, hay cả hai."}, {"name": "prewedding_consultation", "label": "Tư vấn chụp pre-wedding (studio/ngoại cảnh), concept, địa điểm, số lượng, sản phẩm mong muốn."}, {"name": "wedding_day_consultation", "label": "Tư vấn dịch vụ ngày cưới (chụp/quay/makeup/trang phục), ngày cưới, lịch trình trong ngày, nhu cầu số lượng máy/cam."}, {"name": "resort_wedding_consultation", "label": "Tư vấn tiệc cưới kiểu riêng tư/resort: ý tưởng, địa điểm tổ chức, resort cụ thể, timeline, có wedding planner hay tự làm."}]}
OUTPUT:
{"branch":"wedding_day_consultation","confidence":0.95}

=== CASE 451 | detect_slots ===
INPUT:
{"intent": "price_request", "branch_name": "wedding_day_consultation", "text": "Nếu em cưới giữa tháng 8 thì phí dịch vụ thế nào?", "slot_options": [{"name": "wedding_date", "label": "Ngày cưới", "description": "Ngày cưới cụ thể của khách (nếu đã chốt)."}, {"name": "desired_products_details", "label": "Mong muốn về sản phẩm/chi tiết gói", "description": "Các yêu cầu thêm về sản phẩm: chất liệu, số lượng ảnh, v.v."}, {"name": "wedding_day_services_needed", "label": "Dịch vụ ngày cưới cần dùng", "description": "Khách cần dịch vụ nào trong ngày cưới: chụp, quay, makeup, trang phục; hoặc full combo."}, {"name": "wedding_day_schedule", "label": "Lịch trình ngày cưới", "description": "Lịch trình diễn ra trong ngày cưới (ví dụ sáng gia tiên rước dâu, chiều tiệc nhà hàng...)."}]}
OUTPUT:
[
  {
    "slot": "wedding_date",
    "value": "giữa tháng 8",
    "confidence": 0.9
  }
]

=== CASE 452 | generate_slot_question ===
INPUT:
{"intent": "price_request", "branch": "wedding_day_consultation", "target_slot": "wedding_day_services_needed", "slot_label": "Dịch vụ ngày cưới cần dùng", "slot_description": "Khách cần dịch vụ nào trong ngày cưới: chụp, quay, makeup, trang phục; hoặc full combo.", "slot_evidence": ["Trong ngày cưới bên em có những dịch vụ như chụp, quay, makeup và trang phục (váy, vest, áo dài CDCR). Ac đang cần 1 trong những dv trên hay sẽ cần full combo luôn ạ"], "slot_synonyms": ["cần dịch vụ gì", "chỉ cần chụp/quay", "full combo"], "slot_examples": ["chụp", "quay", "makeup", "trang phục", "full combo"], "slot_applies_to": ["wedding_day_consultation"], "slot_type": "multi_select", "slot_required": true, "slot_priority": "high", "customer_name": "Phương Thảo", "known_slots": {"wedding_date": "giữa tháng 8", "wedding_day_services_needed": null, "wedding_day_schedule": "buổi tối", "desired_products_details": null}, "asked_slot_values": {"wedding_date": "giữa tháng 8", "wedding_day_schedule": "buổi tối"}, "latest_user_message": "Nếu em cưới giữa tháng 8 thì phí dịch vụ thế nào?", "recent_conversation_history": [{"role": "user", "content": "Bên mình có dịch vụ cưới vào buổi tối không?"}, {"role": "user", "content": "Bên mình có dịch vụ cưới vào buổi tối không?"}, {"role": "assistant", "content": "Dạ chị Phương Thảo, ngày 30/9 buổi tối chị cần dịch vụ nào trong ngày cưới: chụp, quay, makeup, trang phục hay full combo ạ?"}, {"role": "user", "content": "Nếu em cưới giữa tháng 8 thì phí dịch vụ thế nào?"}, {"role": "user", "content": "Nếu em cưới giữa tháng 8 thì phí dịch vụ thế nào?"}]}
OUTPUT:
{"question":"Dạ chị Phương Thảo, để em báo giá giữa tháng 8 chị cần dịch vụ nào trong ngày cưới: chụp, quay, makeup, trang phục hay full combo ạ?"}

=== CASE 453 | detect_intent ===
INPUT:
{"current_message": "Cho em hỏi mình có nhận lịch gấp trong tuần này không?", "history_last_5": ["Em dự kiến cưới tháng 1, cần chuẩn bị gì trước?", "Cho em hỏi lịch cưới tháng 9 bên mình có kín không?", "Cho em hỏi lịch cưới tháng 9 bên mình có kín không?", "Em chưa chốt ngày cưới, bên mình tư vấn giúp được không?", "Anh/chị cho em hỏi nếu cưới cuối tháng 11 thì có ưu đãi gì không?"], "asked_slots": ["wedding_date"], "missing_slots": ["wedding_day_services_needed", "wedding_day_schedule", "desired_products_details"]}
OUTPUT:
{
  "intent": "ask_service_info",
  "confidence": 0.94
}

=== CASE 454 | detect_branch ===
INPUT:
{"intent": "ask_service_info", "branch_hint": null, "text": "Cho em hỏi mình có nhận lịch gấp trong tuần này không?", "branch_options": [{"name": "greeting_initial_qualification", "label": "Xác định đã có ngày cưới chưa và khách quan tâm chụp pre-wedding, ngày cưới, hay cả hai."}, {"name": "prewedding_consultation", "label": "Tư vấn chụp pre-wedding (studio/ngoại cảnh), concept, địa điểm, số lượng, sản phẩm mong muốn."}, {"name": "wedding_day_consultation", "label": "Tư vấn dịch vụ ngày cưới (chụp/quay/makeup/trang phục), ngày cưới, lịch trình trong ngày, nhu cầu số lượng máy/cam."}, {"name": "resort_wedding_consultation", "label": "Tư vấn tiệc cưới kiểu riêng tư/resort: ý tưởng, địa điểm tổ chức, resort cụ thể, timeline, có wedding planner hay tự làm."}]}
OUTPUT:
{"branch":"wedding_day_consultation","confidence":0.85}

=== CASE 455 | detect_slots ===
INPUT:
{"intent": "ask_service_info", "branch_name": "wedding_day_consultation", "text": "Cho em hỏi mình có nhận lịch gấp trong tuần này không?", "slot_options": [{"name": "wedding_date", "label": "Ngày cưới", "description": "Ngày cưới cụ thể của khách (nếu đã chốt)."}, {"name": "desired_products_details", "label": "Mong muốn về sản phẩm/chi tiết gói", "description": "Các yêu cầu thêm về sản phẩm: chất liệu, số lượng ảnh, v.v."}, {"name": "wedding_day_services_needed", "label": "Dịch vụ ngày cưới cần dùng", "description": "Khách cần dịch vụ nào trong ngày cưới: chụp, quay, makeup, trang phục; hoặc full combo."}, {"name": "wedding_day_schedule", "label": "Lịch trình ngày cưới", "description": "Lịch trình diễn ra trong ngày cưới (ví dụ sáng gia tiên rước dâu, chiều tiệc nhà hàng...)."}]}
OUTPUT:
[
  {
    "slot": "wedding_date",
    "value": "trong tuần này",
    "confidence": 0.9
  }
]

=== CASE 456 | generate_slot_question ===
INPUT:
{"intent": "ask_service_info", "branch": "wedding_day_consultation", "target_slot": "wedding_day_services_needed", "slot_label": "Dịch vụ ngày cưới cần dùng", "slot_description": "Khách cần dịch vụ nào trong ngày cưới: chụp, quay, makeup, trang phục; hoặc full combo.", "slot_evidence": ["Trong ngày cưới bên em có những dịch vụ như chụp, quay, makeup và trang phục (váy, vest, áo dài CDCR). Ac đang cần 1 trong những dv trên hay sẽ cần full combo luôn ạ"], "slot_synonyms": ["cần dịch vụ gì", "chỉ cần chụp/quay", "full combo"], "slot_examples": ["chụp", "quay", "makeup", "trang phục", "full combo"], "slot_applies_to": ["wedding_day_consultation"], "slot_type": "multi_select", "slot_required": true, "slot_priority": "high", "customer_name": "Hồng Nhung", "known_slots": {"wedding_date": "trong tuần này", "wedding_day_services_needed": null, "wedding_day_schedule": null, "desired_products_details": null}, "asked_slot_values": {"wedding_date": "trong tuần này"}, "latest_user_message": "Cho em hỏi mình có nhận lịch gấp trong tuần này không?", "recent_conversation_history": [{"role": "assistant", "content": "Dạ chị Hồng Nhung, chị dự định tổ chức đám cưới vào ngày nào (hoặc tháng nào) ạ?"}, {"role": "user", "content": "Anh/chị cho em hỏi nếu cưới cuối tháng 11 thì có ưu đãi gì không?"}, {"role": "assistant", "content": "Dạ chị Hồng Nhung, chị cần những dịch vụ nào trong ngày cưới: chụp, quay, makeup, trang phục hay full combo ạ?"}, {"role": "user", "content": "Cho em hỏi mình có nhận lịch gấp trong tuần này không?"}, {"role": "user", "content": "Cho em hỏi mình có nhận lịch gấp trong tuần này không?"}]}
OUTPUT:
{
  "question": "Dạ chị Hồng Nhung, chị cần dịch vụ nào trong ngày cưới: chụp, quay, makeup, trang phục (váy/vest/áo dài) hay full combo ạ?"
}

=== CASE 457 | detect_intent ===
INPUT:
{"current_message": "Ngày cưới của tụi em dự kiến tháng 5, bên mình còn lịch không ạ?", "history_last_5": ["Tụi em dự kiến cưới đầu tháng 4, bên mình sắp xếp được không?", "Cho em hỏi lịch cưới tháng 9 bên mình có kín không?", "Cho em hỏi lịch cưới tháng 9 bên mình có kín không?"], "asked_slots": ["wedding_date"], "missing_slots": ["wedding_day_services_needed", "wedding_day_schedule", "desired_products_details"]}
OUTPUT:
{"intent":"ask_service_info","confidence":0.95}

=== CASE 458 | detect_branch ===
INPUT:
{"intent": "ask_service_info", "branch_hint": null, "text": "Ngày cưới của tụi em dự kiến tháng 5, bên mình còn lịch không ạ?", "branch_options": [{"name": "greeting_initial_qualification", "label": "Xác định đã có ngày cưới chưa và khách quan tâm chụp pre-wedding, ngày cưới, hay cả hai."}, {"name": "prewedding_consultation", "label": "Tư vấn chụp pre-wedding (studio/ngoại cảnh), concept, địa điểm, số lượng, sản phẩm mong muốn."}, {"name": "wedding_day_consultation", "label": "Tư vấn dịch vụ ngày cưới (chụp/quay/makeup/trang phục), ngày cưới, lịch trình trong ngày, nhu cầu số lượng máy/cam."}, {"name": "resort_wedding_consultation", "label": "Tư vấn tiệc cưới kiểu riêng tư/resort: ý tưởng, địa điểm tổ chức, resort cụ thể, timeline, có wedding planner hay tự làm."}]}
OUTPUT:
{"branch":"wedding_day_consultation","confidence":0.92}

=== CASE 459 | detect_slots ===
INPUT:
{"intent": "ask_service_info", "branch_name": "wedding_day_consultation", "text": "Ngày cưới của tụi em dự kiến tháng 5, bên mình còn lịch không ạ?", "slot_options": [{"name": "wedding_date", "label": "Ngày cưới", "description": "Ngày cưới cụ thể của khách (nếu đã chốt)."}, {"name": "desired_products_details", "label": "Mong muốn về sản phẩm/chi tiết gói", "description": "Các yêu cầu thêm về sản phẩm: chất liệu, số lượng ảnh, v.v."}, {"name": "wedding_day_services_needed", "label": "Dịch vụ ngày cưới cần dùng", "description": "Khách cần dịch vụ nào trong ngày cưới: chụp, quay, makeup, trang phục; hoặc full combo."}, {"name": "wedding_day_schedule", "label": "Lịch trình ngày cưới", "description": "Lịch trình diễn ra trong ngày cưới (ví dụ sáng gia tiên rước dâu, chiều tiệc nhà hàng...)."}]}
OUTPUT:
[
  {
    "slot": "wedding_date",
    "value": "tháng 5",
    "confidence": 0.95
  }
]

=== CASE 460 | generate_slot_question ===
INPUT:
{"intent": "ask_service_info", "branch": "wedding_day_consultation", "target_slot": "wedding_day_services_needed", "slot_label": "Dịch vụ ngày cưới cần dùng", "slot_description": "Khách cần dịch vụ nào trong ngày cưới: chụp, quay, makeup, trang phục; hoặc full combo.", "slot_evidence": ["Trong ngày cưới bên em có những dịch vụ như chụp, quay, makeup và trang phục (váy, vest, áo dài CDCR). Ac đang cần 1 trong những dv trên hay sẽ cần full combo luôn ạ"], "slot_synonyms": ["cần dịch vụ gì", "chỉ cần chụp/quay", "full combo"], "slot_examples": ["chụp", "quay", "makeup", "trang phục", "full combo"], "slot_applies_to": ["wedding_day_consultation"], "slot_type": "multi_select", "slot_required": true, "slot_priority": "high", "customer_name": "Tú Anh", "known_slots": {"wedding_date": "tháng 5", "wedding_day_services_needed": null, "wedding_day_schedule": null, "desired_products_details": null}, "asked_slot_values": {"wedding_date": "tháng 5"}, "latest_user_message": "Ngày cưới của tụi em dự kiến tháng 5, bên mình còn lịch không ạ?", "recent_conversation_history": [{"role": "user", "content": "Cho em hỏi lịch cưới tháng 9 bên mình có kín không?"}, {"role": "user", "content": "Cho em hỏi lịch cưới tháng 9 bên mình có kín không?"}, {"role": "assistant", "content": "Dạ chị Tú Anh, ngày cưới chị cần dịch vụ nào: chụp, quay, makeup, trang phục (váy/vest/áo dài) hay full combo ạ?"}, {"role": "user", "content": "Ngày cưới của tụi em dự kiến tháng 5, bên mình còn lịch không ạ?"}, {"role": "user", "content": "Ngày cưới của tụi em dự kiến tháng 5, bên mình còn lịch không ạ?"}]}
OUTPUT:
{"question":"Dạ chị Tú Anh, ngày cưới chị cần dịch vụ nào: chụp, quay, makeup, trang phục (váy/vest/áo dài) hay full combo ạ?"}

=== CASE 461 | detect_intent ===
INPUT:
{"current_message": "Cho em hỏi mình có nhận lịch gấp trong tuần này không?", "history_last_5": ["Em muốn chốt lịch cưới ngày 05/06, bên mình hỗ trợ không?", "Anh/chị cho em hỏi nếu cưới cuối tháng 11 thì có ưu đãi gì không?", "Anh/chị cho em hỏi nếu cưới cuối tháng 11 thì có ưu đãi gì không?", "Tụi em dự kiến cưới đầu tháng 4, bên mình sắp xếp được không?", "Tụi em dự kiến cưới đầu tháng 4, bên mình sắp xếp được không?"], "asked_slots": ["wedding_date"], "missing_slots": ["wedding_day_services_needed", "wedding_day_schedule", "desired_products_details"]}
OUTPUT:
{"intent":"ask_service_info","confidence":0.95}

=== CASE 462 | detect_branch ===
INPUT:
{"intent": "ask_service_info", "branch_hint": null, "text": "Cho em hỏi mình có nhận lịch gấp trong tuần này không?", "branch_options": [{"name": "greeting_initial_qualification", "label": "Xác định đã có ngày cưới chưa và khách quan tâm chụp pre-wedding, ngày cưới, hay cả hai."}, {"name": "prewedding_consultation", "label": "Tư vấn chụp pre-wedding (studio/ngoại cảnh), concept, địa điểm, số lượng, sản phẩm mong muốn."}, {"name": "wedding_day_consultation", "label": "Tư vấn dịch vụ ngày cưới (chụp/quay/makeup/trang phục), ngày cưới, lịch trình trong ngày, nhu cầu số lượng máy/cam."}, {"name": "resort_wedding_consultation", "label": "Tư vấn tiệc cưới kiểu riêng tư/resort: ý tưởng, địa điểm tổ chức, resort cụ thể, timeline, có wedding planner hay tự làm."}]}
OUTPUT:
{"branch":"greeting_initial_qualification","confidence":0.9}

=== CASE 463 | detect_slots ===
INPUT:
{"intent": "ask_service_info", "branch_name": "greeting_initial_qualification", "text": "Cho em hỏi mình có nhận lịch gấp trong tuần này không?", "slot_options": [{"name": "wedding_date", "label": "Ngày cưới", "description": "Ngày cưới cụ thể của khách (nếu đã chốt)."}, {"name": "service_interest", "label": "Nhu cầu dịch vụ", "description": "Khách quan tâm chụp pre-wedding, chụp/quay ngày cưới, hoặc cả hai."}]}
OUTPUT:
[]

=== CASE 464 | generate_slot_question ===
INPUT:
{"intent": "ask_service_info", "branch": "greeting_initial_qualification", "target_slot": "wedding_date", "slot_label": "Ngày cưới", "slot_description": "Ngày cưới cụ thể của khách (nếu đã chốt).", "slot_evidence": ["Cho em hỏi anh/chị đã có ngày cưới cụ thể chưa", "Ngày cưới của mình là ngày bao nhiêu"], "slot_synonyms": ["ngày cưới", "ngày bao nhiêu", "ngày tổ chức", "đã có ngày cưới cụ thể chưa"], "slot_examples": ["15/10/2026", "ngày 20 tháng 3"], "slot_applies_to": ["greeting_initial_qualification", "wedding_day_consultation", "resort_wedding_consultation"], "slot_type": "date", "slot_required": true, "slot_priority": "high", "customer_name": "Kim Anh", "known_slots": {"wedding_date": null, "service_interest": null}, "asked_slot_values": {}, "latest_user_message": "Cho em hỏi mình có nhận lịch gấp trong tuần này không?", "recent_conversation_history": [{"role": "assistant", "content": "Dạ chị Kim Anh, chị dự định dùng dịch vụ nào trong ngày cưới: chụp, quay, makeup, trang phục hay full combo ạ?"}, {"role": "user", "content": "Tụi em dự kiến cưới đầu tháng 4, bên mình sắp xếp được không?"}, {"role": "user", "content": "Tụi em dự kiến cưới đầu tháng 4, bên mình sắp xếp được không?"}, {"role": "assistant", "content": "Dạ chị Kim Anh, chị dự định cần dịch vụ nào trong ngày cưới: chụp, quay, makeup, trang phục hay full combo ạ?"}, {"role": "user", "content": "Cho em hỏi mình có nhận lịch gấp trong tuần này không?"}]}
OUTPUT:
{"question":"Dạ chị Kim Anh, ngày cưới cụ thể của chị là ngày nào ạ?"}

=== CASE 465 | detect_intent ===
INPUT:
{"current_message": "Nếu cưới tháng 12 thì mình book trước mấy tháng ạ?", "history_last_5": ["Bên mình có nhận lịch cưới vào dịp Tết không ạ?", "Em chưa chốt ngày cưới, bên mình tư vấn giúp được không?"], "asked_slots": ["wedding_date"], "missing_slots": ["service_interest"]}
OUTPUT:
{"intent":"ask_service_info","confidence":0.95}

=== CASE 466 | detect_branch ===
INPUT:
{"intent": "ask_service_info", "branch_hint": null, "text": "Nếu cưới tháng 12 thì mình book trước mấy tháng ạ?", "branch_options": [{"name": "greeting_initial_qualification", "label": "Xác định đã có ngày cưới chưa và khách quan tâm chụp pre-wedding, ngày cưới, hay cả hai."}, {"name": "prewedding_consultation", "label": "Tư vấn chụp pre-wedding (studio/ngoại cảnh), concept, địa điểm, số lượng, sản phẩm mong muốn."}, {"name": "wedding_day_consultation", "label": "Tư vấn dịch vụ ngày cưới (chụp/quay/makeup/trang phục), ngày cưới, lịch trình trong ngày, nhu cầu số lượng máy/cam."}, {"name": "resort_wedding_consultation", "label": "Tư vấn tiệc cưới kiểu riêng tư/resort: ý tưởng, địa điểm tổ chức, resort cụ thể, timeline, có wedding planner hay tự làm."}]}
OUTPUT:
{"branch":"wedding_day_consultation","confidence":0.9}

=== CASE 467 | detect_slots ===
INPUT:
{"intent": "ask_service_info", "branch_name": "wedding_day_consultation", "text": "Nếu cưới tháng 12 thì mình book trước mấy tháng ạ?", "slot_options": [{"name": "wedding_date", "label": "Ngày cưới", "description": "Ngày cưới cụ thể của khách (nếu đã chốt)."}, {"name": "desired_products_details", "label": "Mong muốn về sản phẩm/chi tiết gói", "description": "Các yêu cầu thêm về sản phẩm: chất liệu, số lượng ảnh, v.v."}, {"name": "wedding_day_services_needed", "label": "Dịch vụ ngày cưới cần dùng", "description": "Khách cần dịch vụ nào trong ngày cưới: chụp, quay, makeup, trang phục; hoặc full combo."}, {"name": "wedding_day_schedule", "label": "Lịch trình ngày cưới", "description": "Lịch trình diễn ra trong ngày cưới (ví dụ sáng gia tiên rước dâu, chiều tiệc nhà hàng...)."}]}
OUTPUT:
[
  {
    "slot": "wedding_date",
    "value": "tháng 12",
    "confidence": 0.9
  }
]

=== CASE 468 | generate_slot_question ===
INPUT:
{"intent": "ask_service_info", "branch": "wedding_day_consultation", "target_slot": "wedding_day_services_needed", "slot_label": "Dịch vụ ngày cưới cần dùng", "slot_description": "Khách cần dịch vụ nào trong ngày cưới: chụp, quay, makeup, trang phục; hoặc full combo.", "slot_evidence": ["Trong ngày cưới bên em có những dịch vụ như chụp, quay, makeup và trang phục (váy, vest, áo dài CDCR). Ac đang cần 1 trong những dv trên hay sẽ cần full combo luôn ạ"], "slot_synonyms": ["cần dịch vụ gì", "chỉ cần chụp/quay", "full combo"], "slot_examples": ["chụp", "quay", "makeup", "trang phục", "full combo"], "slot_applies_to": ["wedding_day_consultation"], "slot_type": "multi_select", "slot_required": true, "slot_priority": "high", "customer_name": "Thảo Vy", "known_slots": {"wedding_date": "tháng 12", "wedding_day_services_needed": null, "wedding_day_schedule": null, "desired_products_details": null}, "asked_slot_values": {"wedding_date": "tháng 12"}, "latest_user_message": "Nếu cưới tháng 12 thì mình book trước mấy tháng ạ?", "recent_conversation_history": [{"role": "user", "content": "Bên mình có nhận lịch cưới vào dịp Tết không ạ?"}, {"role": "assistant", "content": "Dạ chị Thảo Vy đã chốt ngày cưới cụ thể chưa ạ? Ngày nào vậy ạ?"}, {"role": "user", "content": "Em chưa chốt ngày cưới, bên mình tư vấn giúp được không?"}, {"role": "assistant", "content": "Dạ chị Thảo Vy, chị muốn chụp pre-wedding, chụp ngày cưới hay cả hai ạ?"}, {"role": "user", "content": "Nếu cưới tháng 12 thì mình book trước mấy tháng ạ?"}]}
OUTPUT:
{"question":"Dạ chị Thảo Vy, ngày cưới chị cần dịch vụ nào bên em hỗ trợ: chụp, quay, makeup, trang phục hay full combo ạ?"}

=== CASE 469 | detect_intent ===
INPUT:
{"current_message": "Em chưa chốt ngày cưới, bên mình tư vấn giúp được không?", "history_last_5": ["Nếu em cưới giữa tháng 8 thì phí dịch vụ thế nào?", "Em muốn hỏi ngày cưới nào còn lịch trong tháng 7?", "Em muốn hỏi ngày cưới nào còn lịch trong tháng 7?"], "asked_slots": ["wedding_date"], "missing_slots": ["wedding_day_services_needed", "wedding_day_schedule", "desired_products_details"]}
OUTPUT:
{"intent":"ask_service_info","confidence":0.95}

=== CASE 470 | detect_branch ===
INPUT:
{"intent": "ask_service_info", "branch_hint": null, "text": "Em chưa chốt ngày cưới, bên mình tư vấn giúp được không?", "branch_options": [{"name": "greeting_initial_qualification", "label": "Xác định đã có ngày cưới chưa và khách quan tâm chụp pre-wedding, ngày cưới, hay cả hai."}, {"name": "prewedding_consultation", "label": "Tư vấn chụp pre-wedding (studio/ngoại cảnh), concept, địa điểm, số lượng, sản phẩm mong muốn."}, {"name": "wedding_day_consultation", "label": "Tư vấn dịch vụ ngày cưới (chụp/quay/makeup/trang phục), ngày cưới, lịch trình trong ngày, nhu cầu số lượng máy/cam."}, {"name": "resort_wedding_consultation", "label": "Tư vấn tiệc cưới kiểu riêng tư/resort: ý tưởng, địa điểm tổ chức, resort cụ thể, timeline, có wedding planner hay tự làm."}]}
OUTPUT:
{"branch":"greeting_initial_qualification","confidence":0.95}

=== CASE 471 | detect_slots ===
INPUT:
{"intent": "ask_service_info", "branch_name": "greeting_initial_qualification", "text": "Em chưa chốt ngày cưới, bên mình tư vấn giúp được không?", "slot_options": [{"name": "wedding_date", "label": "Ngày cưới", "description": "Ngày cưới cụ thể của khách (nếu đã chốt)."}, {"name": "service_interest", "label": "Nhu cầu dịch vụ", "description": "Khách quan tâm chụp pre-wedding, chụp/quay ngày cưới, hoặc cả hai."}]}
OUTPUT:
[]

=== CASE 472 | generate_slot_question ===
INPUT:
{"intent": "ask_service_info", "branch": "greeting_initial_qualification", "target_slot": "wedding_date", "slot_label": "Ngày cưới", "slot_description": "Ngày cưới cụ thể của khách (nếu đã chốt).", "slot_evidence": ["Cho em hỏi anh/chị đã có ngày cưới cụ thể chưa", "Ngày cưới của mình là ngày bao nhiêu"], "slot_synonyms": ["ngày cưới", "ngày bao nhiêu", "ngày tổ chức", "đã có ngày cưới cụ thể chưa"], "slot_examples": ["15/10/2026", "ngày 20 tháng 3"], "slot_applies_to": ["greeting_initial_qualification", "wedding_day_consultation", "resort_wedding_consultation"], "slot_type": "date", "slot_required": true, "slot_priority": "high", "customer_name": "Quỳnh Anh", "known_slots": {"wedding_date": null, "service_interest": null}, "asked_slot_values": {}, "latest_user_message": "Em chưa chốt ngày cưới, bên mình tư vấn giúp được không?", "recent_conversation_history": [{"role": "assistant", "content": "Dạ chị Quỳnh Anh cho em biết trong ngày cưới chị sẽ cần dịch vụ nào: chụp, quay, makeup, trang phục (váy/vest/áo dài) hay full combo ạ?"}, {"role": "user", "content": "Em muốn hỏi ngày cưới nào còn lịch trong tháng 7?"}, {"role": "user", "content": "Em muốn hỏi ngày cưới nào còn lịch trong tháng 7?"}, {"role": "assistant", "content": "Dạ chị Quỳnh Anh, trong ngày cưới chị cần dịch vụ nào: chụp, quay, makeup, trang phục (váy/vest/áo dài) hay full combo ạ?"}, {"role": "user", "content": "Em chưa chốt ngày cưới, bên mình tư vấn giúp được không?"}]}
OUTPUT:
{"question":"Dạ chị Quỳnh Anh, chị dự định tổ chức ngày cưới cụ thể vào ngày nào trong tháng 7 ạ?"}

=== CASE 473 | detect_intent ===
INPUT:
{"current_message": "Bên mình có nhận lịch cưới vào dịp Tết không ạ?", "history_last_5": ["Bên mình có dịch vụ cưới vào buổi tối không?", "Em muốn hỏi ngày cưới nào còn lịch trong tháng 7?", "Em muốn hỏi ngày cưới nào còn lịch trong tháng 7?"], "asked_slots": ["wedding_date", "wedding_day_schedule"], "missing_slots": ["wedding_day_services_needed", "desired_products_details"]}
OUTPUT:
{"intent":"ask_service_info","confidence":0.95}

=== CASE 474 | detect_branch ===
INPUT:
{"intent": "ask_service_info", "branch_hint": null, "text": "Bên mình có nhận lịch cưới vào dịp Tết không ạ?", "branch_options": [{"name": "greeting_initial_qualification", "label": "Xác định đã có ngày cưới chưa và khách quan tâm chụp pre-wedding, ngày cưới, hay cả hai."}, {"name": "prewedding_consultation", "label": "Tư vấn chụp pre-wedding (studio/ngoại cảnh), concept, địa điểm, số lượng, sản phẩm mong muốn."}, {"name": "wedding_day_consultation", "label": "Tư vấn dịch vụ ngày cưới (chụp/quay/makeup/trang phục), ngày cưới, lịch trình trong ngày, nhu cầu số lượng máy/cam."}, {"name": "resort_wedding_consultation", "label": "Tư vấn tiệc cưới kiểu riêng tư/resort: ý tưởng, địa điểm tổ chức, resort cụ thể, timeline, có wedding planner hay tự làm."}]}
OUTPUT:
{"branch":"wedding_day_consultation","confidence":0.93}

=== CASE 475 | detect_slots ===
INPUT:
{"intent": "ask_service_info", "branch_name": "wedding_day_consultation", "text": "Bên mình có nhận lịch cưới vào dịp Tết không ạ?", "slot_options": [{"name": "wedding_date", "label": "Ngày cưới", "description": "Ngày cưới cụ thể của khách (nếu đã chốt)."}, {"name": "desired_products_details", "label": "Mong muốn về sản phẩm/chi tiết gói", "description": "Các yêu cầu thêm về sản phẩm: chất liệu, số lượng ảnh, v.v."}, {"name": "wedding_day_services_needed", "label": "Dịch vụ ngày cưới cần dùng", "description": "Khách cần dịch vụ nào trong ngày cưới: chụp, quay, makeup, trang phục; hoặc full combo."}, {"name": "wedding_day_schedule", "label": "Lịch trình ngày cưới", "description": "Lịch trình diễn ra trong ngày cưới (ví dụ sáng gia tiên rước dâu, chiều tiệc nhà hàng...)."}]}
OUTPUT:
[]

=== CASE 476 | generate_slot_question ===
INPUT:
{"intent": "ask_service_info", "branch": "wedding_day_consultation", "target_slot": "wedding_day_services_needed", "slot_label": "Dịch vụ ngày cưới cần dùng", "slot_description": "Khách cần dịch vụ nào trong ngày cưới: chụp, quay, makeup, trang phục; hoặc full combo.", "slot_evidence": ["Trong ngày cưới bên em có những dịch vụ như chụp, quay, makeup và trang phục (váy, vest, áo dài CDCR). Ac đang cần 1 trong những dv trên hay sẽ cần full combo luôn ạ"], "slot_synonyms": ["cần dịch vụ gì", "chỉ cần chụp/quay", "full combo"], "slot_examples": ["chụp", "quay", "makeup", "trang phục", "full combo"], "slot_applies_to": ["wedding_day_consultation"], "slot_type": "multi_select", "slot_required": true, "slot_priority": "high", "customer_name": "Ngọc Hà", "known_slots": {"wedding_date": "tháng 7", "wedding_day_services_needed": null, "wedding_day_schedule": "buổi tối", "desired_products_details": null}, "asked_slot_values": {"wedding_date": "tháng 7", "wedding_day_schedule": "buổi tối"}, "latest_user_message": "Bên mình có nhận lịch cưới vào dịp Tết không ạ?", "recent_conversation_history": [{"role": "user", "content": "Em muốn hỏi ngày cưới nào còn lịch trong tháng 7?"}, {"role": "user", "content": "Em muốn hỏi ngày cưới nào còn lịch trong tháng 7?"}, {"role": "assistant", "content": "Dạ chị Ngọc Hà ngày cưới cần những dịch vụ nào: chỉ chụp, quay, makeup, trang phục hay full combo ạ?"}, {"role": "user", "content": "Bên mình có nhận lịch cưới vào dịp Tết không ạ?"}, {"role": "user", "content": "Bên mình có nhận lịch cưới vào dịp Tết không ạ?"}]}
OUTPUT:
{
  "question": "Dạ chị Ngọc Hà, trong ngày cưới chị cần những dịch vụ nào: chụp, quay, makeup, trang phục hay full combo ạ?"
}

=== CASE 477 | detect_intent ===
INPUT:
{"current_message": "Bên mình nhận chụp ngày cưới trong tuần hay chỉ cuối tuần ạ?", "history_last_5": ["Nếu em cưới giữa tháng 8 thì phí dịch vụ thế nào?", "Em muốn hỏi ngày cưới nào còn lịch trong tháng 7?", "Em muốn hỏi ngày cưới nào còn lịch trong tháng 7?", "Em chưa chốt ngày cưới, bên mình tư vấn giúp được không?"], "asked_slots": [], "missing_slots": ["wedding_date", "service_interest"]}
OUTPUT:
{"intent":"ask_service_info","confidence":0.95}

=== CASE 478 | detect_branch ===
INPUT:
{"intent": "ask_service_info", "branch_hint": null, "text": "Bên mình nhận chụp ngày cưới trong tuần hay chỉ cuối tuần ạ?", "branch_options": [{"name": "greeting_initial_qualification", "label": "Xác định đã có ngày cưới chưa và khách quan tâm chụp pre-wedding, ngày cưới, hay cả hai."}, {"name": "prewedding_consultation", "label": "Tư vấn chụp pre-wedding (studio/ngoại cảnh), concept, địa điểm, số lượng, sản phẩm mong muốn."}, {"name": "wedding_day_consultation", "label": "Tư vấn dịch vụ ngày cưới (chụp/quay/makeup/trang phục), ngày cưới, lịch trình trong ngày, nhu cầu số lượng máy/cam."}, {"name": "resort_wedding_consultation", "label": "Tư vấn tiệc cưới kiểu riêng tư/resort: ý tưởng, địa điểm tổ chức, resort cụ thể, timeline, có wedding planner hay tự làm."}]}
OUTPUT:
{"branch":"wedding_day_consultation","confidence":0.95}

=== CASE 479 | detect_slots ===
INPUT:
{"intent": "ask_service_info", "branch_name": "wedding_day_consultation", "text": "Bên mình nhận chụp ngày cưới trong tuần hay chỉ cuối tuần ạ?", "slot_options": [{"name": "wedding_date", "label": "Ngày cưới", "description": "Ngày cưới cụ thể của khách (nếu đã chốt)."}, {"name": "desired_products_details", "label": "Mong muốn về sản phẩm/chi tiết gói", "description": "Các yêu cầu thêm về sản phẩm: chất liệu, số lượng ảnh, v.v."}, {"name": "wedding_day_services_needed", "label": "Dịch vụ ngày cưới cần dùng", "description": "Khách cần dịch vụ nào trong ngày cưới: chụp, quay, makeup, trang phục; hoặc full combo."}, {"name": "wedding_day_schedule", "label": "Lịch trình ngày cưới", "description": "Lịch trình diễn ra trong ngày cưới (ví dụ sáng gia tiên rước dâu, chiều tiệc nhà hàng...)."}]}
OUTPUT:
[]

=== CASE 480 | generate_slot_question ===
INPUT:
{"intent": "ask_service_info", "branch": "wedding_day_consultation", "target_slot": "wedding_date", "slot_label": "Ngày cưới", "slot_description": "Ngày cưới cụ thể của khách (nếu đã chốt).", "slot_evidence": ["Cho em hỏi anh/chị đã có ngày cưới cụ thể chưa", "Ngày cưới của mình là ngày bao nhiêu"], "slot_synonyms": ["ngày cưới", "ngày bao nhiêu", "ngày tổ chức", "đã có ngày cưới cụ thể chưa"], "slot_examples": ["15/10/2026", "ngày 20 tháng 3"], "slot_applies_to": ["greeting_initial_qualification", "wedding_day_consultation", "resort_wedding_consultation"], "slot_type": "date", "slot_required": true, "slot_priority": "high", "customer_name": "Quỳnh Anh", "known_slots": {"wedding_date": null, "wedding_day_services_needed": null, "wedding_day_schedule": null, "desired_products_details": null}, "asked_slot_values": {}, "latest_user_message": "Bên mình nhận chụp ngày cưới trong tuần hay chỉ cuối tuần ạ?", "recent_conversation_history": [{"role": "user", "content": "Em muốn hỏi ngày cưới nào còn lịch trong tháng 7?"}, {"role": "assistant", "content": "Dạ chị Quỳnh Anh, trong ngày cưới chị cần dịch vụ nào: chụp, quay, makeup, trang phục (váy/vest/áo dài) hay full combo ạ?"}, {"role": "user", "content": "Em chưa chốt ngày cưới, bên mình tư vấn giúp được không?"}, {"role": "assistant", "content": "Dạ chị Quỳnh Anh, chị dự định tổ chức ngày cưới cụ thể vào ngày nào trong tháng 7 ạ?"}, {"role": "user", "content": "Bên mình nhận chụp ngày cưới trong tuần hay chỉ cuối tuần ạ?"}]}
OUTPUT:
{"question":"Dạ chị Quỳnh Anh đã chốt ngày cưới cụ thể vào ngày nào ạ?"}

=== CASE 481 | detect_intent ===
INPUT:
{"current_message": "Bên mình có nhận chụp ngày cưới vào thứ 2 không?", "history_last_5": ["Anh/chị cho em hỏi nếu cưới cuối tháng 11 thì có ưu đãi gì không?", "Em muốn chốt lịch cưới ngày 05/06, bên mình hỗ trợ không?", "Em muốn chốt lịch cưới ngày 05/06, bên mình hỗ trợ không?", "Bên mình có nhận chụp ngày cưới vào thứ 2 không?", "Bên mình có nhận chụp ngày cưới vào thứ 2 không?"], "asked_slots": ["wedding_date", "wedding_day_services_needed"], "missing_slots": ["wedding_day_schedule", "desired_products_details"]}
OUTPUT:
{
  "intent": "ask_service_info",
  "confidence": 0.95
}

=== CASE 482 | detect_branch ===
INPUT:
{"intent": "ask_service_info", "branch_hint": null, "text": "Bên mình có nhận chụp ngày cưới vào thứ 2 không?", "branch_options": [{"name": "greeting_initial_qualification", "label": "Xác định đã có ngày cưới chưa và khách quan tâm chụp pre-wedding, ngày cưới, hay cả hai."}, {"name": "prewedding_consultation", "label": "Tư vấn chụp pre-wedding (studio/ngoại cảnh), concept, địa điểm, số lượng, sản phẩm mong muốn."}, {"name": "wedding_day_consultation", "label": "Tư vấn dịch vụ ngày cưới (chụp/quay/makeup/trang phục), ngày cưới, lịch trình trong ngày, nhu cầu số lượng máy/cam."}, {"name": "resort_wedding_consultation", "label": "Tư vấn tiệc cưới kiểu riêng tư/resort: ý tưởng, địa điểm tổ chức, resort cụ thể, timeline, có wedding planner hay tự làm."}]}
OUTPUT:
{
  "branch": "wedding_day_consultation",
  "confidence": 0.95
}

=== CASE 483 | detect_slots ===
INPUT:
{"intent": "ask_service_info", "branch_name": "wedding_day_consultation", "text": "Bên mình có nhận chụp ngày cưới vào thứ 2 không?", "slot_options": [{"name": "wedding_date", "label": "Ngày cưới", "description": "Ngày cưới cụ thể của khách (nếu đã chốt)."}, {"name": "desired_products_details", "label": "Mong muốn về sản phẩm/chi tiết gói", "description": "Các yêu cầu thêm về sản phẩm: chất liệu, số lượng ảnh, v.v."}, {"name": "wedding_day_services_needed", "label": "Dịch vụ ngày cưới cần dùng", "description": "Khách cần dịch vụ nào trong ngày cưới: chụp, quay, makeup, trang phục; hoặc full combo."}, {"name": "wedding_day_schedule", "label": "Lịch trình ngày cưới", "description": "Lịch trình diễn ra trong ngày cưới (ví dụ sáng gia tiên rước dâu, chiều tiệc nhà hàng...)."}]}
OUTPUT:
[
  {
    "slot": "wedding_day_services_needed",
    "value": "chụp ngày cưới",
    "confidence": 0.9
  },
  {
    "slot": "wedding_date",
    "value": "thứ 2",
    "confidence": 0.9
  }
]

=== CASE 484 | generate_slot_question ===
INPUT:
{"intent": "ask_service_info", "branch": "wedding_day_consultation", "target_slot": "wedding_day_schedule", "slot_label": "Lịch trình ngày cưới", "slot_description": "Lịch trình diễn ra trong ngày cưới (ví dụ sáng gia tiên rước dâu, chiều tiệc nhà hàng...).", "slot_evidence": ["lịch trình sẽ là sáng gia tiên rước dâu chiều tiệc nhà hàng hay ntn ac ha"], "slot_synonyms": ["timeline trong ngày", "lịch trình", "kịch bản ngày cưới"], "slot_examples": ["sáng gia tiên rước dâu, chiều tiệc nhà hàng", "chỉ làm lễ buổi sáng, tiệc tối"], "slot_applies_to": ["wedding_day_consultation"], "slot_type": "text", "slot_required": true, "slot_priority": "high", "customer_name": "Uyên Nhi", "known_slots": {"wedding_date": "thứ 2", "wedding_day_services_needed": "chụp ngày cưới", "wedding_day_schedule": null, "desired_products_details": null}, "asked_slot_values": {"wedding_date": "thứ 2", "wedding_day_services_needed": "chụp ngày cưới"}, "latest_user_message": "Bên mình có nhận chụp ngày cưới vào thứ 2 không?", "recent_conversation_history": [{"role": "assistant", "content": "Dạ, Uyên Nhi ơi, ngày 05/06 bên em hỗ trợ — mình cần dịch vụ nào trong ngày cưới: chụp, quay, makeup, trang phục hay full combo ạ?"}, {"role": "user", "content": "Bên mình có nhận chụp ngày cưới vào thứ 2 không?"}, {"role": "user", "content": "Bên mình có nhận chụp ngày cưới vào thứ 2 không?"}, {"role": "assistant", "content": "Dạ, Uyên Nhi ơi, lịch trình ngày cưới cụ thể của mình sẽ như thế nào (ví dụ: sáng gia tiên rước dâu, chiều tiệc nhà hàng)?"}, {"role": "user", "content": "Bên mình có nhận chụp ngày cưới vào thứ 2 không?"}]}
OUTPUT:
{"question":"Dạ, Uyên Nhi ơi, lịch trình ngày cưới cụ thể của hai bạn sẽ như thế nào ạ (ví dụ: sáng gia tiên rước dâu, chiều tiệc nhà hàng)?"}

=== CASE 485 | detect_intent ===
INPUT:
{"current_message": "Em cưới ngày 02/02, bên mình còn lịch không ạ?", "history_last_5": ["Tụi em dự kiến cưới đầu tháng 4, bên mình sắp xếp được không?", "Tụi em dự kiến cưới đầu tháng 4, bên mình sắp xếp được không?", "Em dự kiến cưới tháng 1, cần chuẩn bị gì trước?", "Cho em hỏi mình có nhận lịch gấp trong tuần này không?"], "asked_slots": [], "missing_slots": ["wedding_date", "wedding_day_services_needed", "wedding_day_schedule", "desired_products_details"]}
OUTPUT:
{"intent":"ask_service_info","confidence":0.99}

=== CASE 486 | detect_branch ===
INPUT:
{"intent": "ask_service_info", "branch_hint": null, "text": "Em cưới ngày 02/02, bên mình còn lịch không ạ?", "branch_options": [{"name": "greeting_initial_qualification", "label": "Xác định đã có ngày cưới chưa và khách quan tâm chụp pre-wedding, ngày cưới, hay cả hai."}, {"name": "prewedding_consultation", "label": "Tư vấn chụp pre-wedding (studio/ngoại cảnh), concept, địa điểm, số lượng, sản phẩm mong muốn."}, {"name": "wedding_day_consultation", "label": "Tư vấn dịch vụ ngày cưới (chụp/quay/makeup/trang phục), ngày cưới, lịch trình trong ngày, nhu cầu số lượng máy/cam."}, {"name": "resort_wedding_consultation", "label": "Tư vấn tiệc cưới kiểu riêng tư/resort: ý tưởng, địa điểm tổ chức, resort cụ thể, timeline, có wedding planner hay tự làm."}]}
OUTPUT:
{"branch":"wedding_day_consultation","confidence":0.95}

=== CASE 487 | detect_slots ===
INPUT:
{"intent": "ask_service_info", "branch_name": "wedding_day_consultation", "text": "Em cưới ngày 02/02, bên mình còn lịch không ạ?", "slot_options": [{"name": "wedding_date", "label": "Ngày cưới", "description": "Ngày cưới cụ thể của khách (nếu đã chốt)."}, {"name": "desired_products_details", "label": "Mong muốn về sản phẩm/chi tiết gói", "description": "Các yêu cầu thêm về sản phẩm: chất liệu, số lượng ảnh, v.v."}, {"name": "wedding_day_services_needed", "label": "Dịch vụ ngày cưới cần dùng", "description": "Khách cần dịch vụ nào trong ngày cưới: chụp, quay, makeup, trang phục; hoặc full combo."}, {"name": "wedding_day_schedule", "label": "Lịch trình ngày cưới", "description": "Lịch trình diễn ra trong ngày cưới (ví dụ sáng gia tiên rước dâu, chiều tiệc nhà hàng...)."}]}
OUTPUT:
[
  {
    "slot": "wedding_date",
    "value": "02/02",
    "confidence": 0.0
  }
]

=== CASE 488 | generate_slot_question ===
INPUT:
{"intent": "ask_service_info", "branch": "wedding_day_consultation", "target_slot": "wedding_day_services_needed", "slot_label": "Dịch vụ ngày cưới cần dùng", "slot_description": "Khách cần dịch vụ nào trong ngày cưới: chụp, quay, makeup, trang phục; hoặc full combo.", "slot_evidence": ["Trong ngày cưới bên em có những dịch vụ như chụp, quay, makeup và trang phục (váy, vest, áo dài CDCR). Ac đang cần 1 trong những dv trên hay sẽ cần full combo luôn ạ"], "slot_synonyms": ["cần dịch vụ gì", "chỉ cần chụp/quay", "full combo"], "slot_examples": ["chụp", "quay", "makeup", "trang phục", "full combo"], "slot_applies_to": ["wedding_day_consultation"], "slot_type": "multi_select", "slot_required": true, "slot_priority": "high", "customer_name": "Lan Anh", "known_slots": {"wedding_date": "02/02", "wedding_day_services_needed": null, "wedding_day_schedule": null, "desired_products_details": null}, "asked_slot_values": {"wedding_date": "02/02"}, "latest_user_message": "Em cưới ngày 02/02, bên mình còn lịch không ạ?", "recent_conversation_history": [{"role": "assistant", "content": "Dạ chị Lan Anh, chị muốn chụp pre-wedding, chụp/quay ngày cưới hay cả hai ạ?"}, {"role": "user", "content": "Cho em hỏi mình có nhận lịch gấp trong tuần này không?"}, {"role": "assistant", "content": "Dạ chị Lan Anh, chị đã chốt ngày cưới cụ thể là ngày nào ạ?"}, {"role": "user", "content": "Em cưới ngày 02/02, bên mình còn lịch không ạ?"}, {"role": "user", "content": "Em cưới ngày 02/02, bên mình còn lịch không ạ?"}]}
OUTPUT:
{"question":"Dạ chị Lan Anh, ngày 02/02 chị cần dịch vụ gì trong ngày cưới: chụp, quay, makeup, trang phục hay full combo ạ?"}

=== CASE 489 | detect_intent ===
INPUT:
{"current_message": "Nếu cưới tháng 12 thì mình book trước mấy tháng ạ?", "history_last_5": ["Bên mình có nhận lịch cưới vào dịp Tết không ạ?", "Bên mình có nhận lịch cưới vào dịp Tết không ạ?", "Em cưới ngày 02/02, bên mình còn lịch không ạ?", "Em cưới ngày 02/02, bên mình còn lịch không ạ?", "Em cưới ngày 02/02, bên mình còn lịch không ạ?"], "asked_slots": ["wedding_date"], "missing_slots": ["wedding_day_services_needed", "wedding_day_schedule", "desired_products_details"]}
OUTPUT:
{"intent":"ask_service_info","confidence":0.95}

=== CASE 490 | detect_branch ===
INPUT:
{"intent": "ask_service_info", "branch_hint": null, "text": "Nếu cưới tháng 12 thì mình book trước mấy tháng ạ?", "branch_options": [{"name": "greeting_initial_qualification", "label": "Xác định đã có ngày cưới chưa và khách quan tâm chụp pre-wedding, ngày cưới, hay cả hai."}, {"name": "prewedding_consultation", "label": "Tư vấn chụp pre-wedding (studio/ngoại cảnh), concept, địa điểm, số lượng, sản phẩm mong muốn."}, {"name": "wedding_day_consultation", "label": "Tư vấn dịch vụ ngày cưới (chụp/quay/makeup/trang phục), ngày cưới, lịch trình trong ngày, nhu cầu số lượng máy/cam."}, {"name": "resort_wedding_consultation", "label": "Tư vấn tiệc cưới kiểu riêng tư/resort: ý tưởng, địa điểm tổ chức, resort cụ thể, timeline, có wedding planner hay tự làm."}]}
OUTPUT:
{"branch":"wedding_day_consultation","confidence":0.95}

=== CASE 491 | detect_slots ===
INPUT:
{"intent": "ask_service_info", "branch_name": "wedding_day_consultation", "text": "Nếu cưới tháng 12 thì mình book trước mấy tháng ạ?", "slot_options": [{"name": "wedding_date", "label": "Ngày cưới", "description": "Ngày cưới cụ thể của khách (nếu đã chốt)."}, {"name": "desired_products_details", "label": "Mong muốn về sản phẩm/chi tiết gói", "description": "Các yêu cầu thêm về sản phẩm: chất liệu, số lượng ảnh, v.v."}, {"name": "wedding_day_services_needed", "label": "Dịch vụ ngày cưới cần dùng", "description": "Khách cần dịch vụ nào trong ngày cưới: chụp, quay, makeup, trang phục; hoặc full combo."}, {"name": "wedding_day_schedule", "label": "Lịch trình ngày cưới", "description": "Lịch trình diễn ra trong ngày cưới (ví dụ sáng gia tiên rước dâu, chiều tiệc nhà hàng...)."}]}
OUTPUT:
[
  {
    "slot": "wedding_date",
    "value": "tháng 12",
    "confidence": 0.9
  }
]

=== CASE 492 | generate_slot_question ===
INPUT:
{"intent": "ask_service_info", "branch": "wedding_day_consultation", "target_slot": "wedding_day_services_needed", "slot_label": "Dịch vụ ngày cưới cần dùng", "slot_description": "Khách cần dịch vụ nào trong ngày cưới: chụp, quay, makeup, trang phục; hoặc full combo.", "slot_evidence": ["Trong ngày cưới bên em có những dịch vụ như chụp, quay, makeup và trang phục (váy, vest, áo dài CDCR). Ac đang cần 1 trong những dv trên hay sẽ cần full combo luôn ạ"], "slot_synonyms": ["cần dịch vụ gì", "chỉ cần chụp/quay", "full combo"], "slot_examples": ["chụp", "quay", "makeup", "trang phục", "full combo"], "slot_applies_to": ["wedding_day_consultation"], "slot_type": "multi_select", "slot_required": true, "slot_priority": "high", "customer_name": "Khánh Linh", "known_slots": {"wedding_date": "tháng 12", "wedding_day_services_needed": null, "wedding_day_schedule": null, "desired_products_details": null}, "asked_slot_values": {"wedding_date": "tháng 12"}, "latest_user_message": "Nếu cưới tháng 12 thì mình book trước mấy tháng ạ?", "recent_conversation_history": [{"role": "user", "content": "Em cưới ngày 02/02, bên mình còn lịch không ạ?"}, {"role": "assistant", "content": "Dạ chị Khánh Linh, chị cần dịch vụ nào trong ngày cưới: chụp, quay, makeup, trang phục (váy/vest/áo dài) hay full combo ạ?"}, {"role": "user", "content": "Em cưới ngày 02/02, bên mình còn lịch không ạ?"}, {"role": "user", "content": "Nếu cưới tháng 12 thì mình book trước mấy tháng ạ?"}, {"role": "user", "content": "Nếu cưới tháng 12 thì mình book trước mấy tháng ạ?"}]}
OUTPUT:
{
  "question": "Dạ chị Khánh Linh, chị cần dịch vụ nào trong ngày cưới—chụp, quay, makeup, trang phục (váy/vest/áo dài) hay full combo ạ?"
}

=== CASE 493 | detect_intent ===
INPUT:
{"current_message": "Nếu ngày cưới trùng lễ thì giá có khác không ạ?", "history_last_5": ["Anh/chị cho em hỏi nếu cưới cuối tháng 11 thì có ưu đãi gì không?", "Anh/chị cho em hỏi nếu cưới cuối tháng 11 thì có ưu đãi gì không?", "Tụi em dự kiến cưới đầu tháng 4, bên mình sắp xếp được không?", "Tụi em dự kiến cưới đầu tháng 4, bên mình sắp xếp được không?", "Cho em hỏi mình có nhận lịch gấp trong tuần này không?"], "asked_slots": [], "missing_slots": ["wedding_date", "service_interest"]}
OUTPUT:
{"intent":"price_request","confidence":0.95}

=== CASE 494 | detect_branch ===
INPUT:
{"intent": "price_request", "branch_hint": null, "text": "Nếu ngày cưới trùng lễ thì giá có khác không ạ?", "branch_options": [{"name": "greeting_initial_qualification", "label": "Xác định đã có ngày cưới chưa và khách quan tâm chụp pre-wedding, ngày cưới, hay cả hai."}, {"name": "prewedding_consultation", "label": "Tư vấn chụp pre-wedding (studio/ngoại cảnh), concept, địa điểm, số lượng, sản phẩm mong muốn."}, {"name": "wedding_day_consultation", "label": "Tư vấn dịch vụ ngày cưới (chụp/quay/makeup/trang phục), ngày cưới, lịch trình trong ngày, nhu cầu số lượng máy/cam."}, {"name": "resort_wedding_consultation", "label": "Tư vấn tiệc cưới kiểu riêng tư/resort: ý tưởng, địa điểm tổ chức, resort cụ thể, timeline, có wedding planner hay tự làm."}]}
OUTPUT:
{"branch":"wedding_day_consultation","confidence":0.9}

=== CASE 495 | detect_slots ===
INPUT:
{"intent": "price_request", "branch_name": "wedding_day_consultation", "text": "Nếu ngày cưới trùng lễ thì giá có khác không ạ?", "slot_options": [{"name": "wedding_date", "label": "Ngày cưới", "description": "Ngày cưới cụ thể của khách (nếu đã chốt)."}, {"name": "desired_products_details", "label": "Mong muốn về sản phẩm/chi tiết gói", "description": "Các yêu cầu thêm về sản phẩm: chất liệu, số lượng ảnh, v.v."}, {"name": "wedding_day_services_needed", "label": "Dịch vụ ngày cưới cần dùng", "description": "Khách cần dịch vụ nào trong ngày cưới: chụp, quay, makeup, trang phục; hoặc full combo."}, {"name": "wedding_day_schedule", "label": "Lịch trình ngày cưới", "description": "Lịch trình diễn ra trong ngày cưới (ví dụ sáng gia tiên rước dâu, chiều tiệc nhà hàng...)."}]}
OUTPUT:
[
  {
    "slot": "wedding_date",
    "value": "ngày cưới trùng lễ",
    "confidence": 0.9
  }
]

=== CASE 496 | generate_slot_question ===
INPUT:
{"intent": "price_request", "branch": "wedding_day_consultation", "target_slot": "wedding_day_services_needed", "slot_label": "Dịch vụ ngày cưới cần dùng", "slot_description": "Khách cần dịch vụ nào trong ngày cưới: chụp, quay, makeup, trang phục; hoặc full combo.", "slot_evidence": ["Trong ngày cưới bên em có những dịch vụ như chụp, quay, makeup và trang phục (váy, vest, áo dài CDCR). Ac đang cần 1 trong những dv trên hay sẽ cần full combo luôn ạ"], "slot_synonyms": ["cần dịch vụ gì", "chỉ cần chụp/quay", "full combo"], "slot_examples": ["chụp", "quay", "makeup", "trang phục", "full combo"], "slot_applies_to": ["wedding_day_consultation"], "slot_type": "multi_select", "slot_required": true, "slot_priority": "high", "customer_name": "Kim Anh", "known_slots": {"wedding_date": "ngày cưới trùng lễ", "wedding_day_services_needed": null, "wedding_day_schedule": null, "desired_products_details": null}, "asked_slot_values": {"wedding_date": "ngày cưới trùng lễ"}, "latest_user_message": "Nếu ngày cưới trùng lễ thì giá có khác không ạ?", "recent_conversation_history": [{"role": "user", "content": "Tụi em dự kiến cưới đầu tháng 4, bên mình sắp xếp được không?"}, {"role": "assistant", "content": "Dạ chị Kim Anh, chị dự định cần dịch vụ nào trong ngày cưới: chụp, quay, makeup, trang phục hay full combo ạ?"}, {"role": "user", "content": "Cho em hỏi mình có nhận lịch gấp trong tuần này không?"}, {"role": "assistant", "content": "Dạ chị Kim Anh, ngày cưới cụ thể của chị là ngày nào ạ?"}, {"role": "user", "content": "Nếu ngày cưới trùng lễ thì giá có khác không ạ?"}]}
OUTPUT:
{"question":"Dạ chị Kim Anh, chị sẽ cần những dịch vụ nào trong ngày cưới: chụp, quay, makeup, trang phục hay full combo ạ?"}

=== CASE 497 | detect_intent ===
INPUT:
{"current_message": "Ngày cưới em là 18/11, cần gặp tư vấn trước không ạ?", "history_last_5": ["Em cưới ngày 02/02, bên mình còn lịch không ạ?", "Em cưới ngày 02/02, bên mình còn lịch không ạ?", "Em cưới ngày 02/02, bên mình còn lịch không ạ?", "Nếu cưới tháng 12 thì mình book trước mấy tháng ạ?", "Nếu cưới tháng 12 thì mình book trước mấy tháng ạ?"], "asked_slots": ["wedding_date"], "missing_slots": ["wedding_day_services_needed", "wedding_day_schedule", "desired_products_details"]}
OUTPUT:
{"intent":"ask_service_info","confidence":0.95}

=== CASE 498 | detect_branch ===
INPUT:
{"intent": "ask_service_info", "branch_hint": null, "text": "Ngày cưới em là 18/11, cần gặp tư vấn trước không ạ?", "branch_options": [{"name": "greeting_initial_qualification", "label": "Xác định đã có ngày cưới chưa và khách quan tâm chụp pre-wedding, ngày cưới, hay cả hai."}, {"name": "prewedding_consultation", "label": "Tư vấn chụp pre-wedding (studio/ngoại cảnh), concept, địa điểm, số lượng, sản phẩm mong muốn."}, {"name": "wedding_day_consultation", "label": "Tư vấn dịch vụ ngày cưới (chụp/quay/makeup/trang phục), ngày cưới, lịch trình trong ngày, nhu cầu số lượng máy/cam."}, {"name": "resort_wedding_consultation", "label": "Tư vấn tiệc cưới kiểu riêng tư/resort: ý tưởng, địa điểm tổ chức, resort cụ thể, timeline, có wedding planner hay tự làm."}]}
OUTPUT:
{"branch":"wedding_day_consultation","confidence":0.95}

=== CASE 499 | detect_slots ===
INPUT:
{"intent": "ask_service_info", "branch_name": "wedding_day_consultation", "text": "Ngày cưới em là 18/11, cần gặp tư vấn trước không ạ?", "slot_options": [{"name": "wedding_date", "label": "Ngày cưới", "description": "Ngày cưới cụ thể của khách (nếu đã chốt)."}, {"name": "desired_products_details", "label": "Mong muốn về sản phẩm/chi tiết gói", "description": "Các yêu cầu thêm về sản phẩm: chất liệu, số lượng ảnh, v.v."}, {"name": "wedding_day_services_needed", "label": "Dịch vụ ngày cưới cần dùng", "description": "Khách cần dịch vụ nào trong ngày cưới: chụp, quay, makeup, trang phục; hoặc full combo."}, {"name": "wedding_day_schedule", "label": "Lịch trình ngày cưới", "description": "Lịch trình diễn ra trong ngày cưới (ví dụ sáng gia tiên rước dâu, chiều tiệc nhà hàng...)."}]}
OUTPUT:
[
  {
    "slot": "wedding_date",
    "value": "18/11",
    "confidence": 0.95
  }
]

=== CASE 500 | generate_slot_question ===
INPUT:
{"intent": "ask_service_info", "branch": "wedding_day_consultation", "target_slot": "wedding_day_services_needed", "slot_label": "Dịch vụ ngày cưới cần dùng", "slot_description": "Khách cần dịch vụ nào trong ngày cưới: chụp, quay, makeup, trang phục; hoặc full combo.", "slot_evidence": ["Trong ngày cưới bên em có những dịch vụ như chụp, quay, makeup và trang phục (váy, vest, áo dài CDCR). Ac đang cần 1 trong những dv trên hay sẽ cần full combo luôn ạ"], "slot_synonyms": ["cần dịch vụ gì", "chỉ cần chụp/quay", "full combo"], "slot_examples": ["chụp", "quay", "makeup", "trang phục", "full combo"], "slot_applies_to": ["wedding_day_consultation"], "slot_type": "multi_select", "slot_required": true, "slot_priority": "high", "customer_name": "Khánh Linh", "known_slots": {"wedding_date": "18/11", "wedding_day_services_needed": null, "wedding_day_schedule": null, "desired_products_details": null}, "asked_slot_values": {"wedding_date": "18/11"}, "latest_user_message": "Ngày cưới em là 18/11, cần gặp tư vấn trước không ạ?", "recent_conversation_history": [{"role": "user", "content": "Nếu cưới tháng 12 thì mình book trước mấy tháng ạ?"}, {"role": "user", "content": "Nếu cưới tháng 12 thì mình book trước mấy tháng ạ?"}, {"role": "assistant", "content": "Dạ chị Khánh Linh, chị cần dịch vụ nào trong ngày cưới—chụp, quay, makeup, trang phục (váy/vest/áo dài) hay full combo ạ?"}, {"role": "user", "content": "Ngày cưới em là 18/11, cần gặp tư vấn trước không ạ?"}, {"role": "user", "content": "Ngày cưới em là 18/11, cần gặp tư vấn trước không ạ?"}]}
OUTPUT:
{
  "question": "Dạ chị Khánh Linh, 18/11 chị cần dịch vụ gì trong ngày cưới: chụp, quay, makeup, trang phục hay full combo ạ?"
}

=== CASE 501 | detect_intent ===
INPUT:
{"current_message": "Em muốn hỏi ngày cưới tháng 6 còn lịch không ạ?", "history_last_5": ["Bên mình có nhận lịch cưới vào dịp Tết không ạ?", "Em chưa chốt ngày cưới, bên mình tư vấn giúp được không?", "Nếu cưới tháng 12 thì mình book trước mấy tháng ạ?"], "asked_slots": ["wedding_date"], "missing_slots": ["wedding_day_services_needed", "wedding_day_schedule", "desired_products_details"]}
OUTPUT:
{"intent": "ask_service_info", "confidence": 0.95}

=== CASE 502 | detect_branch ===
INPUT:
{"intent": "ask_service_info", "branch_hint": null, "text": "Em muốn hỏi ngày cưới tháng 6 còn lịch không ạ?", "branch_options": [{"name": "greeting_initial_qualification", "label": "Xác định đã có ngày cưới chưa và khách quan tâm chụp pre-wedding, ngày cưới, hay cả hai."}, {"name": "prewedding_consultation", "label": "Tư vấn chụp pre-wedding (studio/ngoại cảnh), concept, địa điểm, số lượng, sản phẩm mong muốn."}, {"name": "wedding_day_consultation", "label": "Tư vấn dịch vụ ngày cưới (chụp/quay/makeup/trang phục), ngày cưới, lịch trình trong ngày, nhu cầu số lượng máy/cam."}, {"name": "resort_wedding_consultation", "label": "Tư vấn tiệc cưới kiểu riêng tư/resort: ý tưởng, địa điểm tổ chức, resort cụ thể, timeline, có wedding planner hay tự làm."}]}
OUTPUT:
{"branch":"wedding_day_consultation","confidence":0.95}

=== CASE 503 | detect_slots ===
INPUT:
{"intent": "ask_service_info", "branch_name": "wedding_day_consultation", "text": "Em muốn hỏi ngày cưới tháng 6 còn lịch không ạ?", "slot_options": [{"name": "wedding_date", "label": "Ngày cưới", "description": "Ngày cưới cụ thể của khách (nếu đã chốt)."}, {"name": "desired_products_details", "label": "Mong muốn về sản phẩm/chi tiết gói", "description": "Các yêu cầu thêm về sản phẩm: chất liệu, số lượng ảnh, v.v."}, {"name": "wedding_day_services_needed", "label": "Dịch vụ ngày cưới cần dùng", "description": "Khách cần dịch vụ nào trong ngày cưới: chụp, quay, makeup, trang phục; hoặc full combo."}, {"name": "wedding_day_schedule", "label": "Lịch trình ngày cưới", "description": "Lịch trình diễn ra trong ngày cưới (ví dụ sáng gia tiên rước dâu, chiều tiệc nhà hàng...)."}]}
OUTPUT:
[
  {
    "slot": "wedding_date",
    "value": "tháng 6",
    "confidence": 0.9
  }
]

=== CASE 504 | generate_slot_question ===
INPUT:
{"intent": "ask_service_info", "branch": "wedding_day_consultation", "target_slot": "wedding_day_services_needed", "slot_label": "Dịch vụ ngày cưới cần dùng", "slot_description": "Khách cần dịch vụ nào trong ngày cưới: chụp, quay, makeup, trang phục; hoặc full combo.", "slot_evidence": ["Trong ngày cưới bên em có những dịch vụ như chụp, quay, makeup và trang phục (váy, vest, áo dài CDCR). Ac đang cần 1 trong những dv trên hay sẽ cần full combo luôn ạ"], "slot_synonyms": ["cần dịch vụ gì", "chỉ cần chụp/quay", "full combo"], "slot_examples": ["chụp", "quay", "makeup", "trang phục", "full combo"], "slot_applies_to": ["wedding_day_consultation"], "slot_type": "multi_select", "slot_required": true, "slot_priority": "high", "customer_name": "Thảo Vy", "known_slots": {"wedding_date": "tháng 6", "wedding_day_services_needed": null, "wedding_day_schedule": null, "desired_products_details": null}, "asked_slot_values": {"wedding_date": "tháng 6"}, "latest_user_message": "Em muốn hỏi ngày cưới tháng 6 còn lịch không ạ?", "recent_conversation_history": [{"role": "assistant", "content": "Dạ chị Thảo Vy, chị muốn chụp pre-wedding, chụp ngày cưới hay cả hai ạ?"}, {"role": "user", "content": "Nếu cưới tháng 12 thì mình book trước mấy tháng ạ?"}, {"role": "assistant", "content": "Dạ chị Thảo Vy, ngày cưới chị cần dịch vụ nào bên em hỗ trợ: chụp, quay, makeup, trang phục hay full combo ạ?"}, {"role": "user", "content": "Em muốn hỏi ngày cưới tháng 6 còn lịch không ạ?"}, {"role": "user", "content": "Em muốn hỏi ngày cưới tháng 6 còn lịch không ạ?"}]}
OUTPUT:
{"question":"Dạ chị Thảo Vy, ngày cưới tháng 6 chị cần những dịch vụ nào: chụp, quay, makeup, trang phục (váy/vest/áo dài) hay full combo ạ?"}

=== CASE 505 | detect_intent ===
INPUT:
{"current_message": "Anh/chị cho em hỏi nếu cưới cuối tháng 11 thì có ưu đãi gì không?", "history_last_5": ["Em chưa chốt ngày cưới, bên mình tư vấn giúp được không?", "Nếu em cưới vào ngày 30/9 thì cần đặt cọc bao nhiêu?"], "asked_slots": ["wedding_date"], "missing_slots": ["wedding_day_services_needed", "wedding_day_schedule", "desired_products_details"]}
OUTPUT:
{"intent":"price_request","confidence":0.95}

=== CASE 506 | detect_branch ===
INPUT:
{"intent": "price_request", "branch_hint": null, "text": "Anh/chị cho em hỏi nếu cưới cuối tháng 11 thì có ưu đãi gì không?", "branch_options": [{"name": "greeting_initial_qualification", "label": "Xác định đã có ngày cưới chưa và khách quan tâm chụp pre-wedding, ngày cưới, hay cả hai."}, {"name": "prewedding_consultation", "label": "Tư vấn chụp pre-wedding (studio/ngoại cảnh), concept, địa điểm, số lượng, sản phẩm mong muốn."}, {"name": "wedding_day_consultation", "label": "Tư vấn dịch vụ ngày cưới (chụp/quay/makeup/trang phục), ngày cưới, lịch trình trong ngày, nhu cầu số lượng máy/cam."}, {"name": "resort_wedding_consultation", "label": "Tư vấn tiệc cưới kiểu riêng tư/resort: ý tưởng, địa điểm tổ chức, resort cụ thể, timeline, có wedding planner hay tự làm."}]}
OUTPUT:
{"branch":"wedding_day_consultation","confidence":0.92}

=== CASE 507 | detect_slots ===
INPUT:
{"intent": "price_request", "branch_name": "wedding_day_consultation", "text": "Anh/chị cho em hỏi nếu cưới cuối tháng 11 thì có ưu đãi gì không?", "slot_options": [{"name": "wedding_date", "label": "Ngày cưới", "description": "Ngày cưới cụ thể của khách (nếu đã chốt)."}, {"name": "desired_products_details", "label": "Mong muốn về sản phẩm/chi tiết gói", "description": "Các yêu cầu thêm về sản phẩm: chất liệu, số lượng ảnh, v.v."}, {"name": "wedding_day_services_needed", "label": "Dịch vụ ngày cưới cần dùng", "description": "Khách cần dịch vụ nào trong ngày cưới: chụp, quay, makeup, trang phục; hoặc full combo."}, {"name": "wedding_day_schedule", "label": "Lịch trình ngày cưới", "description": "Lịch trình diễn ra trong ngày cưới (ví dụ sáng gia tiên rước dâu, chiều tiệc nhà hàng...)."}]}
OUTPUT:
[
  {
    "slot": "wedding_date",
    "value": "cuối tháng 11",
    "confidence": 0.0
  }
]

=== CASE 508 | generate_slot_question ===
INPUT:
{"intent": "price_request", "branch": "wedding_day_consultation", "target_slot": "wedding_day_services_needed", "slot_label": "Dịch vụ ngày cưới cần dùng", "slot_description": "Khách cần dịch vụ nào trong ngày cưới: chụp, quay, makeup, trang phục; hoặc full combo.", "slot_evidence": ["Trong ngày cưới bên em có những dịch vụ như chụp, quay, makeup và trang phục (váy, vest, áo dài CDCR). Ac đang cần 1 trong những dv trên hay sẽ cần full combo luôn ạ"], "slot_synonyms": ["cần dịch vụ gì", "chỉ cần chụp/quay", "full combo"], "slot_examples": ["chụp", "quay", "makeup", "trang phục", "full combo"], "slot_applies_to": ["wedding_day_consultation"], "slot_type": "multi_select", "slot_required": true, "slot_priority": "high", "customer_name": "Thuỳ Dung", "known_slots": {"wedding_date": "cuối tháng 11", "wedding_day_services_needed": null, "wedding_day_schedule": null, "desired_products_details": null}, "asked_slot_values": {"wedding_date": "cuối tháng 11"}, "latest_user_message": "Anh/chị cho em hỏi nếu cưới cuối tháng 11 thì có ưu đãi gì không?", "recent_conversation_history": [{"role": "assistant", "content": "Dạ chị Thuỳ Dung đã chốt ngày cưới cụ thể chưa ạ?"}, {"role": "user", "content": "Nếu em cưới vào ngày 30/9 thì cần đặt cọc bao nhiêu?"}, {"role": "assistant", "content": "Dạ chị Thuỳ Dung, ngày 30/9 mình sẽ cần dịch vụ nào trong ngày cưới: chụp, quay, makeup, trang phục hay full combo ạ?"}, {"role": "user", "content": "Anh/chị cho em hỏi nếu cưới cuối tháng 11 thì có ưu đãi gì không?"}, {"role": "user", "content": "Anh/chị cho em hỏi nếu cưới cuối tháng 11 thì có ưu đãi gì không?"}]}
OUTPUT:
{"question":"Dạ chị Thuỳ Dung, chị dự định cần dịch vụ nào trong ngày cưới: chụp, quay, makeup, trang phục hay full combo ạ?"}

=== CASE 509 | detect_intent ===
INPUT:
{"current_message": "Nếu em cưới vào ngày 30/9 thì cần đặt cọc bao nhiêu?", "history_last_5": ["Nếu em cưới vào ngày 30/9 thì cần đặt cọc bao nhiêu?", "Em chưa chốt ngày cưới, bên mình tư vấn giúp được không?"], "asked_slots": ["wedding_date"], "missing_slots": ["service_interest"]}
OUTPUT:
{"intent":"price_request","confidence":0.95}

=== CASE 510 | detect_branch ===
INPUT:
{"intent": "price_request", "branch_hint": null, "text": "Nếu em cưới vào ngày 30/9 thì cần đặt cọc bao nhiêu?", "branch_options": [{"name": "greeting_initial_qualification", "label": "Xác định đã có ngày cưới chưa và khách quan tâm chụp pre-wedding, ngày cưới, hay cả hai."}, {"name": "prewedding_consultation", "label": "Tư vấn chụp pre-wedding (studio/ngoại cảnh), concept, địa điểm, số lượng, sản phẩm mong muốn."}, {"name": "wedding_day_consultation", "label": "Tư vấn dịch vụ ngày cưới (chụp/quay/makeup/trang phục), ngày cưới, lịch trình trong ngày, nhu cầu số lượng máy/cam."}, {"name": "resort_wedding_consultation", "label": "Tư vấn tiệc cưới kiểu riêng tư/resort: ý tưởng, địa điểm tổ chức, resort cụ thể, timeline, có wedding planner hay tự làm."}]}
OUTPUT:
{"branch":"wedding_day_consultation","confidence":0.92}

=== CASE 511 | detect_slots ===
INPUT:
{"intent": "price_request", "branch_name": "wedding_day_consultation", "text": "Nếu em cưới vào ngày 30/9 thì cần đặt cọc bao nhiêu?", "slot_options": [{"name": "wedding_date", "label": "Ngày cưới", "description": "Ngày cưới cụ thể của khách (nếu đã chốt)."}, {"name": "desired_products_details", "label": "Mong muốn về sản phẩm/chi tiết gói", "description": "Các yêu cầu thêm về sản phẩm: chất liệu, số lượng ảnh, v.v."}, {"name": "wedding_day_services_needed", "label": "Dịch vụ ngày cưới cần dùng", "description": "Khách cần dịch vụ nào trong ngày cưới: chụp, quay, makeup, trang phục; hoặc full combo."}, {"name": "wedding_day_schedule", "label": "Lịch trình ngày cưới", "description": "Lịch trình diễn ra trong ngày cưới (ví dụ sáng gia tiên rước dâu, chiều tiệc nhà hàng...)."}]}
OUTPUT:
[
  {
    "slot": "wedding_date",
    "value": "30/9",
    "confidence": 0.95
  }
]

=== CASE 512 | generate_slot_question ===
INPUT:
{"intent": "price_request", "branch": "wedding_day_consultation", "target_slot": "wedding_day_services_needed", "slot_label": "Dịch vụ ngày cưới cần dùng", "slot_description": "Khách cần dịch vụ nào trong ngày cưới: chụp, quay, makeup, trang phục; hoặc full combo.", "slot_evidence": ["Trong ngày cưới bên em có những dịch vụ như chụp, quay, makeup và trang phục (váy, vest, áo dài CDCR). Ac đang cần 1 trong những dv trên hay sẽ cần full combo luôn ạ"], "slot_synonyms": ["cần dịch vụ gì", "chỉ cần chụp/quay", "full combo"], "slot_examples": ["chụp", "quay", "makeup", "trang phục", "full combo"], "slot_applies_to": ["wedding_day_consultation"], "slot_type": "multi_select", "slot_required": true, "slot_priority": "high", "customer_name": "Minh Trang", "known_slots": {"wedding_date": "30/9", "wedding_day_services_needed": null, "wedding_day_schedule": null, "desired_products_details": null}, "asked_slot_values": {"wedding_date": "30/9"}, "latest_user_message": "Nếu em cưới vào ngày 30/9 thì cần đặt cọc bao nhiêu?", "recent_conversation_history": [{"role": "user", "content": "Nếu em cưới vào ngày 30/9 thì cần đặt cọc bao nhiêu?"}, {"role": "assistant", "content": "Dạ chị Minh Trang, ngày 30/9 chị cần dùng dịch vụ nào trong ngày cưới: chụp, quay, makeup, trang phục hay full combo ạ?"}, {"role": "user", "content": "Em chưa chốt ngày cưới, bên mình tư vấn giúp được không?"}, {"role": "assistant", "content": "Dạ chị Minh Trang, chị đang quan tâm chụp pre-wedding, chụp/quay ngày cưới hay cả hai ạ?"}, {"role": "user", "content": "Nếu em cưới vào ngày 30/9 thì cần đặt cọc bao nhiêu?"}]}
OUTPUT:
{"question":"Dạ chị Minh Trang, ngày 30/9 chị cần dịch vụ nào trong ngày cưới: chụp, quay, makeup, trang phục hay full combo ạ?"}

=== CASE 513 | detect_intent ===
INPUT:
{"current_message": "Em muốn hỏi ngày cưới nào còn lịch trong tháng 7?", "history_last_5": ["Em cưới ngày 02/02, bên mình còn lịch không ạ?", "Em muốn hỏi ngày cưới nào còn lịch trong tháng 7?", "Em muốn hỏi ngày cưới nào còn lịch trong tháng 7?"], "asked_slots": ["wedding_date"], "missing_slots": ["wedding_day_services_needed", "wedding_day_schedule", "desired_products_details"]}
OUTPUT:
{"intent":"ask_service_info","confidence":0.95}

=== CASE 514 | detect_branch ===
INPUT:
{"intent": "ask_service_info", "branch_hint": null, "text": "Em muốn hỏi ngày cưới nào còn lịch trong tháng 7?", "branch_options": [{"name": "greeting_initial_qualification", "label": "Xác định đã có ngày cưới chưa và khách quan tâm chụp pre-wedding, ngày cưới, hay cả hai."}, {"name": "prewedding_consultation", "label": "Tư vấn chụp pre-wedding (studio/ngoại cảnh), concept, địa điểm, số lượng, sản phẩm mong muốn."}, {"name": "wedding_day_consultation", "label": "Tư vấn dịch vụ ngày cưới (chụp/quay/makeup/trang phục), ngày cưới, lịch trình trong ngày, nhu cầu số lượng máy/cam."}, {"name": "resort_wedding_consultation", "label": "Tư vấn tiệc cưới kiểu riêng tư/resort: ý tưởng, địa điểm tổ chức, resort cụ thể, timeline, có wedding planner hay tự làm."}]}
OUTPUT:
{"branch":"wedding_day_consultation","confidence":0.95}

=== CASE 515 | detect_slots ===
INPUT:
{"intent": "ask_service_info", "branch_name": "wedding_day_consultation", "text": "Em muốn hỏi ngày cưới nào còn lịch trong tháng 7?", "slot_options": [{"name": "wedding_date", "label": "Ngày cưới", "description": "Ngày cưới cụ thể của khách (nếu đã chốt)."}, {"name": "desired_products_details", "label": "Mong muốn về sản phẩm/chi tiết gói", "description": "Các yêu cầu thêm về sản phẩm: chất liệu, số lượng ảnh, v.v."}, {"name": "wedding_day_services_needed", "label": "Dịch vụ ngày cưới cần dùng", "description": "Khách cần dịch vụ nào trong ngày cưới: chụp, quay, makeup, trang phục; hoặc full combo."}, {"name": "wedding_day_schedule", "label": "Lịch trình ngày cưới", "description": "Lịch trình diễn ra trong ngày cưới (ví dụ sáng gia tiên rước dâu, chiều tiệc nhà hàng...)."}]}
OUTPUT:
[
  {
    "slot": "wedding_date",
    "value": "tháng 7",
    "confidence": 0.9
  }
]

=== CASE 516 | generate_slot_question ===
INPUT:
{"intent": "ask_service_info", "branch": "wedding_day_consultation", "target_slot": "wedding_day_services_needed", "slot_label": "Dịch vụ ngày cưới cần dùng", "slot_description": "Khách cần dịch vụ nào trong ngày cưới: chụp, quay, makeup, trang phục; hoặc full combo.", "slot_evidence": ["Trong ngày cưới bên em có những dịch vụ như chụp, quay, makeup và trang phục (váy, vest, áo dài CDCR). Ac đang cần 1 trong những dv trên hay sẽ cần full combo luôn ạ"], "slot_synonyms": ["cần dịch vụ gì", "chỉ cần chụp/quay", "full combo"], "slot_examples": ["chụp", "quay", "makeup", "trang phục", "full combo"], "slot_applies_to": ["wedding_day_consultation"], "slot_type": "multi_select", "slot_required": true, "slot_priority": "high", "customer_name": "Bích Ngọc", "known_slots": {"wedding_date": "tháng 7", "wedding_day_services_needed": null, "wedding_day_schedule": null, "desired_products_details": null}, "asked_slot_values": {"wedding_date": "tháng 7"}, "latest_user_message": "Em muốn hỏi ngày cưới nào còn lịch trong tháng 7?", "recent_conversation_history": [{"role": "assistant", "content": "Dạ chị Bích Ngọc, ngày 02/02 bên em còn lịch ạ. Chị cần dịch vụ nào trong ngày cưới: chụp, quay, makeup, trang phục hay full combo?"}, {"role": "user", "content": "Em muốn hỏi ngày cưới nào còn lịch trong tháng 7?"}, {"role": "user", "content": "Em muốn hỏi ngày cưới nào còn lịch trong tháng 7?"}, {"role": "assistant", "content": "Dạ chị Bích Ngọc, chị cần dịch vụ gì trong ngày cưới: chụp, quay, makeup, trang phục hay full combo ạ?"}, {"role": "user", "content": "Em muốn hỏi ngày cưới nào còn lịch trong tháng 7?"}]}
OUTPUT:
{
  "question": "Dạ chị Bích Ngọc, chị cần những dịch vụ nào trong ngày cưới (có thể chọn nhiều): chụp, quay, makeup, trang phục hay full combo ạ?"
}

=== CASE 517 | detect_intent ===
INPUT:
{"current_message": "Em muốn hỏi ngày cưới nào còn lịch trong tháng 7?", "history_last_5": ["Tụi em dự kiến cưới đầu tháng 4, bên mình sắp xếp được không?", "Cho em hỏi lịch cưới tháng 9 bên mình có kín không?", "Cho em hỏi lịch cưới tháng 9 bên mình có kín không?", "Ngày cưới của tụi em dự kiến tháng 5, bên mình còn lịch không ạ?", "Ngày cưới của tụi em dự kiến tháng 5, bên mình còn lịch không ạ?"], "asked_slots": ["wedding_date"], "missing_slots": ["wedding_day_services_needed", "wedding_day_schedule", "desired_products_details"]}
OUTPUT:
{"intent":"ask_service_info","confidence":0.98}

=== CASE 518 | detect_branch ===
INPUT:
{"intent": "ask_service_info", "branch_hint": null, "text": "Em muốn hỏi ngày cưới nào còn lịch trong tháng 7?", "branch_options": [{"name": "greeting_initial_qualification", "label": "Xác định đã có ngày cưới chưa và khách quan tâm chụp pre-wedding, ngày cưới, hay cả hai."}, {"name": "prewedding_consultation", "label": "Tư vấn chụp pre-wedding (studio/ngoại cảnh), concept, địa điểm, số lượng, sản phẩm mong muốn."}, {"name": "wedding_day_consultation", "label": "Tư vấn dịch vụ ngày cưới (chụp/quay/makeup/trang phục), ngày cưới, lịch trình trong ngày, nhu cầu số lượng máy/cam."}, {"name": "resort_wedding_consultation", "label": "Tư vấn tiệc cưới kiểu riêng tư/resort: ý tưởng, địa điểm tổ chức, resort cụ thể, timeline, có wedding planner hay tự làm."}]}
OUTPUT:
{"branch":"wedding_day_consultation","confidence":0.95}

=== CASE 519 | detect_slots ===
INPUT:
{"intent": "ask_service_info", "branch_name": "wedding_day_consultation", "text": "Em muốn hỏi ngày cưới nào còn lịch trong tháng 7?", "slot_options": [{"name": "wedding_date", "label": "Ngày cưới", "description": "Ngày cưới cụ thể của khách (nếu đã chốt)."}, {"name": "desired_products_details", "label": "Mong muốn về sản phẩm/chi tiết gói", "description": "Các yêu cầu thêm về sản phẩm: chất liệu, số lượng ảnh, v.v."}, {"name": "wedding_day_services_needed", "label": "Dịch vụ ngày cưới cần dùng", "description": "Khách cần dịch vụ nào trong ngày cưới: chụp, quay, makeup, trang phục; hoặc full combo."}, {"name": "wedding_day_schedule", "label": "Lịch trình ngày cưới", "description": "Lịch trình diễn ra trong ngày cưới (ví dụ sáng gia tiên rước dâu, chiều tiệc nhà hàng...)."}]}
OUTPUT:
[
  {
    "slot": "wedding_date",
    "value": "tháng 7",
    "confidence": 0.0
  }
]

=== CASE 520 | generate_slot_question ===
INPUT:
{"intent": "ask_service_info", "branch": "wedding_day_consultation", "target_slot": "wedding_day_services_needed", "slot_label": "Dịch vụ ngày cưới cần dùng", "slot_description": "Khách cần dịch vụ nào trong ngày cưới: chụp, quay, makeup, trang phục; hoặc full combo.", "slot_evidence": ["Trong ngày cưới bên em có những dịch vụ như chụp, quay, makeup và trang phục (váy, vest, áo dài CDCR). Ac đang cần 1 trong những dv trên hay sẽ cần full combo luôn ạ"], "slot_synonyms": ["cần dịch vụ gì", "chỉ cần chụp/quay", "full combo"], "slot_examples": ["chụp", "quay", "makeup", "trang phục", "full combo"], "slot_applies_to": ["wedding_day_consultation"], "slot_type": "multi_select", "slot_required": true, "slot_priority": "high", "customer_name": "Tú Anh", "known_slots": {"wedding_date": "tháng 7", "wedding_day_services_needed": null, "wedding_day_schedule": null, "desired_products_details": null}, "asked_slot_values": {"wedding_date": "tháng 7"}, "latest_user_message": "Em muốn hỏi ngày cưới nào còn lịch trong tháng 7?", "recent_conversation_history": [{"role": "user", "content": "Ngày cưới của tụi em dự kiến tháng 5, bên mình còn lịch không ạ?"}, {"role": "user", "content": "Ngày cưới của tụi em dự kiến tháng 5, bên mình còn lịch không ạ?"}, {"role": "assistant", "content": "Dạ chị Tú Anh, ngày cưới chị cần dịch vụ nào: chụp, quay, makeup, trang phục (váy/vest/áo dài) hay full combo ạ?"}, {"role": "user", "content": "Em muốn hỏi ngày cưới nào còn lịch trong tháng 7?"}, {"role": "user", "content": "Em muốn hỏi ngày cưới nào còn lịch trong tháng 7?"}]}
OUTPUT:
{
  "question": "Dạ chị Tú Anh, chị cần dịch vụ nào trong ngày cưới: chụp, quay, makeup, trang phục hay full combo ạ?"
}

=== CASE 521 | detect_intent ===
INPUT:
{"current_message": "Em muốn hỏi ngày cưới tháng 6 còn lịch không ạ?", "history_last_5": ["Bên mình có nhận lịch cưới vào dịp Tết không ạ?", "Anh/chị cho em hỏi lịch ngày 15/8 còn trống không ạ?", "Anh/chị cho em hỏi lịch ngày 15/8 còn trống không ạ?"], "asked_slots": ["wedding_date"], "missing_slots": ["wedding_day_services_needed", "wedding_day_schedule", "desired_products_details"]}
OUTPUT:
{
  "intent": "ask_service_info",
  "confidence": 0.95
}

=== CASE 522 | detect_branch ===
INPUT:
{"intent": "ask_service_info", "branch_hint": null, "text": "Em muốn hỏi ngày cưới tháng 6 còn lịch không ạ?", "branch_options": [{"name": "greeting_initial_qualification", "label": "Xác định đã có ngày cưới chưa và khách quan tâm chụp pre-wedding, ngày cưới, hay cả hai."}, {"name": "prewedding_consultation", "label": "Tư vấn chụp pre-wedding (studio/ngoại cảnh), concept, địa điểm, số lượng, sản phẩm mong muốn."}, {"name": "wedding_day_consultation", "label": "Tư vấn dịch vụ ngày cưới (chụp/quay/makeup/trang phục), ngày cưới, lịch trình trong ngày, nhu cầu số lượng máy/cam."}, {"name": "resort_wedding_consultation", "label": "Tư vấn tiệc cưới kiểu riêng tư/resort: ý tưởng, địa điểm tổ chức, resort cụ thể, timeline, có wedding planner hay tự làm."}]}
OUTPUT:
{"branch":"wedding_day_consultation","confidence":0.95}

=== CASE 523 | detect_slots ===
INPUT:
{"intent": "ask_service_info", "branch_name": "wedding_day_consultation", "text": "Em muốn hỏi ngày cưới tháng 6 còn lịch không ạ?", "slot_options": [{"name": "wedding_date", "label": "Ngày cưới", "description": "Ngày cưới cụ thể của khách (nếu đã chốt)."}, {"name": "desired_products_details", "label": "Mong muốn về sản phẩm/chi tiết gói", "description": "Các yêu cầu thêm về sản phẩm: chất liệu, số lượng ảnh, v.v."}, {"name": "wedding_day_services_needed", "label": "Dịch vụ ngày cưới cần dùng", "description": "Khách cần dịch vụ nào trong ngày cưới: chụp, quay, makeup, trang phục; hoặc full combo."}, {"name": "wedding_day_schedule", "label": "Lịch trình ngày cưới", "description": "Lịch trình diễn ra trong ngày cưới (ví dụ sáng gia tiên rước dâu, chiều tiệc nhà hàng...)."}]}
OUTPUT:
[
  {
    "slot": "wedding_date",
    "value": "tháng 6",
    "confidence": 0.9
  }
]

=== CASE 524 | generate_slot_question ===
INPUT:
{"intent": "ask_service_info", "branch": "wedding_day_consultation", "target_slot": "wedding_day_services_needed", "slot_label": "Dịch vụ ngày cưới cần dùng", "slot_description": "Khách cần dịch vụ nào trong ngày cưới: chụp, quay, makeup, trang phục; hoặc full combo.", "slot_evidence": ["Trong ngày cưới bên em có những dịch vụ như chụp, quay, makeup và trang phục (váy, vest, áo dài CDCR). Ac đang cần 1 trong những dv trên hay sẽ cần full combo luôn ạ"], "slot_synonyms": ["cần dịch vụ gì", "chỉ cần chụp/quay", "full combo"], "slot_examples": ["chụp", "quay", "makeup", "trang phục", "full combo"], "slot_applies_to": ["wedding_day_consultation"], "slot_type": "multi_select", "slot_required": true, "slot_priority": "high", "customer_name": "Mai Phương", "known_slots": {"wedding_date": "tháng 6", "wedding_day_services_needed": null, "wedding_day_schedule": null, "desired_products_details": null}, "asked_slot_values": {"wedding_date": "tháng 6"}, "latest_user_message": "Em muốn hỏi ngày cưới tháng 6 còn lịch không ạ?", "recent_conversation_history": [{"role": "user", "content": "Anh/chị cho em hỏi lịch ngày 15/8 còn trống không ạ?"}, {"role": "user", "content": "Anh/chị cho em hỏi lịch ngày 15/8 còn trống không ạ?"}, {"role": "assistant", "content": "Dạ chị Mai Phương, ngày 15/8 chị cần những dịch vụ nào trong ngày cưới: chụp, quay, makeup, trang phục hay full combo ạ?"}, {"role": "user", "content": "Em muốn hỏi ngày cưới tháng 6 còn lịch không ạ?"}, {"role": "user", "content": "Em muốn hỏi ngày cưới tháng 6 còn lịch không ạ?"}]}
OUTPUT:
{
  "question": "Dạ chị Mai Phương, ngày cưới tháng 6 chị cần dịch vụ nào: chụp, quay, makeup, trang phục hay full combo ạ?"
}

=== CASE 525 | detect_intent ===
INPUT:
{"current_message": "Cho em hỏi lịch cưới tháng 9 bên mình có kín không?", "history_last_5": ["Tụi em dự kiến cưới đầu tháng 4, bên mình sắp xếp được không?", "Em dự kiến cưới tháng 1, cần chuẩn bị gì trước?", "Cho em hỏi mình có nhận lịch gấp trong tuần này không?", "Em cưới ngày 02/02, bên mình còn lịch không ạ?", "Em cưới ngày 02/02, bên mình còn lịch không ạ?"], "asked_slots": ["wedding_date"], "missing_slots": ["wedding_day_services_needed", "wedding_day_schedule", "desired_products_details"]}
OUTPUT:
{"intent":"ask_service_info","confidence":0.95}

=== CASE 526 | detect_branch ===
INPUT:
{"intent": "ask_service_info", "branch_hint": null, "text": "Cho em hỏi lịch cưới tháng 9 bên mình có kín không?", "branch_options": [{"name": "greeting_initial_qualification", "label": "Xác định đã có ngày cưới chưa và khách quan tâm chụp pre-wedding, ngày cưới, hay cả hai."}, {"name": "prewedding_consultation", "label": "Tư vấn chụp pre-wedding (studio/ngoại cảnh), concept, địa điểm, số lượng, sản phẩm mong muốn."}, {"name": "wedding_day_consultation", "label": "Tư vấn dịch vụ ngày cưới (chụp/quay/makeup/trang phục), ngày cưới, lịch trình trong ngày, nhu cầu số lượng máy/cam."}, {"name": "resort_wedding_consultation", "label": "Tư vấn tiệc cưới kiểu riêng tư/resort: ý tưởng, địa điểm tổ chức, resort cụ thể, timeline, có wedding planner hay tự làm."}]}
OUTPUT:
{"branch":"wedding_day_consultation","confidence":0.95}

=== CASE 527 | detect_slots ===
INPUT:
{"intent": "ask_service_info", "branch_name": "wedding_day_consultation", "text": "Cho em hỏi lịch cưới tháng 9 bên mình có kín không?", "slot_options": [{"name": "wedding_date", "label": "Ngày cưới", "description": "Ngày cưới cụ thể của khách (nếu đã chốt)."}, {"name": "desired_products_details", "label": "Mong muốn về sản phẩm/chi tiết gói", "description": "Các yêu cầu thêm về sản phẩm: chất liệu, số lượng ảnh, v.v."}, {"name": "wedding_day_services_needed", "label": "Dịch vụ ngày cưới cần dùng", "description": "Khách cần dịch vụ nào trong ngày cưới: chụp, quay, makeup, trang phục; hoặc full combo."}, {"name": "wedding_day_schedule", "label": "Lịch trình ngày cưới", "description": "Lịch trình diễn ra trong ngày cưới (ví dụ sáng gia tiên rước dâu, chiều tiệc nhà hàng...)."}]}
OUTPUT:
[
  {
    "slot": "wedding_date",
    "value": "tháng 9",
    "confidence": 0.9
  }
]

=== CASE 528 | generate_slot_question ===
INPUT:
{"intent": "ask_service_info", "branch": "wedding_day_consultation", "target_slot": "wedding_day_services_needed", "slot_label": "Dịch vụ ngày cưới cần dùng", "slot_description": "Khách cần dịch vụ nào trong ngày cưới: chụp, quay, makeup, trang phục; hoặc full combo.", "slot_evidence": ["Trong ngày cưới bên em có những dịch vụ như chụp, quay, makeup và trang phục (váy, vest, áo dài CDCR). Ac đang cần 1 trong những dv trên hay sẽ cần full combo luôn ạ"], "slot_synonyms": ["cần dịch vụ gì", "chỉ cần chụp/quay", "full combo"], "slot_examples": ["chụp", "quay", "makeup", "trang phục", "full combo"], "slot_applies_to": ["wedding_day_consultation"], "slot_type": "multi_select", "slot_required": true, "slot_priority": "high", "customer_name": "Lan Anh", "known_slots": {"wedding_date": "tháng 9", "wedding_day_services_needed": null, "wedding_day_schedule": null, "desired_products_details": null}, "asked_slot_values": {"wedding_date": "tháng 9"}, "latest_user_message": "Cho em hỏi lịch cưới tháng 9 bên mình có kín không?", "recent_conversation_history": [{"role": "user", "content": "Em cưới ngày 02/02, bên mình còn lịch không ạ?"}, {"role": "user", "content": "Em cưới ngày 02/02, bên mình còn lịch không ạ?"}, {"role": "assistant", "content": "Dạ chị Lan Anh, ngày 02/02 chị cần dịch vụ gì trong ngày cưới: chụp, quay, makeup, trang phục hay full combo ạ?"}, {"role": "user", "content": "Cho em hỏi lịch cưới tháng 9 bên mình có kín không?"}, {"role": "user", "content": "Cho em hỏi lịch cưới tháng 9 bên mình có kín không?"}]}
OUTPUT:
{"question":"Dạ chị Lan Anh, chị cần dịch vụ nào trong ngày cưới: chụp, quay, makeup, trang phục (váy/vest/áo dài) hay full combo ạ?"}

=== CASE 529 | detect_intent ===
INPUT:
{"current_message": "Bên mình có nhận lịch cưới vào dịp Tết không ạ?", "history_last_5": ["Bên mình có nhận lịch cưới vào dịp Tết không ạ?", "Anh/chị cho em hỏi lịch ngày 15/8 còn trống không ạ?", "Anh/chị cho em hỏi lịch ngày 15/8 còn trống không ạ?", "Em muốn hỏi ngày cưới tháng 6 còn lịch không ạ?", "Em muốn hỏi ngày cưới tháng 6 còn lịch không ạ?"], "asked_slots": ["wedding_date"], "missing_slots": ["wedding_day_services_needed", "wedding_day_schedule", "desired_products_details"]}
OUTPUT:
{"intent":"ask_service_info","confidence":0.95}

=== CASE 530 | detect_branch ===
INPUT:
{"intent": "ask_service_info", "branch_hint": null, "text": "Bên mình có nhận lịch cưới vào dịp Tết không ạ?", "branch_options": [{"name": "greeting_initial_qualification", "label": "Xác định đã có ngày cưới chưa và khách quan tâm chụp pre-wedding, ngày cưới, hay cả hai."}, {"name": "prewedding_consultation", "label": "Tư vấn chụp pre-wedding (studio/ngoại cảnh), concept, địa điểm, số lượng, sản phẩm mong muốn."}, {"name": "wedding_day_consultation", "label": "Tư vấn dịch vụ ngày cưới (chụp/quay/makeup/trang phục), ngày cưới, lịch trình trong ngày, nhu cầu số lượng máy/cam."}, {"name": "resort_wedding_consultation", "label": "Tư vấn tiệc cưới kiểu riêng tư/resort: ý tưởng, địa điểm tổ chức, resort cụ thể, timeline, có wedding planner hay tự làm."}]}
OUTPUT:
{"branch":"wedding_day_consultation","confidence":0.95}

=== CASE 531 | detect_slots ===
INPUT:
{"intent": "ask_service_info", "branch_name": "wedding_day_consultation", "text": "Bên mình có nhận lịch cưới vào dịp Tết không ạ?", "slot_options": [{"name": "wedding_date", "label": "Ngày cưới", "description": "Ngày cưới cụ thể của khách (nếu đã chốt)."}, {"name": "desired_products_details", "label": "Mong muốn về sản phẩm/chi tiết gói", "description": "Các yêu cầu thêm về sản phẩm: chất liệu, số lượng ảnh, v.v."}, {"name": "wedding_day_services_needed", "label": "Dịch vụ ngày cưới cần dùng", "description": "Khách cần dịch vụ nào trong ngày cưới: chụp, quay, makeup, trang phục; hoặc full combo."}, {"name": "wedding_day_schedule", "label": "Lịch trình ngày cưới", "description": "Lịch trình diễn ra trong ngày cưới (ví dụ sáng gia tiên rước dâu, chiều tiệc nhà hàng...)."}]}
OUTPUT:
[
  {
    "slot": "wedding_date",
    "value": "dịp Tết",
    "confidence": 0.9
  }
]

=== CASE 532 | generate_slot_question ===
INPUT:
{"intent": "ask_service_info", "branch": "wedding_day_consultation", "target_slot": "wedding_day_services_needed", "slot_label": "Dịch vụ ngày cưới cần dùng", "slot_description": "Khách cần dịch vụ nào trong ngày cưới: chụp, quay, makeup, trang phục; hoặc full combo.", "slot_evidence": ["Trong ngày cưới bên em có những dịch vụ như chụp, quay, makeup và trang phục (váy, vest, áo dài CDCR). Ac đang cần 1 trong những dv trên hay sẽ cần full combo luôn ạ"], "slot_synonyms": ["cần dịch vụ gì", "chỉ cần chụp/quay", "full combo"], "slot_examples": ["chụp", "quay", "makeup", "trang phục", "full combo"], "slot_applies_to": ["wedding_day_consultation"], "slot_type": "multi_select", "slot_required": true, "slot_priority": "high", "customer_name": "Mai Phương", "known_slots": {"wedding_date": "dịp Tết", "wedding_day_services_needed": null, "wedding_day_schedule": null, "desired_products_details": null}, "asked_slot_values": {"wedding_date": "dịp Tết"}, "latest_user_message": "Bên mình có nhận lịch cưới vào dịp Tết không ạ?", "recent_conversation_history": [{"role": "user", "content": "Em muốn hỏi ngày cưới tháng 6 còn lịch không ạ?"}, {"role": "user", "content": "Em muốn hỏi ngày cưới tháng 6 còn lịch không ạ?"}, {"role": "assistant", "content": "Dạ chị Mai Phương, ngày cưới tháng 6 chị cần dịch vụ nào: chụp, quay, makeup, trang phục hay full combo ạ?"}, {"role": "user", "content": "Bên mình có nhận lịch cưới vào dịp Tết không ạ?"}, {"role": "user", "content": "Bên mình có nhận lịch cưới vào dịp Tết không ạ?"}]}
OUTPUT:
{
  "question": "Dạ chị Mai Phương, dịp Tết chị cần dịch vụ nào trong ngày cưới: chụp, quay, makeup, trang phục (váy/vest/áo dài) hay full combo ạ?"
}

=== CASE 533 | detect_intent ===
INPUT:
{"current_message": "Em định cưới ngày 20 tháng 3, cần đặt lịch trước bao lâu?", "history_last_5": ["Ngày cưới của tụi em dự kiến tháng 5, bên mình còn lịch không ạ?", "Ngày cưới của tụi em dự kiến tháng 5, bên mình còn lịch không ạ?", "Cho em hỏi mình có nhận lịch gấp trong tuần này không?", "Cho em hỏi mình có nhận lịch gấp trong tuần này không?", "Nếu em cưới giữa tháng 8 thì phí dịch vụ thế nào?"], "asked_slots": ["wedding_date"], "missing_slots": ["wedding_day_services_needed", "wedding_day_schedule", "desired_products_details"]}
OUTPUT:
{"intent":"ask_service_info","confidence":0.95}

=== CASE 534 | detect_branch ===
INPUT:
{"intent": "ask_service_info", "branch_hint": null, "text": "Em định cưới ngày 20 tháng 3, cần đặt lịch trước bao lâu?", "branch_options": [{"name": "greeting_initial_qualification", "label": "Xác định đã có ngày cưới chưa và khách quan tâm chụp pre-wedding, ngày cưới, hay cả hai."}, {"name": "prewedding_consultation", "label": "Tư vấn chụp pre-wedding (studio/ngoại cảnh), concept, địa điểm, số lượng, sản phẩm mong muốn."}, {"name": "wedding_day_consultation", "label": "Tư vấn dịch vụ ngày cưới (chụp/quay/makeup/trang phục), ngày cưới, lịch trình trong ngày, nhu cầu số lượng máy/cam."}, {"name": "resort_wedding_consultation", "label": "Tư vấn tiệc cưới kiểu riêng tư/resort: ý tưởng, địa điểm tổ chức, resort cụ thể, timeline, có wedding planner hay tự làm."}]}
OUTPUT:
{"branch":"wedding_day_consultation","confidence":0.95}

=== CASE 535 | detect_slots ===
INPUT:
{"intent": "ask_service_info", "branch_name": "wedding_day_consultation", "text": "Em định cưới ngày 20 tháng 3, cần đặt lịch trước bao lâu?", "slot_options": [{"name": "wedding_date", "label": "Ngày cưới", "description": "Ngày cưới cụ thể của khách (nếu đã chốt)."}, {"name": "desired_products_details", "label": "Mong muốn về sản phẩm/chi tiết gói", "description": "Các yêu cầu thêm về sản phẩm: chất liệu, số lượng ảnh, v.v."}, {"name": "wedding_day_services_needed", "label": "Dịch vụ ngày cưới cần dùng", "description": "Khách cần dịch vụ nào trong ngày cưới: chụp, quay, makeup, trang phục; hoặc full combo."}, {"name": "wedding_day_schedule", "label": "Lịch trình ngày cưới", "description": "Lịch trình diễn ra trong ngày cưới (ví dụ sáng gia tiên rước dâu, chiều tiệc nhà hàng...)."}]}
OUTPUT:
[
  {
    "slot": "wedding_date",
    "value": "20 tháng 3",
    "confidence": 0.9
  }
]

=== CASE 536 | generate_slot_question ===
INPUT:
{"intent": "ask_service_info", "branch": "wedding_day_consultation", "target_slot": "wedding_day_services_needed", "slot_label": "Dịch vụ ngày cưới cần dùng", "slot_description": "Khách cần dịch vụ nào trong ngày cưới: chụp, quay, makeup, trang phục; hoặc full combo.", "slot_evidence": ["Trong ngày cưới bên em có những dịch vụ như chụp, quay, makeup và trang phục (váy, vest, áo dài CDCR). Ac đang cần 1 trong những dv trên hay sẽ cần full combo luôn ạ"], "slot_synonyms": ["cần dịch vụ gì", "chỉ cần chụp/quay", "full combo"], "slot_examples": ["chụp", "quay", "makeup", "trang phục", "full combo"], "slot_applies_to": ["wedding_day_consultation"], "slot_type": "multi_select", "slot_required": true, "slot_priority": "high", "customer_name": "Như Ý", "known_slots": {"wedding_date": "20 tháng 3", "wedding_day_services_needed": null, "wedding_day_schedule": null, "desired_products_details": null}, "asked_slot_values": {"wedding_date": "20 tháng 3"}, "latest_user_message": "Em định cưới ngày 20 tháng 3, cần đặt lịch trước bao lâu?", "recent_conversation_history": [{"role": "user", "content": "Cho em hỏi mình có nhận lịch gấp trong tuần này không?"}, {"role": "user", "content": "Nếu em cưới giữa tháng 8 thì phí dịch vụ thế nào?"}, {"role": "assistant", "content": "Dạ chị Như Ý, chị cần những dịch vụ nào trong ngày cưới: chụp / quay / makeup / trang phục hay full combo (chị có thể chọn nhiều)?"}, {"role": "user", "content": "Em định cưới ngày 20 tháng 3, cần đặt lịch trước bao lâu?"}, {"role": "user", "content": "Em định cưới ngày 20 tháng 3, cần đặt lịch trước bao lâu?"}]}
OUTPUT:
{
  "question": "Dạ chị Như Ý, chị cần dịch vụ nào trong ngày cưới: chụp, quay, makeup, trang phục hay full combo ạ? (Chị có thể chọn nhiều)"
}

=== CASE 537 | detect_intent ===
INPUT:
{"current_message": "Em dự kiến cưới tháng 1, cần chuẩn bị gì trước?", "history_last_5": ["Cho em hỏi mình có nhận lịch gấp trong tuần này không?", "Cho em hỏi mình có nhận lịch gấp trong tuần này không?", "Nếu em cưới giữa tháng 8 thì phí dịch vụ thế nào?", "Em định cưới ngày 20 tháng 3, cần đặt lịch trước bao lâu?", "Em định cưới ngày 20 tháng 3, cần đặt lịch trước bao lâu?"], "asked_slots": ["wedding_date"], "missing_slots": ["wedding_day_services_needed", "wedding_day_schedule", "desired_products_details"]}
OUTPUT:
{"intent":"ask_service_info","confidence":0.95}

=== CASE 538 | detect_branch ===
INPUT:
{"intent": "ask_service_info", "branch_hint": null, "text": "Em dự kiến cưới tháng 1, cần chuẩn bị gì trước?", "branch_options": [{"name": "greeting_initial_qualification", "label": "Xác định đã có ngày cưới chưa và khách quan tâm chụp pre-wedding, ngày cưới, hay cả hai."}, {"name": "prewedding_consultation", "label": "Tư vấn chụp pre-wedding (studio/ngoại cảnh), concept, địa điểm, số lượng, sản phẩm mong muốn."}, {"name": "wedding_day_consultation", "label": "Tư vấn dịch vụ ngày cưới (chụp/quay/makeup/trang phục), ngày cưới, lịch trình trong ngày, nhu cầu số lượng máy/cam."}, {"name": "resort_wedding_consultation", "label": "Tư vấn tiệc cưới kiểu riêng tư/resort: ý tưởng, địa điểm tổ chức, resort cụ thể, timeline, có wedding planner hay tự làm."}]}
OUTPUT:
{"branch":"wedding_day_consultation","confidence":0.9}

=== CASE 539 | detect_slots ===
INPUT:
{"intent": "ask_service_info", "branch_name": "wedding_day_consultation", "text": "Em dự kiến cưới tháng 1, cần chuẩn bị gì trước?", "slot_options": [{"name": "wedding_date", "label": "Ngày cưới", "description": "Ngày cưới cụ thể của khách (nếu đã chốt)."}, {"name": "desired_products_details", "label": "Mong muốn về sản phẩm/chi tiết gói", "description": "Các yêu cầu thêm về sản phẩm: chất liệu, số lượng ảnh, v.v."}, {"name": "wedding_day_services_needed", "label": "Dịch vụ ngày cưới cần dùng", "description": "Khách cần dịch vụ nào trong ngày cưới: chụp, quay, makeup, trang phục; hoặc full combo."}, {"name": "wedding_day_schedule", "label": "Lịch trình ngày cưới", "description": "Lịch trình diễn ra trong ngày cưới (ví dụ sáng gia tiên rước dâu, chiều tiệc nhà hàng...)."}]}
OUTPUT:
[
  {
    "slot": "wedding_date",
    "value": "tháng 1",
    "confidence": 0.9
  }
]

=== CASE 540 | generate_slot_question ===
INPUT:
{"intent": "ask_service_info", "branch": "wedding_day_consultation", "target_slot": "wedding_day_services_needed", "slot_label": "Dịch vụ ngày cưới cần dùng", "slot_description": "Khách cần dịch vụ nào trong ngày cưới: chụp, quay, makeup, trang phục; hoặc full combo.", "slot_evidence": ["Trong ngày cưới bên em có những dịch vụ như chụp, quay, makeup và trang phục (váy, vest, áo dài CDCR). Ac đang cần 1 trong những dv trên hay sẽ cần full combo luôn ạ"], "slot_synonyms": ["cần dịch vụ gì", "chỉ cần chụp/quay", "full combo"], "slot_examples": ["chụp", "quay", "makeup", "trang phục", "full combo"], "slot_applies_to": ["wedding_day_consultation"], "slot_type": "multi_select", "slot_required": true, "slot_priority": "high", "customer_name": "Như Ý", "known_slots": {"wedding_date": "tháng 1", "wedding_day_services_needed": null, "wedding_day_schedule": null, "desired_products_details": null}, "asked_slot_values": {"wedding_date": "tháng 1"}, "latest_user_message": "Em dự kiến cưới tháng 1, cần chuẩn bị gì trước?", "recent_conversation_history": [{"role": "user", "content": "Em định cưới ngày 20 tháng 3, cần đặt lịch trước bao lâu?"}, {"role": "user", "content": "Em định cưới ngày 20 tháng 3, cần đặt lịch trước bao lâu?"}, {"role": "assistant", "content": "Dạ chị Như Ý, chị cần dịch vụ nào trong ngày cưới: chụp, quay, makeup, trang phục hay full combo ạ? (Chị có thể chọn nhiều)"}, {"role": "user", "content": "Em dự kiến cưới tháng 1, cần chuẩn bị gì trước?"}, {"role": "user", "content": "Em dự kiến cưới tháng 1, cần chuẩn bị gì trước?"}]}
OUTPUT:
{"question":"Dạ chị Như Ý, chị cần những dịch vụ nào trong ngày cưới: chụp, quay, makeup, trang phục (váy/vest/áo dài) hay full combo ạ? (Chị có thể chọn nhiều)"}

=== CASE 541 | detect_intent ===
INPUT:
{"current_message": "Em dự kiến cưới tháng 1, cần chuẩn bị gì trước?", "history_last_5": ["Nếu em cưới giữa tháng 8 thì phí dịch vụ thế nào?", "Em định cưới ngày 20 tháng 3, cần đặt lịch trước bao lâu?", "Em định cưới ngày 20 tháng 3, cần đặt lịch trước bao lâu?", "Em dự kiến cưới tháng 1, cần chuẩn bị gì trước?", "Em dự kiến cưới tháng 1, cần chuẩn bị gì trước?"], "asked_slots": ["wedding_date"], "missing_slots": ["wedding_day_services_needed", "wedding_day_schedule", "desired_products_details"]}
OUTPUT:
{"intent":"provide_information","confidence":0.95}

=== CASE 542 | detect_branch ===
INPUT:
{"intent": "provide_information", "branch_hint": null, "text": "Em dự kiến cưới tháng 1, cần chuẩn bị gì trước?", "branch_options": [{"name": "greeting_initial_qualification", "label": "Xác định đã có ngày cưới chưa và khách quan tâm chụp pre-wedding, ngày cưới, hay cả hai."}, {"name": "prewedding_consultation", "label": "Tư vấn chụp pre-wedding (studio/ngoại cảnh), concept, địa điểm, số lượng, sản phẩm mong muốn."}, {"name": "wedding_day_consultation", "label": "Tư vấn dịch vụ ngày cưới (chụp/quay/makeup/trang phục), ngày cưới, lịch trình trong ngày, nhu cầu số lượng máy/cam."}, {"name": "resort_wedding_consultation", "label": "Tư vấn tiệc cưới kiểu riêng tư/resort: ý tưởng, địa điểm tổ chức, resort cụ thể, timeline, có wedding planner hay tự làm."}]}
OUTPUT:
{"branch":"wedding_day_consultation","confidence":0.9}

=== CASE 543 | detect_slots ===
INPUT:
{"intent": "provide_information", "branch_name": "wedding_day_consultation", "text": "Em dự kiến cưới tháng 1, cần chuẩn bị gì trước?", "slot_options": [{"name": "wedding_date", "label": "Ngày cưới", "description": "Ngày cưới cụ thể của khách (nếu đã chốt)."}, {"name": "desired_products_details", "label": "Mong muốn về sản phẩm/chi tiết gói", "description": "Các yêu cầu thêm về sản phẩm: chất liệu, số lượng ảnh, v.v."}, {"name": "wedding_day_services_needed", "label": "Dịch vụ ngày cưới cần dùng", "description": "Khách cần dịch vụ nào trong ngày cưới: chụp, quay, makeup, trang phục; hoặc full combo."}, {"name": "wedding_day_schedule", "label": "Lịch trình ngày cưới", "description": "Lịch trình diễn ra trong ngày cưới (ví dụ sáng gia tiên rước dâu, chiều tiệc nhà hàng...)."}]}
OUTPUT:
[
  {
    "slot": "wedding_date",
    "value": "tháng 1",
    "confidence": 0.9
  }
]

=== CASE 544 | generate_slot_question ===
INPUT:
{"intent": "provide_information", "branch": "wedding_day_consultation", "target_slot": "wedding_day_services_needed", "slot_label": "Dịch vụ ngày cưới cần dùng", "slot_description": "Khách cần dịch vụ nào trong ngày cưới: chụp, quay, makeup, trang phục; hoặc full combo.", "slot_evidence": ["Trong ngày cưới bên em có những dịch vụ như chụp, quay, makeup và trang phục (váy, vest, áo dài CDCR). Ac đang cần 1 trong những dv trên hay sẽ cần full combo luôn ạ"], "slot_synonyms": ["cần dịch vụ gì", "chỉ cần chụp/quay", "full combo"], "slot_examples": ["chụp", "quay", "makeup", "trang phục", "full combo"], "slot_applies_to": ["wedding_day_consultation"], "slot_type": "multi_select", "slot_required": true, "slot_priority": "high", "customer_name": "Như Ý", "known_slots": {"wedding_date": "tháng 1", "wedding_day_services_needed": null, "wedding_day_schedule": null, "desired_products_details": null}, "asked_slot_values": {"wedding_date": "tháng 1"}, "latest_user_message": "Em dự kiến cưới tháng 1, cần chuẩn bị gì trước?", "recent_conversation_history": [{"role": "assistant", "content": "Dạ chị Như Ý, chị cần dịch vụ nào trong ngày cưới: chụp, quay, makeup, trang phục hay full combo ạ? (Chị có thể chọn nhiều)"}, {"role": "user", "content": "Em dự kiến cưới tháng 1, cần chuẩn bị gì trước?"}, {"role": "user", "content": "Em dự kiến cưới tháng 1, cần chuẩn bị gì trước?"}, {"role": "assistant", "content": "Dạ chị Như Ý, chị cần những dịch vụ nào trong ngày cưới: chụp, quay, makeup, trang phục (váy/vest/áo dài) hay full combo ạ? (Chị có thể chọn nhiều)"}, {"role": "user", "content": "Em dự kiến cưới tháng 1, cần chuẩn bị gì trước?"}]}
OUTPUT:
{"question":"Dạ chị Như Ý, chị cần dịch vụ nào trong ngày cưới: chụp, quay, makeup, trang phục (váy/vest/áo dài) hay full combo ạ? (Chị có thể chọn nhiều)"}

=== CASE 545 | detect_intent ===
INPUT:
{"current_message": "Cho em hỏi lịch cưới tháng 9 bên mình có kín không?", "history_last_5": ["Em định cưới ngày 20 tháng 3, cần đặt lịch trước bao lâu?", "Em định cưới ngày 20 tháng 3, cần đặt lịch trước bao lâu?", "Em dự kiến cưới tháng 1, cần chuẩn bị gì trước?", "Em dự kiến cưới tháng 1, cần chuẩn bị gì trước?", "Em dự kiến cưới tháng 1, cần chuẩn bị gì trước?"], "asked_slots": ["wedding_date"], "missing_slots": ["wedding_day_services_needed", "wedding_day_schedule", "desired_products_details"]}
OUTPUT:
{"intent":"ask_service_info","confidence":0.95}

=== CASE 546 | detect_branch ===
INPUT:
{"intent": "ask_service_info", "branch_hint": null, "text": "Cho em hỏi lịch cưới tháng 9 bên mình có kín không?", "branch_options": [{"name": "greeting_initial_qualification", "label": "Xác định đã có ngày cưới chưa và khách quan tâm chụp pre-wedding, ngày cưới, hay cả hai."}, {"name": "prewedding_consultation", "label": "Tư vấn chụp pre-wedding (studio/ngoại cảnh), concept, địa điểm, số lượng, sản phẩm mong muốn."}, {"name": "wedding_day_consultation", "label": "Tư vấn dịch vụ ngày cưới (chụp/quay/makeup/trang phục), ngày cưới, lịch trình trong ngày, nhu cầu số lượng máy/cam."}, {"name": "resort_wedding_consultation", "label": "Tư vấn tiệc cưới kiểu riêng tư/resort: ý tưởng, địa điểm tổ chức, resort cụ thể, timeline, có wedding planner hay tự làm."}]}
OUTPUT:
{"branch":"wedding_day_consultation","confidence":0.92}

=== CASE 547 | detect_slots ===
INPUT:
{"intent": "ask_service_info", "branch_name": "wedding_day_consultation", "text": "Cho em hỏi lịch cưới tháng 9 bên mình có kín không?", "slot_options": [{"name": "wedding_date", "label": "Ngày cưới", "description": "Ngày cưới cụ thể của khách (nếu đã chốt)."}, {"name": "desired_products_details", "label": "Mong muốn về sản phẩm/chi tiết gói", "description": "Các yêu cầu thêm về sản phẩm: chất liệu, số lượng ảnh, v.v."}, {"name": "wedding_day_services_needed", "label": "Dịch vụ ngày cưới cần dùng", "description": "Khách cần dịch vụ nào trong ngày cưới: chụp, quay, makeup, trang phục; hoặc full combo."}, {"name": "wedding_day_schedule", "label": "Lịch trình ngày cưới", "description": "Lịch trình diễn ra trong ngày cưới (ví dụ sáng gia tiên rước dâu, chiều tiệc nhà hàng...)."}]}
OUTPUT:
[
  {
    "slot": "wedding_date",
    "value": "tháng 9",
    "confidence": 0.9
  }
]

=== CASE 548 | generate_slot_question ===
INPUT:
{"intent": "ask_service_info", "branch": "wedding_day_consultation", "target_slot": "wedding_day_services_needed", "slot_label": "Dịch vụ ngày cưới cần dùng", "slot_description": "Khách cần dịch vụ nào trong ngày cưới: chụp, quay, makeup, trang phục; hoặc full combo.", "slot_evidence": ["Trong ngày cưới bên em có những dịch vụ như chụp, quay, makeup và trang phục (váy, vest, áo dài CDCR). Ac đang cần 1 trong những dv trên hay sẽ cần full combo luôn ạ"], "slot_synonyms": ["cần dịch vụ gì", "chỉ cần chụp/quay", "full combo"], "slot_examples": ["chụp", "quay", "makeup", "trang phục", "full combo"], "slot_applies_to": ["wedding_day_consultation"], "slot_type": "multi_select", "slot_required": true, "slot_priority": "high", "customer_name": "Như Ý", "known_slots": {"wedding_date": "tháng 9", "wedding_day_services_needed": null, "wedding_day_schedule": null, "desired_products_details": null}, "asked_slot_values": {"wedding_date": "tháng 9"}, "latest_user_message": "Cho em hỏi lịch cưới tháng 9 bên mình có kín không?", "recent_conversation_history": [{"role": "user", "content": "Em dự kiến cưới tháng 1, cần chuẩn bị gì trước?"}, {"role": "assistant", "content": "Dạ chị Như Ý, chị cần những dịch vụ nào trong ngày cưới: chụp, quay, makeup, trang phục (váy/vest/áo dài) hay full combo ạ? (Chị có thể chọn nhiều)"}, {"role": "user", "content": "Em dự kiến cưới tháng 1, cần chuẩn bị gì trước?"}, {"role": "user", "content": "Cho em hỏi lịch cưới tháng 9 bên mình có kín không?"}, {"role": "user", "content": "Cho em hỏi lịch cưới tháng 9 bên mình có kín không?"}]}
OUTPUT:
{"question":"Dạ chị Như Ý, chị cần dịch vụ nào trong ngày cưới: chụp, quay, makeup, trang phục hay full combo ạ? (Chị có thể chọn nhiều)" }

